Archive member included because of file (symbol)

d:/mingw/bin/../lib/gcc/mingw32/4.5.2/../../../libadvapi32.a(dgxgs00245.o)
                              winmisc.o (GetUserNameA@8)
d:/mingw/bin/../lib/gcc/mingw32/4.5.2/../../../libadvapi32.a(dgxgs00196.o)
                              winpgnt.o (GetLengthSid@4)
d:/mingw/bin/../lib/gcc/mingw32/4.5.2/../../../libadvapi32.a(dgxgs00083.o)
                              winpgnt.o (CopySid@12)
d:/mingw/bin/../lib/gcc/mingw32/4.5.2/../../../libadvapi32.a(dgxgs00172.o)
                              winpgnt.o (EqualSid@8)
d:/mingw/bin/../lib/gcc/mingw32/4.5.2/../../../libadvapi32.a(dgxgs00412.o)
                              winpgnt.o (RegOpenKeyA@12)
d:/mingw/bin/../lib/gcc/mingw32/4.5.2/../../../libadvapi32.a(dgxgs00400.o)
                              winpgnt.o (RegEnumKeyA@16)
d:/mingw/bin/../lib/gcc/mingw32/4.5.2/../../../libadvapi32.a(dgxgs00386.o)
                              winpgnt.o (RegCloseKey@4)
d:/mingw/bin/../lib/gcc/mingw32/4.5.2/../../../libadvapi32.a(dgxgh.o)
                              d:/mingw/bin/../lib/gcc/mingw32/4.5.2/../../../libadvapi32.a(dgxgs00245.o) (_head_libadvapi32_a)
d:/mingw/bin/../lib/gcc/mingw32/4.5.2/../../../libadvapi32.a(dgxgt.o)
                              d:/mingw/bin/../lib/gcc/mingw32/4.5.2/../../../libadvapi32.a(dgxgh.o) (_libadvapi32_a_iname)
d:/mingw/bin/../lib/gcc/mingw32/4.5.2/../../../libcomdlg32.a(demds00011.o)
                              winutils.o (GetSaveFileNameA@4)
d:/mingw/bin/../lib/gcc/mingw32/4.5.2/../../../libcomdlg32.a(demds00009.o)
                              winutils.o (GetOpenFileNameA@4)
d:/mingw/bin/../lib/gcc/mingw32/4.5.2/../../../libcomdlg32.a(demdh.o)
                              d:/mingw/bin/../lib/gcc/mingw32/4.5.2/../../../libcomdlg32.a(demds00011.o) (_head_libcomdlg32_a)
d:/mingw/bin/../lib/gcc/mingw32/4.5.2/../../../libcomdlg32.a(demdt.o)
                              d:/mingw/bin/../lib/gcc/mingw32/4.5.2/../../../libcomdlg32.a(demdh.o) (_libcomdlg32_a_iname)
d:/mingw/bin/../lib/gcc/mingw32/4.5.2/../../../libgdi32.a(dkfhs00201.o)
                              winpgnt.o (GetStockObject@4)
d:/mingw/bin/../lib/gcc/mingw32/4.5.2/../../../libgdi32.a(dkfhh.o)
                              d:/mingw/bin/../lib/gcc/mingw32/4.5.2/../../../libgdi32.a(dkfhs00201.o) (_head_libgdi32_a)
d:/mingw/bin/../lib/gcc/mingw32/4.5.2/../../../libgdi32.a(dkfht.o)
                              d:/mingw/bin/../lib/gcc/mingw32/4.5.2/../../../libgdi32.a(dkfhh.o) (_libgdi32_a_iname)
d:/mingw/bin/../lib/gcc/mingw32/4.5.2/../../../libshell32.a(dukis00151.o)
                              winpgnt.o (Shell_NotifyIconA@8)
d:/mingw/bin/../lib/gcc/mingw32/4.5.2/../../../libshell32.a(dukis00144.o)
                              winpgnt.o (ShellExecuteA@24)
d:/mingw/bin/../lib/gcc/mingw32/4.5.2/../../../libshell32.a(dukih.o)
                              d:/mingw/bin/../lib/gcc/mingw32/4.5.2/../../../libshell32.a(dukis00151.o) (_head_libshell32_a)
d:/mingw/bin/../lib/gcc/mingw32/4.5.2/../../../libshell32.a(dukit.o)
                              d:/mingw/bin/../lib/gcc/mingw32/4.5.2/../../../libshell32.a(dukih.o) (_libshell32_a_iname)
d:/mingw/bin/../lib/gcc/mingw32/4.5.2/../../../libuser32.a(daois00632.o)
                              winhelp.o (WinHelpA@16)
d:/mingw/bin/../lib/gcc/mingw32/4.5.2/../../../libuser32.a(daois00434.o)
                              winpgnt.o (MessageBoxA@16)
d:/mingw/bin/../lib/gcc/mingw32/4.5.2/../../../libuser32.a(daois00147.o)
                              winpgnt.o (DialogBoxParamA@20)
d:/mingw/bin/../lib/gcc/mingw32/4.5.2/../../../libuser32.a(daois00182.o)
                              winpgnt.o (EndDialog@8)
d:/mingw/bin/../lib/gcc/mingw32/4.5.2/../../../libuser32.a(daois00250.o)
                              winpgnt.o (GetDesktopWindow@0)
d:/mingw/bin/../lib/gcc/mingw32/4.5.2/../../../libuser32.a(daois00348.o)
                              winpgnt.o (GetWindowRect@8)
d:/mingw/bin/../lib/gcc/mingw32/4.5.2/../../../libuser32.a(daois00534.o)
                              winpgnt.o (SetForegroundWindow@4)
d:/mingw/bin/../lib/gcc/mingw32/4.5.2/../../../libuser32.a(daois00572.o)
                              winpgnt.o (SetWindowPos@28)
d:/mingw/bin/../lib/gcc/mingw32/4.5.2/../../../libuser32.a(daois00530.o)
                              winpgnt.o (SetDlgItemTextA@12)
d:/mingw/bin/../lib/gcc/mingw32/4.5.2/../../../libuser32.a(daois00445.o)
                              winpgnt.o (MoveWindow@24)
d:/mingw/bin/../lib/gcc/mingw32/4.5.2/../../../libuser32.a(daois00255.o)
                              winpgnt.o (GetDlgItemTextA@16)
d:/mingw/bin/../lib/gcc/mingw32/4.5.2/../../../libuser32.a(daois00433.o)
                              winpgnt.o (MessageBeep@4)
d:/mingw/bin/../lib/gcc/mingw32/4.5.2/../../../libuser32.a(daois00409.o)
                              winpgnt.o (LoadIconA@8)
d:/mingw/bin/../lib/gcc/mingw32/4.5.2/../../../libuser32.a(daois00142.o)
[...]
Memory Configuration

Name             Origin             Length             Attributes
*default*        0x00000000         0xffffffff

Linker script and memory map

                0x00400000                __image_base__ = 0x400000
                0x00000000                __dll__ = 0x0
                0x00400000                ___ImageBase = 0x400000
                0x00001000                __section_alignment__ = 0x1000
                0x00000200                __file_alignment__ = 0x200
                0x00000004                __major_os_version__ = 0x4
                0x00000000                __minor_os_version__ = 0x0
                0x00000001                __major_image_version__ = 0x1
                0x00000000                __minor_image_version__ = 0x0
                0x00000004                __major_subsystem_version__ = 0x4
                0x00000000                __minor_subsystem_version__ = 0x0
                0x00000002                __subsystem__ = 0x2
                0x00200000                __size_of_stack_reserve__ = 0x200000
                0x00001000                __size_of_stack_commit__ = 0x1000
                0x00100000                __size_of_heap_reserve__ = 0x100000
                0x00001000                __size_of_heap_commit__ = 0x1000
                0x00000000                __loader_flags__ = 0x0
                0x00000000                __dll_characteristics__ = 0x0
LOAD d:/mingw/bin/../lib/gcc/mingw32/4.5.2/../../../crt2.o
LOAD d:/mingw/bin/../lib/gcc/mingw32/4.5.2/crtbegin.o
LOAD misc.o
LOAD pageant.res.o
LOAD sshaes.o
LOAD sshbn.o
LOAD sshdes.o
LOAD sshdss.o
LOAD sshmd5.o
LOAD sshpubk.o
LOAD sshrsa.o
LOAD sshsh256.o
LOAD sshsh512.o
LOAD sshsha.o
LOAD tree234.o
LOAD version.o
LOAD winhelp.o
LOAD winmisc.o
LOAD winpgnt.o
LOAD winpgntc.o
LOAD winutils.o
LOAD d:/mingw/bin/../lib/gcc/mingw32/4.5.2/../../../libadvapi32.a
LOAD d:/mingw/bin/../lib/gcc/mingw32/4.5.2/../../../libcomctl32.a
LOAD d:/mingw/bin/../lib/gcc/mingw32/4.5.2/../../../libcomdlg32.a
LOAD d:/mingw/bin/../lib/gcc/mingw32/4.5.2/../../../libgdi32.a
LOAD d:/mingw/bin/../lib/gcc/mingw32/4.5.2/../../../libimm32.a
LOAD d:/mingw/bin/../lib/gcc/mingw32/4.5.2/../../../libole32.a
LOAD d:/mingw/bin/../lib/gcc/mingw32/4.5.2/../../../libshell32.a
LOAD d:/mingw/bin/../lib/gcc/mingw32/4.5.2/../../../libuser32.a
LOAD d:/mingw/bin/../lib/gcc/mingw32/4.5.2/../../../libwinmm.a
LOAD d:/mingw/bin/../lib/gcc/mingw32/4.5.2/../../../libwinspool.a
LOAD d:/mingw/bin/../lib/gcc/mingw32/4.5.2/../../../libmingw32.a
LOAD d:/mingw/bin/../lib/gcc/mingw32/4.5.2/libgcc_eh.a
LOAD d:/mingw/bin/../lib/gcc/mingw32/4.5.2/libgcc.a
LOAD d:/mingw/bin/../lib/gcc/mingw32/4.5.2/../../../libmoldname.a
LOAD d:/mingw/bin/../lib/gcc/mingw32/4.5.2/../../../libmingwex.a
LOAD d:/mingw/bin/../lib/gcc/mingw32/4.5.2/../../../libmsvcrt.a
LOAD d:/mingw/bin/../lib/gcc/mingw32/4.5.2/../../../libgdi32.a
LOAD d:/mingw/bin/../lib/gcc/mingw32/4.5.2/../../../libcomdlg32.a
LOAD d:/mingw/bin/../lib/gcc/mingw32/4.5.2/../../../libuser32.a
LOAD d:/mingw/bin/../lib/gcc/mingw32/4.5.2/../../../libkernel32.a
LOAD d:/mingw/bin/../lib/gcc/mingw32/4.5.2/../../../libadvapi32.a
LOAD d:/mingw/bin/../lib/gcc/mingw32/4.5.2/../../../libshell32.a
LOAD d:/mingw/bin/../lib/gcc/mingw32/4.5.2/../../../libmingw32.a
LOAD d:/mingw/bin/../lib/gcc/mingw32/4.5.2/libgcc_eh.a
LOAD d:/mingw/bin/../lib/gcc/mingw32/4.5.2/libgcc.a
LOAD d:/mingw/bin/../lib/gcc/mingw32/4.5.2/../../../libmoldname.a
LOAD d:/mingw/bin/../lib/gcc/mingw32/4.5.2/../../../libmingwex.a
LOAD d:/mingw/bin/../lib/gcc/mingw32/4.5.2/../../../libmsvcrt.a
LOAD d:/mingw/bin/../lib/gcc/mingw32/4.5.2/crtend.o
                0x000002e0                . = SIZEOF_HEADERS
                0x00001000                . = ALIGN (__section_alignment__)

.text           0x00401000    0x19200
 *(.init)
 *(.text)
 .text          0x00401000      0x2f0 d:/mingw/bin/../lib/gcc/mingw32/4.5.2/../../../crt2.o
                0x00401000                atexit
                0x00401010                _onexit
                0x00401140                WinMainCRTStartup
                0x00401160                mainCRTStartup
 .text          0x004012f0       0xd0 d:/mingw/bin/../lib/gcc/mingw32/4.5.2/crtbegin.o
                0x004012f0                __gcc_register_frame
                0x0040137c                __gcc_deregister_frame
 .text          0x004013c0      0xb28 misc.o
                0x004013c0                parse_blocksize
                0x0040147c                ctrlparse
                0x00401524                base64_encode_atom
                0x004015e8                bufchain_init
                0x00401604                bufchain_size
                0x00401610                bufchain_prefix
                0x00401630                bufchain_fetch
                0x004016c4                safemalloc
                0x0040172c                bufchain_add
                0x004017f4                dupcat
                0x004018ac                dupstr
                0x00401900                new_prompts
                0x0040195c                saferealloc
                0x004019d8                dupvprintf
                0x00401a50                dupprintf
                0x00401a6c                add_prompt
                0x00401ae4                safefree
                0x00401afc                bufchain_consume
                0x00401b9c                bufchain_clear
                0x00401bd4                fgetline
                0x00401c70                free_prompts
                0x00401cfc                debug_printf
                0x00401d30                debug_memdump
                0x00401ea0                cfg_launchable
                0x00401ecc                cfg_dest
 .text          0x00401ee8     0x24c0 sshaes.o
                0x00403c80                aes_iv
                0x00403efc                aes_ssh2_decrypt_blk
                0x00404008                aes_ssh2_encrypt_blk
                0x00404020                aes_free_context
                0x0040402c                aes_make_context
                0x004042d0                aes128_key
                0x004042e8                aes192_key
                0x00404300                aes256_key
                0x00404318                aes256_encrypt_pubkey
                0x00404360                aes256_decrypt_pubkey
 .text          0x004043a8     0x2c08 sshbn.o
                0x00404f78                bn_restore_invariant
                0x00404f9c                copybn
                0x00404fd8                freebn
                0x00404ffc                modmul
                0x004053f8                decbn
                0x00405448                bignum_from_bytes
                0x00405510                ssh1_read_bignum
                0x00405578                bignum_bitcount
                0x004055a4                ssh1_bignum_length
                0x004055d0                ssh2_bignum_length
                0x004055fc                bignum_byte
                0x0040565c                bignum_bit
                0x004056b4                bignum_set_bit
                0x00405710                bn_power_2
                0x00405754                ssh1_write_bignum
                0x004057dc                bignum_cmp
                0x00405844                bignum_rshift
                0x0040590c                bigmuladd
                0x00405b90                bigmul
                0x00405bb4                bigadd
                0x00405c70                bigsub
                0x00405d58                bignum_bitmask
                0x00405dd8                bignum_from_long
                0x00405e0c                bignum_add_long
                0x00405e98                bignum_mod_short
                0x00405f5c                diagbn
                0x00406094                bigdiv
                0x004060c0                bigmod
                0x004060f0                modpow_simple
                0x004065f0                biggcd
                0x00406680                modinv
                0x00406868                modpow
                0x00406e04                bignum_decimal
 .text          0x00406fb0     0x2318 sshdes.o
                0x00408db0                des3_decrypt_pubkey
                0x00408eb4                des3_encrypt_pubkey
                0x00408fb8                des3_decrypt_pubkey_ossh
                0x0040910c                des3_encrypt_pubkey_ossh
                0x00409260                des_encrypt_xdmauth
                0x00409294                des_decrypt_xdmauth
 .text          0x004092c8     0x1768 sshdss.o
 .text          0x0040aa30      0xe1c sshmd5.o
                0x0040aa4c                hmacmd5_free_context
                0x0040aa58                hmacmd5_make_context
                0x0040aa74                MD5Init
                0x0040aaac                MD5Update
                0x0040b37c                MD5Final
                0x0040b640                MD5Simple
                0x0040b6a8                hmacmd5_key
                0x0040b824                hmacmd5_do_hmac
 .text          0x0040b84c     0x2430 sshpubk.o
                0x0040bdb4                loadrsakey
                0x0040be64                rsakey_encrypted
                0x0040bef8                rsakey_pubblob
                0x0040bff0                saversakey
                0x0040c330                base64_decode_atom
                0x0040c564                find_pubkey_alg
                0x0040c5a8                ssh2_load_userkey
                0x0040d00c                ssh2_userkey_loadpub
                0x0040d20c                ssh2_userkey_encrypted
                0x0040d370                base64_lines
                0x0040d390                base64_encode
                0x0040d428                ssh2_save_userkey
                0x0040db24                key_type
                0x0040dc60                key_type_to_str
 .text          0x0040dc7c     0x2268 sshrsa.o
                0x0040ecd4                makekey
                0x0040edf4                makeprivate
                0x0040ee04                rsaencrypt
                0x0040eee8                crt_modpow
                0x0040f518                rsadecrypt
                0x0040f52c                rsastr_len
                0x0040f58c                rsastr_fmt
                0x0040f71c                rsa_fingerprint
                0x0040f910                rsa_verify
                0x0040fa7c                rsa_public_blob
                0x0040fb2c                rsa_public_blob_len
                0x0040fb94                freersakey
                0x0040fcec                ssh_rsakex_newkey
                0x0040fcf8                ssh_rsakex_freekey
                0x0040fd04                ssh_rsakex_klen
                0x0040fd1c                ssh_rsakex_encrypt
 .text          0x0040fee4      0xaf8 sshsh256.o
                0x0040ff4c                SHA256_Core_Init
                0x0040ff8c                SHA256_Block
                0x004106c8                SHA256_Init
                0x0041071c                SHA256_Bytes
                0x00410830                SHA256_Final
                0x00410958                SHA256_Simple
 .text          0x004109dc     0x1c40 sshsh512.o
                0x004109dc                SHA512_Init
                0x00410a38                SHA512_Bytes
                0x004123fc                SHA512_Final
                0x0041259c                SHA512_Simple
 .text          0x0041261c      0xa1c sshsha.o
                0x004126b4                SHATransform
                0x004128c4                SHA_Init
                0x00412904                SHA_Bytes
                0x00412bbc                SHA_Final
                0x00412f54                SHA_Simple
                0x00412fc4                hmac_sha1_simple
 .text          0x00413038     0x11cc tree234.o
                0x00413e7c                newtree234
                0x00413ea4                freetree234
                0x00413ec0                count234
                0x00413ed8                add234
                0x00413efc                addpos234
                0x00413f20                index234
                0x00413f9c                findrelpos234
                0x004140f4                find234
                0x00414128                findrel234
                0x00414158                findpos234
                0x00414188                delpos234
                0x004141b8                del234
 .text          0x00414204        0x0 version.o
 .text          0x00414204      0x238 winhelp.o
                0x00414204                init_help
                0x0041432c                shutdown_help
                0x00414334                has_help
                0x00414340                launch_help
                0x004143f4                quit_help
 .text          0x0041443c      0x394 winmisc.o
                0x0041443c                platform_get_x_display
                0x00414458                filename_from_str
                0x004144a0                filename_to_str
                0x004144a8                filename_equal
                0x004144d0                filename_is_null
                0x004144e0                init_winver
                0x00414510                load_system32_dll
                0x004145b4                get_username
                0x00414700                dputs
 .text          0x004147d0     0x3e1c winpgnt.o
                0x004165d0                modalfatalbox
                0x00416624                random_byte
                0x00416660                old_keyfile_warning
                0x00416690                get_default_sid
                0x00417cb0                spawn_cmd
                0x00417d44                agent_schedule_callback
                0x00417d68                cleanup_exit
                0x00417d80                WinMain@16
 .text          0x004185ec      0x57c winpgntc.o
                0x004185ec                agent_exists
                0x00418614                init_advapi
                0x0041873c                get_user_sid
                0x004188d0                agent_query
 .text          0x00418b68      0x54c winutils.o
                0x00418bc8                request_file
                0x00418c8c                filereq_new
                0x00418cac                filereq_free
                0x00418cb8                message_box
                0x00418d30                pgp_fingerprints
                0x00418d5c                split_into_argv
 .text          0x004190b4        0x8 d:/mingw/bin/../lib/gcc/mingw32/4.5.2/../../../libadvapi32.a(dgxgs00245.o)
                0x004190b4                GetUserNameA@8
 .text          0x004190bc        0x8 d:/mingw/bin/../lib/gcc/mingw32/4.5.2/../../../libadvapi32.a(dgxgs00196.o)
                0x004190bc                GetLengthSid@4
 .text          0x004190c4        0x8 d:/mingw/bin/../lib/gcc/mingw32/4.5.2/../../../libadvapi32.a(dgxgs00083.o)
                0x004190c4                CopySid@12
 .text          0x004190cc        0x8 d:/mingw/bin/../lib/gcc/mingw32/4.5.2/../../../libadvapi32.a(dgxgs00172.o)
                0x004190cc                EqualSid@8
 .text          0x004190d4        0x8 d:/mingw/bin/../lib/gcc/mingw32/4.5.2/../../../libadvapi32.a(dgxgs00412.o)
                0x004190d4                RegOpenKeyA@12
 .text          0x004190dc        0x8 d:/mingw/bin/../lib/gcc/mingw32/4.5.2/../../../libadvapi32.a(dgxgs00400.o)
                0x004190dc                RegEnumKeyA@16
 .text          0x004190e4        0x8 d:/mingw/bin/../lib/gcc/mingw32/4.5.2/../../../libadvapi32.a(dgxgs00386.o)
                0x004190e4                RegCloseKey@4
 .text          0x004190ec        0x0 d:/mingw/bin/../lib/gcc/mingw32/4.5.2/../../../libadvapi32.a(dgxgh.o)
 .text          0x004190ec        0x0 d:/mingw/bin/../lib/gcc/mingw32/4.5.2/../../../libadvapi32.a(dgxgt.o)
 .text          0x004190ec        0x8 d:/mingw/bin/../lib/gcc/mingw32/4.5.2/../../../libcomdlg32.a(demds00011.o)
                0x004190ec                GetSaveFileNameA@4
 .text          0x004190f4        0x8 d:/mingw/bin/../lib/gcc/mingw32/4.5.2/../../../libcomdlg32.a(demds00009.o)
                0x004190f4                GetOpenFileNameA@4
 .text          0x004190fc        0x0 d:/mingw/bin/../lib/gcc/mingw32/4.5.2/../../../libcomdlg32.a(demdh.o)
 .text          0x004190fc        0x0 d:/mingw/bin/../lib/gcc/mingw32/4.5.2/../../../libcomdlg32.a(demdt.o)
 .text          0x004190fc        0x8 d:/mingw/bin/../lib/gcc/mingw32/4.5.2/../../../libgdi32.a(dkfhs00201.o)
                0x004190fc                GetStockObject@4
 .text          0x00419104        0x0 d:/mingw/bin/../lib/gcc/mingw32/4.5.2/../../../libgdi32.a(dkfhh.o)
 .text          0x00419104        0x0 d:/mingw/bin/../lib/gcc/mingw32/4.5.2/../../../libgdi32.a(dkfht.o)
 .text          0x00419104        0x8 d:/mingw/bin/../lib/gcc/mingw32/4.5.2/../../../libshell32.a(dukis00151.o)
                0x00419104                Shell_NotifyIconA@8
 .text          0x0041910c        0x8 d:/mingw/bin/../lib/gcc/mingw32/4.5.2/../../../libshell32.a(dukis00144.o)
                0x0041910c                ShellExecuteA@24
 .text          0x00419114        0x0 d:/mingw/bin/../lib/gcc/mingw32/4.5.2/../../../libshell32.a(dukih.o)
 .text          0x00419114        0x0 d:/mingw/bin/../lib/gcc/mingw32/4.5.2/../../../libshell32.a(dukit.o)
 .text          0x00419114        0x8 d:/mingw/bin/../lib/gcc/mingw32/4.5.2/../../../libuser32.a(daois00632.o)
                0x00419114                WinHelpA@16
 .text          0x0041911c        0x8 d:/mingw/bin/../lib/gcc/mingw32/4.5.2/../../../libuser32.a(daois00434.o)
                0x0041911c                MessageBoxA@16
 .text          0x00419124        0x8 d:/mingw/bin/../lib/gcc/mingw32/4.5.2/../../../libuser32.a(daois00147.o)
                0x00419124                DialogBoxParamA@20
 .text          0x0041912c        0x8 d:/mingw/bin/../lib/gcc/mingw32/4.5.2/../../../libuser32.a(daois00182.o)
                0x0041912c                EndDialog@8
 .text          0x00419134        0x8 d:/mingw/bin/../lib/gcc/mingw32/4.5.2/../../../libuser32.a(daois00250.o)
                0x00419134                GetDesktopWindow@0
 .text          0x0041913c        0x8 d:/mingw/bin/../lib/gcc/mingw32/4.5.2/../../../libuser32.a(daois00348.o)
                0x0041913c                GetWindowRect@8
 .text          0x00419144        0x8 d:/mingw/bin/../lib/gcc/mingw32/4.5.2/../../../libuser32.a(daois00534.o)
                0x00419144                SetForegroundWindow@4
 .text          0x0041914c        0x8 d:/mingw/bin/../lib/gcc/mingw32/4.5.2/../../../libuser32.a(daois00572.o)
                0x0041914c                SetWindowPos@28
 .text          0x00419154        0x8 d:/mingw/bin/../lib/gcc/mingw32/4.5.2/../../../libuser32.a(daois00530.o)
                0x00419154                SetDlgItemTextA@12
 .text          0x0041915c        0x8 d:/mingw/bin/../lib/gcc/mingw32/4.5.2/../../../libuser32.a(daois00445.o)
                0x0041915c                MoveWindow@24
 .text          0x00419164        0x8 d:/mingw/bin/../lib/gcc/mingw32/4.5.2/../../../libuser32.a(daois00255.o)
                0x00419164                GetDlgItemTextA@16
 .text          0x0041916c        0x8 d:/mingw/bin/../lib/gcc/mingw32/4.5.2/../../../libuser32.a(daois00433.o)
                0x0041916c                MessageBeep@4
 .text          0x00419174        0x8 d:/mingw/bin/../lib/gcc/mingw32/4.5.2/../../../libuser32.a(daois00409.o)
                0x00419174                LoadIconA@8
 .text          0x0041917c        0x8 d:/mingw/bin/../lib/gcc/mingw32/4.5.2/../../../libuser32.a(daois00142.o)
                0x0041917c                DestroyIcon@4
 .text          0x00419184        0x8 d:/mingw/bin/../lib/gcc/mingw32/4.5.2/../../../libuser32.a(daois00505.o)
                0x00419184                SendDlgItemMessageA@20
 .text          0x0041918c        0x8 d:/mingw/bin/../lib/gcc/mingw32/4.5.2/../../../libuser32.a(daois00144.o)
                0x0041918c                DestroyWindow@4
 .text          0x00419194        0x8 d:/mingw/bin/../lib/gcc/mingw32/4.5.2/../../../libuser32.a(daois00180.o)
                0x00419194                EnableWindow@8
 .text          0x0041919c        0x8 d:/mingw/bin/../lib/gcc/mingw32/4.5.2/../../../libuser32.a(daois00516.o)
                0x0041919c                SetActiveWindow@4
 .text          0x004191a4        0x8 d:/mingw/bin/../lib/gcc/mingw32/4.5.2/../../../libuser32.a(daois00253.o)
                0x004191a4                GetDlgItem@8
 .text          0x004191ac        0x8 d:/mingw/bin/../lib/gcc/mingw32/4.5.2/../../../libuser32.a(daois00342.o)
                0x004191ac                GetWindowLongA@8
 .text          0x004191b4        0x8 d:/mingw/bin/../lib/gcc/mingw32/4.5.2/../../../libuser32.a(daois00569.o)
                0x004191b4                SetWindowLongA@12
 .text          0x004191bc        0x8 d:/mingw/bin/../lib/gcc/mingw32/4.5.2/../../../libuser32.a(daois00287.o)
                0x004191bc                GetMenuItemInfoA@16
 .text          0x004191c4        0x8 d:/mingw/bin/../lib/gcc/mingw32/4.5.2/../../../libuser32.a(daois00134.o)
                0x004191c4                DefWindowProcA@16
 .text          0x004191cc        0x8 d:/mingw/bin/../lib/gcc/mingw32/4.5.2/../../../libuser32.a(daois00491.o)
                0x004191cc                RegisterWindowMessageA@4
 .text          0x004191d4        0x8 d:/mingw/bin/../lib/gcc/mingw32/4.5.2/../../../libuser32.a(daois00283.o)
                0x004191d4                GetMenuDefaultItem@12
 .text          0x004191dc        0x8 d:/mingw/bin/../lib/gcc/mingw32/4.5.2/../../../libuser32.a(daois00466.o)
                0x004191dc                PostMessageA@16
 .text          0x004191e4        0x8 d:/mingw/bin/../lib/gcc/mingw32/4.5.2/../../../libuser32.a(daois00468.o)
                0x004191e4                PostQuitMessage@4
 .text          0x004191ec        0x8 d:/mingw/bin/../lib/gcc/mingw32/4.5.2/../../../libuser32.a(daois00602.o)
                0x004191ec                TrackPopupMenu@28
 .text          0x004191f4        0x8 d:/mingw/bin/../lib/gcc/mingw32/4.5.2/../../../libuser32.a(daois00508.o)
                0x004191f4                SendMessageA@16
 .text          0x004191fc        0x8 d:/mingw/bin/../lib/gcc/mingw32/4.5.2/../../../libuser32.a(daois00080.o)
                0x004191fc                CreateDialogParamA@20
 .text          0x00419204        0x8 d:/mingw/bin/../lib/gcc/mingw32/4.5.2/../../../libuser32.a(daois00585.o)
                0x00419204                ShowWindow@8
 .text          0x0041920c        0x8 d:/mingw/bin/../lib/gcc/mingw32/4.5.2/../../../libuser32.a(daois00247.o)
                0x0041920c                GetCursorPos@4
 .text          0x00419214        0x8 d:/mingw/bin/../lib/gcc/mingw32/4.5.2/../../../libuser32.a(daois00285.o)
                0x00419214                GetMenuItemCount@4
 .text          0x0041921c        0x8 d:/mingw/bin/../lib/gcc/mingw32/4.5.2/../../../libuser32.a(daois00495.o)
                0x0041921c                RemoveMenu@12
 .text          0x00419224        0x8 d:/mingw/bin/../lib/gcc/mingw32/4.5.2/../../../libuser32.a(daois00365.o)
                0x00419224                InsertMenuItemA@16
 .text          0x0041922c        0x8 d:/mingw/bin/../lib/gcc/mingw32/4.5.2/../../../libuser32.a(daois00090.o)
                0x0041922c                CreateWindowExA@48
 .text          0x00419234        0x8 d:/mingw/bin/../lib/gcc/mingw32/4.5.2/../../../libuser32.a(daois00089.o)
                0x00419234                CreatePopupMenu@0
 .text          0x0041923c        0x8 d:/mingw/bin/../lib/gcc/mingw32/4.5.2/../../../libuser32.a(daois00088.o)
                0x0041923c                CreateMenu@0
 .text          0x00419244        0x8 d:/mingw/bin/../lib/gcc/mingw32/4.5.2/../../../libuser32.a(daois00006.o)
                0x00419244                AppendMenuA@16
 .text          0x0041924c        0x8 d:/mingw/bin/../lib/gcc/mingw32/4.5.2/../../../libuser32.a(daois00540.o)
                0x0041924c                SetMenuDefaultItem@12
 .text          0x00419254        0x8 d:/mingw/bin/../lib/gcc/mingw32/4.5.2/../../../libuser32.a(daois00293.o)
                0x00419254                GetMessageA@16
 .text          0x0041925c        0x8 d:/mingw/bin/../lib/gcc/mingw32/4.5.2/../../../libuser32.a(daois00394.o)
                0x0041925c                IsWindow@4
 .text          0x00419264        0x8 d:/mingw/bin/../lib/gcc/mingw32/4.5.2/../../../libuser32.a(daois00384.o)
                0x00419264                IsDialogMessageA@8
 .text          0x0041926c        0x8 d:/mingw/bin/../lib/gcc/mingw32/4.5.2/../../../libuser32.a(daois00608.o)
                0x0041926c                TranslateMessage@4
 .text          0x00419274        0x8 d:/mingw/bin/../lib/gcc/mingw32/4.5.2/../../../libuser32.a(daois00149.o)
                0x00419274                DispatchMessageA@4
 .text          0x0041927c        0x8 d:/mingw/bin/../lib/gcc/mingw32/4.5.2/../../../libuser32.a(daois00143.o)
                0x0041927c                DestroyMenu@4
 .text          0x00419284        0x8 d:/mingw/bin/../lib/gcc/mingw32/4.5.2/../../../libuser32.a(daois00405.o)
                0x00419284                LoadCursorA@8
 .text          0x0041928c        0x8 d:/mingw/bin/../lib/gcc/mingw32/4.5.2/../../../libuser32.a(daois00479.o)
                0x0041928c                RegisterClassA@4
 .text          0x00419294        0x8 d:/mingw/bin/../lib/gcc/mingw32/4.5.2/../../../libuser32.a(daois00210.o)
                0x00419294                FindWindowA@8
 .text          0x0041929c        0x8 d:/mingw/bin/../lib/gcc/mingw32/4.5.2/../../../libuser32.a(daois00437.o)
                0x0041929c                MessageBoxIndirectA@4
 .text          0x004192a4        0x0 d:/mingw/bin/../lib/gcc/mingw32/4.5.2/../../../libuser32.a(daoih.o)
 .text          0x004192a4        0x0 d:/mingw/bin/../lib/gcc/mingw32/4.5.2/../../../libuser32.a(daoit.o)
 *fill*         0x004192a4        0xc 00
 .text          0x004192b0      0x1d0 d:/mingw/bin/../lib/gcc/mingw32/4.5.2/../../../libmingw32.a(tlssup.o)
                0x004192b0                __tlregdtor
                0x00419300                __dyn_tls_init@12
 .text          0x00419480        0x0 d:/mingw/bin/../lib/gcc/mingw32/4.5.2/../../../libmingw32.a(CRTglob.o)
 .text          0x00419480        0x0 d:/mingw/bin/../lib/gcc/mingw32/4.5.2/../../../libmingw32.a(CRTfmode.o)
 .text          0x00419480        0x0 d:/mingw/bin/../lib/gcc/mingw32/4.5.2/../../../libmingw32.a(txtmode.o)
 .text          0x00419480       0xe0 d:/mingw/bin/../lib/gcc/mingw32/4.5.2/../../../libmingw32.a(cpu_features.o)
                0x00419480                __cpu_features_init
 .text          0x00419560      0x2e0 d:/mingw/bin/../lib/gcc/mingw32/4.5.2/../../../libmingw32.a(pseudo-reloc.o)
                0x00419690                _pei386_runtime_relocator
 .text          0x00419840       0xb0 d:/mingw/bin/../lib/gcc/mingw32/4.5.2/../../../libmingw32.a(gccmain.o)
                0x00419840                __do_global_dtors
                0x00419870                __do_global_ctors
                0x004198d0                __main
 .text          0x004198f0      0x110 d:/mingw/bin/../lib/gcc/mingw32/4.5.2/../../../libmingw32.a(main.o)
                0x004198f0                main
 .text          0x00419a00       0x10 d:/mingw/bin/../lib/gcc/mingw32/4.5.2/../../../libmingw32.a(CRT_fp10.o)
                0x00419a00                fpreset
                0x00419a00                _fpreset
 .text          0x00419a10        0x0 d:/mingw/bin/../lib/gcc/mingw32/4.5.2/../../../libmingw32.a(crtst.o)
 .text          0x00419a10      0x210 d:/mingw/bin/../lib/gcc/mingw32/4.5.2/../../../libmingw32.a(tlsthrd.o)
                0x00419a90                __mingw_TLScallback
                0x00419b20                ___w64_mingwthr_remove_key_dtor
                0x00419bb0                ___w64_mingwthr_add_key_dtor
 .text          0x00419c20        0x0 d:/mingw/bin/../lib/gcc/mingw32/4.5.2/../../../libmingw32.a(pseudo-reloc-list.o)
 .text          0x00419c20      0x124 d:/mingw/bin/../lib/gcc/mingw32/4.5.2/libgcc.a(_umoddi3.o)
                0x00419c20                __umoddi3
 .text          0x00419d44      0x110 d:/mingw/bin/../lib/gcc/mingw32/4.5.2/libgcc.a(_udivdi3.o)
                0x00419d44                __udivdi3
 .text          0x00419e54       0x34 d:/mingw/bin/../lib/gcc/mingw32/4.5.2/libgcc.a(_chkstk.o)
                0x00419e54                _alloca
                0x00419e54                __chkstk
 .text          0x00419e88        0x0 d:/mingw/bin/../lib/gcc/mingw32/4.5.2/libgcc.a(_ctors.o)
 .text          0x00419e88        0x0 d:/mingw/bin/../lib/gcc/mingw32/4.5.2/../../../libmsvcrt.a(duyms00590.o)
 .text          0x00419e88        0x0 d:/mingw/bin/../lib/gcc/mingw32/4.5.2/../../../libmsvcrt.a(duyms00383.o)
 .text          0x00419e88        0x0 d:/mingw/bin/../lib/gcc/mingw32/4.5.2/../../../libmsvcrt.a(duyms00266.o)
 .text          0x00419e88        0x8 d:/mingw/bin/../lib/gcc/mingw32/4.5.2/../../../libmsvcrt.a(duyms00055.o)
                0x00419e88                __getmainargs
 .text          0x00419e90        0x8 d:/mingw/bin/../lib/gcc/mingw32/4.5.2/../../../libmsvcrt.a(duyms00079.o)
                0x00419e90                __p__fmode
 .text          0x00419e98        0x8 d:/mingw/bin/../lib/gcc/mingw32/4.5.2/../../../libmsvcrt.a(duyms00077.o)
                0x00419e98                __p__environ
 .text          0x00419ea0        0x8 d:/mingw/bin/../lib/gcc/mingw32/4.5.2/../../../libmsvcrt.a(duyms00147.o)
                0x00419ea0                _cexit
 .text          0x00419ea8        0x8 d:/mingw/bin/../lib/gcc/mingw32/4.5.2/../../../libmsvcrt.a(duyms00426.o)
                0x00419ea8                _setmode
 .text          0x00419eb0        0x8 d:/mingw/bin/../lib/gcc/mingw32/4.5.2/../../../libmsvcrt.a(duyms00706.o)
                0x00419eb0                signal
 .text          0x00419eb8        0x0 d:/mingw/bin/../lib/gcc/mingw32/4.5.2/../../../libmsvcrt.a(duyms00065.o)
 .text          0x00419eb8        0x0 d:/mingw/bin/../lib/gcc/mingw32/4.5.2/../../../libmsvcrt.a(duyms00392.o)
 .text          0x00419eb8        0x8 d:/mingw/bin/../lib/gcc/mingw32/4.5.2/../../../libmsvcrt.a(duyms00732.o)
                0x00419eb8                strtoul
 .text          0x00419ec0        0x8 d:/mingw/bin/../lib/gcc/mingw32/4.5.2/../../../libmsvcrt.a(duyms00268.o)
                0x00419ec0                _isctype
 .text          0x00419ec8        0x8 d:/mingw/bin/../lib/gcc/mingw32/4.5.2/../../../libmsvcrt.a(duyms00731.o)
                0x00419ec8                strtol
 .text          0x00419ed0        0x8 d:/mingw/bin/../lib/gcc/mingw32/4.5.2/../../../libmsvcrt.a(duyms00137.o)
                0x00419ed0                _assert
 .text          0x00419ed8        0x8 d:/mingw/bin/../lib/gcc/mingw32/4.5.2/../../../libmsvcrt.a(duyms00676.o)
                0x00419ed8                malloc
 .text          0x00419ee0        0x8 d:/mingw/bin/../lib/gcc/mingw32/4.5.2/../../../libmsvcrt.a(duyms00717.o)
                0x00419ee0                strcpy
 .text          0x00419ee8        0x8 d:/mingw/bin/../lib/gcc/mingw32/4.5.2/../../../libmsvcrt.a(duyms00698.o)
                0x00419ee8                realloc
 .text          0x00419ef0        0x8 d:/mingw/bin/../lib/gcc/mingw32/4.5.2/../../../libmsvcrt.a(duyms00490.o)
                0x00419ef0                _vsnprintf
 .text          0x00419ef8        0x8 d:/mingw/bin/../lib/gcc/mingw32/4.5.2/../../../libmsvcrt.a(duyms00625.o)
                0x00419ef8                free
 .text          0x00419f00        0x8 d:/mingw/bin/../lib/gcc/mingw32/4.5.2/../../../libmsvcrt.a(duyms00613.o)
                0x00419f00                fgets
 .text          0x00419f08        0x8 d:/mingw/bin/../lib/gcc/mingw32/4.5.2/../../../libmsvcrt.a(duyms00583.o)
                0x00419f08                abort
 .text          0x00419f10        0x8 d:/mingw/bin/../lib/gcc/mingw32/4.5.2/../../../libmsvcrt.a(duyms00683.o)
                0x00419f10                memmove
 .text          0x00419f18        0x8 d:/mingw/bin/../lib/gcc/mingw32/4.5.2/../../../libmsvcrt.a(duyms00709.o)
                0x00419f18                sprintf
 .text          0x00419f20        0x8 d:/mingw/bin/../lib/gcc/mingw32/4.5.2/../../../libmsvcrt.a(duyms00611.o)
                0x00419f20                fgetc
 .text          0x00419f28        0x8 d:/mingw/bin/../lib/gcc/mingw32/4.5.2/../../../libmsvcrt.a(duyms00746.o)
                0x00419f28                ungetc
 .text          0x00419f30        0x8 d:/mingw/bin/../lib/gcc/mingw32/4.5.2/../../../libmsvcrt.a(duyms00624.o)
                0x00419f30                fread
 .text          0x00419f38        0x8 d:/mingw/bin/../lib/gcc/mingw32/4.5.2/../../../libmsvcrt.a(duyms00607.o)
                0x00419f38                fclose
 .text          0x00419f40        0x8 d:/mingw/bin/../lib/gcc/mingw32/4.5.2/../../../libmsvcrt.a(duyms00618.o)
                0x00419f40                fopen
 .text          0x00419f48        0x8 d:/mingw/bin/../lib/gcc/mingw32/4.5.2/../../../libmsvcrt.a(duyms00715.o)
                0x00419f48                strcmp
 .text          0x00419f50        0x8 d:/mingw/bin/../lib/gcc/mingw32/4.5.2/../../../libmsvcrt.a(duyms00592.o)
                0x00419f50                atoi
 .text          0x00419f58        0x8 d:/mingw/bin/../lib/gcc/mingw32/4.5.2/../../../libmsvcrt.a(duyms00633.o)
                0x00419f58                fwrite
 .text          0x00419f60        0x8 d:/mingw/bin/../lib/gcc/mingw32/4.5.2/../../../libmsvcrt.a(duyms00620.o)
                0x00419f60                fputc
 .text          0x00419f68        0x8 d:/mingw/bin/../lib/gcc/mingw32/4.5.2/../../../libmsvcrt.a(duyms00619.o)
                0x00419f68                fprintf
 .text          0x00419f70        0x8 d:/mingw/bin/../lib/gcc/mingw32/4.5.2/../../../libmsvcrt.a(duyms00724.o)
                0x00419f70                strncpy
 .text          0x00419f78        0x8 d:/mingw/bin/../lib/gcc/mingw32/4.5.2/../../../libmsvcrt.a(duyms00726.o)
                0x00419f78                strrchr
 .text          0x00419f80        0x8 d:/mingw/bin/../lib/gcc/mingw32/4.5.2/../../../libmsvcrt.a(duyms00718.o)
                0x00419f80                strcspn
 .text          0x00419f88        0x8 d:/mingw/bin/../lib/gcc/mingw32/4.5.2/../../../libmsvcrt.a(duyms00637.o)
                0x00419f88                getenv
 .text          0x00419f90        0x8 d:/mingw/bin/../lib/gcc/mingw32/4.5.2/../../../libmsvcrt.a(duyms00714.o)
                0x00419f90                strchr
 .text          0x00419f98        0x8 d:/mingw/bin/../lib/gcc/mingw32/4.5.2/../../../libmsvcrt.a(duyms00621.o)
                0x00419f98                fputs
 .text          0x00419fa0        0x8 d:/mingw/bin/../lib/gcc/mingw32/4.5.2/../../../libmsvcrt.a(duyms00610.o)
                0x00419fa0                fflush
 .text          0x00419fa8        0x8 d:/mingw/bin/../lib/gcc/mingw32/4.5.2/../../../libmsvcrt.a(duyms00681.o)
                0x00419fa8                memcmp
 .text          0x00419fb0        0x8 d:/mingw/bin/../lib/gcc/mingw32/4.5.2/../../../libmsvcrt.a(duyms00604.o)
                0x00419fb0                exit
 .text          0x00419fb8        0x8 d:/mingw/bin/../lib/gcc/mingw32/4.5.2/../../../libmsvcrt.a(duyms00713.o)
                0x00419fb8                strcat
 .text          0x00419fc0        0x0 d:/mingw/bin/../lib/gcc/mingw32/4.5.2/../../../libmsvcrt.a(duyms00538.o)
 .text          0x00419fc0        0x8 d:/mingw/bin/../lib/gcc/mingw32/4.5.2/../../../libmsvcrt.a(duyms00748.o)
                0x00419fc0                vfprintf
 .text          0x00419fc8        0x8 d:/mingw/bin/../lib/gcc/mingw32/4.5.2/../../../libmsvcrt.a(duyms00682.o)
                0x00419fc8                memcpy
 .text          0x00419fd0        0x8 d:/mingw/bin/../lib/gcc/mingw32/4.5.2/../../../libmsvcrt.a(duyms00595.o)
                0x00419fd0                calloc
 .text          0x00419fd8        0x0 d:/mingw/bin/../lib/gcc/mingw32/4.5.2/../../../libmsvcrt.a(duymh.o)
 .text          0x00419fd8        0x0 d:/mingw/bin/../lib/gcc/mingw32/4.5.2/../../../libmsvcrt.a(duymt.o)
 .text          0x00419fd8        0x8 d:/mingw/bin/../lib/gcc/mingw32/4.5.2/../../../libkernel32.a(dchds01140.o)
                0x00419fd8                SetUnhandledExceptionFilter@4
 .text          0x00419fe0        0x8 d:/mingw/bin/../lib/gcc/mingw32/4.5.2/../../../libkernel32.a(dchds00279.o)
                0x00419fe0                ExitProcess@4
 .text          0x00419fe8        0x8 d:/mingw/bin/../lib/gcc/mingw32/4.5.2/../../../libkernel32.a(dchds00529.o)
                0x00419fe8                GetModuleHandleA@4
 .text          0x00419ff0        0x8 d:/mingw/bin/../lib/gcc/mingw32/4.5.2/../../../libkernel32.a(dchds00577.o)
                0x00419ff0                GetProcAddress@8
 .text          0x00419ff8        0x8 d:/mingw/bin/../lib/gcc/mingw32/4.5.2/../../../libkernel32.a(dchds00527.o)
                0x00419ff8                GetModuleFileNameA@12
 .text          0x0041a000        0x8 d:/mingw/bin/../lib/gcc/mingw32/4.5.2/../../../libkernel32.a(dchds00671.o)
                0x0041a000                GetVersionExA@4
 .text          0x0041a008        0x8 d:/mingw/bin/../lib/gcc/mingw32/4.5.2/../../../libkernel32.a(dchds00817.o)
                0x0041a008                LoadLibraryA@4
 .text          0x0041a010        0x8 d:/mingw/bin/../lib/gcc/mingw32/4.5.2/../../../libkernel32.a(dchds00619.o)
                0x0041a010                GetSystemDirectoryA@8
 .text          0x0041a018        0x8 d:/mingw/bin/../lib/gcc/mingw32/4.5.2/../../../libkernel32.a(dchds01267.o)
                0x0041a018                WriteFile@20
 .text          0x0041a020        0x8 d:/mingw/bin/../lib/gcc/mingw32/4.5.2/../../../libkernel32.a(dchds00016.o)
                0x0041a020                AllocConsole@0
 .text          0x0041a028        0x8 d:/mingw/bin/../lib/gcc/mingw32/4.5.2/../../../libkernel32.a(dchds00608.o)
                0x0041a028                GetStdHandle@4
 .text          0x0041a030        0x8 d:/mingw/bin/../lib/gcc/mingw32/4.5.2/../../../libkernel32.a(dchds00447.o)
                0x0041a030                GetCurrentProcessId@0
 .text          0x0041a038        0x8 d:/mingw/bin/../lib/gcc/mingw32/4.5.2/../../../libkernel32.a(dchds00885.o)
                0x0041a038                OpenProcess@12
 .text          0x0041a040        0x8 d:/mingw/bin/../lib/gcc/mingw32/4.5.2/../../../libkernel32.a(dchds00829.o)
                0x0041a040                LocalFree@4
 .text          0x0041a048        0x8 d:/mingw/bin/../lib/gcc/mingw32/4.5.2/../../../libkernel32.a(dchds00082.o)
                0x0041a048                CloseHandle@4
 .text          0x0041a050        0x8 d:/mingw/bin/../lib/gcc/mingw32/4.5.2/../../../libkernel32.a(dchds00877.o)
                0x0041a050                OpenFileMappingA@12
 .text          0x0041a058        0x8 d:/mingw/bin/../lib/gcc/mingw32/4.5.2/../../../libkernel32.a(dchds00844.o)
                0x0041a058                MapViewOfFile@20
 .text          0x0041a060        0x8 d:/mingw/bin/../lib/gcc/mingw32/4.5.2/../../../libkernel32.a(dchds01188.o)
                0x0041a060                UnmapViewOfFile@4
 .text          0x0041a068        0x8 d:/mingw/bin/../lib/gcc/mingw32/4.5.2/../../../libkernel32.a(dchds00510.o)
                0x0041a068                GetLastError@0
 .text          0x0041a070        0x8 d:/mingw/bin/../lib/gcc/mingw32/4.5.2/../../../libkernel32.a(dchds00825.o)
                0x0041a070                LocalAlloc@8
 .text          0x0041a078        0x8 d:/mingw/bin/../lib/gcc/mingw32/4.5.2/../../../libkernel32.a(dchds00451.o)
                0x0041a078                GetCurrentThreadId@0
 .text          0x0041a080        0x8 d:/mingw/bin/../lib/gcc/mingw32/4.5.2/../../../libkernel32.a(dchds00136.o)
                0x0041a080                CreateFileMappingA@24
 .text          0x0041a088        0x8 d:/mingw/bin/../lib/gcc/mingw32/4.5.2/../../../libkernel32.a(dchds00444.o)
                0x0041a088                GetCurrentDirectoryA@8
 .text          0x0041a090        0x8 d:/mingw/bin/../lib/gcc/mingw32/4.5.2/../../../libkernel32.a(dchds01052.o)
                0x0041a090                SetCurrentDirectoryA@4
 .text          0x0041a098        0x8 d:/mingw/bin/../lib/gcc/mingw32/4.5.2/../../../libkernel32.a(dchds00352.o)
                0x0041a098                FreeLibrary@4
 .text          0x0041a0a0        0x8 d:/mingw/bin/../lib/gcc/mingw32/4.5.2/../../../libkernel32.a(dchds01215.o)
                0x0041a0a0                VirtualQuery@12
 .text          0x0041a0a8        0x8 d:/mingw/bin/../lib/gcc/mingw32/4.5.2/../../../libkernel32.a(dchds01213.o)
                0x0041a0a8                VirtualProtect@16
 .text          0x0041a0b0        0x8 d:/mingw/bin/../lib/gcc/mingw32/4.5.2/../../../libkernel32.a(dchds00388.o)
                0x0041a0b0                GetCommandLineA@0
 .text          0x0041a0b8        0x8 d:/mingw/bin/../lib/gcc/mingw32/4.5.2/../../../libkernel32.a(dchds00606.o)
                0x0041a0b8                GetStartupInfoA@4
 .text          0x0041a0c0        0x8 d:/mingw/bin/../lib/gcc/mingw32/4.5.2/../../../libkernel32.a(dchds01173.o)
                0x0041a0c0                TlsGetValue@4
 .text          0x0041a0c8        0x8 d:/mingw/bin/../lib/gcc/mingw32/4.5.2/../../../libkernel32.a(dchds00207.o)
                0x0041a0c8                DeleteCriticalSection@4
 .text          0x0041a0d0        0x8 d:/mingw/bin/../lib/gcc/mingw32/4.5.2/../../../libkernel32.a(dchds00734.o)
                0x0041a0d0                InitializeCriticalSection@4
 .text          0x0041a0d8        0x8 d:/mingw/bin/../lib/gcc/mingw32/4.5.2/../../../libkernel32.a(dchds00236.o)
                0x0041a0d8                EnterCriticalSection@4
 .text          0x0041a0e0        0x8 d:/mingw/bin/../lib/gcc/mingw32/4.5.2/../../../libkernel32.a(dchds00814.o)
                0x0041a0e0                LeaveCriticalSection@4
 .text          0x0041a0e8        0x0 d:/mingw/bin/../lib/gcc/mingw32/4.5.2/../../../libkernel32.a(dchdh.o)
 .text          0x0041a0e8        0x0 d:/mingw/bin/../lib/gcc/mingw32/4.5.2/../../../libkernel32.a(dchdt.o)
 .text          0x0041a0e8       0x1c d:/mingw/bin/../lib/gcc/mingw32/4.5.2/crtend.o
 *(SORT(.text$*))
 *(.text.*)
 *(.glue_7t)
 *(.glue_7)
                0x0041a104                ___CTOR_LIST__ = .
                0x0041a104                __CTOR_LIST__ = .
                0x0041a104        0x4 LONG 0xffffffff
 *(.ctors)
 *(.ctor)
 *(SORT(.ctors.*))
 .ctors.65535   0x0041a108        0x4 d:/mingw/bin/../lib/gcc/mingw32/4.5.2/crtend.o
                0x0041a10c        0x4 LONG 0x0
                0x0041a110                ___DTOR_LIST__ = .
                0x0041a110                __DTOR_LIST__ = .
                0x0041a110        0x4 LONG 0xffffffff
 *(.dtors)
 *(.dtor)
 *(SORT(.dtors.*))
                0x0041a114        0x4 LONG 0x0
 *(.fini)
 *(.gcc_exc)
                0x0041a118                PROVIDE (etext, .)
 *(.gcc_except_table)

.data           0x0041b000      0x200
                0x0041b000                __data_start__ = .
 *(.data)
 .data          0x0041b000        0x0 d:/mingw/bin/../lib/gcc/mingw32/4.5.2/../../../crt2.o
 .data          0x0041b000        0x0 d:/mingw/bin/../lib/gcc/mingw32/4.5.2/crtbegin.o
 .data          0x0041b000        0x0 misc.o
 .data          0x0041b000        0x0 sshaes.o
 .data          0x0041b000       0x10 sshbn.o
                0x0041b000                bnOne
                0x0041b008                Zero
                0x0041b00c                One
 .data          0x0041b010        0x0 sshdes.o
 .data          0x0041b010        0x0 sshdss.o
 .data          0x0041b010        0x0 sshmd5.o
 .data          0x0041b010        0x0 sshpubk.o
 .data          0x0041b010        0x0 sshrsa.o
 .data          0x0041b010        0x0 sshsh256.o
 .data          0x0041b010        0x0 sshsh512.o
 .data          0x0041b010        0x0 sshsha.o
 .data          0x0041b010        0x0 tree234.o
 .data          0x0041b010       0x20 version.o
                0x0041b010                ver
                0x0041b01d                sshver
 .data          0x0041b030        0x0 winhelp.o
 .data          0x0041b030        0x4 winmisc.o
 .data          0x0041b034       0x10 winpgnt.o
                0x0041b034                flags
 .data          0x0041b044        0x0 winpgntc.o
 .data          0x0041b044        0x0 winutils.o
 .data          0x0041b044        0x0 d:/mingw/bin/../lib/gcc/mingw32/4.5.2/../../../libadvapi32.a(dgxgs00245.o)
 .data          0x0041b044        0x0 d:/mingw/bin/../lib/gcc/mingw32/4.5.2/../../../libadvapi32.a(dgxgs00196.o)
 .data          0x0041b044        0x0 d:/mingw/bin/../lib/gcc/mingw32/4.5.2/../../../libadvapi32.a(dgxgs00083.o)
 .data          0x0041b044        0x0 d:/mingw/bin/../lib/gcc/mingw32/4.5.2/../../../libadvapi32.a(dgxgs00172.o)
 .data          0x0041b044        0x0 d:/mingw/bin/../lib/gcc/mingw32/4.5.2/../../../libadvapi32.a(dgxgs00412.o)
 .data          0x0041b044        0x0 d:/mingw/bin/../lib/gcc/mingw32/4.5.2/../../../libadvapi32.a(dgxgs00400.o)
 .data          0x0041b044        0x0 d:/mingw/bin/../lib/gcc/mingw32/4.5.2/../../../libadvapi32.a(dgxgs00386.o)
 .data          0x0041b044        0x0 d:/mingw/bin/../lib/gcc/mingw32/4.5.2/../../../libadvapi32.a(dgxgh.o)
 .data          0x0041b044        0x0 d:/mingw/bin/../lib/gcc/mingw32/4.5.2/../../../libadvapi32.a(dgxgt.o)
 .data          0x0041b044        0x0 d:/mingw/bin/../lib/gcc/mingw32/4.5.2/../../../libcomdlg32.a(demds00011.o)
 .data          0x0041b044        0x0 d:/mingw/bin/../lib/gcc/mingw32/4.5.2/../../../libcomdlg32.a(demds00009.o)
 .data          0x0041b044        0x0 d:/mingw/bin/../lib/gcc/mingw32/4.5.2/../../../libcomdlg32.a(demdh.o)
 .data          0x0041b044        0x0 d:/mingw/bin/../lib/gcc/mingw32/4.5.2/../../../libcomdlg32.a(demdt.o)
 .data          0x0041b044        0x0 d:/mingw/bin/../lib/gcc/mingw32/4.5.2/../../../libgdi32.a(dkfhs00201.o)
 .data          0x0041b044        0x0 d:/mingw/bin/../lib/gcc/mingw32/4.5.2/../../../libgdi32.a(dkfhh.o)
 .data          0x0041b044        0x0 d:/mingw/bin/../lib/gcc/mingw32/4.5.2/../../../libgdi32.a(dkfht.o)
 .data          0x0041b044        0x0 d:/mingw/bin/../lib/gcc/mingw32/4.5.2/../../../libshell32.a(dukis00151.o)
 .data          0x0041b044        0x0 d:/mingw/bin/../lib/gcc/mingw32/4.5.2/../../../libshell32.a(dukis00144.o)
 .data          0x0041b044        0x0 d:/mingw/bin/../lib/gcc/mingw32/4.5.2/../../../libshell32.a(dukih.o)
 .data          0x0041b044        0x0 d:/mingw/bin/../lib/gcc/mingw32/4.5.2/../../../libshell32.a(dukit.o)
 .data          0x0041b044        0x0 d:/mingw/bin/../lib/gcc/mingw32/4.5.2/../../../libuser32.a(daois00632.o)
 .data          0x0041b044        0x0 d:/mingw/bin/../lib/gcc/mingw32/4.5.2/../../../libuser32.a(daois00434.o)
 .data          0x0041b044        0x0 d:/mingw/bin/../lib/gcc/mingw32/4.5.2/../../../libuser32.a(daois00147.o)
 .data          0x0041b044        0x0 d:/mingw/bin/../lib/gcc/mingw32/4.5.2/../../../libuser32.a(daois00182.o)
 .data          0x0041b044        0x0 d:/mingw/bin/../lib/gcc/mingw32/4.5.2/../../../libuser32.a(daois00250.o)
 .data          0x0041b044        0x0 d:/mingw/bin/../lib/gcc/mingw32/4.5.2/../../../libuser32.a(daois00348.o)
 .data          0x0041b044        0x0 d:/mingw/bin/../lib/gcc/mingw32/4.5.2/../../../libuser32.a(daois00534.o)
 .data          0x0041b044        0x0 d:/mingw/bin/../lib/gcc/mingw32/4.5.2/../../../libuser32.a(daois00572.o)
 .data          0x0041b044        0x0 d:/mingw/bin/../lib/gcc/mingw32/4.5.2/../../../libuser32.a(daois00530.o)
 .data          0x0041b044        0x0 d:/mingw/bin/../lib/gcc/mingw32/4.5.2/../../../libuser32.a(daois00445.o)
 .data          0x0041b044        0x0 d:/mingw/bin/../lib/gcc/mingw32/4.5.2/../../../libuser32.a(daois00255.o)
 .data          0x0041b044        0x0 d:/mingw/bin/../lib/gcc/mingw32/4.5.2/../../../libuser32.a(daois00433.o)
 .data          0x0041b044        0x0 d:/mingw/bin/../lib/gcc/mingw32/4.5.2/../../../libuser32.a(daois00409.o)
 .data          0x0041b044        0x0 d:/mingw/bin/../lib/gcc/mingw32/4.5.2/../../../libuser32.a(daois00142.o)
 .data          0x0041b044        0x0 d:/mingw/bin/../lib/gcc/mingw32/4.5.2/../../../libuser32.a(daois00505.o)
 .data          0x0041b044        0x0 d:/mingw/bin/../lib/gcc/mingw32/4.5.2/../../../libuser32.a(daois00144.o)
 .data          0x0041b044        0x0 d:/mingw/bin/../lib/gcc/mingw32/4.5.2/../../../libuser32.a(daois00180.o)
 .data          0x0041b044        0x0 d:/mingw/bin/../lib/gcc/mingw32/4.5.2/../../../libuser32.a(daois00516.o)
 .data          0x0041b044        0x0 d:/mingw/bin/../lib/gcc/mingw32/4.5.2/../../../libuser32.a(daois00253.o)
 .data          0x0041b044        0x0 d:/mingw/bin/../lib/gcc/mingw32/4.5.2/../../../libuser32.a(daois00342.o)
 .data          0x0041b044        0x0 d:/mingw/bin/../lib/gcc/mingw32/4.5.2/../../../libuser32.a(daois00569.o)
 .data          0x0041b044        0x0 d:/mingw/bin/../lib/gcc/mingw32/4.5.2/../../../libuser32.a(daois00287.o)
 .data          0x0041b044        0x0 d:/mingw/bin/../lib/gcc/mingw32/4.5.2/../../../libuser32.a(daois00134.o)
 .data          0x0041b044        0x0 d:/mingw/bin/../lib/gcc/mingw32/4.5.2/../../../libuser32.a(daois00491.o)
 .data          0x0041b044        0x0 d:/mingw/bin/../lib/gcc/mingw32/4.5.2/../../../libuser32.a(daois00283.o)
 .data          0x0041b044        0x0 d:/mingw/bin/../lib/gcc/mingw32/4.5.2/../../../libuser32.a(daois00466.o)
 .data          0x0041b044        0x0 d:/mingw/bin/../lib/gcc/mingw32/4.5.2/../../../libuser32.a(daois00468.o)
 .data          0x0041b044        0x0 d:/mingw/bin/../lib/gcc/mingw32/4.5.2/../../../libuser32.a(daois00602.o)
 .data          0x0041b044        0x0 d:/mingw/bin/../lib/gcc/mingw32/4.5.2/../../../libuser32.a(daois00508.o)
 .data          0x0041b044        0x0 d:/mingw/bin/../lib/gcc/mingw32/4.5.2/../../../libuser32.a(daois00080.o)
 .data          0x0041b044        0x0 d:/mingw/bin/../lib/gcc/mingw32/4.5.2/../../../libuser32.a(daois00585.o)
 .data          0x0041b044        0x0 d:/mingw/bin/../lib/gcc/mingw32/4.5.2/../../../libuser32.a(daois00247.o)
 .data          0x0041b044        0x0 d:/mingw/bin/../lib/gcc/mingw32/4.5.2/../../../libuser32.a(daois00285.o)
 .data          0x0041b044        0x0 d:/mingw/bin/../lib/gcc/mingw32/4.5.2/../../../libuser32.a(daois00495.o)
 .data          0x0041b044        0x0 d:/mingw/bin/../lib/gcc/mingw32/4.5.2/../../../libuser32.a(daois00365.o)
 .data          0x0041b044        0x0 d:/mingw/bin/../lib/gcc/mingw32/4.5.2/../../../libuser32.a(daois00090.o)
 .data          0x0041b044        0x0 d:/mingw/bin/../lib/gcc/mingw32/4.5.2/../../../libuser32.a(daois00089.o)
 .data          0x0041b044        0x0 d:/mingw/bin/../lib/gcc/mingw32/4.5.2/../../../libuser32.a(daois00088.o)
 .data          0x0041b044        0x0 d:/mingw/bin/../lib/gcc/mingw32/4.5.2/../../../libuser32.a(daois00006.o)
 .data          0x0041b044        0x0 d:/mingw/bin/../lib/gcc/mingw32/4.5.2/../../../libuser32.a(daois00540.o)
 .data          0x0041b044        0x0 d:/mingw/bin/../lib/gcc/mingw32/4.5.2/../../../libuser32.a(daois00293.o)
 .data          0x0041b044        0x0 d:/mingw/bin/../lib/gcc/mingw32/4.5.2/../../../libuser32.a(daois00394.o)
 .data          0x0041b044        0x0 d:/mingw/bin/../lib/gcc/mingw32/4.5.2/../../../libuser32.a(daois00384.o)
 .data          0x0041b044        0x0 d:/mingw/bin/../lib/gcc/mingw32/4.5.2/../../../libuser32.a(daois00608.o)
 .data          0x0041b044        0x0 d:/mingw/bin/../lib/gcc/mingw32/4.5.2/../../../libuser32.a(daois00149.o)
 .data          0x0041b044        0x0 d:/mingw/bin/../lib/gcc/mingw32/4.5.2/../../../libuser32.a(daois00143.o)
 .data          0x0041b044        0x0 d:/mingw/bin/../lib/gcc/mingw32/4.5.2/../../../libuser32.a(daois00405.o)
 .data          0x0041b044        0x0 d:/mingw/bin/../lib/gcc/mingw32/4.5.2/../../../libuser32.a(daois00479.o)
 .data          0x0041b044        0x0 d:/mingw/bin/../lib/gcc/mingw32/4.5.2/../../../libuser32.a(daois00210.o)
 .data          0x0041b044        0x0 d:/mingw/bin/../lib/gcc/mingw32/4.5.2/../../../libuser32.a(daois00437.o)
 .data          0x0041b044        0x0 d:/mingw/bin/../lib/gcc/mingw32/4.5.2/../../../libuser32.a(daoih.o)
 .data          0x0041b044        0x0 d:/mingw/bin/../lib/gcc/mingw32/4.5.2/../../../libuser32.a(daoit.o)
 .data          0x0041b044        0x0 d:/mingw/bin/../lib/gcc/mingw32/4.5.2/../../../libmingw32.a(tlssup.o)
 .data          0x0041b044        0x4 d:/mingw/bin/../lib/gcc/mingw32/4.5.2/../../../libmingw32.a(CRTglob.o)
                0x0041b044                _CRT_glob
 .data          0x0041b048        0x0 d:/mingw/bin/../lib/gcc/mingw32/4.5.2/../../../libmingw32.a(CRTfmode.o)
 .data          0x0041b048        0x4 d:/mingw/bin/../lib/gcc/mingw32/4.5.2/../../../libmingw32.a(txtmode.o)
                0x0041b048                _fmode
 .data          0x0041b04c        0x0 d:/mingw/bin/../lib/gcc/mingw32/4.5.2/../../../libmingw32.a(cpu_features.o)
 .data          0x0041b04c        0x0 d:/mingw/bin/../lib/gcc/mingw32/4.5.2/../../../libmingw32.a(pseudo-reloc.o)
 .data          0x0041b04c        0x4 d:/mingw/bin/../lib/gcc/mingw32/4.5.2/../../../libmingw32.a(gccmain.o)
 .data          0x0041b050        0x0 d:/mingw/bin/../lib/gcc/mingw32/4.5.2/../../../libmingw32.a(main.o)
 .data          0x0041b050        0x0 d:/mingw/bin/../lib/gcc/mingw32/4.5.2/../../../libmingw32.a(CRT_fp10.o)
 .data          0x0041b050        0x0 d:/mingw/bin/../lib/gcc/mingw32/4.5.2/../../../libmingw32.a(crtst.o)
 .data          0x0041b050        0x0 d:/mingw/bin/../lib/gcc/mingw32/4.5.2/../../../libmingw32.a(tlsthrd.o)
 .data          0x0041b050        0x0 d:/mingw/bin/../lib/gcc/mingw32/4.5.2/../../../libmingw32.a(pseudo-reloc-list.o)
 .data          0x0041b050        0x0 d:/mingw/bin/../lib/gcc/mingw32/4.5.2/libgcc.a(_umoddi3.o)
 .data          0x0041b050        0x0 d:/mingw/bin/../lib/gcc/mingw32/4.5.2/libgcc.a(_udivdi3.o)
 .data          0x0041b050        0x0 d:/mingw/bin/../lib/gcc/mingw32/4.5.2/libgcc.a(_chkstk.o)
 .data          0x0041b050        0x0 d:/mingw/bin/../lib/gcc/mingw32/4.5.2/libgcc.a(_ctors.o)
 .data          0x0041b050        0x0 d:/mingw/bin/../lib/gcc/mingw32/4.5.2/../../../libmsvcrt.a(duyms00590.o)
 .data          0x0041b050        0x0 d:/mingw/bin/../lib/gcc/mingw32/4.5.2/../../../libmsvcrt.a(duyms00383.o)
 .data          0x0041b050        0x0 d:/mingw/bin/../lib/gcc/mingw32/4.5.2/../../../libmsvcrt.a(duyms00266.o)
 .data          0x0041b050        0x0 d:/mingw/bin/../lib/gcc/mingw32/4.5.2/../../../libmsvcrt.a(duyms00099.o)
 .data          0x0041b050        0x0 d:/mingw/bin/../lib/gcc/mingw32/4.5.2/../../../libmsvcrt.a(duyms00055.o)
 .data          0x0041b050        0x0 d:/mingw/bin/../lib/gcc/mingw32/4.5.2/../../../libmsvcrt.a(duyms00079.o)
 .data          0x0041b050        0x0 d:/mingw/bin/../lib/gcc/mingw32/4.5.2/../../../libmsvcrt.a(duyms00077.o)
 .data          0x0041b050        0x0 d:/mingw/bin/../lib/gcc/mingw32/4.5.2/../../../libmsvcrt.a(duyms00147.o)
 .data          0x0041b050        0x0 d:/mingw/bin/../lib/gcc/mingw32/4.5.2/../../../libmsvcrt.a(duyms00426.o)
 .data          0x0041b050        0x0 d:/mingw/bin/../lib/gcc/mingw32/4.5.2/../../../libmsvcrt.a(duyms00706.o)
 .data          0x0041b050        0x0 d:/mingw/bin/../lib/gcc/mingw32/4.5.2/../../../libmsvcrt.a(duyms00065.o)
 .data          0x0041b050        0x0 d:/mingw/bin/../lib/gcc/mingw32/4.5.2/../../../libmsvcrt.a(duyms00392.o)
 .data          0x0041b050        0x0 d:/mingw/bin/../lib/gcc/mingw32/4.5.2/../../../libmsvcrt.a(duyms00732.o)
 .data          0x0041b050        0x0 d:/mingw/bin/../lib/gcc/mingw32/4.5.2/../../../libmsvcrt.a(duyms00268.o)
 .data          0x0041b050        0x0 d:/mingw/bin/../lib/gcc/mingw32/4.5.2/../../../libmsvcrt.a(duyms00731.o)
 .data          0x0041b050        0x0 d:/mingw/bin/../lib/gcc/mingw32/4.5.2/../../../libmsvcrt.a(duyms00137.o)
 .data          0x0041b050        0x0 d:/mingw/bin/../lib/gcc/mingw32/4.5.2/../../../libmsvcrt.a(duyms00676.o)
 .data          0x0041b050        0x0 d:/mingw/bin/../lib/gcc/mingw32/4.5.2/../../../libmsvcrt.a(duyms00717.o)
 .data          0x0041b050        0x0 d:/mingw/bin/../lib/gcc/mingw32/4.5.2/../../../libmsvcrt.a(duyms00698.o)
 .data          0x0041b050        0x0 d:/mingw/bin/../lib/gcc/mingw32/4.5.2/../../../libmsvcrt.a(duyms00490.o)
 .data          0x0041b050        0x0 d:/mingw/bin/../lib/gcc/mingw32/4.5.2/../../../libmsvcrt.a(duyms00625.o)
 .data          0x0041b050        0x0 d:/mingw/bin/../lib/gcc/mingw32/4.5.2/../../../libmsvcrt.a(duyms00613.o)
 .data          0x0041b050        0x0 d:/mingw/bin/../lib/gcc/mingw32/4.5.2/../../../libmsvcrt.a(duyms00583.o)
 .data          0x0041b050        0x0 d:/mingw/bin/../lib/gcc/mingw32/4.5.2/../../../libmsvcrt.a(duyms00683.o)
 .data          0x0041b050        0x0 d:/mingw/bin/../lib/gcc/mingw32/4.5.2/../../../libmsvcrt.a(duyms00709.o)
 .data          0x0041b050        0x0 d:/mingw/bin/../lib/gcc/mingw32/4.5.2/../../../libmsvcrt.a(duyms00611.o)
 .data          0x0041b050        0x0 d:/mingw/bin/../lib/gcc/mingw32/4.5.2/../../../libmsvcrt.a(duyms00746.o)
 .data          0x0041b050        0x0 d:/mingw/bin/../lib/gcc/mingw32/4.5.2/../../../libmsvcrt.a(duyms00624.o)
 .data          0x0041b050        0x0 d:/mingw/bin/../lib/gcc/mingw32/4.5.2/../../../libmsvcrt.a(duyms00607.o)
 .data          0x0041b050        0x0 d:/mingw/bin/../lib/gcc/mingw32/4.5.2/../../../libmsvcrt.a(duyms00618.o)
 .data          0x0041b050        0x0 d:/mingw/bin/../lib/gcc/mingw32/4.5.2/../../../libmsvcrt.a(duyms00715.o)
 .data          0x0041b050        0x0 d:/mingw/bin/../lib/gcc/mingw32/4.5.2/../../../libmsvcrt.a(duyms00592.o)
 .data          0x0041b050        0x0 d:/mingw/bin/../lib/gcc/mingw32/4.5.2/../../../libmsvcrt.a(duyms00633.o)
 .data          0x0041b050        0x0 d:/mingw/bin/../lib/gcc/mingw32/4.5.2/../../../libmsvcrt.a(duyms00620.o)
 .data          0x0041b050        0x0 d:/mingw/bin/../lib/gcc/mingw32/4.5.2/../../../libmsvcrt.a(duyms00619.o)
 .data          0x0041b050        0x0 d:/mingw/bin/../lib/gcc/mingw32/4.5.2/../../../libmsvcrt.a(duyms00724.o)
 .data          0x0041b050        0x0 d:/mingw/bin/../lib/gcc/mingw32/4.5.2/../../../libmsvcrt.a(duyms00726.o)
 .data          0x0041b050        0x0 d:/mingw/bin/../lib/gcc/mingw32/4.5.2/../../../libmsvcrt.a(duyms00718.o)
 .data          0x0041b050        0x0 d:/mingw/bin/../lib/gcc/mingw32/4.5.2/../../../libmsvcrt.a(duyms00637.o)
 .data          0x0041b050        0x0 d:/mingw/bin/../lib/gcc/mingw32/4.5.2/../../../libmsvcrt.a(duyms00714.o)
 .data          0x0041b050        0x0 d:/mingw/bin/../lib/gcc/mingw32/4.5.2/../../../libmsvcrt.a(duyms00621.o)
 .data          0x0041b050        0x0 d:/mingw/bin/../lib/gcc/mingw32/4.5.2/../../../libmsvcrt.a(duyms00610.o)
 .data          0x0041b050        0x0 d:/mingw/bin/../lib/gcc/mingw32/4.5.2/../../../libmsvcrt.a(duyms00681.o)
 .data          0x0041b050        0x0 d:/mingw/bin/../lib/gcc/mingw32/4.5.2/../../../libmsvcrt.a(duyms00604.o)
 .data          0x0041b050        0x0 d:/mingw/bin/../lib/gcc/mingw32/4.5.2/../../../libmsvcrt.a(duyms00713.o)
 .data          0x0041b050        0x0 d:/mingw/bin/../lib/gcc/mingw32/4.5.2/../../../libmsvcrt.a(duyms00538.o)
 .data          0x0041b050        0x0 d:/mingw/bin/../lib/gcc/mingw32/4.5.2/../../../libmsvcrt.a(duyms00748.o)
 .data          0x0041b050        0x0 d:/mingw/bin/../lib/gcc/mingw32/4.5.2/../../../libmsvcrt.a(duyms00682.o)
 .data          0x0041b050        0x0 d:/mingw/bin/../lib/gcc/mingw32/4.5.2/../../../libmsvcrt.a(duyms00595.o)
 .data          0x0041b050        0x0 d:/mingw/bin/../lib/gcc/mingw32/4.5.2/../../../libmsvcrt.a(duymh.o)
 .data          0x0041b050        0x0 d:/mingw/bin/../lib/gcc/mingw32/4.5.2/../../../libmsvcrt.a(duymt.o)
 .data          0x0041b050        0x0 d:/mingw/bin/../lib/gcc/mingw32/4.5.2/../../../libkernel32.a(dchds01140.o)
 .data          0x0041b050        0x0 d:/mingw/bin/../lib/gcc/mingw32/4.5.2/../../../libkernel32.a(dchds00279.o)
 .data          0x0041b050        0x0 d:/mingw/bin/../lib/gcc/mingw32/4.5.2/../../../libkernel32.a(dchds00529.o)
 .data          0x0041b050        0x0 d:/mingw/bin/../lib/gcc/mingw32/4.5.2/../../../libkernel32.a(dchds00577.o)
 .data          0x0041b050        0x0 d:/mingw/bin/../lib/gcc/mingw32/4.5.2/../../../libkernel32.a(dchds00527.o)
 .data          0x0041b050        0x0 d:/mingw/bin/../lib/gcc/mingw32/4.5.2/../../../libkernel32.a(dchds00671.o)
 .data          0x0041b050        0x0 d:/mingw/bin/../lib/gcc/mingw32/4.5.2/../../../libkernel32.a(dchds00817.o)
 .data          0x0041b050        0x0 d:/mingw/bin/../lib/gcc/mingw32/4.5.2/../../../libkernel32.a(dchds00619.o)
 .data          0x0041b050        0x0 d:/mingw/bin/../lib/gcc/mingw32/4.5.2/../../../libkernel32.a(dchds01267.o)
 .data          0x0041b050        0x0 d:/mingw/bin/../lib/gcc/mingw32/4.5.2/../../../libkernel32.a(dchds00016.o)
 .data          0x0041b050        0x0 d:/mingw/bin/../lib/gcc/mingw32/4.5.2/../../../libkernel32.a(dchds00608.o)
 .data          0x0041b050        0x0 d:/mingw/bin/../lib/gcc/mingw32/4.5.2/../../../libkernel32.a(dchds00447.o)
 .data          0x0041b050        0x0 d:/mingw/bin/../lib/gcc/mingw32/4.5.2/../../../libkernel32.a(dchds00885.o)
 .data          0x0041b050        0x0 d:/mingw/bin/../lib/gcc/mingw32/4.5.2/../../../libkernel32.a(dchds00829.o)
 .data          0x0041b050        0x0 d:/mingw/bin/../lib/gcc/mingw32/4.5.2/../../../libkernel32.a(dchds00082.o)
 .data          0x0041b050        0x0 d:/mingw/bin/../lib/gcc/mingw32/4.5.2/../../../libkernel32.a(dchds00877.o)
 .data          0x0041b050        0x0 d:/mingw/bin/../lib/gcc/mingw32/4.5.2/../../../libkernel32.a(dchds00844.o)
 .data          0x0041b050        0x0 d:/mingw/bin/../lib/gcc/mingw32/4.5.2/../../../libkernel32.a(dchds01188.o)
 .data          0x0041b050        0x0 d:/mingw/bin/../lib/gcc/mingw32/4.5.2/../../../libkernel32.a(dchds00510.o)
 .data          0x0041b050        0x0 d:/mingw/bin/../lib/gcc/mingw32/4.5.2/../../../libkernel32.a(dchds00825.o)
 .data          0x0041b050        0x0 d:/mingw/bin/../lib/gcc/mingw32/4.5.2/../../../libkernel32.a(dchds00451.o)
 .data          0x0041b050        0x0 d:/mingw/bin/../lib/gcc/mingw32/4.5.2/../../../libkernel32.a(dchds00136.o)
 .data          0x0041b050        0x0 d:/mingw/bin/../lib/gcc/mingw32/4.5.2/../../../libkernel32.a(dchds00444.o)
 .data          0x0041b050        0x0 d:/mingw/bin/../lib/gcc/mingw32/4.5.2/../../../libkernel32.a(dchds01052.o)
 .data          0x0041b050        0x0 d:/mingw/bin/../lib/gcc/mingw32/4.5.2/../../../libkernel32.a(dchds00352.o)
 .data          0x0041b050        0x0 d:/mingw/bin/../lib/gcc/mingw32/4.5.2/../../../libkernel32.a(dchds01215.o)
 .data          0x0041b050        0x0 d:/mingw/bin/../lib/gcc/mingw32/4.5.2/../../../libkernel32.a(dchds01213.o)
 .data          0x0041b050        0x0 d:/mingw/bin/../lib/gcc/mingw32/4.5.2/../../../libkernel32.a(dchds00388.o)
 .data          0x0041b050        0x0 d:/mingw/bin/../lib/gcc/mingw32/4.5.2/../../../libkernel32.a(dchds00606.o)
 .data          0x0041b050        0x0 d:/mingw/bin/../lib/gcc/mingw32/4.5.2/../../../libkernel32.a(dchds01173.o)
 .data          0x0041b050        0x0 d:/mingw/bin/../lib/gcc/mingw32/4.5.2/../../../libkernel32.a(dchds00207.o)
 .data          0x0041b050        0x0 d:/mingw/bin/../lib/gcc/mingw32/4.5.2/../../../libkernel32.a(dchds00734.o)
 .data          0x0041b050        0x0 d:/mingw/bin/../lib/gcc/mingw32/4.5.2/../../../libkernel32.a(dchds00236.o)
 .data          0x0041b050        0x0 d:/mingw/bin/../lib/gcc/mingw32/4.5.2/../../../libkernel32.a(dchds00814.o)
 .data          0x0041b050        0x0 d:/mingw/bin/../lib/gcc/mingw32/4.5.2/../../../libkernel32.a(dchdh.o)
 .data          0x0041b050        0x0 d:/mingw/bin/../lib/gcc/mingw32/4.5.2/../../../libkernel32.a(dchdt.o)
 .data          0x0041b050        0x0 d:/mingw/bin/../lib/gcc/mingw32/4.5.2/crtend.o
 *(.data2)
 *(SORT(.data$*))
 *(.jcr)
 .jcr           0x0041b050        0x0 d:/mingw/bin/../lib/gcc/mingw32/4.5.2/crtbegin.o
 .jcr           0x0041b050        0x4 d:/mingw/bin/../lib/gcc/mingw32/4.5.2/crtend.o
                0x0041b054                __data_end__ = .
 *(.data_cygwin_nocopy)

.rdata          0x0041c000     0x4c00
 *(.rdata)
 .rdata         0x0041c000       0x64 d:/mingw/bin/../lib/gcc/mingw32/4.5.2/crtbegin.o
 *fill*         0x0041c064       0x1c 00
 .rdata         0x0041c080      0x1e0 misc.o
 .rdata         0x0041c260     0x2520 sshaes.o
                0x0041c2ac                ssh2_aes
 .rdata         0x0041e780       0x44 sshbn.o
 *fill*         0x0041e7c4       0x1c 00
 .rdata         0x0041e7e0      0xc20 sshdes.o
                0x0041e7fc                ssh2_3des
                0x0041e804                ssh2_des
                0x0041e824                ssh_3des
                0x0041e850                ssh_des
 .rdata         0x0041f400       0xe0 sshdss.o
                0x0041f480                ssh_dss
 .rdata         0x0041f4e0       0x60 sshmd5.o
                0x0041f500                ssh_hmac_md5
 .rdata         0x0041f540      0x324 sshpubk.o
 *fill*         0x0041f864       0x1c 00
 .rdata         0x0041f880      0x1c0 sshrsa.o
                0x0041f960                ssh_rsa
                0x0041f998                ssh_rsa_kex
 .rdata         0x0041fa40      0x120 sshsh256.o
                0x0041fa48                ssh_sha256
 .rdata         0x0041fb60      0x2c0 sshsh512.o
 .rdata         0x0041fe20      0x1a0 sshsha.o
                0x0041fe28                ssh_sha1
                0x0041fe60                ssh_hmac_sha1
                0x0041fec0                ssh_hmac_sha1_96
                0x0041ff20                ssh_hmac_sha1_buggy
                0x0041ff80                ssh_hmac_sha1_96_buggy
 .rdata         0x0041ffc0       0x40 tree234.o
 .rdata         0x00420000       0x28 winhelp.o
 .rdata         0x00420028       0x34 winmisc.o
 *fill*         0x0042005c        0x4 00
 .rdata         0x00420060      0x5c0 winpgnt.o
 .rdata         0x00420620       0x98 winpgntc.o
 .rdata         0x004206b8      0x260 winutils.o
 .rdata         0x00420918       0x40 d:/mingw/bin/../lib/gcc/mingw32/4.5.2/../../../libmingw32.a(tlssup.o)
                0x00420954                __dyn_tls_init_callback
 .rdata         0x00420958       0xac d:/mingw/bin/../lib/gcc/mingw32/4.5.2/../../../libmingw32.a(pseudo-reloc.o)
 *(SORT(.rdata$*))
                0x00420a04                __rt_psrelocs_start = .
 *(.rdata_runtime_pseudo_reloc)
                0x00420a04                __rt_psrelocs_end = .
                0x00000000                __rt_psrelocs_size = (__rt_psrelocs_end - __rt_psrelocs_start)
                0x00420a04                ___RUNTIME_PSEUDO_RELOC_LIST_END__ = .
                0x00420a04                __RUNTIME_PSEUDO_RELOC_LIST_END__ = .
                0x00420a04                ___RUNTIME_PSEUDO_RELOC_LIST__ = (. - __rt_psrelocs_size)
                0x00420a04                __RUNTIME_PSEUDO_RELOC_LIST__ = (. - __rt_psrelocs_size)

.eh_frame       0x00421000      0x200
 *(.eh_frame*)
 .eh_frame      0x00421000        0x0 d:/mingw/bin/../lib/gcc/mingw32/4.5.2/crtbegin.o
 .eh_frame      0x00421000       0x6c d:/mingw/bin/../lib/gcc/mingw32/4.5.2/libgcc.a(_umoddi3.o)
 .eh_frame      0x0042106c       0x6c d:/mingw/bin/../lib/gcc/mingw32/4.5.2/libgcc.a(_udivdi3.o)
 .eh_frame      0x004210d8        0x4 d:/mingw/bin/../lib/gcc/mingw32/4.5.2/crtend.o

.pdata
 *(.pdata)

.bss            0x00422000      0x250
                0x00422000                __bss_start__ = .
 *(.bss)
 .bss           0x00422000        0x8 d:/mingw/bin/../lib/gcc/mingw32/4.5.2/../../../crt2.o
                0x00422000                _argc
                0x00422004                _argv
 .bss           0x00422008       0x18 d:/mingw/bin/../lib/gcc/mingw32/4.5.2/crtbegin.o
 .bss           0x00422020        0x0 misc.o
 .bss           0x00422020        0x0 sshaes.o
 .bss           0x00422020        0x4 sshbn.o
                0x00422020                bnZero
 .bss           0x00422024        0x0 sshdes.o
 .bss           0x00422024        0x0 sshdss.o
 .bss           0x00422024        0x0 sshmd5.o
 .bss           0x00422024        0xc sshpubk.o
                0x00422024                ssh2_wrong_passphrase
 .bss           0x00422030        0x0 sshrsa.o
 .bss           0x00422030        0x0 sshsh256.o
 .bss           0x00422030        0x0 sshsh512.o
 .bss           0x00422030        0x0 sshsha.o
 .bss           0x00422030        0x0 tree234.o
 .bss           0x00422030        0x0 version.o
 .bss           0x00422030        0xc winhelp.o
 .bss           0x0042203c       0x14 winmisc.o
 .bss           0x00422050       0x40 winpgnt.o
 .bss           0x00422090       0x18 winpgntc.o
                0x00422090                advapi_initialised
 .bss           0x004220a8        0x0 winutils.o
 .bss           0x004220a8        0x0 d:/mingw/bin/../lib/gcc/mingw32/4.5.2/../../../libadvapi32.a(dgxgs00245.o)
 .bss           0x004220a8        0x0 d:/mingw/bin/../lib/gcc/mingw32/4.5.2/../../../libadvapi32.a(dgxgs00196.o)
 .bss           0x004220a8        0x0 d:/mingw/bin/../lib/gcc/mingw32/4.5.2/../../../libadvapi32.a(dgxgs00083.o)
 .bss           0x004220a8        0x0 d:/mingw/bin/../lib/gcc/mingw32/4.5.2/../../../libadvapi32.a(dgxgs00172.o)
 .bss           0x004220a8        0x0 d:/mingw/bin/../lib/gcc/mingw32/4.5.2/../../../libadvapi32.a(dgxgs00412.o)
 .bss           0x004220a8        0x0 d:/mingw/bin/../lib/gcc/mingw32/4.5.2/../../../libadvapi32.a(dgxgs00400.o)
 .bss           0x004220a8        0x0 d:/mingw/bin/../lib/gcc/mingw32/4.5.2/../../../libadvapi32.a(dgxgs00386.o)
 .bss           0x004220a8        0x0 d:/mingw/bin/../lib/gcc/mingw32/4.5.2/../../../libadvapi32.a(dgxgh.o)
 .bss           0x004220a8        0x0 d:/mingw/bin/../lib/gcc/mingw32/4.5.2/../../../libadvapi32.a(dgxgt.o)
 .bss           0x004220a8        0x0 d:/mingw/bin/../lib/gcc/mingw32/4.5.2/../../../libcomdlg32.a(demds00011.o)
 .bss           0x004220a8        0x0 d:/mingw/bin/../lib/gcc/mingw32/4.5.2/../../../libcomdlg32.a(demds00009.o)
 .bss           0x004220a8        0x0 d:/mingw/bin/../lib/gcc/mingw32/4.5.2/../../../libcomdlg32.a(demdh.o)
 .bss           0x004220a8        0x0 d:/mingw/bin/../lib/gcc/mingw32/4.5.2/../../../libcomdlg32.a(demdt.o)
 .bss           0x004220a8        0x0 d:/mingw/bin/../lib/gcc/mingw32/4.5.2/../../../libgdi32.a(dkfhs00201.o)
 .bss           0x004220a8        0x0 d:/mingw/bin/../lib/gcc/mingw32/4.5.2/../../../libgdi32.a(dkfhh.o)
 .bss           0x004220a8        0x0 d:/mingw/bin/../lib/gcc/mingw32/4.5.2/../../../libgdi32.a(dkfht.o)
 .bss           0x004220a8        0x0 d:/mingw/bin/../lib/gcc/mingw32/4.5.2/../../../libshell32.a(dukis00151.o)
 .bss           0x004220a8        0x0 d:/mingw/bin/../lib/gcc/mingw32/4.5.2/../../../libshell32.a(dukis00144.o)
 .bss           0x004220a8        0x0 d:/mingw/bin/../lib/gcc/mingw32/4.5.2/../../../libshell32.a(dukih.o)
 .bss           0x004220a8        0x0 d:/mingw/bin/../lib/gcc/mingw32/4.5.2/../../../libshell32.a(dukit.o)
 .bss           0x004220a8        0x0 d:/mingw/bin/../lib/gcc/mingw32/4.5.2/../../../libuser32.a(daois00632.o)
 .bss           0x004220a8        0x0 d:/mingw/bin/../lib/gcc/mingw32/4.5.2/../../../libuser32.a(daois00434.o)
 .bss           0x004220a8        0x0 d:/mingw/bin/../lib/gcc/mingw32/4.5.2/../../../libuser32.a(daois00147.o)
 .bss           0x004220a8        0x0 d:/mingw/bin/../lib/gcc/mingw32/4.5.2/../../../libuser32.a(daois00182.o)
 .bss           0x004220a8        0x0 d:/mingw/bin/../lib/gcc/mingw32/4.5.2/../../../libuser32.a(daois00250.o)
 .bss           0x004220a8        0x0 d:/mingw/bin/../lib/gcc/mingw32/4.5.2/../../../libuser32.a(daois00348.o)
 .bss           0x004220a8        0x0 d:/mingw/bin/../lib/gcc/mingw32/4.5.2/../../../libuser32.a(daois00534.o)
 .bss           0x004220a8        0x0 d:/mingw/bin/../lib/gcc/mingw32/4.5.2/../../../libuser32.a(daois00572.o)
 .bss           0x004220a8        0x0 d:/mingw/bin/../lib/gcc/mingw32/4.5.2/../../../libuser32.a(daois00530.o)
 .bss           0x004220a8        0x0 d:/mingw/bin/../lib/gcc/mingw32/4.5.2/../../../libuser32.a(daois00445.o)
 .bss           0x004220a8        0x0 d:/mingw/bin/../lib/gcc/mingw32/4.5.2/../../../libuser32.a(daois00255.o)
 .bss           0x004220a8        0x0 d:/mingw/bin/../lib/gcc/mingw32/4.5.2/../../../libuser32.a(daois00433.o)
 .bss           0x004220a8        0x0 d:/mingw/bin/../lib/gcc/mingw32/4.5.2/../../../libuser32.a(daois00409.o)
 .bss           0x004220a8        0x0 d:/mingw/bin/../lib/gcc/mingw32/4.5.2/../../../libuser32.a(daois00142.o)
 .bss           0x004220a8        0x0 d:/mingw/bin/../lib/gcc/mingw32/4.5.2/../../../libuser32.a(daois00505.o)
 .bss           0x004220a8        0x0 d:/mingw/bin/../lib/gcc/mingw32/4.5.2/../../../libuser32.a(daois00144.o)
 .bss           0x004220a8        0x0 d:/mingw/bin/../lib/gcc/mingw32/4.5.2/../../../libuser32.a(daois00180.o)
 .bss           0x004220a8        0x0 d:/mingw/bin/../lib/gcc/mingw32/4.5.2/../../../libuser32.a(daois00516.o)
 .bss           0x004220a8        0x0 d:/mingw/bin/../lib/gcc/mingw32/4.5.2/../../../libuser32.a(daois00253.o)
 .bss           0x004220a8        0x0 d:/mingw/bin/../lib/gcc/mingw32/4.5.2/../../../libuser32.a(daois00342.o)
 .bss           0x004220a8        0x0 d:/mingw/bin/../lib/gcc/mingw32/4.5.2/../../../libuser32.a(daois00569.o)
 .bss           0x004220a8        0x0 d:/mingw/bin/../lib/gcc/mingw32/4.5.2/../../../libuser32.a(daois00287.o)
 .bss           0x004220a8        0x0 d:/mingw/bin/../lib/gcc/mingw32/4.5.2/../../../libuser32.a(daois00134.o)
 .bss           0x004220a8        0x0 d:/mingw/bin/../lib/gcc/mingw32/4.5.2/../../../libuser32.a(daois00491.o)
 .bss           0x004220a8        0x0 d:/mingw/bin/../lib/gcc/mingw32/4.5.2/../../../libuser32.a(daois00283.o)
 .bss           0x004220a8        0x0 d:/mingw/bin/../lib/gcc/mingw32/4.5.2/../../../libuser32.a(daois00466.o)
 .bss           0x004220a8        0x0 d:/mingw/bin/../lib/gcc/mingw32/4.5.2/../../../libuser32.a(daois00468.o)
 .bss           0x004220a8        0x0 d:/mingw/bin/../lib/gcc/mingw32/4.5.2/../../../libuser32.a(daois00602.o)
 .bss           0x004220a8        0x0 d:/mingw/bin/../lib/gcc/mingw32/4.5.2/../../../libuser32.a(daois00508.o)
 .bss           0x004220a8        0x0 d:/mingw/bin/../lib/gcc/mingw32/4.5.2/../../../libuser32.a(daois00080.o)
 .bss           0x004220a8        0x0 d:/mingw/bin/../lib/gcc/mingw32/4.5.2/../../../libuser32.a(daois00585.o)
 .bss           0x004220a8        0x0 d:/mingw/bin/../lib/gcc/mingw32/4.5.2/../../../libuser32.a(daois00247.o)
 .bss           0x004220a8        0x0 d:/mingw/bin/../lib/gcc/mingw32/4.5.2/../../../libuser32.a(daois00285.o)
 .bss           0x004220a8        0x0 d:/mingw/bin/../lib/gcc/mingw32/4.5.2/../../../libuser32.a(daois00495.o)
 .bss           0x004220a8        0x0 d:/mingw/bin/../lib/gcc/mingw32/4.5.2/../../../libuser32.a(daois00365.o)
 .bss           0x004220a8        0x0 d:/mingw/bin/../lib/gcc/mingw32/4.5.2/../../../libuser32.a(daois00090.o)
 .bss           0x004220a8        0x0 d:/mingw/bin/../lib/gcc/mingw32/4.5.2/../../../libuser32.a(daois00089.o)
 .bss           0x004220a8        0x0 d:/mingw/bin/../lib/gcc/mingw32/4.5.2/../../../libuser32.a(daois00088.o)
 .bss           0x004220a8        0x0 d:/mingw/bin/../lib/gcc/mingw32/4.5.2/../../../libuser32.a(daois00006.o)
 .bss           0x004220a8        0x0 d:/mingw/bin/../lib/gcc/mingw32/4.5.2/../../../libuser32.a(daois00540.o)
 .bss           0x004220a8        0x0 d:/mingw/bin/../lib/gcc/mingw32/4.5.2/../../../libuser32.a(daois00293.o)
 .bss           0x004220a8        0x0 d:/mingw/bin/../lib/gcc/mingw32/4.5.2/../../../libuser32.a(daois00394.o)
 .bss           0x004220a8        0x0 d:/mingw/bin/../lib/gcc/mingw32/4.5.2/../../../libuser32.a(daois00384.o)
 .bss           0x004220a8        0x0 d:/mingw/bin/../lib/gcc/mingw32/4.5.2/../../../libuser32.a(daois00608.o)
 .bss           0x004220a8        0x0 d:/mingw/bin/../lib/gcc/mingw32/4.5.2/../../../libuser32.a(daois00149.o)
 .bss           0x004220a8        0x0 d:/mingw/bin/../lib/gcc/mingw32/4.5.2/../../../libuser32.a(daois00143.o)
 .bss           0x004220a8        0x0 d:/mingw/bin/../lib/gcc/mingw32/4.5.2/../../../libuser32.a(daois00405.o)
 .bss           0x004220a8        0x0 d:/mingw/bin/../lib/gcc/mingw32/4.5.2/../../../libuser32.a(daois00479.o)
 .bss           0x004220a8        0x0 d:/mingw/bin/../lib/gcc/mingw32/4.5.2/../../../libuser32.a(daois00210.o)
 .bss           0x004220a8        0x0 d:/mingw/bin/../lib/gcc/mingw32/4.5.2/../../../libuser32.a(daois00437.o)
 .bss           0x004220a8        0x0 d:/mingw/bin/../lib/gcc/mingw32/4.5.2/../../../libuser32.a(daoih.o)
 .bss           0x004220a8        0x0 d:/mingw/bin/../lib/gcc/mingw32/4.5.2/../../../libuser32.a(daoit.o)
 .bss           0x004220a8       0x20 d:/mingw/bin/../lib/gcc/mingw32/4.5.2/../../../libmingw32.a(tlssup.o)
                0x004220a8                _tls_index
                0x004220ac                mingw_initltsdrot_force
                0x004220b0                mingw_initltsdyn_force
                0x004220b4                mingw_initltssuo_force
 .bss           0x004220c8        0x0 d:/mingw/bin/../lib/gcc/mingw32/4.5.2/../../../libmingw32.a(CRTglob.o)
 .bss           0x004220c8        0x4 d:/mingw/bin/../lib/gcc/mingw32/4.5.2/../../../libmingw32.a(CRTfmode.o)
                0x004220c8                _CRT_fmode
 .bss           0x004220cc        0x0 d:/mingw/bin/../lib/gcc/mingw32/4.5.2/../../../libmingw32.a(txtmode.o)
 .bss           0x004220cc        0x4 d:/mingw/bin/../lib/gcc/mingw32/4.5.2/../../../libmingw32.a(cpu_features.o)
                0x004220cc                __cpu_features
 .bss           0x004220d0       0x10 d:/mingw/bin/../lib/gcc/mingw32/4.5.2/../../../libmingw32.a(pseudo-reloc.o)
 .bss           0x004220e0       0x10 d:/mingw/bin/../lib/gcc/mingw32/4.5.2/../../../libmingw32.a(gccmain.o)
 .bss           0x004220f0        0x0 d:/mingw/bin/../lib/gcc/mingw32/4.5.2/../../../libmingw32.a(main.o)
 .bss           0x004220f0        0x0 d:/mingw/bin/../lib/gcc/mingw32/4.5.2/../../../libmingw32.a(CRT_fp10.o)
 .bss           0x004220f0        0x4 d:/mingw/bin/../lib/gcc/mingw32/4.5.2/../../../libmingw32.a(crtst.o)
                0x004220f0                _CRT_MT
 *fill*         0x004220f4        0x4 00
 .bss           0x004220f8       0x40 d:/mingw/bin/../lib/gcc/mingw32/4.5.2/../../../libmingw32.a(tlsthrd.o)
 .bss           0x00422138        0x4 d:/mingw/bin/../lib/gcc/mingw32/4.5.2/../../../libmingw32.a(pseudo-reloc-list.o)
 .bss           0x0042213c        0x0 d:/mingw/bin/../lib/gcc/mingw32/4.5.2/libgcc.a(_umoddi3.o)
 .bss           0x0042213c        0x0 d:/mingw/bin/../lib/gcc/mingw32/4.5.2/libgcc.a(_udivdi3.o)
 .bss           0x0042213c        0x0 d:/mingw/bin/../lib/gcc/mingw32/4.5.2/libgcc.a(_chkstk.o)
 .bss           0x0042213c        0x0 d:/mingw/bin/../lib/gcc/mingw32/4.5.2/libgcc.a(_ctors.o)
 .bss           0x0042213c        0x0 d:/mingw/bin/../lib/gcc/mingw32/4.5.2/../../../libmsvcrt.a(duyms00590.o)
 .bss           0x0042213c        0x0 d:/mingw/bin/../lib/gcc/mingw32/4.5.2/../../../libmsvcrt.a(duyms00383.o)
 .bss           0x0042213c        0x0 d:/mingw/bin/../lib/gcc/mingw32/4.5.2/../../../libmsvcrt.a(duyms00266.o)
 .bss           0x0042213c        0x0 d:/mingw/bin/../lib/gcc/mingw32/4.5.2/../../../libmsvcrt.a(duyms00099.o)
 .bss           0x0042213c        0x0 d:/mingw/bin/../lib/gcc/mingw32/4.5.2/../../../libmsvcrt.a(duyms00055.o)
 .bss           0x0042213c        0x0 d:/mingw/bin/../lib/gcc/mingw32/4.5.2/../../../libmsvcrt.a(duyms00079.o)
 .bss           0x0042213c        0x0 d:/mingw/bin/../lib/gcc/mingw32/4.5.2/../../../libmsvcrt.a(duyms00077.o)
 .bss           0x0042213c        0x0 d:/mingw/bin/../lib/gcc/mingw32/4.5.2/../../../libmsvcrt.a(duyms00147.o)
 .bss           0x0042213c        0x0 d:/mingw/bin/../lib/gcc/mingw32/4.5.2/../../../libmsvcrt.a(duyms00426.o)
 .bss           0x0042213c        0x0 d:/mingw/bin/../lib/gcc/mingw32/4.5.2/../../../libmsvcrt.a(duyms00706.o)
 .bss           0x0042213c        0x0 d:/mingw/bin/../lib/gcc/mingw32/4.5.2/../../../libmsvcrt.a(duyms00065.o)
 .bss           0x0042213c        0x0 d:/mingw/bin/../lib/gcc/mingw32/4.5.2/../../../libmsvcrt.a(duyms00392.o)
 .bss           0x0042213c        0x0 d:/mingw/bin/../lib/gcc/mingw32/4.5.2/../../../libmsvcrt.a(duyms00732.o)
 .bss           0x0042213c        0x0 d:/mingw/bin/../lib/gcc/mingw32/4.5.2/../../../libmsvcrt.a(duyms00268.o)
 .bss           0x0042213c        0x0 d:/mingw/bin/../lib/gcc/mingw32/4.5.2/../../../libmsvcrt.a(duyms00731.o)
 .bss           0x0042213c        0x0 d:/mingw/bin/../lib/gcc/mingw32/4.5.2/../../../libmsvcrt.a(duyms00137.o)
 .bss           0x0042213c        0x0 d:/mingw/bin/../lib/gcc/mingw32/4.5.2/../../../libmsvcrt.a(duyms00676.o)
 .bss           0x0042213c        0x0 d:/mingw/bin/../lib/gcc/mingw32/4.5.2/../../../libmsvcrt.a(duyms00717.o)
 .bss           0x0042213c        0x0 d:/mingw/bin/../lib/gcc/mingw32/4.5.2/../../../libmsvcrt.a(duyms00698.o)
 .bss           0x0042213c        0x0 d:/mingw/bin/../lib/gcc/mingw32/4.5.2/../../../libmsvcrt.a(duyms00490.o)
 .bss           0x0042213c        0x0 d:/mingw/bin/../lib/gcc/mingw32/4.5.2/../../../libmsvcrt.a(duyms00625.o)
 .bss           0x0042213c        0x0 d:/mingw/bin/../lib/gcc/mingw32/4.5.2/../../../libmsvcrt.a(duyms00613.o)
 .bss           0x0042213c        0x0 d:/mingw/bin/../lib/gcc/mingw32/4.5.2/../../../libmsvcrt.a(duyms00583.o)
 .bss           0x0042213c        0x0 d:/mingw/bin/../lib/gcc/mingw32/4.5.2/../../../libmsvcrt.a(duyms00683.o)
 .bss           0x0042213c        0x0 d:/mingw/bin/../lib/gcc/mingw32/4.5.2/../../../libmsvcrt.a(duyms00709.o)
 .bss           0x0042213c        0x0 d:/mingw/bin/../lib/gcc/mingw32/4.5.2/../../../libmsvcrt.a(duyms00611.o)
 .bss           0x0042213c        0x0 d:/mingw/bin/../lib/gcc/mingw32/4.5.2/../../../libmsvcrt.a(duyms00746.o)
 .bss           0x0042213c        0x0 d:/mingw/bin/../lib/gcc/mingw32/4.5.2/../../../libmsvcrt.a(duyms00624.o)
 .bss           0x0042213c        0x0 d:/mingw/bin/../lib/gcc/mingw32/4.5.2/../../../libmsvcrt.a(duyms00607.o)
 .bss           0x0042213c        0x0 d:/mingw/bin/../lib/gcc/mingw32/4.5.2/../../../libmsvcrt.a(duyms00618.o)
 .bss           0x0042213c        0x0 d:/mingw/bin/../lib/gcc/mingw32/4.5.2/../../../libmsvcrt.a(duyms00715.o)
 .bss           0x0042213c        0x0 d:/mingw/bin/../lib/gcc/mingw32/4.5.2/../../../libmsvcrt.a(duyms00592.o)
 .bss           0x0042213c        0x0 d:/mingw/bin/../lib/gcc/mingw32/4.5.2/../../../libmsvcrt.a(duyms00633.o)
 .bss           0x0042213c        0x0 d:/mingw/bin/../lib/gcc/mingw32/4.5.2/../../../libmsvcrt.a(duyms00620.o)
 .bss           0x0042213c        0x0 d:/mingw/bin/../lib/gcc/mingw32/4.5.2/../../../libmsvcrt.a(duyms00619.o)
 .bss           0x0042213c        0x0 d:/mingw/bin/../lib/gcc/mingw32/4.5.2/../../../libmsvcrt.a(duyms00724.o)
 .bss           0x0042213c        0x0 d:/mingw/bin/../lib/gcc/mingw32/4.5.2/../../../libmsvcrt.a(duyms00726.o)
 .bss           0x0042213c        0x0 d:/mingw/bin/../lib/gcc/mingw32/4.5.2/../../../libmsvcrt.a(duyms00718.o)
 .bss           0x0042213c        0x0 d:/mingw/bin/../lib/gcc/mingw32/4.5.2/../../../libmsvcrt.a(duyms00637.o)
 .bss           0x0042213c        0x0 d:/mingw/bin/../lib/gcc/mingw32/4.5.2/../../../libmsvcrt.a(duyms00714.o)
 .bss           0x0042213c        0x0 d:/mingw/bin/../lib/gcc/mingw32/4.5.2/../../../libmsvcrt.a(duyms00621.o)
 .bss           0x0042213c        0x0 d:/mingw/bin/../lib/gcc/mingw32/4.5.2/../../../libmsvcrt.a(duyms00610.o)
 .bss           0x0042213c        0x0 d:/mingw/bin/../lib/gcc/mingw32/4.5.2/../../../libmsvcrt.a(duyms00681.o)
 .bss           0x0042213c        0x0 d:/mingw/bin/../lib/gcc/mingw32/4.5.2/../../../libmsvcrt.a(duyms00604.o)
 .bss           0x0042213c        0x0 d:/mingw/bin/../lib/gcc/mingw32/4.5.2/../../../libmsvcrt.a(duyms00713.o)
 .bss           0x0042213c        0x0 d:/mingw/bin/../lib/gcc/mingw32/4.5.2/../../../libmsvcrt.a(duyms00538.o)
 .bss           0x0042213c        0x0 d:/mingw/bin/../lib/gcc/mingw32/4.5.2/../../../libmsvcrt.a(duyms00748.o)
 .bss           0x0042213c        0x0 d:/mingw/bin/../lib/gcc/mingw32/4.5.2/../../../libmsvcrt.a(duyms00682.o)
 .bss           0x0042213c        0x0 d:/mingw/bin/../lib/gcc/mingw32/4.5.2/../../../libmsvcrt.a(duyms00595.o)
 .bss           0x0042213c        0x0 d:/mingw/bin/../lib/gcc/mingw32/4.5.2/../../../libmsvcrt.a(duymh.o)
 .bss           0x0042213c        0x0 d:/mingw/bin/../lib/gcc/mingw32/4.5.2/../../../libmsvcrt.a(duymt.o)
 .bss           0x0042213c        0x0 d:/mingw/bin/../lib/gcc/mingw32/4.5.2/../../../libkernel32.a(dchds01140.o)
 .bss           0x0042213c        0x0 d:/mingw/bin/../lib/gcc/mingw32/4.5.2/../../../libkernel32.a(dchds00279.o)
 .bss           0x0042213c        0x0 d:/mingw/bin/../lib/gcc/mingw32/4.5.2/../../../libkernel32.a(dchds00529.o)
 .bss           0x0042213c        0x0 d:/mingw/bin/../lib/gcc/mingw32/4.5.2/../../../libkernel32.a(dchds00577.o)
 .bss           0x0042213c        0x0 d:/mingw/bin/../lib/gcc/mingw32/4.5.2/../../../libkernel32.a(dchds00527.o)
 .bss           0x0042213c        0x0 d:/mingw/bin/../lib/gcc/mingw32/4.5.2/../../../libkernel32.a(dchds00671.o)
 .bss           0x0042213c        0x0 d:/mingw/bin/../lib/gcc/mingw32/4.5.2/../../../libkernel32.a(dchds00817.o)
 .bss           0x0042213c        0x0 d:/mingw/bin/../lib/gcc/mingw32/4.5.2/../../../libkernel32.a(dchds00619.o)
 .bss           0x0042213c        0x0 d:/mingw/bin/../lib/gcc/mingw32/4.5.2/../../../libkernel32.a(dchds01267.o)
 .bss           0x0042213c        0x0 d:/mingw/bin/../lib/gcc/mingw32/4.5.2/../../../libkernel32.a(dchds00016.o)
 .bss           0x0042213c        0x0 d:/mingw/bin/../lib/gcc/mingw32/4.5.2/../../../libkernel32.a(dchds00608.o)
 .bss           0x0042213c        0x0 d:/mingw/bin/../lib/gcc/mingw32/4.5.2/../../../libkernel32.a(dchds00447.o)
 .bss           0x0042213c        0x0 d:/mingw/bin/../lib/gcc/mingw32/4.5.2/../../../libkernel32.a(dchds00885.o)
 .bss           0x0042213c        0x0 d:/mingw/bin/../lib/gcc/mingw32/4.5.2/../../../libkernel32.a(dchds00829.o)
 .bss           0x0042213c        0x0 d:/mingw/bin/../lib/gcc/mingw32/4.5.2/../../../libkernel32.a(dchds00082.o)
 .bss           0x0042213c        0x0 d:/mingw/bin/../lib/gcc/mingw32/4.5.2/../../../libkernel32.a(dchds00877.o)
 .bss           0x0042213c        0x0 d:/mingw/bin/../lib/gcc/mingw32/4.5.2/../../../libkernel32.a(dchds00844.o)
 .bss           0x0042213c        0x0 d:/mingw/bin/../lib/gcc/mingw32/4.5.2/../../../libkernel32.a(dchds01188.o)
 .bss           0x0042213c        0x0 d:/mingw/bin/../lib/gcc/mingw32/4.5.2/../../../libkernel32.a(dchds00510.o)
 .bss           0x0042213c        0x0 d:/mingw/bin/../lib/gcc/mingw32/4.5.2/../../../libkernel32.a(dchds00825.o)
 .bss           0x0042213c        0x0 d:/mingw/bin/../lib/gcc/mingw32/4.5.2/../../../libkernel32.a(dchds00451.o)
 .bss           0x0042213c        0x0 d:/mingw/bin/../lib/gcc/mingw32/4.5.2/../../../libkernel32.a(dchds00136.o)
 .bss           0x0042213c        0x0 d:/mingw/bin/../lib/gcc/mingw32/4.5.2/../../../libkernel32.a(dchds00444.o)
 .bss           0x0042213c        0x0 d:/mingw/bin/../lib/gcc/mingw32/4.5.2/../../../libkernel32.a(dchds01052.o)
 .bss           0x0042213c        0x0 d:/mingw/bin/../lib/gcc/mingw32/4.5.2/../../../libkernel32.a(dchds00352.o)
 .bss           0x0042213c        0x0 d:/mingw/bin/../lib/gcc/mingw32/4.5.2/../../../libkernel32.a(dchds01215.o)
 .bss           0x0042213c        0x0 d:/mingw/bin/../lib/gcc/mingw32/4.5.2/../../../libkernel32.a(dchds01213.o)
 .bss           0x0042213c        0x0 d:/mingw/bin/../lib/gcc/mingw32/4.5.2/../../../libkernel32.a(dchds00388.o)
 .bss           0x0042213c        0x0 d:/mingw/bin/../lib/gcc/mingw32/4.5.2/../../../libkernel32.a(dchds00606.o)
 .bss           0x0042213c        0x0 d:/mingw/bin/../lib/gcc/mingw32/4.5.2/../../../libkernel32.a(dchds01173.o)
 .bss           0x0042213c        0x0 d:/mingw/bin/../lib/gcc/mingw32/4.5.2/../../../libkernel32.a(dchds00207.o)
 .bss           0x0042213c        0x0 d:/mingw/bin/../lib/gcc/mingw32/4.5.2/../../../libkernel32.a(dchds00734.o)
 .bss           0x0042213c        0x0 d:/mingw/bin/../lib/gcc/mingw32/4.5.2/../../../libkernel32.a(dchds00236.o)
 .bss           0x0042213c        0x0 d:/mingw/bin/../lib/gcc/mingw32/4.5.2/../../../libkernel32.a(dchds00814.o)
 .bss           0x0042213c        0x0 d:/mingw/bin/../lib/gcc/mingw32/4.5.2/../../../libkernel32.a(dchdh.o)
 .bss           0x0042213c        0x0 d:/mingw/bin/../lib/gcc/mingw32/4.5.2/../../../libkernel32.a(dchdt.o)
 .bss           0x0042213c        0x0 d:/mingw/bin/../lib/gcc/mingw32/4.5.2/crtend.o
 *(COMMON)
 *fill*         0x0042213c        0x4 00
 COMMON         0x00422140       0x94 winmisc.o
                0x00422140                osVersion
 COMMON         0x004221d4       0x38 winpgnt.o
                0x004221d4                p_WSAEnumNetworkEvents
                0x004221d8                p_WSAAsyncSelect
                0x004221dc                loaded_session
                0x004221e0                term
                0x004221e4                p_select
                0x004221e8                default_port
                0x004221ec                hinst
                0x004221f0                logbox
                0x004221f4                p_WSAGetLastError
                0x004221f8                cmdline_session_name
                0x004221fc                hwnd
                0x00422200                logctx
                0x00422204                default_protocol
                0x00422208                p_WSAEventSelect
 COMMON         0x0042220c        0x4 winpgntc.o
                0x0042220c                p_GetSecurityInfo
 COMMON         0x00422210       0x30 d:/mingw/bin/../lib/gcc/mingw32/4.5.2/../../../libmingw32.a(tlssup.o)
                0x00422210                __mingw_gMTKeyDtor
                0x00422220                __mingw_gMTRemoveKeyDtor
                0x00422230                __mingw_usemthread_dll
 COMMON         0x00422240       0x10 d:/mingw/bin/../lib/gcc/mingw32/4.5.2/libgcc.a(_ctors.o)
                0x00422250                __bss_end__ = .

.edata
 *(.edata)

/DISCARD/
 *(.debug$S)
 *(.debug$T)
 *(.debug$F)
 *(.drectve)
 *(.note.GNU-stack)
 *(.gnu.lto_*)

.idata          0x00423000     0x1200
 SORT(*)(.idata$2)
 .idata$2       0x00423000       0x14 d:/mingw/bin/../lib/gcc/mingw32/4.5.2/../../../libadvapi32.a(dgxgh.o)
                0x00423000                _head_libadvapi32_a
 .idata$2       0x00423014       0x14 d:/mingw/bin/../lib/gcc/mingw32/4.5.2/../../../libcomdlg32.a(demdh.o)
                0x00423014                _head_libcomdlg32_a
 .idata$2       0x00423028       0x14 d:/mingw/bin/../lib/gcc/mingw32/4.5.2/../../../libgdi32.a(dkfhh.o)
                0x00423028                _head_libgdi32_a
 .idata$2       0x0042303c       0x14 d:/mingw/bin/../lib/gcc/mingw32/4.5.2/../../../libkernel32.a(dchdh.o)
                0x0042303c                _head_libkernel32_a
 .idata$2       0x00423050       0x14 d:/mingw/bin/../lib/gcc/mingw32/4.5.2/../../../libmsvcrt.a(duymh.o)
                0x00423050                _head_libmsvcrt_a
 .idata$2       0x00423064       0x14 d:/mingw/bin/../lib/gcc/mingw32/4.5.2/../../../libshell32.a(dukih.o)
                0x00423064                _head_libshell32_a
 .idata$2       0x00423078       0x14 d:/mingw/bin/../lib/gcc/mingw32/4.5.2/../../../libuser32.a(daoih.o)
                0x00423078                _head_libuser32_a
 SORT(*)(.idata$3)
                0x0042308c        0x4 LONG 0x0
                0x00423090        0x4 LONG 0x0
                0x00423094        0x4 LONG 0x0
                0x00423098        0x4 LONG 0x0
                0x0042309c        0x4 LONG 0x0
 SORT(*)(.idata$4)
 .idata$4       0x004230a0        0x0 d:/mingw/bin/../lib/gcc/mingw32/4.5.2/../../../libadvapi32.a(dgxgh.o)
 .idata$4       0x004230a0        0x4 d:/mingw/bin/../lib/gcc/mingw32/4.5.2/../../../libadvapi32.a(dgxgs00083.o)
 .idata$4       0x004230a4        0x4 d:/mingw/bin/../lib/gcc/mingw32/4.5.2/../../../libadvapi32.a(dgxgs00172.o)
 .idata$4       0x004230a8        0x4 d:/mingw/bin/../lib/gcc/mingw32/4.5.2/../../../libadvapi32.a(dgxgs00196.o)
 .idata$4       0x004230ac        0x4 d:/mingw/bin/../lib/gcc/mingw32/4.5.2/../../../libadvapi32.a(dgxgs00245.o)
 .idata$4       0x004230b0        0x4 d:/mingw/bin/../lib/gcc/mingw32/4.5.2/../../../libadvapi32.a(dgxgs00386.o)
 .idata$4       0x004230b4        0x4 d:/mingw/bin/../lib/gcc/mingw32/4.5.2/../../../libadvapi32.a(dgxgs00400.o)
 .idata$4       0x004230b8        0x4 d:/mingw/bin/../lib/gcc/mingw32/4.5.2/../../../libadvapi32.a(dgxgs00412.o)
 .idata$4       0x004230bc        0x4 d:/mingw/bin/../lib/gcc/mingw32/4.5.2/../../../libadvapi32.a(dgxgt.o)
 .idata$4       0x004230c0        0x0 d:/mingw/bin/../lib/gcc/mingw32/4.5.2/../../../libcomdlg32.a(demdh.o)
 .idata$4       0x004230c0        0x4 d:/mingw/bin/../lib/gcc/mingw32/4.5.2/../../../libcomdlg32.a(demds00009.o)
 .idata$4       0x004230c4        0x4 d:/mingw/bin/../lib/gcc/mingw32/4.5.2/../../../libcomdlg32.a(demds00011.o)
 .idata$4       0x004230c8        0x4 d:/mingw/bin/../lib/gcc/mingw32/4.5.2/../../../libcomdlg32.a(demdt.o)
 .idata$4       0x004230cc        0x0 d:/mingw/bin/../lib/gcc/mingw32/4.5.2/../../../libgdi32.a(dkfhh.o)
 .idata$4       0x004230cc        0x4 d:/mingw/bin/../lib/gcc/mingw32/4.5.2/../../../libgdi32.a(dkfhs00201.o)
 .idata$4       0x004230d0        0x4 d:/mingw/bin/../lib/gcc/mingw32/4.5.2/../../../libgdi32.a(dkfht.o)
 .idata$4       0x004230d4        0x0 d:/mingw/bin/../lib/gcc/mingw32/4.5.2/../../../libkernel32.a(dchdh.o)
 .idata$4       0x004230d4        0x4 d:/mingw/bin/../lib/gcc/mingw32/4.5.2/../../../libkernel32.a(dchds00016.o)
 .idata$4       0x004230d8        0x4 d:/mingw/bin/../lib/gcc/mingw32/4.5.2/../../../libkernel32.a(dchds00082.o)
 .idata$4       0x004230dc        0x4 d:/mingw/bin/../lib/gcc/mingw32/4.5.2/../../../libkernel32.a(dchds00136.o)