Archive member included because of file (symbol)

d:/mingw/bin/../lib/gcc/mingw32/4.5.2/../../../libadvapi32.a(dgxgs00412.o)
                              wingss.o (RegOpenKeyA@12)
d:/mingw/bin/../lib/gcc/mingw32/4.5.2/../../../libadvapi32.a(dgxgs00423.o)
                              wingss.o (RegQueryValueExA@24)
d:/mingw/bin/../lib/gcc/mingw32/4.5.2/../../../libadvapi32.a(dgxgs00386.o)
                              wingss.o (RegCloseKey@4)
d:/mingw/bin/../lib/gcc/mingw32/4.5.2/../../../libadvapi32.a(dgxgs00245.o)
                              winmisc.o (GetUserNameA@8)
d:/mingw/bin/../lib/gcc/mingw32/4.5.2/../../../libadvapi32.a(dgxgs00196.o)
                              winpgntc.o (GetLengthSid@4)
d:/mingw/bin/../lib/gcc/mingw32/4.5.2/../../../libadvapi32.a(dgxgs00083.o)
                              winpgntc.o (CopySid@12)
d:/mingw/bin/../lib/gcc/mingw32/4.5.2/../../../libadvapi32.a(dgxgs00393.o)
                              winstore.o (RegDeleteKeyA@8)
d:/mingw/bin/../lib/gcc/mingw32/4.5.2/../../../libadvapi32.a(dgxgs00400.o)
                              winstore.o (RegEnumKeyA@16)
d:/mingw/bin/../lib/gcc/mingw32/4.5.2/../../../libadvapi32.a(dgxgs00389.o)
                              winstore.o (RegCreateKeyA@12)
d:/mingw/bin/../lib/gcc/mingw32/4.5.2/../../../libadvapi32.a(dgxgs00434.o)
                              winstore.o (RegSetValueExA@24)
d:/mingw/bin/../lib/gcc/mingw32/4.5.2/../../../libadvapi32.a(dgxgs00390.o)
                              winstore.o (RegCreateKeyExA@36)
d:/mingw/bin/../lib/gcc/mingw32/4.5.2/../../../libadvapi32.a(dgxgs00397.o)
                              winstore.o (RegDeleteValueA@8)
d:/mingw/bin/../lib/gcc/mingw32/4.5.2/../../../libadvapi32.a(dgxgh.o)
                              d:/mingw/bin/../lib/gcc/mingw32/4.5.2/../../../libadvapi32.a(dgxgs00412.o) (_head_libadvapi32_a)
d:/mingw/bin/../lib/gcc/mingw32/4.5.2/../../../libadvapi32.a(dgxgt.o)
                              d:/mingw/bin/../lib/gcc/mingw32/4.5.2/../../../libadvapi32.a(dgxgh.o) (_libadvapi32_a_iname)
d:/mingw/bin/../lib/gcc/mingw32/4.5.2/../../../libuser32.a(daois00259.o)
                              winnoise.o (GetForegroundWindow@0)
d:/mingw/bin/../lib/gcc/mingw32/4.5.2/../../../libuser32.a(daois00224.o)
                              winnoise.o (GetCapture@0)
d:/mingw/bin/../lib/gcc/mingw32/4.5.2/../../../libuser32.a(daois00241.o)
                              winnoise.o (GetClipboardOwner@0)
d:/mingw/bin/../lib/gcc/mingw32/4.5.2/../../../libuser32.a(daois00310.o)
                              winnoise.o (GetQueueStatus@4)
d:/mingw/bin/../lib/gcc/mingw32/4.5.2/../../../libuser32.a(daois00247.o)
                              winnoise.o (GetCursorPos@4)
d:/mingw/bin/../lib/gcc/mingw32/4.5.2/../../../libuser32.a(daois00210.o)
                              winpgntc.o (FindWindowA@8)
d:/mingw/bin/../lib/gcc/mingw32/4.5.2/../../../libuser32.a(daois00508.o)
                              winpgntc.o (SendMessageA@16)
d:/mingw/bin/../lib/gcc/mingw32/4.5.2/../../../libuser32.a(daois00469.o)
                              winplink.o (PostThreadMessageA@16)
d:/mingw/bin/../lib/gcc/mingw32/4.5.2/../../../libuser32.a(daois00446.o)
                              winplink.o (MsgWaitForMultipleObjects@20)
d:/mingw/bin/../lib/gcc/mingw32/4.5.2/../../../libuser32.a(daois00464.o)
                              winplink.o (PeekMessageA@20)
d:/mingw/bin/../lib/gcc/mingw32/4.5.2/../../../libuser32.a(daoih.o)
                              d:/mingw/bin/../lib/gcc/mingw32/4.5.2/../../../libuser32.a(daois00259.o) (_head_libuser32_a)
d:/mingw/bin/../lib/gcc/mingw32/4.5.2/../../../libuser32.a(daoit.o)
                              d:/mingw/bin/../lib/gcc/mingw32/4.5.2/../../../libuser32.a(daoih.o) (_libuser32_a_iname)
d:/mingw/bin/../lib/gcc/mingw32/4.5.2/../../../libmingw32.a(tlssup.o)
                              d:/mingw/bin/../lib/gcc/mingw32/4.5.2/../../../crt2.o (__dyn_tls_init_callback)
d:/mingw/bin/../lib/gcc/mingw32/4.5.2/../../../libmingw32.a(CRTglob.o)
                              d:/mingw/bin/../lib/gcc/mingw32/4.5.2/../../../crt2.o (_CRT_glob)
d:/mingw/bin/../lib/gcc/mingw32/4.5.2/../../../libmingw32.a(CRTfmode.o)
                              d:/mingw/bin/../lib/gcc/mingw32/4.5.2/../../../crt2.o (_CRT_fmode)
d:/mingw/bin/../lib/gcc/mingw32/4.5.2/../../../libmingw32.a(txtmode.o)
                              d:/mingw/bin/../lib/gcc/mingw32/4.5.2/../../../crt2.o (_fmode)
d:/mingw/bin/../lib/gcc/mingw32/4.5.2/../../../libmingw32.a(cpu_features.o)
                              d:/mingw/bin/../lib/gcc/mingw32/4.5.2/../../../crt2.o (__cpu_features_init)
d:/mingw/bin/../lib/gcc/mingw32/4.5.2/../../../libmingw32.a(pseudo-reloc.o)
                              d:/mingw/bin/../lib/gcc/mingw32/4.5.2/../../../crt2.o (_pei386_runtime_relocator)
d:/mingw/bin/../lib/gcc/mingw32/4.5.2/../../../libmingw32.a(gccmain.o)
                              d:/mingw/bin/../lib/gcc/mingw32/4.5.2/../../../crt2.o (__main)
[...]
Memory Configuration

Name             Origin             Length             Attributes
*default*        0x00000000         0xffffffff

Linker script and memory map

                0x00400000                __image_base__ = 0x400000
                0x00000000                __dll__ = 0x0
                0x00400000                ___ImageBase = 0x400000
                0x00001000                __section_alignment__ = 0x1000
                0x00000200                __file_alignment__ = 0x200
                0x00000004                __major_os_version__ = 0x4
                0x00000000                __minor_os_version__ = 0x0
                0x00000001                __major_image_version__ = 0x1
                0x00000000                __minor_image_version__ = 0x0
                0x00000004                __major_subsystem_version__ = 0x4
                0x00000000                __minor_subsystem_version__ = 0x0
                0x00000003                __subsystem__ = 0x3
                0x00200000                __size_of_stack_reserve__ = 0x200000
                0x00001000                __size_of_stack_commit__ = 0x1000
                0x00100000                __size_of_heap_reserve__ = 0x100000
                0x00001000                __size_of_heap_commit__ = 0x1000
                0x00000000                __loader_flags__ = 0x0
                0x00000000                __dll_characteristics__ = 0x0
LOAD d:/mingw/bin/../lib/gcc/mingw32/4.5.2/../../../crt2.o
LOAD d:/mingw/bin/../lib/gcc/mingw32/4.5.2/crtbegin.o
LOAD be_all_s.o
LOAD cmdline.o
LOAD cproxy.o
LOAD ldisc.o
LOAD logging.o
LOAD misc.o
LOAD pgssapi.o
LOAD pinger.o
LOAD plink.res.o
LOAD portfwd.o
LOAD proxy.o
LOAD raw.o
LOAD rlogin.o
LOAD settings.o
LOAD ssh.o
LOAD sshaes.o
LOAD ssharcf.o
LOAD sshblowf.o
LOAD sshbn.o
LOAD sshcrc.o
LOAD sshcrcda.o
LOAD sshdes.o
LOAD sshdh.o
LOAD sshdss.o
LOAD sshgssc.o
LOAD sshmd5.o
LOAD sshpubk.o
LOAD sshrand.o
LOAD sshrsa.o
LOAD sshsh256.o
LOAD sshsh512.o
LOAD sshsha.o
LOAD sshzlib.o
LOAD telnet.o
LOAD timing.o
LOAD tree234.o
LOAD version.o
LOAD wildcard.o
LOAD wincons.o
LOAD windefs.o
LOAD wingss.o
LOAD winhandl.o
LOAD winmisc.o
LOAD winnet.o
LOAD winnoise.o
LOAD winnojmp.o
LOAD winpgntc.o
LOAD winplink.o
LOAD winproxy.o
LOAD winser.o
LOAD winstore.o
LOAD wintime.o
LOAD winx11.o
LOAD x11fwd.o
LOAD d:/mingw/bin/../lib/gcc/mingw32/4.5.2/../../../libadvapi32.a
LOAD d:/mingw/bin/../lib/gcc/mingw32/4.5.2/../../../libcomctl32.a
LOAD d:/mingw/bin/../lib/gcc/mingw32/4.5.2/../../../libcomdlg32.a
LOAD d:/mingw/bin/../lib/gcc/mingw32/4.5.2/../../../libgdi32.a
LOAD d:/mingw/bin/../lib/gcc/mingw32/4.5.2/../../../libimm32.a
LOAD d:/mingw/bin/../lib/gcc/mingw32/4.5.2/../../../libole32.a
LOAD d:/mingw/bin/../lib/gcc/mingw32/4.5.2/../../../libshell32.a
LOAD d:/mingw/bin/../lib/gcc/mingw32/4.5.2/../../../libuser32.a
LOAD d:/mingw/bin/../lib/gcc/mingw32/4.5.2/../../../libwinmm.a
LOAD d:/mingw/bin/../lib/gcc/mingw32/4.5.2/../../../libwinspool.a
LOAD d:/mingw/bin/../lib/gcc/mingw32/4.5.2/../../../libmingw32.a
LOAD d:/mingw/bin/../lib/gcc/mingw32/4.5.2/libgcc_eh.a
LOAD d:/mingw/bin/../lib/gcc/mingw32/4.5.2/libgcc.a
LOAD d:/mingw/bin/../lib/gcc/mingw32/4.5.2/../../../libmoldname.a
LOAD d:/mingw/bin/../lib/gcc/mingw32/4.5.2/../../../libmingwex.a
LOAD d:/mingw/bin/../lib/gcc/mingw32/4.5.2/../../../libmsvcrt.a
LOAD d:/mingw/bin/../lib/gcc/mingw32/4.5.2/../../../libuser32.a
LOAD d:/mingw/bin/../lib/gcc/mingw32/4.5.2/../../../libkernel32.a
LOAD d:/mingw/bin/../lib/gcc/mingw32/4.5.2/../../../libadvapi32.a
LOAD d:/mingw/bin/../lib/gcc/mingw32/4.5.2/../../../libshell32.a
LOAD d:/mingw/bin/../lib/gcc/mingw32/4.5.2/../../../libmingw32.a
LOAD d:/mingw/bin/../lib/gcc/mingw32/4.5.2/libgcc_eh.a
LOAD d:/mingw/bin/../lib/gcc/mingw32/4.5.2/libgcc.a
LOAD d:/mingw/bin/../lib/gcc/mingw32/4.5.2/../../../libmoldname.a
LOAD d:/mingw/bin/../lib/gcc/mingw32/4.5.2/../../../libmingwex.a
LOAD d:/mingw/bin/../lib/gcc/mingw32/4.5.2/../../../libmsvcrt.a
LOAD d:/mingw/bin/../lib/gcc/mingw32/4.5.2/crtend.o
                0x000002e0                . = SIZEOF_HEADERS
                0x00001000                . = ALIGN (__section_alignment__)

.text           0x00401000    0x40200
 *(.init)
 *(.text)
 .text          0x00401000      0x2f0 d:/mingw/bin/../lib/gcc/mingw32/4.5.2/../../../crt2.o
                0x00401000                atexit
                0x00401010                _onexit
                0x00401140                WinMainCRTStartup
                0x00401160                mainCRTStartup
 .text          0x004012f0       0xd0 d:/mingw/bin/../lib/gcc/mingw32/4.5.2/crtbegin.o
                0x004012f0                __gcc_register_frame
                0x0040137c                __gcc_deregister_frame
 .text          0x004013c0        0x0 be_all_s.o
 .text          0x004013c0     0x1698 cmdline.o
                0x0040146c                cmdline_cleanup
                0x00401500                cmdline_get_passwd_input
                0x004015a8                cmdline_process_param
                0x004029f8                cmdline_run_saved
 .text          0x00402a58      0x4f8 cproxy.o
                0x00402a58                proxy_socks5_offerencryptedauth
                0x00402a6c                proxy_socks5_handlechap
                0x00402e08                proxy_socks5_selectchap
 .text          0x00402f50      0xcc4 ldisc.o
                0x004030d0                ldisc_create
                0x0040314c                ldisc_free
                0x0040319c                ldisc_send
 .text          0x00403c14      0xbdc logging.o
                0x00403c14                logflush
                0x00403c3c                logfclose
                0x00403fa4                logfopen
                0x00404264                logtraffic
                0x00404294                log_eventlog
                0x00404318                log_packet
                0x004046d0                log_init
                0x0040472c                log_free
                0x00404758                log_reconfig
 .text          0x004047f0      0xb28 misc.o
                0x004047f0                parse_blocksize
                0x004048ac                ctrlparse
                0x00404954                base64_encode_atom
                0x00404a18                bufchain_init
                0x00404a34                bufchain_size
                0x00404a40                bufchain_prefix
                0x00404a60                bufchain_fetch
                0x00404af4                safemalloc
                0x00404b5c                bufchain_add
                0x00404c24                dupcat
                0x00404cdc                dupstr
                0x00404d30                new_prompts
                0x00404d8c                saferealloc
                0x00404e08                dupvprintf
                0x00404e80                dupprintf
                0x00404e9c                add_prompt
                0x00404f14                safefree
                0x00404f2c                bufchain_consume
                0x00404fcc                bufchain_clear
                0x00405004                fgetline
                0x004050a0                free_prompts
                0x0040512c                debug_printf
                0x00405160                debug_memdump
                0x004052d0                cfg_launchable
                0x004052fc                cfg_dest
 .text          0x00405318        0x0 pgssapi.o
 .text          0x00405318      0x148 pinger.o
                0x004053c8                pinger_new
                0x00405414                pinger_reconfig
                0x00405440                pinger_free
 .text          0x00405460      0xabc portfwd.o
                0x004055b8                pfd_newconnect
                0x004056e4                pfd_addforward
                0x004057e4                pfd_close
                0x00405dcc                pfd_terminate
                0x00405dd8                pfd_unthrottle
                0x00405e14                pfd_override_throttle
                0x00405e70                pfd_send
                0x00405e90                pfd_confirm
 .text          0x00405f1c     0x2b58 proxy.o
                0x004066a8                proxy_activate
                0x004067f4                proxy_socks5_negotiate
                0x0040719c                proxy_socks4_negotiate
                0x00407540                proxy_http_negotiate
                0x00407a84                name_lookup
                0x00407af4                new_connection
                0x00407d74                new_listener
                0x00407d88                format_telnet_command
                0x00408958                proxy_telnet_negotiate
 .text          0x00408a74      0x3ec raw.o
 .text          0x00408e60      0x774 rlogin.o
 .text          0x004095d4     0x372c settings.o
                0x00409d34                backend_from_name
                0x00409d7c                backend_from_proto
                0x00409da8                get_remote_username
                0x00409e40                save_open_settings
                0x0040b574                save_settings
                0x0040b5bc                load_open_settings
                0x0040ca48                load_settings
                0x0040ca9c                do_defaults
                0x0040caa8                get_sesslist
 .text          0x0040cd00    0x11e48 ssh.o
                0x0041e5d8                sshfwd_close
                0x0041e8c8                sshfwd_write
                0x0041e968                sshfwd_unthrottle
                0x0041e9e0                new_sock_channel
                0x0041ea38                ssh_send_port_open
                0x0041eb38                ssh_fallback_cmd
 .text          0x0041eb48     0x24c0 sshaes.o
                0x004208e0                aes_iv
                0x00420b5c                aes_ssh2_decrypt_blk
                0x00420c68                aes_ssh2_encrypt_blk
                0x00420c80                aes_free_context
                0x00420c8c                aes_make_context
                0x00420f30                aes128_key
                0x00420f48                aes192_key
                0x00420f60                aes256_key
                0x00420f78                aes256_encrypt_pubkey
                0x00420fc0                aes256_decrypt_pubkey
 .text          0x00421008      0x1fc ssharcf.o
 .text          0x00421204      0xf74 sshblowf.o
 .text          0x00422178     0x2c08 sshbn.o
                0x00422d48                bn_restore_invariant
                0x00422d6c                copybn
                0x00422da8                freebn
                0x00422dcc                modmul
                0x004231c8                decbn
                0x00423218                bignum_from_bytes
                0x004232e0                ssh1_read_bignum
                0x00423348                bignum_bitcount
                0x00423374                ssh1_bignum_length
                0x004233a0                ssh2_bignum_length
                0x004233cc                bignum_byte
                0x0042342c                bignum_bit
                0x00423484                bignum_set_bit
                0x004234e0                bn_power_2
                0x00423524                ssh1_write_bignum
                0x004235ac                bignum_cmp
                0x00423614                bignum_rshift
                0x004236dc                bigmuladd
                0x00423960                bigmul
                0x00423984                bigadd
                0x00423a40                bigsub
                0x00423b28                bignum_bitmask
                0x00423ba8                bignum_from_long
                0x00423bdc                bignum_add_long
                0x00423c68                bignum_mod_short
                0x00423d2c                diagbn
                0x00423e64                bigdiv
                0x00423e90                bigmod
                0x00423ec0                modpow_simple
                0x004243c0                biggcd
                0x00424450                modinv
                0x00424638                modpow
                0x00424bd4                bignum_decimal
 .text          0x00424d80       0x6c sshcrc.o
                0x00424d80                crc32_update
                0x00424db4                crc32_compute
 .text          0x00424dec      0x3f4 sshcrcda.o
                0x00424ec4                crcda_make_context
                0x00424ef0                crcda_free_context
                0x00424f24                detect_attack
 .text          0x004251e0     0x2318 sshdes.o
                0x00426fe0                des3_decrypt_pubkey
                0x004270e4                des3_encrypt_pubkey
                0x004271e8                des3_decrypt_pubkey_ossh
                0x0042733c                des3_encrypt_pubkey_ossh
                0x00427490                des_encrypt_xdmauth
                0x004274c4                des_decrypt_xdmauth
 .text          0x004274f8      0x2ec sshdh.o
                0x004274f8                dh_setup_group
                0x0042757c                dh_setup_gex
                0x004275ec                dh_cleanup
                0x00427644                dh_create_e
                0x004277c0                dh_find_K
 .text          0x004277e4     0x1768 sshdss.o
 .text          0x00428f4c      0x460 sshgssc.o
                0x0042935c                ssh_gssapi_bind_fns
 .text          0x004293ac      0xe1c sshmd5.o
                0x004293c8                hmacmd5_free_context
                0x004293d4                hmacmd5_make_context
                0x004293f0                MD5Init
                0x00429428                MD5Update
                0x00429cf8                MD5Final
                0x00429fbc                MD5Simple
                0x0042a024                hmacmd5_key
                0x0042a1a0                hmacmd5_do_hmac
 .text          0x0042a1c8     0x2430 sshpubk.o
                0x0042a730                loadrsakey
                0x0042a7e0                rsakey_encrypted
                0x0042a874                rsakey_pubblob
                0x0042a96c                saversakey
                0x0042acac                base64_decode_atom
                0x0042aee0                find_pubkey_alg
                0x0042af24                ssh2_load_userkey
                0x0042b988                ssh2_userkey_loadpub
                0x0042bb88                ssh2_userkey_encrypted
                0x0042bcec                base64_lines
                0x0042bd0c                base64_encode
                0x0042bda4                ssh2_save_userkey
                0x0042c4a0                key_type
                0x0042c5dc                key_type_to_str
 .text          0x0042c5f8      0x488 sshrand.o
                0x0042c798                random_add_noise
                0x0042c8e4                random_add_heavynoise
                0x0042c944                random_ref
                0x0042c9a8                random_unref
                0x0042c9f0                random_byte
                0x0042ca20                random_get_savedata
 .text          0x0042ca80     0x2268 sshrsa.o
                0x0042dad8                makekey
                0x0042dbf8                makeprivate
                0x0042dc08                rsaencrypt
                0x0042dcec                crt_modpow
                0x0042e31c                rsadecrypt
                0x0042e330                rsastr_len
                0x0042e390                rsastr_fmt
                0x0042e520                rsa_fingerprint
                0x0042e714                rsa_verify
                0x0042e880                rsa_public_blob
                0x0042e930                rsa_public_blob_len
                0x0042e998                freersakey
                0x0042eaf0                ssh_rsakex_newkey
                0x0042eafc                ssh_rsakex_freekey
                0x0042eb08                ssh_rsakex_klen
                0x0042eb20                ssh_rsakex_encrypt
 .text          0x0042ece8      0xaf8 sshsh256.o
                0x0042ed50                SHA256_Core_Init
                0x0042ed90                SHA256_Block
                0x0042f4cc                SHA256_Init
                0x0042f520                SHA256_Bytes
                0x0042f634                SHA256_Final
                0x0042f75c                SHA256_Simple
 .text          0x0042f7e0     0x1c40 sshsh512.o
                0x0042f7e0                SHA512_Init
                0x0042f83c                SHA512_Bytes
                0x00431200                SHA512_Final
                0x004313a0                SHA512_Simple
 .text          0x00431420      0xa1c sshsha.o
                0x004314b8                SHATransform
                0x004316c8                SHA_Init
                0x00431708                SHA_Bytes
                0x004319c0                SHA_Final
                0x00431d58                SHA_Simple
                0x00431dc8                hmac_sha1_simple
 .text          0x00431e3c     0x18fc sshzlib.o
                0x0043288c                zlib_compress_init
                0x0043295c                zlib_decompress_init
                0x00432aa8                zlib_decompress_cleanup
                0x00432b04                zlib_compress_cleanup
                0x00432bc0                zlib_decompress_block
                0x00433358                zlib_compress_block
 .text          0x00433738     0x1610 telnet.o
 .text          0x00434d48      0x284 timing.o
                0x00434dfc                schedule_timer
                0x00434eb8                run_timers
                0x00434fa8                expire_timer_context
 .text          0x00434fcc     0x11cc tree234.o
                0x00435e10                newtree234
                0x00435e38                freetree234
                0x00435e54                count234
                0x00435e6c                add234
                0x00435e90                addpos234
                0x00435eb4                index234
                0x00435f30                findrelpos234
                0x00436088                find234
                0x004360bc                findrel234
                0x004360ec                findpos234
                0x0043611c                delpos234
                0x0043614c                del234
 .text          0x00436198        0x0 version.o
 .text          0x00436198      0x2fc wildcard.o
                0x00436320                wc_error
                0x00436348                wc_match
                0x00436448                wc_unescape
 .text          0x00436494      0x804 wincons.o
                0x004364c4                cleanup_exit
                0x004364e0                set_busy_status
                0x004364e8                notify_remote_exit
                0x004364f0                timer_change_notify
                0x004364f8                verify_ssh_host_key
                0x004366cc                update_specials_menu
                0x004366d4                askalg
                0x004367f8                askappend
                0x00436918                old_keyfile_warning
                0x00436948                pgp_fingerprints
                0x00436978                console_provide_logctx
                0x00436988                logevent
                0x0043699c                console_get_userpass_input
                0x00436c90                frontend_keypress
 .text          0x00436c98       0xf8 windefs.o
                0x00436c98                platform_default_fontspec
                0x00436cfc                platform_default_filename
                0x00436d5c                platform_default_s
                0x00436d88                platform_default_i
 .text          0x00436d90      0x9b8 wingss.o
                0x00437248                ssh_gss_setup
                0x004376d8                ssh_gss_cleanup
 .text          0x00437748      0xa40 winhandl.o
                0x00437bd0                handle_input_new
                0x00437ce4                handle_output_new
                0x00437e00                handle_write
                0x00437e5c                handle_get_events
                0x00437ef4                handle_free
                0x00437f6c                handle_got_event
                0x004380e4                handle_unthrottle
                0x00438144                handle_backlog
                0x0043817c                handle_get_privdata
 .text          0x00438188      0x394 winmisc.o
                0x00438188                platform_get_x_display
                0x004381a4                filename_from_str
                0x004381ec                filename_to_str
                0x004381f4                filename_equal
                0x0043821c                filename_is_null
                0x0043822c                init_winver
                0x0043825c                load_system32_dll
                0x00438300                get_username
                0x0043844c                dputs
 .text          0x0043851c     0x263c winnet.o
                0x00438c00                sk_startup
                0x00438c48                sk_init
                0x004393d4                sk_cleanup
                0x00439458                winsock_error_string
                0x0043947c                sk_namelookup
                0x00439790                sk_nonamelookup
                0x00439800                sk_nextaddr
                0x00439838                sk_getaddr
                0x00439948                sk_hostname_is_local
                0x00439994                sk_address_is_local
                0x00439a54                sk_addrtype
                0x00439a90                sk_addrcopy
                0x00439b58                sk_addr_free
                0x00439c0c                sk_addr_dup
                0x00439c18                sk_register
                0x00439d00                sk_new
                0x00439dfc                sk_newlistener
                0x0043a158                try_send
                0x0043a388                select_result
                0x0043a904                net_pending_errors
                0x0043a970                sk_addr_error
                0x0043a97c                socket_reselect_all
                0x0043a9c8                first_socket
                0x0043aa00                next_socket
                0x0043aa34                socket_writable
                0x0043aa74                net_service_lookup
                0x0043aaac                get_hostname
                0x0043ab18                platform_get_x11_unix_address
 .text          0x0043ab58      0x2dc winnoise.o
                0x0043ab58                random_save_seed
                0x0043aba0                noise_get_heavy
                0x0043ac58                noise_get_light
                0x0043acac                noise_regular
                0x0043add8                noise_ultralight
 .text          0x0043ae34       0x18 winnojmp.o
                0x0043ae34                add_session_to_jumplist
                0x0043ae3c                remove_session_from_jumplist
                0x0043ae44                clear_jumplist
 .text          0x0043ae4c      0x57c winpgntc.o
                0x0043ae4c                agent_exists
                0x0043ae74                init_advapi
                0x0043af9c                get_user_sid
                0x0043b130                agent_query
 .text          0x0043b3c8     0x15a8 winplink.o
                0x0043b3c8                stdouterr_sent
                0x0043b4f8                stdin_gotdata
                0x0043b61c                fatalbox
                0x0043b6a0                modalfatalbox
                0x0043b724                connection_fatal
                0x0043b7a8                cmdline_error
                0x0043b80c                term_ldisc
                0x0043b814                ldisc_update
                0x0043b850                get_ttymode
                0x0043b858                from_backend
                0x0043b8c0                from_backend_untrusted
                0x0043b8e4                get_userpass_input
                0x0043b92c                agent_schedule_callback
                0x0043b984                do_select
                0x0043b9d4                main
 .text          0x0043c970      0x408 winproxy.o
                0x0043ca28                localproxy_sentdata
                0x0043ca54                localproxy_gotdata
                0x0043cae8                platform_new_connection
 .text          0x0043cd78      0x784 winser.o
 .text          0x0043d4fc     0x16cc winstore.o
                0x0043da64                open_settings_w
                0x0043db7c                write_setting_s
                0x0043dbcc                write_setting_i
                0x0043dc0c                close_settings_w
                0x0043dc20                open_settings_r
                0x0043dce0                read_setting_s
                0x0043dd38                read_setting_i
                0x0043dd9c                read_setting_fontspec
                0x0043dec0                write_setting_fontspec
                0x0043df8c                read_setting_filename
                0x0043dfc0                write_setting_filename
                0x0043dfe4                close_settings_r
                0x0043e358                del_settings
                0x0043e3e8                enum_settings_start
                0x0043e43c                enum_settings_next
                0x0043e558                enum_settings_finish
                0x0043e57c                verify_host_key
                0x0043e8c0                store_host_key
                0x0043e988                read_random_seed
                0x0043e9fc                write_random_seed
                0x0043ea4c                add_to_jumplist_registry
                0x0043ea60                remove_from_jumplist_registry
                0x0043ea74                get_jumplist_registry_entries
                0x0043eab0                cleanup_all
 .text          0x0043ebc8       0x88 wintime.o
                0x0043ebc8                ltime
 .text          0x0043ec50       0x24 winx11.o
                0x0043ec50                platform_get_x11_auth
 .text          0x0043ec74     0x148c x11fwd.o
                0x0043ed58                x11_setup_display
                0x0043f314                x11_free_display
                0x0043f3e8                x11_get_auth_from_authfile
                0x0043f728                x11_get_screen_number
                0x0043f77c                x11_init
                0x0043f8d4                x11_close
                0x0043f954                x11_unthrottle
                0x0043f990                x11_override_throttle
                0x0043f9ec                x11_send
 .text          0x00440100        0x8 d:/mingw/bin/../lib/gcc/mingw32/4.5.2/../../../libadvapi32.a(dgxgs00412.o)
                0x00440100                RegOpenKeyA@12
 .text          0x00440108        0x8 d:/mingw/bin/../lib/gcc/mingw32/4.5.2/../../../libadvapi32.a(dgxgs00423.o)
                0x00440108                RegQueryValueExA@24
 .text          0x00440110        0x8 d:/mingw/bin/../lib/gcc/mingw32/4.5.2/../../../libadvapi32.a(dgxgs00386.o)
                0x00440110                RegCloseKey@4
 .text          0x00440118        0x8 d:/mingw/bin/../lib/gcc/mingw32/4.5.2/../../../libadvapi32.a(dgxgs00245.o)
                0x00440118                GetUserNameA@8
 .text          0x00440120        0x8 d:/mingw/bin/../lib/gcc/mingw32/4.5.2/../../../libadvapi32.a(dgxgs00196.o)
                0x00440120                GetLengthSid@4
 .text          0x00440128        0x8 d:/mingw/bin/../lib/gcc/mingw32/4.5.2/../../../libadvapi32.a(dgxgs00083.o)
                0x00440128                CopySid@12
 .text          0x00440130        0x8 d:/mingw/bin/../lib/gcc/mingw32/4.5.2/../../../libadvapi32.a(dgxgs00393.o)
                0x00440130                RegDeleteKeyA@8
 .text          0x00440138        0x8 d:/mingw/bin/../lib/gcc/mingw32/4.5.2/../../../libadvapi32.a(dgxgs00400.o)
                0x00440138                RegEnumKeyA@16
 .text          0x00440140        0x8 d:/mingw/bin/../lib/gcc/mingw32/4.5.2/../../../libadvapi32.a(dgxgs00389.o)
                0x00440140                RegCreateKeyA@12
 .text          0x00440148        0x8 d:/mingw/bin/../lib/gcc/mingw32/4.5.2/../../../libadvapi32.a(dgxgs00434.o)
                0x00440148                RegSetValueExA@24
 .text          0x00440150        0x8 d:/mingw/bin/../lib/gcc/mingw32/4.5.2/../../../libadvapi32.a(dgxgs00390.o)
                0x00440150                RegCreateKeyExA@36
 .text          0x00440158        0x8 d:/mingw/bin/../lib/gcc/mingw32/4.5.2/../../../libadvapi32.a(dgxgs00397.o)
                0x00440158                RegDeleteValueA@8
 .text          0x00440160        0x0 d:/mingw/bin/../lib/gcc/mingw32/4.5.2/../../../libadvapi32.a(dgxgh.o)
 .text          0x00440160        0x0 d:/mingw/bin/../lib/gcc/mingw32/4.5.2/../../../libadvapi32.a(dgxgt.o)
 .text          0x00440160        0x8 d:/mingw/bin/../lib/gcc/mingw32/4.5.2/../../../libuser32.a(daois00259.o)
                0x00440160                GetForegroundWindow@0
 .text          0x00440168        0x8 d:/mingw/bin/../lib/gcc/mingw32/4.5.2/../../../libuser32.a(daois00224.o)
                0x00440168                GetCapture@0
 .text          0x00440170        0x8 d:/mingw/bin/../lib/gcc/mingw32/4.5.2/../../../libuser32.a(daois00241.o)
                0x00440170                GetClipboardOwner@0
 .text          0x00440178        0x8 d:/mingw/bin/../lib/gcc/mingw32/4.5.2/../../../libuser32.a(daois00310.o)
                0x00440178                GetQueueStatus@4
 .text          0x00440180        0x8 d:/mingw/bin/../lib/gcc/mingw32/4.5.2/../../../libuser32.a(daois00247.o)
                0x00440180                GetCursorPos@4
 .text          0x00440188        0x8 d:/mingw/bin/../lib/gcc/mingw32/4.5.2/../../../libuser32.a(daois00210.o)
                0x00440188                FindWindowA@8
 .text          0x00440190        0x8 d:/mingw/bin/../lib/gcc/mingw32/4.5.2/../../../libuser32.a(daois00508.o)
                0x00440190                SendMessageA@16
 .text          0x00440198        0x8 d:/mingw/bin/../lib/gcc/mingw32/4.5.2/../../../libuser32.a(daois00469.o)
                0x00440198                PostThreadMessageA@16
 .text          0x004401a0        0x8 d:/mingw/bin/../lib/gcc/mingw32/4.5.2/../../../libuser32.a(daois00446.o)
                0x004401a0                MsgWaitForMultipleObjects@20
 .text          0x004401a8        0x8 d:/mingw/bin/../lib/gcc/mingw32/4.5.2/../../../libuser32.a(daois00464.o)
                0x004401a8                PeekMessageA@20
 .text          0x004401b0        0x0 d:/mingw/bin/../lib/gcc/mingw32/4.5.2/../../../libuser32.a(daoih.o)
 .text          0x004401b0        0x0 d:/mingw/bin/../lib/gcc/mingw32/4.5.2/../../../libuser32.a(daoit.o)
 .text          0x004401b0      0x1d0 d:/mingw/bin/../lib/gcc/mingw32/4.5.2/../../../libmingw32.a(tlssup.o)
                0x004401b0                __tlregdtor
                0x00440200                __dyn_tls_init@12
 .text          0x00440380        0x0 d:/mingw/bin/../lib/gcc/mingw32/4.5.2/../../../libmingw32.a(CRTglob.o)
 .text          0x00440380        0x0 d:/mingw/bin/../lib/gcc/mingw32/4.5.2/../../../libmingw32.a(CRTfmode.o)
 .text          0x00440380        0x0 d:/mingw/bin/../lib/gcc/mingw32/4.5.2/../../../libmingw32.a(txtmode.o)
 .text          0x00440380       0xe0 d:/mingw/bin/../lib/gcc/mingw32/4.5.2/../../../libmingw32.a(cpu_features.o)
                0x00440380                __cpu_features_init
 .text          0x00440460      0x2e0 d:/mingw/bin/../lib/gcc/mingw32/4.5.2/../../../libmingw32.a(pseudo-reloc.o)
                0x00440590                _pei386_runtime_relocator
 .text          0x00440740       0xb0 d:/mingw/bin/../lib/gcc/mingw32/4.5.2/../../../libmingw32.a(gccmain.o)
                0x00440740                __do_global_dtors
                0x00440770                __do_global_ctors
                0x004407d0                __main
 .text          0x004407f0       0x10 d:/mingw/bin/../lib/gcc/mingw32/4.5.2/../../../libmingw32.a(CRT_fp10.o)
                0x004407f0                fpreset
                0x004407f0                _fpreset
 .text          0x00440800        0x0 d:/mingw/bin/../lib/gcc/mingw32/4.5.2/../../../libmingw32.a(crtst.o)
 .text          0x00440800      0x210 d:/mingw/bin/../lib/gcc/mingw32/4.5.2/../../../libmingw32.a(tlsthrd.o)
                0x00440880                __mingw_TLScallback
                0x00440910                ___w64_mingwthr_remove_key_dtor
                0x004409a0                ___w64_mingwthr_add_key_dtor
 .text          0x00440a10        0x0 d:/mingw/bin/../lib/gcc/mingw32/4.5.2/../../../libmingw32.a(pseudo-reloc-list.o)
 .text          0x00440a10      0x124 d:/mingw/bin/../lib/gcc/mingw32/4.5.2/libgcc.a(_umoddi3.o)
                0x00440a10                __umoddi3
 .text          0x00440b34      0x110 d:/mingw/bin/../lib/gcc/mingw32/4.5.2/libgcc.a(_udivdi3.o)
                0x00440b34                __udivdi3
 .text          0x00440c44       0x34 d:/mingw/bin/../lib/gcc/mingw32/4.5.2/libgcc.a(_chkstk.o)
                0x00440c44                _alloca
                0x00440c44                __chkstk
 .text          0x00440c78        0x0 d:/mingw/bin/../lib/gcc/mingw32/4.5.2/libgcc.a(_ctors.o)
 .text          0x00440c78        0x8 d:/mingw/bin/../lib/gcc/mingw32/4.5.2/../../../libmoldname.a(dgzls00084.o)
                0x00440c78                strnicmp
 .text          0x00440c80        0x8 d:/mingw/bin/../lib/gcc/mingw32/4.5.2/../../../libmoldname.a(dgzls00081.o)
                0x00440c80                stricmp
 .text          0x00440c88        0x0 d:/mingw/bin/../lib/gcc/mingw32/4.5.2/../../../libmoldname.a(dgzlh.o)
 .text          0x00440c88        0x0 d:/mingw/bin/../lib/gcc/mingw32/4.5.2/../../../libmoldname.a(dgzlt.o)
 .text          0x00440c88        0x0 d:/mingw/bin/../lib/gcc/mingw32/4.5.2/../../../libmsvcrt.a(duyms00590.o)
 .text          0x00440c88        0x0 d:/mingw/bin/../lib/gcc/mingw32/4.5.2/../../../libmsvcrt.a(duyms00383.o)
 .text          0x00440c88        0x0 d:/mingw/bin/../lib/gcc/mingw32/4.5.2/../../../libmsvcrt.a(duyms00266.o)
 .text          0x00440c88        0x8 d:/mingw/bin/../lib/gcc/mingw32/4.5.2/../../../libmsvcrt.a(duyms00055.o)
                0x00440c88                __getmainargs
 .text          0x00440c90        0x8 d:/mingw/bin/../lib/gcc/mingw32/4.5.2/../../../libmsvcrt.a(duyms00079.o)
                0x00440c90                __p__fmode
 .text          0x00440c98        0x8 d:/mingw/bin/../lib/gcc/mingw32/4.5.2/../../../libmsvcrt.a(duyms00077.o)
                0x00440c98                __p__environ
 .text          0x00440ca0        0x8 d:/mingw/bin/../lib/gcc/mingw32/4.5.2/../../../libmsvcrt.a(duyms00147.o)
                0x00440ca0                _cexit
 .text          0x00440ca8        0x8 d:/mingw/bin/../lib/gcc/mingw32/4.5.2/../../../libmsvcrt.a(duyms00426.o)
                0x00440ca8                _setmode
 .text          0x00440cb0        0x8 d:/mingw/bin/../lib/gcc/mingw32/4.5.2/../../../libmsvcrt.a(duyms00706.o)
                0x00440cb0                signal
 .text          0x00440cb8        0x8 d:/mingw/bin/../lib/gcc/mingw32/4.5.2/../../../libmsvcrt.a(duyms00724.o)
                0x00440cb8                strncpy
 .text          0x00440cc0        0x8 d:/mingw/bin/../lib/gcc/mingw32/4.5.2/../../../libmsvcrt.a(duyms00715.o)
                0x00440cc0                strcmp
 .text          0x00440cc8        0x8 d:/mingw/bin/../lib/gcc/mingw32/4.5.2/../../../libmsvcrt.a(duyms00714.o)
                0x00440cc8                strchr
 .text          0x00440cd0        0x8 d:/mingw/bin/../lib/gcc/mingw32/4.5.2/../../../libmsvcrt.a(duyms00723.o)
                0x00440cd0                strncmp
 .text          0x00440cd8        0x8 d:/mingw/bin/../lib/gcc/mingw32/4.5.2/../../../libmsvcrt.a(duyms00592.o)
                0x00440cd8                atoi
 .text          0x00440ce0        0x8 d:/mingw/bin/../lib/gcc/mingw32/4.5.2/../../../libmsvcrt.a(duyms00618.o)
                0x00440ce0                fopen
 .text          0x00440ce8        0x8 d:/mingw/bin/../lib/gcc/mingw32/4.5.2/../../../libmsvcrt.a(duyms00611.o)
                0x00440ce8                fgetc
 .text          0x00440cf0        0x8 d:/mingw/bin/../lib/gcc/mingw32/4.5.2/../../../libmsvcrt.a(duyms00607.o)
                0x00440cf0                fclose
 .text          0x00440cf8        0x0 d:/mingw/bin/../lib/gcc/mingw32/4.5.2/../../../libmsvcrt.a(duyms00392.o)
 .text          0x00440cf8        0x0 d:/mingw/bin/../lib/gcc/mingw32/4.5.2/../../../libmsvcrt.a(duyms00065.o)
 .text          0x00440cf8        0x8 d:/mingw/bin/../lib/gcc/mingw32/4.5.2/../../../libmsvcrt.a(duyms00709.o)
                0x00440cf8                sprintf
 .text          0x00440d00        0x8 d:/mingw/bin/../lib/gcc/mingw32/4.5.2/../../../libmsvcrt.a(duyms00268.o)
                0x00440d00                _isctype
 .text          0x00440d08        0x8 d:/mingw/bin/../lib/gcc/mingw32/4.5.2/../../../libmsvcrt.a(duyms00610.o)
                0x00440d08                fflush
 .text          0x00440d10        0x8 d:/mingw/bin/../lib/gcc/mingw32/4.5.2/../../../libmsvcrt.a(duyms00633.o)
                0x00440d10                fwrite
 .text          0x00440d18        0x8 d:/mingw/bin/../lib/gcc/mingw32/4.5.2/../../../libmsvcrt.a(duyms00137.o)
                0x00440d18                _assert
 .text          0x00440d20        0x8 d:/mingw/bin/../lib/gcc/mingw32/4.5.2/../../../libmsvcrt.a(duyms00720.o)
                0x00440d20                strftime
 .text          0x00440d28        0x8 d:/mingw/bin/../lib/gcc/mingw32/4.5.2/../../../libmsvcrt.a(duyms00742.o)
                0x00440d28                tolower
 .text          0x00440d30        0x8 d:/mingw/bin/../lib/gcc/mingw32/4.5.2/../../../libmsvcrt.a(duyms00619.o)
                0x00440d30                fprintf
 .text          0x00440d38        0x8 d:/mingw/bin/../lib/gcc/mingw32/4.5.2/../../../libmsvcrt.a(duyms00732.o)
                0x00440d38                strtoul
 .text          0x00440d40        0x8 d:/mingw/bin/../lib/gcc/mingw32/4.5.2/../../../libmsvcrt.a(duyms00731.o)
                0x00440d40                strtol
 .text          0x00440d48        0x8 d:/mingw/bin/../lib/gcc/mingw32/4.5.2/../../../libmsvcrt.a(duyms00676.o)
                0x00440d48                malloc
 .text          0x00440d50        0x8 d:/mingw/bin/../lib/gcc/mingw32/4.5.2/../../../libmsvcrt.a(duyms00717.o)
                0x00440d50                strcpy
 .text          0x00440d58        0x8 d:/mingw/bin/../lib/gcc/mingw32/4.5.2/../../../libmsvcrt.a(duyms00698.o)
                0x00440d58                realloc
 .text          0x00440d60        0x8 d:/mingw/bin/../lib/gcc/mingw32/4.5.2/../../../libmsvcrt.a(duyms00490.o)
                0x00440d60                _vsnprintf
 .text          0x00440d68        0x8 d:/mingw/bin/../lib/gcc/mingw32/4.5.2/../../../libmsvcrt.a(duyms00625.o)
                0x00440d68                free
 .text          0x00440d70        0x8 d:/mingw/bin/../lib/gcc/mingw32/4.5.2/../../../libmsvcrt.a(duyms00613.o)
                0x00440d70                fgets
 .text          0x00440d78        0x8 d:/mingw/bin/../lib/gcc/mingw32/4.5.2/../../../libmsvcrt.a(duyms00683.o)
                0x00440d78                memmove
 .text          0x00440d80        0x8 d:/mingw/bin/../lib/gcc/mingw32/4.5.2/../../../libmsvcrt.a(duyms00712.o)
                0x00440d80                sscanf
 .text          0x00440d88        0x8 d:/mingw/bin/../lib/gcc/mingw32/4.5.2/../../../libmsvcrt.a(duyms00726.o)
                0x00440d88                strrchr
 .text          0x00440d90        0x8 d:/mingw/bin/../lib/gcc/mingw32/4.5.2/../../../libmsvcrt.a(duyms00695.o)
                0x00440d90                qsort
 .text          0x00440d98        0x8 d:/mingw/bin/../lib/gcc/mingw32/4.5.2/../../../libmsvcrt.a(duyms00681.o)
                0x00440d98                memcmp
 .text          0x00440da0        0x8 d:/mingw/bin/../lib/gcc/mingw32/4.5.2/../../../libmsvcrt.a(duyms00620.o)
                0x00440da0                fputc
 .text          0x00440da8        0x8 d:/mingw/bin/../lib/gcc/mingw32/4.5.2/../../../libmsvcrt.a(duyms00718.o)
                0x00440da8                strcspn
 .text          0x00440db0        0x8 d:/mingw/bin/../lib/gcc/mingw32/4.5.2/../../../libmsvcrt.a(duyms00680.o)
                0x00440db0                memchr
 .text          0x00440db8        0x8 d:/mingw/bin/../lib/gcc/mingw32/4.5.2/../../../libmsvcrt.a(duyms00583.o)
                0x00440db8                abort
 .text          0x00440dc0        0x8 d:/mingw/bin/../lib/gcc/mingw32/4.5.2/../../../libmsvcrt.a(duyms00746.o)
                0x00440dc0                ungetc
 .text          0x00440dc8        0x8 d:/mingw/bin/../lib/gcc/mingw32/4.5.2/../../../libmsvcrt.a(duyms00624.o)
                0x00440dc8                fread
 .text          0x00440dd0        0x8 d:/mingw/bin/../lib/gcc/mingw32/4.5.2/../../../libmsvcrt.a(duyms00604.o)
                0x00440dd0                exit
 .text          0x00440dd8        0x8 d:/mingw/bin/../lib/gcc/mingw32/4.5.2/../../../libmsvcrt.a(duyms00637.o)
                0x00440dd8                getenv
 .text          0x00440de0        0x8 d:/mingw/bin/../lib/gcc/mingw32/4.5.2/../../../libmsvcrt.a(duyms00621.o)
                0x00440de0                fputs
 .text          0x00440de8        0x8 d:/mingw/bin/../lib/gcc/mingw32/4.5.2/../../../libmsvcrt.a(duyms00748.o)
                0x00440de8                vfprintf
 .text          0x00440df0        0x8 d:/mingw/bin/../lib/gcc/mingw32/4.5.2/../../../libmsvcrt.a(duyms00692.o)
                0x00440df0                puts
 .text          0x00440df8        0x8 d:/mingw/bin/../lib/gcc/mingw32/4.5.2/../../../libmsvcrt.a(duyms00727.o)
                0x00440df8                strspn
 .text          0x00440e00        0x8 d:/mingw/bin/../lib/gcc/mingw32/4.5.2/../../../libmsvcrt.a(duyms00689.o)
                0x00440e00                printf
 .text          0x00440e08        0x8 d:/mingw/bin/../lib/gcc/mingw32/4.5.2/../../../libmsvcrt.a(duyms00699.o)
                0x00440e08                remove
 .text          0x00440e10        0x8 d:/mingw/bin/../lib/gcc/mingw32/4.5.2/../../../libmsvcrt.a(duyms00739.o)
                0x00440e10                time
 .text          0x00440e18        0x0 d:/mingw/bin/../lib/gcc/mingw32/4.5.2/../../../libmsvcrt.a(duyms00538.o)
 .text          0x00440e18        0x8 d:/mingw/bin/../lib/gcc/mingw32/4.5.2/../../../libmsvcrt.a(duyms00682.o)
                0x00440e18                memcpy
 .text          0x00440e20        0x8 d:/mingw/bin/../lib/gcc/mingw32/4.5.2/../../../libmsvcrt.a(duyms00595.o)
                0x00440e20                calloc
 .text          0x00440e28        0x0 d:/mingw/bin/../lib/gcc/mingw32/4.5.2/../../../libmsvcrt.a(duymh.o)
 .text          0x00440e28        0x0 d:/mingw/bin/../lib/gcc/mingw32/4.5.2/../../../libmsvcrt.a(duymt.o)
 .text          0x00440e28        0x8 d:/mingw/bin/../lib/gcc/mingw32/4.5.2/../../../libkernel32.a(dchds01140.o)
                0x00440e28                SetUnhandledExceptionFilter@4
 .text          0x00440e30        0x8 d:/mingw/bin/../lib/gcc/mingw32/4.5.2/../../../libkernel32.a(dchds00279.o)
                0x00440e30                ExitProcess@4
 .text          0x00440e38        0x8 d:/mingw/bin/../lib/gcc/mingw32/4.5.2/../../../libkernel32.a(dchds00529.o)
                0x00440e38                GetModuleHandleA@4
 .text          0x00440e40        0x8 d:/mingw/bin/../lib/gcc/mingw32/4.5.2/../../../libkernel32.a(dchds00577.o)
                0x00440e40                GetProcAddress@8
 .text          0x00440e48        0x8 d:/mingw/bin/../lib/gcc/mingw32/4.5.2/../../../libkernel32.a(dchds00656.o)
                0x00440e48                GetTickCount@0
 .text          0x00440e50        0x8 d:/mingw/bin/../lib/gcc/mingw32/4.5.2/../../../libkernel32.a(dchds01267.o)
                0x00440e50                WriteFile@20
 .text          0x00440e58        0x8 d:/mingw/bin/../lib/gcc/mingw32/4.5.2/../../../libkernel32.a(dchds00608.o)
                0x00440e58                GetStdHandle@4
 .text          0x00440e60        0x8 d:/mingw/bin/../lib/gcc/mingw32/4.5.2/../../../libkernel32.a(dchds00426.o)
                0x00440e60                GetConsoleMode@8
 .text          0x00440e68        0x8 d:/mingw/bin/../lib/gcc/mingw32/4.5.2/../../../libkernel32.a(dchds01037.o)
                0x00440e68                SetConsoleMode@8
 .text          0x00440e70        0x8 d:/mingw/bin/../lib/gcc/mingw32/4.5.2/../../../libkernel32.a(dchds00947.o)
                0x00440e70                ReadFile@20
 .text          0x00440e78        0x8 d:/mingw/bin/../lib/gcc/mingw32/4.5.2/../../../libkernel32.a(dchds00817.o)
                0x00440e78                LoadLibraryA@4
 .text          0x00440e80        0x8 d:/mingw/bin/../lib/gcc/mingw32/4.5.2/../../../libkernel32.a(dchds00352.o)
                0x00440e80                FreeLibrary@4
 .text          0x00440e88        0x8 d:/mingw/bin/../lib/gcc/mingw32/4.5.2/../../../libkernel32.a(dchds00082.o)
                0x00440e88                CloseHandle@4
 .text          0x00440e90        0x8 d:/mingw/bin/../lib/gcc/mingw32/4.5.2/../../../libkernel32.a(dchds01065.o)
                0x00440e90                SetEvent@4
 .text          0x00440e98        0x8 d:/mingw/bin/../lib/gcc/mingw32/4.5.2/../../../libkernel32.a(dchds01223.o)
                0x00440e98                WaitForSingleObject@8
 .text          0x00440ea0        0x8 d:/mingw/bin/../lib/gcc/mingw32/4.5.2/../../../libkernel32.a(dchds00510.o)
                0x00440ea0                GetLastError@0
 .text          0x00440ea8        0x8 d:/mingw/bin/../lib/gcc/mingw32/4.5.2/../../../libkernel32.a(dchds00564.o)
                0x00440ea8                GetOverlappedResult@16
 .text          0x00440eb0        0x8 d:/mingw/bin/../lib/gcc/mingw32/4.5.2/../../../libkernel32.a(dchds00129.o)
                0x00440eb0                CreateEventA@16
 .text          0x00440eb8        0x8 d:/mingw/bin/../lib/gcc/mingw32/4.5.2/../../../libkernel32.a(dchds00179.o)
                0x00440eb8                CreateThread@24
 .text          0x00440ec0        0x8 d:/mingw/bin/../lib/gcc/mingw32/4.5.2/../../../libkernel32.a(dchds00671.o)
                0x00440ec0                GetVersionExA@4
 .text          0x00440ec8        0x8 d:/mingw/bin/../lib/gcc/mingw32/4.5.2/../../../libkernel32.a(dchds00619.o)
                0x00440ec8                GetSystemDirectoryA@8
 .text          0x00440ed0        0x8 d:/mingw/bin/../lib/gcc/mingw32/4.5.2/../../../libkernel32.a(dchds00016.o)
                0x00440ed0                AllocConsole@0
 .text          0x00440ed8        0x8 d:/mingw/bin/../lib/gcc/mingw32/4.5.2/../../../libkernel32.a(dchds00682.o)
                0x00440ed8                GetWindowsDirectoryA@8
 .text          0x00440ee0        0x8 d:/mingw/bin/../lib/gcc/mingw32/4.5.2/../../../libkernel32.a(dchds00304.o)
                0x00440ee0                FindFirstFileA@8
 .text          0x00440ee8        0x8 d:/mingw/bin/../lib/gcc/mingw32/4.5.2/../../../libkernel32.a(dchds00321.o)
                0x00440ee8                FindNextFileA@8
 .text          0x00440ef0        0x8 d:/mingw/bin/../lib/gcc/mingw32/4.5.2/../../../libkernel32.a(dchds00300.o)
                0x00440ef0                FindClose@4
 .text          0x00440ef8        0x8 d:/mingw/bin/../lib/gcc/mingw32/4.5.2/../../../libkernel32.a(dchds00447.o)
                0x00440ef8                GetCurrentProcessId@0
 .text          0x00440f00        0x8 d:/mingw/bin/../lib/gcc/mingw32/4.5.2/../../../libkernel32.a(dchds00627.o)
                0x00440f00                GetSystemTime@4
 .text          0x00440f08        0x8 d:/mingw/bin/../lib/gcc/mingw32/4.5.2/../../../libkernel32.a(dchds00628.o)
                0x00440f08                GetSystemTimeAdjustment@12
 .text          0x00440f10        0x8 d:/mingw/bin/../lib/gcc/mingw32/4.5.2/../../../libkernel32.a(dchds00699.o)
                0x00440f10                GlobalMemoryStatus@4
 .text          0x00440f18        0x8 d:/mingw/bin/../lib/gcc/mingw32/4.5.2/../../../libkernel32.a(dchds00450.o)
                0x00440f18                GetCurrentThread@0
 .text          0x00440f20        0x8 d:/mingw/bin/../lib/gcc/mingw32/4.5.2/../../../libkernel32.a(dchds00653.o)
                0x00440f20                GetThreadTimes@20
 .text          0x00440f28        0x8 d:/mingw/bin/../lib/gcc/mingw32/4.5.2/../../../libkernel32.a(dchds00446.o)
                0x00440f28                GetCurrentProcess@0
 .text          0x00440f30        0x8 d:/mingw/bin/../lib/gcc/mingw32/4.5.2/../../../libkernel32.a(dchds00590.o)
                0x00440f30                GetProcessTimes@20
 .text          0x00440f38        0x8 d:/mingw/bin/../lib/gcc/mingw32/4.5.2/../../../libkernel32.a(dchds00922.o)
                0x00440f38                QueryPerformanceCounter@4
 .text          0x00440f40        0x8 d:/mingw/bin/../lib/gcc/mingw32/4.5.2/../../../libkernel32.a(dchds00885.o)
                0x00440f40                OpenProcess@12
 .text          0x00440f48        0x8 d:/mingw/bin/../lib/gcc/mingw32/4.5.2/../../../libkernel32.a(dchds00829.o)
                0x00440f48                LocalFree@4
 .text          0x00440f50        0x8 d:/mingw/bin/../lib/gcc/mingw32/4.5.2/../../../libkernel32.a(dchds00825.o)
                0x00440f50                LocalAlloc@8
 .text          0x00440f58        0x8 d:/mingw/bin/../lib/gcc/mingw32/4.5.2/../../../libkernel32.a(dchds00451.o)
                0x00440f58                GetCurrentThreadId@0
 .text          0x00440f60        0x8 d:/mingw/bin/../lib/gcc/mingw32/4.5.2/../../../libkernel32.a(dchds00136.o)
                0x00440f60                CreateFileMappingA@24
 .text          0x00440f68        0x8 d:/mingw/bin/../lib/gcc/mingw32/4.5.2/../../../libkernel32.a(dchds00844.o)
                0x00440f68                MapViewOfFile@20
 .text          0x00440f70        0x8 d:/mingw/bin/../lib/gcc/mingw32/4.5.2/../../../libkernel32.a(dchds01188.o)
                0x00440f70                UnmapViewOfFile@4
 .text          0x00440f78        0x8 d:/mingw/bin/../lib/gcc/mingw32/4.5.2/../../../libkernel32.a(dchds00347.o)
                0x00440f78                FormatMessageA@28
 .text          0x00440f80        0x8 d:/mingw/bin/../lib/gcc/mingw32/4.5.2/../../../libkernel32.a(dchds00495.o)
                0x00440f80                GetFileType@4
 .text          0x00440f88        0x8 d:/mingw/bin/../lib/gcc/mingw32/4.5.2/../../../libkernel32.a(dchds00160.o)
                0x00440f88                CreatePipe@16
 .text          0x00440f90        0x8 d:/mingw/bin/../lib/gcc/mingw32/4.5.2/../../../libkernel32.a(dchds01088.o)
                0x00440f90                SetHandleInformation@12
 .text          0x00440f98        0x8 d:/mingw/bin/../lib/gcc/mingw32/4.5.2/../../../libkernel32.a(dchds00163.o)
                0x00440f98                CreateProcessA@40
 .text          0x00440fa0        0x8 d:/mingw/bin/../lib/gcc/mingw32/4.5.2/../../../libkernel32.a(dchds01010.o)
                0x00440fa0                SetCommBreak@4
 .text          0x00440fa8        0x8 d:/mingw/bin/../lib/gcc/mingw32/4.5.2/../../../libkernel32.a(dchds00079.o)
                0x00440fa8                ClearCommBreak@4
 .text          0x00440fb0        0x8 d:/mingw/bin/../lib/gcc/mingw32/4.5.2/../../../libkernel32.a(dchds00386.o)
                0x00440fb0                GetCommState@8
 .text          0x00440fb8        0x8 d:/mingw/bin/../lib/gcc/mingw32/4.5.2/../../../libkernel32.a(dchds01013.o)
                0x00440fb8                SetCommState@8
 .text          0x00440fc0        0x8 d:/mingw/bin/../lib/gcc/mingw32/4.5.2/../../../libkernel32.a(dchds01014.o)
                0x00440fc0                SetCommTimeouts@8
 .text          0x00440fc8        0x8 d:/mingw/bin/../lib/gcc/mingw32/4.5.2/../../../libkernel32.a(dchds00135.o)
                0x00440fc8                CreateFileA@28
 .text          0x00440fd0        0x8 d:/mingw/bin/../lib/gcc/mingw32/4.5.2/../../../libkernel32.a(dchds00473.o)
                0x00440fd0                GetEnvironmentVariableA@12
 .text          0x00440fd8        0x8 d:/mingw/bin/../lib/gcc/mingw32/4.5.2/../../../libkernel32.a(dchds00511.o)
                0x00440fd8                GetLocalTime@4
 .text          0x00440fe0        0x8 d:/mingw/bin/../lib/gcc/mingw32/4.5.2/../../../libkernel32.a(dchds01215.o)
                0x00440fe0                VirtualQuery@12
 .text          0x00440fe8        0x8 d:/mingw/bin/../lib/gcc/mingw32/4.5.2/../../../libkernel32.a(dchds01213.o)
                0x00440fe8                VirtualProtect@16
 .text          0x00440ff0        0x8 d:/mingw/bin/../lib/gcc/mingw32/4.5.2/../../../libkernel32.a(dchds01173.o)
                0x00440ff0                TlsGetValue@4
 .text          0x00440ff8        0x8 d:/mingw/bin/../lib/gcc/mingw32/4.5.2/../../../libkernel32.a(dchds00207.o)
                0x00440ff8                DeleteCriticalSection@4
 .text          0x00441000        0x8 d:/mingw/bin/../lib/gcc/mingw32/4.5.2/../../../libkernel32.a(dchds00734.o)
                0x00441000                InitializeCriticalSection@4
 .text          0x00441008        0x8 d:/mingw/bin/../lib/gcc/mingw32/4.5.2/../../../libkernel32.a(dchds00236.o)
                0x00441008                EnterCriticalSection@4
 .text          0x00441010        0x8 d:/mingw/bin/../lib/gcc/mingw32/4.5.2/../../../libkernel32.a(dchds00814.o)
                0x00441010                LeaveCriticalSection@4
 .text          0x00441018        0x0 d:/mingw/bin/../lib/gcc/mingw32/4.5.2/../../../libkernel32.a(dchdh.o)
 .text          0x00441018        0x0 d:/mingw/bin/../lib/gcc/mingw32/4.5.2/../../../libkernel32.a(dchdt.o)
 .text          0x00441018       0x1c d:/mingw/bin/../lib/gcc/mingw32/4.5.2/crtend.o
 *(SORT(.text$*))
 *(.text.*)
 *(.glue_7t)
 *(.glue_7)
                0x00441034                ___CTOR_LIST__ = .
                0x00441034                __CTOR_LIST__ = .
                0x00441034        0x4 LONG 0xffffffff
 *(.ctors)
 *(.ctor)
 *(SORT(.ctors.*))
 .ctors.65535   0x00441038        0x4 d:/mingw/bin/../lib/gcc/mingw32/4.5.2/crtend.o
                0x0044103c        0x4 LONG 0x0
                0x00441040                ___DTOR_LIST__ = .
                0x00441040                __DTOR_LIST__ = .
                0x00441040        0x4 LONG 0xffffffff
 *(.dtors)
 *(.dtor)
 *(SORT(.dtors.*))
                0x00441044        0x4 LONG 0x0
 *(.fini)
 *(.gcc_exc)
                0x00441048                PROVIDE (etext, .)
 *(.gcc_except_table)

.data           0x00442000      0x400
                0x00442000                __data_start__ = .
 *(.data)
 .data          0x00442000        0x0 d:/mingw/bin/../lib/gcc/mingw32/4.5.2/../../../crt2.o
 .data          0x00442000        0x0 d:/mingw/bin/../lib/gcc/mingw32/4.5.2/crtbegin.o
 .data          0x00442000       0x18 be_all_s.o
                0x00442000                backends
 .data          0x00442018        0x0 cmdline.o
 .data          0x00442018        0x0 cproxy.o
 .data          0x00442018        0x0 ldisc.o
 .data          0x00442018        0x0 logging.o
 .data          0x00442018        0x0 misc.o
 .data          0x00442018       0x24 pgssapi.o
                0x00442018                GSS_C_NT_USER_NAME
                0x0044201c                GSS_C_NT_MACHINE_UID_NAME
                0x00442020                GSS_C_NT_STRING_UID_NAME
                0x00442024                GSS_C_NT_HOSTBASED_SERVICE_X
                0x00442028                GSS_C_NT_HOSTBASED_SERVICE
                0x0044202c                GSS_C_NT_ANONYMOUS
                0x00442030                GSS_C_NT_EXPORT_NAME
 .data          0x0044203c        0x0 pinger.o
 .data          0x0044203c        0x0 portfwd.o
 .data          0x0044203c        0x0 proxy.o
 *fill*         0x0044203c        0x4 00
 .data          0x00442040       0x60 raw.o
                0x00442040                raw_backend
 .data          0x004420a0       0x60 rlogin.o
                0x004420a0                rlogin_backend
 .data          0x00442100        0x0 settings.o
 .data          0x00442100       0xc0 ssh.o
                0x00442100                ssh_backend
 .data          0x004421c0        0x0 sshaes.o
 .data          0x004421c0        0x0 ssharcf.o
 .data          0x004421c0        0x0 sshblowf.o
 .data          0x004421c0       0x10 sshbn.o
                0x004421c0                bnOne
                0x004421c8                Zero
                0x004421cc                One
 .data          0x004421d0        0x0 sshcrc.o
 .data          0x004421d0        0x4 sshcrcda.o
                0x004421d0                ONE
 .data          0x004421d4        0x0 sshdes.o
 .data          0x004421d4        0x0 sshdh.o
 .data          0x004421d4        0x0 sshdss.o
 .data          0x004421d4        0x0 sshgssc.o
 .data          0x004421d4        0x0 sshmd5.o
 .data          0x004421d4        0x0 sshpubk.o
 .data          0x004421d4        0x0 sshrand.o
 .data          0x004421d4        0x0 sshrsa.o
 .data          0x004421d4        0x0 sshsh256.o
 .data          0x004421d4        0x0 sshsh512.o
 .data          0x004421d4        0x0 sshsha.o
 .data          0x004421d4        0x0 sshzlib.o
 *fill*         0x004421d4        0xc 00
 .data          0x004421e0       0x60 telnet.o
                0x004421e0                telnet_backend
 .data          0x00442240        0x0 timing.o
 .data          0x00442240        0x0 tree234.o
 .data          0x00442240       0x20 version.o
                0x00442240                ver
                0x0044224d                sshver
 .data          0x00442260        0x0 wildcard.o
 .data          0x00442260        0x0 wincons.o
 .data          0x00442260        0x0 windefs.o
 .data          0x00442260        0x0 wingss.o
 .data          0x00442260        0x0 winhandl.o
 .data          0x00442260        0x4 winmisc.o
 .data          0x00442264        0x0 winnet.o
 .data          0x00442264        0x0 winnoise.o
 .data          0x00442264        0x0 winnojmp.o
 .data          0x00442264        0x0 winpgntc.o
 .data          0x00442264        0x0 winplink.o
 .data          0x00442264        0x0 winproxy.o
 *fill*         0x00442264       0x1c 00
 .data          0x00442280       0x60 winser.o
                0x00442280                serial_backend
 .data          0x004422e0        0x0 winstore.o
 .data          0x004422e0        0x0 wintime.o
 .data          0x004422e0        0x0 winx11.o
 .data          0x004422e0        0x0 x11fwd.o
 .data          0x004422e0        0x0 d:/mingw/bin/../lib/gcc/mingw32/4.5.2/../../../libadvapi32.a(dgxgs00412.o)
 .data          0x004422e0        0x0 d:/mingw/bin/../lib/gcc/mingw32/4.5.2/../../../libadvapi32.a(dgxgs00423.o)
 .data          0x004422e0        0x0 d:/mingw/bin/../lib/gcc/mingw32/4.5.2/../../../libadvapi32.a(dgxgs00386.o)
 .data          0x004422e0        0x0 d:/mingw/bin/../lib/gcc/mingw32/4.5.2/../../../libadvapi32.a(dgxgs00245.o)
 .data          0x004422e0        0x0 d:/mingw/bin/../lib/gcc/mingw32/4.5.2/../../../libadvapi32.a(dgxgs00196.o)
 .data          0x004422e0        0x0 d:/mingw/bin/../lib/gcc/mingw32/4.5.2/../../../libadvapi32.a(dgxgs00083.o)
 .data          0x004422e0        0x0 d:/mingw/bin/../lib/gcc/mingw32/4.5.2/../../../libadvapi32.a(dgxgs00393.o)
 .data          0x004422e0        0x0 d:/mingw/bin/../lib/gcc/mingw32/4.5.2/../../../libadvapi32.a(dgxgs00400.o)
 .data          0x004422e0        0x0 d:/mingw/bin/../lib/gcc/mingw32/4.5.2/../../../libadvapi32.a(dgxgs00389.o)
 .data          0x004422e0        0x0 d:/mingw/bin/../lib/gcc/mingw32/4.5.2/../../../libadvapi32.a(dgxgs00434.o)
 .data          0x004422e0        0x0 d:/mingw/bin/../lib/gcc/mingw32/4.5.2/../../../libadvapi32.a(dgxgs00390.o)
 .data          0x004422e0        0x0 d:/mingw/bin/../lib/gcc/mingw32/4.5.2/../../../libadvapi32.a(dgxgs00397.o)
 .data          0x004422e0        0x0 d:/mingw/bin/../lib/gcc/mingw32/4.5.2/../../../libadvapi32.a(dgxgh.o)
 .data          0x004422e0        0x0 d:/mingw/bin/../lib/gcc/mingw32/4.5.2/../../../libadvapi32.a(dgxgt.o)
 .data          0x004422e0        0x0 d:/mingw/bin/../lib/gcc/mingw32/4.5.2/../../../libuser32.a(daois00259.o)
 .data          0x004422e0        0x0 d:/mingw/bin/../lib/gcc/mingw32/4.5.2/../../../libuser32.a(daois00224.o)
 .data          0x004422e0        0x0 d:/mingw/bin/../lib/gcc/mingw32/4.5.2/../../../libuser32.a(daois00241.o)
 .data          0x004422e0        0x0 d:/mingw/bin/../lib/gcc/mingw32/4.5.2/../../../libuser32.a(daois00310.o)
 .data          0x004422e0        0x0 d:/mingw/bin/../lib/gcc/mingw32/4.5.2/../../../libuser32.a(daois00247.o)
 .data          0x004422e0        0x0 d:/mingw/bin/../lib/gcc/mingw32/4.5.2/../../../libuser32.a(daois00210.o)
 .data          0x004422e0        0x0 d:/mingw/bin/../lib/gcc/mingw32/4.5.2/../../../libuser32.a(daois00508.o)
 .data          0x004422e0        0x0 d:/mingw/bin/../lib/gcc/mingw32/4.5.2/../../../libuser32.a(daois00469.o)
 .data          0x004422e0        0x0 d:/mingw/bin/../lib/gcc/mingw32/4.5.2/../../../libuser32.a(daois00446.o)
 .data          0x004422e0        0x0 d:/mingw/bin/../lib/gcc/mingw32/4.5.2/../../../libuser32.a(daois00464.o)
 .data          0x004422e0        0x0 d:/mingw/bin/../lib/gcc/mingw32/4.5.2/../../../libuser32.a(daoih.o)
 .data          0x004422e0        0x0 d:/mingw/bin/../lib/gcc/mingw32/4.5.2/../../../libuser32.a(daoit.o)
 .data          0x004422e0        0x0 d:/mingw/bin/../lib/gcc/mingw32/4.5.2/../../../libmingw32.a(tlssup.o)
 .data          0x004422e0        0x4 d:/mingw/bin/../lib/gcc/mingw32/4.5.2/../../../libmingw32.a(CRTglob.o)
                0x004422e0                _CRT_glob
 .data          0x004422e4        0x0 d:/mingw/bin/../lib/gcc/mingw32/4.5.2/../../../libmingw32.a(CRTfmode.o)
 .data          0x004422e4        0x4 d:/mingw/bin/../lib/gcc/mingw32/4.5.2/../../../libmingw32.a(txtmode.o)
                0x004422e4                _fmode
 .data          0x004422e8        0x0 d:/mingw/bin/../lib/gcc/mingw32/4.5.2/../../../libmingw32.a(cpu_features.o)
 .data          0x004422e8        0x0 d:/mingw/bin/../lib/gcc/mingw32/4.5.2/../../../libmingw32.a(pseudo-reloc.o)
 .data          0x004422e8        0x4 d:/mingw/bin/../lib/gcc/mingw32/4.5.2/../../../libmingw32.a(gccmain.o)
 .data          0x004422ec        0x0 d:/mingw/bin/../lib/gcc/mingw32/4.5.2/../../../libmingw32.a(CRT_fp10.o)
 .data          0x004422ec        0x0 d:/mingw/bin/../lib/gcc/mingw32/4.5.2/../../../libmingw32.a(crtst.o)
 .data          0x004422ec        0x0 d:/mingw/bin/../lib/gcc/mingw32/4.5.2/../../../libmingw32.a(tlsthrd.o)
 .data          0x004422ec        0x0 d:/mingw/bin/../lib/gcc/mingw32/4.5.2/../../../libmingw32.a(pseudo-reloc-list.o)
 .data          0x004422ec        0x0 d:/mingw/bin/../lib/gcc/mingw32/4.5.2/libgcc.a(_umoddi3.o)
 .data          0x004422ec        0x0 d:/mingw/bin/../lib/gcc/mingw32/4.5.2/libgcc.a(_udivdi3.o)
 .data          0x004422ec        0x0 d:/mingw/bin/../lib/gcc/mingw32/4.5.2/libgcc.a(_chkstk.o)
 .data          0x004422ec        0x0 d:/mingw/bin/../lib/gcc/mingw32/4.5.2/libgcc.a(_ctors.o)
 .data          0x004422ec        0x0 d:/mingw/bin/../lib/gcc/mingw32/4.5.2/../../../libmoldname.a(dgzls00084.o)
 .data          0x004422ec        0x0 d:/mingw/bin/../lib/gcc/mingw32/4.5.2/../../../libmoldname.a(dgzls00081.o)
 .data          0x004422ec        0x0 d:/mingw/bin/../lib/gcc/mingw32/4.5.2/../../../libmoldname.a(dgzlh.o)
 .data          0x004422ec        0x0 d:/mingw/bin/../lib/gcc/mingw32/4.5.2/../../../libmoldname.a(dgzlt.o)
 .data          0x004422ec        0x0 d:/mingw/bin/../lib/gcc/mingw32/4.5.2/../../../libmsvcrt.a(duyms00590.o)
 .data          0x004422ec        0x0 d:/mingw/bin/../lib/gcc/mingw32/4.5.2/../../../libmsvcrt.a(duyms00383.o)
 .data          0x004422ec        0x0 d:/mingw/bin/../lib/gcc/mingw32/4.5.2/../../../libmsvcrt.a(duyms00266.o)
 .data          0x004422ec        0x0 d:/mingw/bin/../lib/gcc/mingw32/4.5.2/../../../libmsvcrt.a(duyms00099.o)
 .data          0x004422ec        0x0 d:/mingw/bin/../lib/gcc/mingw32/4.5.2/../../../libmsvcrt.a(duyms00055.o)
 .data          0x004422ec        0x0 d:/mingw/bin/../lib/gcc/mingw32/4.5.2/../../../libmsvcrt.a(duyms00079.o)
 .data          0x004422ec        0x0 d:/mingw/bin/../lib/gcc/mingw32/4.5.2/../../../libmsvcrt.a(duyms00077.o)
 .data          0x004422ec        0x0 d:/mingw/bin/../lib/gcc/mingw32/4.5.2/../../../libmsvcrt.a(duyms00147.o)
 .data          0x004422ec        0x0 d:/mingw/bin/../lib/gcc/mingw32/4.5.2/../../../libmsvcrt.a(duyms00426.o)
 .data          0x004422ec        0x0 d:/mingw/bin/../lib/gcc/mingw32/4.5.2/../../../libmsvcrt.a(duyms00706.o)
 .data          0x004422ec        0x0 d:/mingw/bin/../lib/gcc/mingw32/4.5.2/../../../libmsvcrt.a(duyms00724.o)
 .data          0x004422ec        0x0 d:/mingw/bin/../lib/gcc/mingw32/4.5.2/../../../libmsvcrt.a(duyms00715.o)
 .data          0x004422ec        0x0 d:/mingw/bin/../lib/gcc/mingw32/4.5.2/../../../libmsvcrt.a(duyms00714.o)
 .data          0x004422ec        0x0 d:/mingw/bin/../lib/gcc/mingw32/4.5.2/../../../libmsvcrt.a(duyms00723.o)
 .data          0x004422ec        0x0 d:/mingw/bin/../lib/gcc/mingw32/4.5.2/../../../libmsvcrt.a(duyms00592.o)
 .data          0x004422ec        0x0 d:/mingw/bin/../lib/gcc/mingw32/4.5.2/../../../libmsvcrt.a(duyms00618.o)
 .data          0x004422ec        0x0 d:/mingw/bin/../lib/gcc/mingw32/4.5.2/../../../libmsvcrt.a(duyms00611.o)
 .data          0x004422ec        0x0 d:/mingw/bin/../lib/gcc/mingw32/4.5.2/../../../libmsvcrt.a(duyms00607.o)
 .data          0x004422ec        0x0 d:/mingw/bin/../lib/gcc/mingw32/4.5.2/../../../libmsvcrt.a(duyms00392.o)
 .data          0x004422ec        0x0 d:/mingw/bin/../lib/gcc/mingw32/4.5.2/../../../libmsvcrt.a(duyms00065.o)
 .data          0x004422ec        0x0 d:/mingw/bin/../lib/gcc/mingw32/4.5.2/../../../libmsvcrt.a(duyms00709.o)
 .data          0x004422ec        0x0 d:/mingw/bin/../lib/gcc/mingw32/4.5.2/../../../libmsvcrt.a(duyms00268.o)
 .data          0x004422ec        0x0 d:/mingw/bin/../lib/gcc/mingw32/4.5.2/../../../libmsvcrt.a(duyms00610.o)
 .data          0x004422ec        0x0 d:/mingw/bin/../lib/gcc/mingw32/4.5.2/../../../libmsvcrt.a(duyms00633.o)
 .data          0x004422ec        0x0 d:/mingw/bin/../lib/gcc/mingw32/4.5.2/../../../libmsvcrt.a(duyms00137.o)
 .data          0x004422ec        0x0 d:/mingw/bin/../lib/gcc/mingw32/4.5.2/../../../libmsvcrt.a(duyms00720.o)
 .data          0x004422ec        0x0 d:/mingw/bin/../lib/gcc/mingw32/4.5.2/../../../libmsvcrt.a(duyms00742.o)
 .data          0x004422ec        0x0 d:/mingw/bin/../lib/gcc/mingw32/4.5.2/../../../libmsvcrt.a(duyms00619.o)
 .data          0x004422ec        0x0 d:/mingw/bin/../lib/gcc/mingw32/4.5.2/../../../libmsvcrt.a(duyms00732.o)
 .data          0x004422ec        0x0 d:/mingw/bin/../lib/gcc/mingw32/4.5.2/../../../libmsvcrt.a(duyms00731.o)
 .data          0x004422ec        0x0 d:/mingw/bin/../lib/gcc/mingw32/4.5.2/../../../libmsvcrt.a(duyms00676.o)
 .data          0x004422ec        0x0 d:/mingw/bin/../lib/gcc/mingw32/4.5.2/../../../libmsvcrt.a(duyms00717.o)
 .data          0x004422ec        0x0 d:/mingw/bin/../lib/gcc/mingw32/4.5.2/../../../libmsvcrt.a(duyms00698.o)
 .data          0x004422ec        0x0 d:/mingw/bin/../lib/gcc/mingw32/4.5.2/../../../libmsvcrt.a(duyms00490.o)
 .data          0x004422ec        0x0 d:/mingw/bin/../lib/gcc/mingw32/4.5.2/../../../libmsvcrt.a(duyms00625.o)
 .data          0x004422ec        0x0 d:/mingw/bin/../lib/gcc/mingw32/4.5.2/../../../libmsvcrt.a(duyms00613.o)
 .data          0x004422ec        0x0 d:/mingw/bin/../lib/gcc/mingw32/4.5.2/../../../libmsvcrt.a(duyms00683.o)
 .data          0x004422ec        0x0 d:/mingw/bin/../lib/gcc/mingw32/4.5.2/../../../libmsvcrt.a(duyms00712.o)
 .data          0x004422ec        0x0 d:/mingw/bin/../lib/gcc/mingw32/4.5.2/../../../libmsvcrt.a(duyms00726.o)
 .data          0x004422ec        0x0 d:/mingw/bin/../lib/gcc/mingw32/4.5.2/../../../libmsvcrt.a(duyms00695.o)
 .data          0x004422ec        0x0 d:/mingw/bin/../lib/gcc/mingw32/4.5.2/../../../libmsvcrt.a(duyms00681.o)
 .data          0x004422ec        0x0 d:/mingw/bin/../lib/gcc/mingw32/4.5.2/../../../libmsvcrt.a(duyms00620.o)
 .data          0x004422ec        0x0 d:/mingw/bin/../lib/gcc/mingw32/4.5.2/../../../libmsvcrt.a(duyms00718.o)
 .data          0x004422ec        0x0 d:/mingw/bin/../lib/gcc/mingw32/4.5.2/../../../libmsvcrt.a(duyms00680.o)
 .data          0x004422ec        0x0 d:/mingw/bin/../lib/gcc/mingw32/4.5.2/../../../libmsvcrt.a(duyms00583.o)
 .data          0x004422ec        0x0 d:/mingw/bin/../lib/gcc/mingw32/4.5.2/../../../libmsvcrt.a(duyms00746.o)
 .data          0x004422ec        0x0 d:/mingw/bin/../lib/gcc/mingw32/4.5.2/../../../libmsvcrt.a(duyms00624.o)
 .data          0x004422ec        0x0 d:/mingw/bin/../lib/gcc/mingw32/4.5.2/../../../libmsvcrt.a(duyms00604.o)
 .data          0x004422ec        0x0 d:/mingw/bin/../lib/gcc/mingw32/4.5.2/../../../libmsvcrt.a(duyms00637.o)
 .data          0x004422ec        0x0 d:/mingw/bin/../lib/gcc/mingw32/4.5.2/../../../libmsvcrt.a(duyms00621.o)
 .data          0x004422ec        0x0 d:/mingw/bin/../lib/gcc/mingw32/4.5.2/../../../libmsvcrt.a(duyms00748.o)
 .data          0x004422ec        0x0 d:/mingw/bin/../lib/gcc/mingw32/4.5.2/../../../libmsvcrt.a(duyms00692.o)
 .data          0x004422ec        0x0 d:/mingw/bin/../lib/gcc/mingw32/4.5.2/../../../libmsvcrt.a(duyms00727.o)
 .data          0x004422ec        0x0 d:/mingw/bin/../lib/gcc/mingw32/4.5.2/../../../libmsvcrt.a(duyms00689.o)
 .data          0x004422ec        0x0 d:/mingw/bin/../lib/gcc/mingw32/4.5.2/../../../libmsvcrt.a(duyms00699.o)
 .data          0x004422ec        0x0 d:/mingw/bin/../lib/gcc/mingw32/4.5.2/../../../libmsvcrt.a(duyms00739.o)
 .data          0x004422ec        0x0 d:/mingw/bin/../lib/gcc/mingw32/4.5.2/../../../libmsvcrt.a(duyms00538.o)
 .data          0x004422ec        0x0 d:/mingw/bin/../lib/gcc/mingw32/4.5.2/../../../libmsvcrt.a(duyms00682.o)
 .data          0x004422ec        0x0 d:/mingw/bin/../lib/gcc/mingw32/4.5.2/../../../libmsvcrt.a(duyms00595.o)
 .data          0x004422ec        0x0 d:/mingw/bin/../lib/gcc/mingw32/4.5.2/../../../libmsvcrt.a(duymh.o)
 .data          0x004422ec        0x0 d:/mingw/bin/../lib/gcc/mingw32/4.5.2/../../../libmsvcrt.a(duymt.o)
 .data          0x004422ec        0x0 d:/mingw/bin/../lib/gcc/mingw32/4.5.2/../../../libkernel32.a(dchds01140.o)
 .data          0x004422ec        0x0 d:/mingw/bin/../lib/gcc/mingw32/4.5.2/../../../libkernel32.a(dchds00279.o)
 .data          0x004422ec        0x0 d:/mingw/bin/../lib/gcc/mingw32/4.5.2/../../../libkernel32.a(dchds00529.o)
 .data          0x004422ec        0x0 d:/mingw/bin/../lib/gcc/mingw32/4.5.2/../../../libkernel32.a(dchds00577.o)
 .data          0x004422ec        0x0 d:/mingw/bin/../lib/gcc/mingw32/4.5.2/../../../libkernel32.a(dchds00656.o)
 .data          0x004422ec        0x0 d:/mingw/bin/../lib/gcc/mingw32/4.5.2/../../../libkernel32.a(dchds01267.o)
 .data          0x004422ec        0x0 d:/mingw/bin/../lib/gcc/mingw32/4.5.2/../../../libkernel32.a(dchds00608.o)
 .data          0x004422ec        0x0 d:/mingw/bin/../lib/gcc/mingw32/4.5.2/../../../libkernel32.a(dchds00426.o)
 .data          0x004422ec        0x0 d:/mingw/bin/../lib/gcc/mingw32/4.5.2/../../../libkernel32.a(dchds01037.o)
 .data          0x004422ec        0x0 d:/mingw/bin/../lib/gcc/mingw32/4.5.2/../../../libkernel32.a(dchds00947.o)
 .data          0x004422ec        0x0 d:/mingw/bin/../lib/gcc/mingw32/4.5.2/../../../libkernel32.a(dchds00817.o)
 .data          0x004422ec        0x0 d:/mingw/bin/../lib/gcc/mingw32/4.5.2/../../../libkernel32.a(dchds00352.o)
 .data          0x004422ec        0x0 d:/mingw/bin/../lib/gcc/mingw32/4.5.2/../../../libkernel32.a(dchds00082.o)
 .data          0x004422ec        0x0 d:/mingw/bin/../lib/gcc/mingw32/4.5.2/../../../libkernel32.a(dchds01065.o)
 .data          0x004422ec        0x0 d:/mingw/bin/../lib/gcc/mingw32/4.5.2/../../../libkernel32.a(dchds01223.o)
 .data          0x004422ec        0x0 d:/mingw/bin/../lib/gcc/mingw32/4.5.2/../../../libkernel32.a(dchds00510.o)
 .data          0x004422ec        0x0 d:/mingw/bin/../lib/gcc/mingw32/4.5.2/../../../libkernel32.a(dchds00564.o)
 .data          0x004422ec        0x0 d:/mingw/bin/../lib/gcc/mingw32/4.5.2/../../../libkernel32.a(dchds00129.o)
 .data          0x004422ec        0x0 d:/mingw/bin/../lib/gcc/mingw32/4.5.2/../../../libkernel32.a(dchds00179.o)
 .data          0x004422ec        0x0 d:/mingw/bin/../lib/gcc/mingw32/4.5.2/../../../libkernel32.a(dchds00671.o)
 .data          0x004422ec        0x0 d:/mingw/bin/../lib/gcc/mingw32/4.5.2/../../../libkernel32.a(dchds00619.o)
 .data          0x004422ec        0x0 d:/mingw/bin/../lib/gcc/mingw32/4.5.2/../../../libkernel32.a(dchds00016.o)
 .data          0x004422ec        0x0 d:/mingw/bin/../lib/gcc/mingw32/4.5.2/../../../libkernel32.a(dchds00682.o)
 .data          0x004422ec        0x0 d:/mingw/bin/../lib/gcc/mingw32/4.5.2/../../../libkernel32.a(dchds00304.o)
 .data          0x004422ec        0x0 d:/mingw/bin/../lib/gcc/mingw32/4.5.2/../../../libkernel32.a(dchds00321.o)
 .data          0x004422ec        0x0 d:/mingw/bin/../lib/gcc/mingw32/4.5.2/../../../libkernel32.a(dchds00300.o)
 .data          0x004422ec        0x0 d:/mingw/bin/../lib/gcc/mingw32/4.5.2/../../../libkernel32.a(dchds00447.o)
 .data          0x004422ec        0x0 d:/mingw/bin/../lib/gcc/mingw32/4.5.2/../../../libkernel32.a(dchds00627.o)
 .data          0x004422ec        0x0 d:/mingw/bin/../lib/gcc/mingw32/4.5.2/../../../libkernel32.a(dchds00628.o)
 .data          0x004422ec        0x0 d:/mingw/bin/../lib/gcc/mingw32/4.5.2/../../../libkernel32.a(dchds00699.o)
 .data          0x004422ec        0x0 d:/mingw/bin/../lib/gcc/mingw32/4.5.2/../../../libkernel32.a(dchds00450.o)
 .data          0x004422ec        0x0 d:/mingw/bin/../lib/gcc/mingw32/4.5.2/../../../libkernel32.a(dchds00653.o)
 .data          0x004422ec        0x0 d:/mingw/bin/../lib/gcc/mingw32/4.5.2/../../../libkernel32.a(dchds00446.o)
 .data          0x004422ec        0x0 d:/mingw/bin/../lib/gcc/mingw32/4.5.2/../../../libkernel32.a(dchds00590.o)
 .data          0x004422ec        0x0 d:/mingw/bin/../lib/gcc/mingw32/4.5.2/../../../libkernel32.a(dchds00922.o)
 .data          0x004422ec        0x0 d:/mingw/bin/../lib/gcc/mingw32/4.5.2/../../../libkernel32.a(dchds00885.o)
 .data          0x004422ec        0x0 d:/mingw/bin/../lib/gcc/mingw32/4.5.2/../../../libkernel32.a(dchds00829.o)
 .data          0x004422ec        0x0 d:/mingw/bin/../lib/gcc/mingw32/4.5.2/../../../libkernel32.a(dchds00825.o)
 .data          0x004422ec        0x0 d:/mingw/bin/../lib/gcc/mingw32/4.5.2/../../../libkernel32.a(dchds00451.o)
 .data          0x004422ec        0x0 d:/mingw/bin/../lib/gcc/mingw32/4.5.2/../../../libkernel32.a(dchds00136.o)
 .data          0x004422ec        0x0 d:/mingw/bin/../lib/gcc/mingw32/4.5.2/../../../libkernel32.a(dchds00844.o)
 .data          0x004422ec        0x0 d:/mingw/bin/../lib/gcc/mingw32/4.5.2/../../../libkernel32.a(dchds01188.o)
 .data          0x004422ec        0x0 d:/mingw/bin/../lib/gcc/mingw32/4.5.2/../../../libkernel32.a(dchds00347.o)
 .data          0x004422ec        0x0 d:/mingw/bin/../lib/gcc/mingw32/4.5.2/../../../libkernel32.a(dchds00495.o)
 .data          0x004422ec        0x0 d:/mingw/bin/../lib/gcc/mingw32/4.5.2/../../../libkernel32.a(dchds00160.o)
 .data          0x004422ec        0x0 d:/mingw/bin/../lib/gcc/mingw32/4.5.2/../../../libkernel32.a(dchds01088.o)
 .data          0x004422ec        0x0 d:/mingw/bin/../lib/gcc/mingw32/4.5.2/../../../libkernel32.a(dchds00163.o)
 .data          0x004422ec        0x0 d:/mingw/bin/../lib/gcc/mingw32/4.5.2/../../../libkernel32.a(dchds01010.o)
 .data          0x004422ec        0x0 d:/mingw/bin/../lib/gcc/mingw32/4.5.2/../../../libkernel32.a(dchds00079.o)
 .data          0x004422ec        0x0 d:/mingw/bin/../lib/gcc/mingw32/4.5.2/../../../libkernel32.a(dchds00386.o)
 .data          0x004422ec        0x0 d:/mingw/bin/../lib/gcc/mingw32/4.5.2/../../../libkernel32.a(dchds01013.o)
 .data          0x004422ec        0x0 d:/mingw/bin/../lib/gcc/mingw32/4.5.2/../../../libkernel32.a(dchds01014.o)
 .data          0x004422ec        0x0 d:/mingw/bin/../lib/gcc/mingw32/4.5.2/../../../libkernel32.a(dchds00135.o)
 .data          0x004422ec        0x0 d:/mingw/bin/../lib/gcc/mingw32/4.5.2/../../../libkernel32.a(dchds00473.o)
 .data          0x004422ec        0x0 d:/mingw/bin/../lib/gcc/mingw32/4.5.2/../../../libkernel32.a(dchds00511.o)
 .data          0x004422ec        0x0 d:/mingw/bin/../lib/gcc/mingw32/4.5.2/../../../libkernel32.a(dchds01215.o)
 .data          0x004422ec        0x0 d:/mingw/bin/../lib/gcc/mingw32/4.5.2/../../../libkernel32.a(dchds01213.o)
 .data          0x004422ec        0x0 d:/mingw/bin/../lib/gcc/mingw32/4.5.2/../../../libkernel32.a(dchds01173.o)
 .data          0x004422ec        0x0 d:/mingw/bin/../lib/gcc/mingw32/4.5.2/../../../libkernel32.a(dchds00207.o)
 .data          0x004422ec        0x0 d:/mingw/bin/../lib/gcc/mingw32/4.5.2/../../../libkernel32.a(dchds00734.o)
 .data          0x004422ec        0x0 d:/mingw/bin/../lib/gcc/mingw32/4.5.2/../../../libkernel32.a(dchds00236.o)
 .data          0x004422ec        0x0 d:/mingw/bin/../lib/gcc/mingw32/4.5.2/../../../libkernel32.a(dchds00814.o)
 .data          0x004422ec        0x0 d:/mingw/bin/../lib/gcc/mingw32/4.5.2/../../../libkernel32.a(dchdh.o)
 .data          0x004422ec        0x0 d:/mingw/bin/../lib/gcc/mingw32/4.5.2/../../../libkernel32.a(dchdt.o)
 .data          0x004422ec        0x0 d:/mingw/bin/../lib/gcc/mingw32/4.5.2/crtend.o
 *(.data2)
 *(SORT(.data$*))
 *(.jcr)
 .jcr           0x004422ec        0x0 d:/mingw/bin/../lib/gcc/mingw32/4.5.2/crtbegin.o
 .jcr           0x004422ec        0x4 d:/mingw/bin/../lib/gcc/mingw32/4.5.2/crtend.o
                0x004422f0                __data_end__ = .
 *(.data_cygwin_nocopy)

.rdata          0x00443000    0x10000
 *(.rdata)
 .rdata         0x00443000       0x64 d:/mingw/bin/../lib/gcc/mingw32/4.5.2/crtbegin.o
 .rdata         0x00443064       0x10 be_all_s.o
                0x0044306c                appname
                0x00443070                be_default_protocol
 .rdata         0x00443074      0x21c cmdline.o
 .rdata         0x00443290      0x140 cproxy.o
 .rdata         0x004433d0       0x18 ldisc.o
 .rdata         0x004433e8      0x264 logging.o
 *fill*         0x0044364c       0x14 00
 .rdata         0x00443660      0x1e0 misc.o
 .rdata         0x00443840       0xc0 pgssapi.o
                0x00443840                GSS_MECH_KRB5
 .rdata         0x00443900       0x54 portfwd.o
 *fill*         0x00443954        0xc 00
 .rdata         0x00443960      0x600 proxy.o
 .rdata         0x00443f60       0x78 raw.o
 .rdata         0x00443fd8       0xb0 rlogin.o
 *fill*         0x00444088       0x18 00
 .rdata         0x004440a0      0xf80 settings.o
                0x00444b60                ttymodes
 .rdata         0x00445020     0x43c0 ssh.o
 .rdata         0x004493e0     0x2520 sshaes.o
                0x0044942c                ssh2_aes
 .rdata         0x0044b900       0xe0 ssharcf.o
                0x0044b940                ssh_arcfour128_ssh2
                0x0044b9a0                ssh_arcfour256_ssh2
                0x0044b9cc                ssh2_arcfour
 .rdata         0x0044b9e0     0x1180 sshblowf.o
                0x0044ba10                ssh_blowfish_ssh1
                0x0044ba2c                ssh2_blowfish
 .rdata         0x0044cb60       0x44 sshbn.o
 *fill*         0x0044cba4       0x1c 00
 .rdata         0x0044cbc0      0x400 sshcrc.o
 .rdata         0x0044cfc0       0x58 sshcrcda.o
 *fill*         0x0044d018        0x8 00
 .rdata         0x0044d020      0xc20 sshdes.o
                0x0044d03c                ssh2_3des
                0x0044d044                ssh2_des
                0x0044d064                ssh_3des
                0x0044d090                ssh_des
 .rdata         0x0044dc40      0x340 sshdh.o
                0x0044dc40                ssh_diffiehellman_group1
                0x0044dc48                ssh_diffiehellman_group14
                0x0044dc50                ssh_diffiehellman_gex
 .rdata         0x0044df80       0xe0 sshdss.o
                0x0044e000                ssh_dss
 .rdata         0x0044e060        0x8 sshgssc.o
 *fill*         0x0044e068       0x18 00
 .rdata         0x0044e080       0x60 sshmd5.o
                0x0044e0a0                ssh_hmac_md5
 .rdata         0x0044e0e0      0x324 sshpubk.o
 .rdata         0x0044e404       0x20 sshrand.o
 *fill*         0x0044e424       0x1c 00
 .rdata         0x0044e440      0x1c0 sshrsa.o
                0x0044e520                ssh_rsa
                0x0044e558                ssh_rsa_kex
 .rdata         0x0044e600      0x120 sshsh256.o
                0x0044e608                ssh_sha256
 .rdata         0x0044e720      0x2c0 sshsh512.o
 .rdata         0x0044e9e0      0x1a0 sshsha.o
                0x0044e9e8                ssh_sha1
                0x0044ea20                ssh_hmac_sha1
                0x0044ea80                ssh_hmac_sha1_96
                0x0044eae0                ssh_hmac_sha1_buggy
                0x0044eb40                ssh_hmac_sha1_96_buggy
 .rdata         0x0044eb80      0x4e0 sshzlib.o
                0x0044ec40                ssh_zlib
 .rdata         0x0044f060      0xa60 telnet.o
 .rdata         0x0044fac0       0x40 tree234.o
 .rdata         0x0044fb00       0xfc wildcard.o
 *fill*         0x0044fbfc        0x4 00
 .rdata         0x0044fc00      0xce0 wincons.o
 .rdata         0x004508e0       0x38 windefs.o
 *fill*         0x00450918        0x8 00
 .rdata         0x00450920      0x5e0 wingss.o
                0x00450e48                ngsslibs
                0x00450e9c                gsslibnames
                0x00450ec0                gsslibkeywords
                0x00450ef0                gss_mech_krb5
 .rdata         0x00450f00       0x58 winhandl.o
 .rdata         0x00450f58       0x34 winmisc.o
 *fill*         0x00450f8c       0x14 00
 .rdata         0x00450fa0      0xc40 winnet.o
                0x004513ac                in6addr_any
                0x004513bc                in6addr_loopback
 .rdata         0x00451be0       0x98 winpgntc.o
 *fill*         0x00451c78        0x8 00
 .rdata         0x00451c80      0x8c0 winplink.o
 .rdata         0x00452540       0xc0 winproxy.o
 .rdata         0x00452600      0x248 winser.o
 .rdata         0x00452848      0x3d4 winstore.o
 .rdata         0x00452c1c        0x4 winx11.o
                0x00452c1c                platform_uses_x11_unix_by_default
 .rdata         0x00452c20      0x280 x11fwd.o
                0x00452e68                x11_authnames
 .rdata         0x00452ea0       0x40 d:/mingw/bin/../lib/gcc/mingw32/4.5.2/../../../libmingw32.a(tlssup.o)
                0x00452edc                __dyn_tls_init_callback
 .rdata         0x00452ee0       0xac d:/mingw/bin/../lib/gcc/mingw32/4.5.2/../../../libmingw32.a(pseudo-reloc.o)
 *(SORT(.rdata$*))
                0x00452f8c                __rt_psrelocs_start = .
 *(.rdata_runtime_pseudo_reloc)
                0x00452f8c                __rt_psrelocs_end = .
                0x00000000                __rt_psrelocs_size = (__rt_psrelocs_end - __rt_psrelocs_start)
                0x00452f8c                ___RUNTIME_PSEUDO_RELOC_LIST_END__ = .
                0x00452f8c                __RUNTIME_PSEUDO_RELOC_LIST_END__ = .
                0x00452f8c                ___RUNTIME_PSEUDO_RELOC_LIST__ = (. - __rt_psrelocs_size)
                0x00452f8c                __RUNTIME_PSEUDO_RELOC_LIST__ = (. - __rt_psrelocs_size)

.eh_frame       0x00453000      0x200
 *(.eh_frame*)
 .eh_frame      0x00453000        0x0 d:/mingw/bin/../lib/gcc/mingw32/4.5.2/crtbegin.o
 .eh_frame      0x00453000       0x6c d:/mingw/bin/../lib/gcc/mingw32/4.5.2/libgcc.a(_umoddi3.o)
 .eh_frame      0x0045306c       0x6c d:/mingw/bin/../lib/gcc/mingw32/4.5.2/libgcc.a(_udivdi3.o)
 .eh_frame      0x004530d8        0x4 d:/mingw/bin/../lib/gcc/mingw32/4.5.2/crtend.o

.pdata
 *(.pdata)

.bss            0x00454000     0x3bd8
                0x00454000                __bss_start__ = .
 *(.bss)
 .bss           0x00454000        0x8 d:/mingw/bin/../lib/gcc/mingw32/4.5.2/../../../crt2.o
                0x00454000                _argc
                0x00454004                _argv
 .bss           0x00454008       0x18 d:/mingw/bin/../lib/gcc/mingw32/4.5.2/crtbegin.o
 .bss           0x00454020        0x0 be_all_s.o
 .bss           0x00454020       0x24 cmdline.o
                0x00454020                cmdline_tooltype
 .bss           0x00454044        0x0 cproxy.o
 .bss           0x00454044        0x0 ldisc.o
 .bss           0x00454044        0x0 logging.o
 .bss           0x00454044        0x0 misc.o
 .bss           0x00454044        0x0 pgssapi.o
 .bss           0x00454044        0x0 pinger.o
 .bss           0x00454044        0x0 portfwd.o
 .bss           0x00454044        0x0 proxy.o
 .bss           0x00454044        0x0 raw.o
 .bss           0x00454044        0x0 rlogin.o
 .bss           0x00454044        0x0 settings.o
 *fill*         0x00454044       0x1c 00
 .bss           0x00454060       0xa0 ssh.o
 .bss           0x00454100        0x0 sshaes.o
 .bss           0x00454100        0x0 ssharcf.o
 .bss           0x00454100        0x0 sshblowf.o
 .bss           0x00454100        0x4 sshbn.o
                0x00454100                bnZero
 .bss           0x00454104        0x0 sshcrc.o
 .bss           0x00454104        0x4 sshcrcda.o
                0x00454104                ZERO
 .bss           0x00454108        0x0 sshdes.o
 .bss           0x00454108        0x0 sshdh.o
 .bss           0x00454108        0x0 sshdss.o
 .bss           0x00454108        0x0 sshgssc.o
 .bss           0x00454108        0x0 sshmd5.o
 .bss           0x00454108        0xc sshpubk.o
                0x00454108                ssh2_wrong_passphrase
 *fill*         0x00454114        0xc 00
 .bss           0x00454120      0x540 sshrand.o
                0x00454120                random_active
 .bss           0x00454660        0x0 sshrsa.o
 .bss           0x00454660        0x0 sshsh256.o
 .bss           0x00454660        0x0 sshsh512.o
 .bss           0x00454660        0x0 sshsha.o
 .bss           0x00454660        0x0 sshzlib.o
 .bss           0x00454660        0x0 telnet.o
 .bss           0x00454660        0xc timing.o
 .bss           0x0045466c        0x0 tree234.o
 .bss           0x0045466c        0x0 version.o
 .bss           0x0045466c        0x0 wildcard.o
 .bss           0x0045466c        0x8 wincons.o
                0x0045466c                console_batch_mode
 .bss           0x00454674        0x0 windefs.o
 .bss           0x00454674       0x20 wingss.o
                0x00454674                gsslogmsg
 .bss           0x00454694        0x4 winhandl.o
 .bss           0x00454698       0x14 winmisc.o
 *fill*         0x004546ac       0x14 00
 .bss           0x004546c0      0x700 winnet.o
 .bss           0x00454dc0        0x0 winnoise.o
 .bss           0x00454dc0        0x0 winnojmp.o
 .bss           0x00454dc0       0x18 winpgntc.o
                0x00454dc0                advapi_initialised
 *fill*         0x00454dd8        0x8 00
 .bss           0x00454de0     0x2c00 winplink.o
 .bss           0x004579e0        0x0 winproxy.o
 .bss           0x004579e0        0x0 winser.o
 .bss           0x004579e0        0xc winstore.o
 .bss           0x004579ec        0x0 wintime.o
 .bss           0x004579ec        0x0 winx11.o
 .bss           0x004579ec        0x0 x11fwd.o
 .bss           0x004579ec        0x0 d:/mingw/bin/../lib/gcc/mingw32/4.5.2/../../../libadvapi32.a(dgxgs00412.o)
 .bss           0x004579ec        0x0 d:/mingw/bin/../lib/gcc/mingw32/4.5.2/../../../libadvapi32.a(dgxgs00423.o)
 .bss           0x004579ec        0x0 d:/mingw/bin/../lib/gcc/mingw32/4.5.2/../../../libadvapi32.a(dgxgs00386.o)
 .bss           0x004579ec        0x0 d:/mingw/bin/../lib/gcc/mingw32/4.5.2/../../../libadvapi32.a(dgxgs00245.o)
 .bss           0x004579ec        0x0 d:/mingw/bin/../lib/gcc/mingw32/4.5.2/../../../libadvapi32.a(dgxgs00196.o)
 .bss           0x004579ec        0x0 d:/mingw/bin/../lib/gcc/mingw32/4.5.2/../../../libadvapi32.a(dgxgs00083.o)
 .bss           0x004579ec        0x0 d:/mingw/bin/../lib/gcc/mingw32/4.5.2/../../../libadvapi32.a(dgxgs00393.o)
 .bss           0x004579ec        0x0 d:/mingw/bin/../lib/gcc/mingw32/4.5.2/../../../libadvapi32.a(dgxgs00400.o)
 .bss           0x004579ec        0x0 d:/mingw/bin/../lib/gcc/mingw32/4.5.2/../../../libadvapi32.a(dgxgs00389.o)
 .bss           0x004579ec        0x0 d:/mingw/bin/../lib/gcc/mingw32/4.5.2/../../../libadvapi32.a(dgxgs00434.o)
 .bss           0x004579ec        0x0 d:/mingw/bin/../lib/gcc/mingw32/4.5.2/../../../libadvapi32.a(dgxgs00390.o)
 .bss           0x004579ec        0x0 d:/mingw/bin/../lib/gcc/mingw32/4.5.2/../../../libadvapi32.a(dgxgs00397.o)
 .bss           0x004579ec        0x0 d:/mingw/bin/../lib/gcc/mingw32/4.5.2/../../../libadvapi32.a(dgxgh.o)
 .bss           0x004579ec        0x0 d:/mingw/bin/../lib/gcc/mingw32/4.5.2/../../../libadvapi32.a(dgxgt.o)
 .bss           0x004579ec        0x0 d:/mingw/bin/../lib/gcc/mingw32/4.5.2/../../../libuser32.a(daois00259.o)
 .bss           0x004579ec        0x0 d:/mingw/bin/../lib/gcc/mingw32/4.5.2/../../../libuser32.a(daois00224.o)
 .bss           0x004579ec        0x0 d:/mingw/bin/../lib/gcc/mingw32/4.5.2/../../../libuser32.a(daois00241.o)
 .bss           0x004579ec        0x0 d:/mingw/bin/../lib/gcc/mingw32/4.5.2/../../../libuser32.a(daois00310.o)
 .bss           0x004579ec        0x0 d:/mingw/bin/../lib/gcc/mingw32/4.5.2/../../../libuser32.a(daois00247.o)
 .bss           0x004579ec        0x0 d:/mingw/bin/../lib/gcc/mingw32/4.5.2/../../../libuser32.a(daois00210.o)
 .bss           0x004579ec        0x0 d:/mingw/bin/../lib/gcc/mingw32/4.5.2/../../../libuser32.a(daois00508.o)
 .bss           0x004579ec        0x0 d:/mingw/bin/../lib/gcc/mingw32/4.5.2/../../../libuser32.a(daois00469.o)
 .bss           0x004579ec        0x0 d:/mingw/bin/../lib/gcc/mingw32/4.5.2/../../../libuser32.a(daois00446.o)
 .bss           0x004579ec        0x0 d:/mingw/bin/../lib/gcc/mingw32/4.5.2/../../../libuser32.a(daois00464.o)
 .bss           0x004579ec        0x0 d:/mingw/bin/../lib/gcc/mingw32/4.5.2/../../../libuser32.a(daoih.o)
 .bss           0x004579ec        0x0 d:/mingw/bin/../lib/gcc/mingw32/4.5.2/../../../libuser32.a(daoit.o)
 *fill*         0x004579ec        0x4 00
 .bss           0x004579f0       0x20 d:/mingw/bin/../lib/gcc/mingw32/4.5.2/../../../libmingw32.a(tlssup.o)
                0x004579f0                _tls_index
                0x004579f4                mingw_initltsdrot_force
                0x004579f8                mingw_initltsdyn_force
                0x004579fc                mingw_initltssuo_force
 .bss           0x00457a10        0x0 d:/mingw/bin/../lib/gcc/mingw32/4.5.2/../../../libmingw32.a(CRTglob.o)
 .bss           0x00457a10        0x4 d:/mingw/bin/../lib/gcc/mingw32/4.5.2/../../../libmingw32.a(CRTfmode.o)
                0x00457a10                _CRT_fmode
 .bss           0x00457a14        0x0 d:/mingw/bin/../lib/gcc/mingw32/4.5.2/../../../libmingw32.a(txtmode.o)
 .bss           0x00457a14        0x4 d:/mingw/bin/../lib/gcc/mingw32/4.5.2/../../../libmingw32.a(cpu_features.o)
                0x00457a14                __cpu_features
 .bss           0x00457a18       0x10 d:/mingw/bin/../lib/gcc/mingw32/4.5.2/../../../libmingw32.a(pseudo-reloc.o)
 .bss           0x00457a28       0x10 d:/mingw/bin/../lib/gcc/mingw32/4.5.2/../../../libmingw32.a(gccmain.o)
 .bss           0x00457a38        0x0 d:/mingw/bin/../lib/gcc/mingw32/4.5.2/../../../libmingw32.a(CRT_fp10.o)
 .bss           0x00457a38        0x4 d:/mingw/bin/../lib/gcc/mingw32/4.5.2/../../../libmingw32.a(crtst.o)
                0x00457a38                _CRT_MT
 *fill*         0x00457a3c        0x4 00
 .bss           0x00457a40       0x40 d:/mingw/bin/../lib/gcc/mingw32/4.5.2/../../../libmingw32.a(tlsthrd.o)
 .bss           0x00457a80        0x4 d:/mingw/bin/../lib/gcc/mingw32/4.5.2/../../../libmingw32.a(pseudo-reloc-list.o)
 .bss           0x00457a84        0x0 d:/mingw/bin/../lib/gcc/mingw32/4.5.2/libgcc.a(_umoddi3.o)
 .bss           0x00457a84        0x0 d:/mingw/bin/../lib/gcc/mingw32/4.5.2/libgcc.a(_udivdi3.o)
 .bss           0x00457a84        0x0 d:/mingw/bin/../lib/gcc/mingw32/4.5.2/libgcc.a(_chkstk.o)
 .bss           0x00457a84        0x0 d:/mingw/bin/../lib/gcc/mingw32/4.5.2/libgcc.a(_ctors.o)
 .bss           0x00457a84        0x0 d:/mingw/bin/../lib/gcc/mingw32/4.5.2/../../../libmoldname.a(dgzls00084.o)
 .bss           0x00457a84        0x0 d:/mingw/bin/../lib/gcc/mingw32/4.5.2/../../../libmoldname.a(dgzls00081.o)
 .bss           0x00457a84        0x0 d:/mingw/bin/../lib/gcc/mingw32/4.5.2/../../../libmoldname.a(dgzlh.o)
 .bss           0x00457a84        0x0 d:/mingw/bin/../lib/gcc/mingw32/4.5.2/../../../libmoldname.a(dgzlt.o)
 .bss           0x00457a84        0x0 d:/mingw/bin/../lib/gcc/mingw32/4.5.2/../../../libmsvcrt.a(duyms00590.o)
 .bss           0x00457a84        0x0 d:/mingw/bin/../lib/gcc/mingw32/4.5.2/../../../libmsvcrt.a(duyms00383.o)
 .bss           0x00457a84        0x0 d:/mingw/bin/../lib/gcc/mingw32/4.5.2/../../../libmsvcrt.a(duyms00266.o)
 .bss           0x00457a84        0x0 d:/mingw/bin/../lib/gcc/mingw32/4.5.2/../../../libmsvcrt.a(duyms00099.o)
 .bss           0x00457a84        0x0 d:/mingw/bin/../lib/gcc/mingw32/4.5.2/../../../libmsvcrt.a(duyms00055.o)