Archive member included because of file (symbol)

d:/mingw/bin/../lib/gcc/mingw32/4.5.2/../../../libadvapi32.a(dgxgs00412.o)
                              wingss.o (RegOpenKeyA@12)
d:/mingw/bin/../lib/gcc/mingw32/4.5.2/../../../libadvapi32.a(dgxgs00423.o)
                              wingss.o (RegQueryValueExA@24)
d:/mingw/bin/../lib/gcc/mingw32/4.5.2/../../../libadvapi32.a(dgxgs00386.o)
                              wingss.o (RegCloseKey@4)
d:/mingw/bin/../lib/gcc/mingw32/4.5.2/../../../libadvapi32.a(dgxgs00245.o)
                              winmisc.o (GetUserNameA@8)
d:/mingw/bin/../lib/gcc/mingw32/4.5.2/../../../libadvapi32.a(dgxgs00196.o)
                              winpgntc.o (GetLengthSid@4)
d:/mingw/bin/../lib/gcc/mingw32/4.5.2/../../../libadvapi32.a(dgxgs00083.o)
                              winpgntc.o (CopySid@12)
d:/mingw/bin/../lib/gcc/mingw32/4.5.2/../../../libadvapi32.a(dgxgs00393.o)
                              winstore.o (RegDeleteKeyA@8)
d:/mingw/bin/../lib/gcc/mingw32/4.5.2/../../../libadvapi32.a(dgxgs00400.o)
                              winstore.o (RegEnumKeyA@16)
d:/mingw/bin/../lib/gcc/mingw32/4.5.2/../../../libadvapi32.a(dgxgs00389.o)
                              winstore.o (RegCreateKeyA@12)
d:/mingw/bin/../lib/gcc/mingw32/4.5.2/../../../libadvapi32.a(dgxgs00434.o)
                              winstore.o (RegSetValueExA@24)
d:/mingw/bin/../lib/gcc/mingw32/4.5.2/../../../libadvapi32.a(dgxgs00390.o)
                              winstore.o (RegCreateKeyExA@36)
d:/mingw/bin/../lib/gcc/mingw32/4.5.2/../../../libadvapi32.a(dgxgs00397.o)
                              winstore.o (RegDeleteValueA@8)
d:/mingw/bin/../lib/gcc/mingw32/4.5.2/../../../libadvapi32.a(dgxgh.o)
                              d:/mingw/bin/../lib/gcc/mingw32/4.5.2/../../../libadvapi32.a(dgxgs00412.o) (_head_libadvapi32_a)
d:/mingw/bin/../lib/gcc/mingw32/4.5.2/../../../libadvapi32.a(dgxgt.o)
                              d:/mingw/bin/../lib/gcc/mingw32/4.5.2/../../../libadvapi32.a(dgxgh.o) (_libadvapi32_a_iname)
d:/mingw/bin/../lib/gcc/mingw32/4.5.2/../../../libuser32.a(daois00259.o)
                              winnoise.o (GetForegroundWindow@0)
d:/mingw/bin/../lib/gcc/mingw32/4.5.2/../../../libuser32.a(daois00224.o)
                              winnoise.o (GetCapture@0)
d:/mingw/bin/../lib/gcc/mingw32/4.5.2/../../../libuser32.a(daois00241.o)
                              winnoise.o (GetClipboardOwner@0)
d:/mingw/bin/../lib/gcc/mingw32/4.5.2/../../../libuser32.a(daois00310.o)
                              winnoise.o (GetQueueStatus@4)
d:/mingw/bin/../lib/gcc/mingw32/4.5.2/../../../libuser32.a(daois00247.o)
                              winnoise.o (GetCursorPos@4)
d:/mingw/bin/../lib/gcc/mingw32/4.5.2/../../../libuser32.a(daois00210.o)
                              winpgntc.o (FindWindowA@8)
d:/mingw/bin/../lib/gcc/mingw32/4.5.2/../../../libuser32.a(daois00508.o)
                              winpgntc.o (SendMessageA@16)
d:/mingw/bin/../lib/gcc/mingw32/4.5.2/../../../libuser32.a(daoih.o)
                              d:/mingw/bin/../lib/gcc/mingw32/4.5.2/../../../libuser32.a(daois00259.o) (_head_libuser32_a)
d:/mingw/bin/../lib/gcc/mingw32/4.5.2/../../../libuser32.a(daoit.o)
                              d:/mingw/bin/../lib/gcc/mingw32/4.5.2/../../../libuser32.a(daoih.o) (_libuser32_a_iname)
d:/mingw/bin/../lib/gcc/mingw32/4.5.2/../../../libmingw32.a(tlssup.o)
                              d:/mingw/bin/../lib/gcc/mingw32/4.5.2/../../../crt2.o (__dyn_tls_init_callback)
d:/mingw/bin/../lib/gcc/mingw32/4.5.2/../../../libmingw32.a(CRTglob.o)
                              d:/mingw/bin/../lib/gcc/mingw32/4.5.2/../../../crt2.o (_CRT_glob)
d:/mingw/bin/../lib/gcc/mingw32/4.5.2/../../../libmingw32.a(CRTfmode.o)
                              d:/mingw/bin/../lib/gcc/mingw32/4.5.2/../../../crt2.o (_CRT_fmode)
d:/mingw/bin/../lib/gcc/mingw32/4.5.2/../../../libmingw32.a(txtmode.o)
                              d:/mingw/bin/../lib/gcc/mingw32/4.5.2/../../../crt2.o (_fmode)
d:/mingw/bin/../lib/gcc/mingw32/4.5.2/../../../libmingw32.a(cpu_features.o)
                              d:/mingw/bin/../lib/gcc/mingw32/4.5.2/../../../crt2.o (__cpu_features_init)
d:/mingw/bin/../lib/gcc/mingw32/4.5.2/../../../libmingw32.a(pseudo-reloc.o)
                              d:/mingw/bin/../lib/gcc/mingw32/4.5.2/../../../crt2.o (_pei386_runtime_relocator)
d:/mingw/bin/../lib/gcc/mingw32/4.5.2/../../../libmingw32.a(gccmain.o)
                              d:/mingw/bin/../lib/gcc/mingw32/4.5.2/../../../crt2.o (__main)
d:/mingw/bin/../lib/gcc/mingw32/4.5.2/../../../libmingw32.a(CRT_fp10.o)
                              d:/mingw/bin/../lib/gcc/mingw32/4.5.2/../../../crt2.o (_fpreset)
d:/mingw/bin/../lib/gcc/mingw32/4.5.2/../../../libmingw32.a(crtst.o)
                              d:/mingw/bin/../lib/gcc/mingw32/4.5.2/../../../libmingw32.a(tlssup.o) (_CRT_MT)
d:/mingw/bin/../lib/gcc/mingw32/4.5.2/../../../libmingw32.a(tlsthrd.o)
[...]
Memory Configuration

Name             Origin             Length             Attributes
*default*        0x00000000         0xffffffff

Linker script and memory map

                0x00400000                __image_base__ = 0x400000
                0x00000000                __dll__ = 0x0
                0x00400000                ___ImageBase = 0x400000
                0x00001000                __section_alignment__ = 0x1000
                0x00000200                __file_alignment__ = 0x200
                0x00000004                __major_os_version__ = 0x4
                0x00000000                __minor_os_version__ = 0x0
                0x00000001                __major_image_version__ = 0x1
                0x00000000                __minor_image_version__ = 0x0
                0x00000004                __major_subsystem_version__ = 0x4
                0x00000000                __minor_subsystem_version__ = 0x0
                0x00000003                __subsystem__ = 0x3
                0x00200000                __size_of_stack_reserve__ = 0x200000
                0x00001000                __size_of_stack_commit__ = 0x1000
                0x00100000                __size_of_heap_reserve__ = 0x100000
                0x00001000                __size_of_heap_commit__ = 0x1000
                0x00000000                __loader_flags__ = 0x0
                0x00000000                __dll_characteristics__ = 0x0
LOAD d:/mingw/bin/../lib/gcc/mingw32/4.5.2/../../../crt2.o
LOAD d:/mingw/bin/../lib/gcc/mingw32/4.5.2/crtbegin.o
LOAD be_ssh.o
LOAD cmdline.o
LOAD cproxy.o
LOAD int64.o
LOAD logging.o
LOAD misc.o
LOAD pgssapi.o
LOAD pinger.o
LOAD portfwd.o
LOAD proxy.o
LOAD psftp.o
LOAD psftp.res.o
LOAD settings.o
LOAD sftp.o
LOAD ssh.o
LOAD sshaes.o
LOAD ssharcf.o
LOAD sshblowf.o
LOAD sshbn.o
LOAD sshcrc.o
LOAD sshcrcda.o
LOAD sshdes.o
LOAD sshdh.o
LOAD sshdss.o
LOAD sshgssc.o
LOAD sshmd5.o
LOAD sshpubk.o
LOAD sshrand.o
LOAD sshrsa.o
LOAD sshsh256.o
LOAD sshsh512.o
LOAD sshsha.o
LOAD sshzlib.o
LOAD timing.o
LOAD tree234.o
LOAD version.o
LOAD wildcard.o
LOAD wincons.o
LOAD windefs.o
LOAD wingss.o
LOAD winhandl.o
LOAD winmisc.o
LOAD winnet.o
LOAD winnoise.o
LOAD winnojmp.o
LOAD winpgntc.o
LOAD winproxy.o
LOAD winsftp.o
LOAD winstore.o
LOAD wintime.o
LOAD x11fwd.o
LOAD d:/mingw/bin/../lib/gcc/mingw32/4.5.2/../../../libadvapi32.a
LOAD d:/mingw/bin/../lib/gcc/mingw32/4.5.2/../../../libcomctl32.a
LOAD d:/mingw/bin/../lib/gcc/mingw32/4.5.2/../../../libcomdlg32.a
LOAD d:/mingw/bin/../lib/gcc/mingw32/4.5.2/../../../libgdi32.a
LOAD d:/mingw/bin/../lib/gcc/mingw32/4.5.2/../../../libimm32.a
LOAD d:/mingw/bin/../lib/gcc/mingw32/4.5.2/../../../libole32.a
LOAD d:/mingw/bin/../lib/gcc/mingw32/4.5.2/../../../libshell32.a
LOAD d:/mingw/bin/../lib/gcc/mingw32/4.5.2/../../../libuser32.a
LOAD d:/mingw/bin/../lib/gcc/mingw32/4.5.2/../../../libwinmm.a
LOAD d:/mingw/bin/../lib/gcc/mingw32/4.5.2/../../../libwinspool.a
LOAD d:/mingw/bin/../lib/gcc/mingw32/4.5.2/../../../libmingw32.a
LOAD d:/mingw/bin/../lib/gcc/mingw32/4.5.2/libgcc_eh.a
LOAD d:/mingw/bin/../lib/gcc/mingw32/4.5.2/libgcc.a
LOAD d:/mingw/bin/../lib/gcc/mingw32/4.5.2/../../../libmoldname.a
LOAD d:/mingw/bin/../lib/gcc/mingw32/4.5.2/../../../libmingwex.a
LOAD d:/mingw/bin/../lib/gcc/mingw32/4.5.2/../../../libmsvcrt.a
LOAD d:/mingw/bin/../lib/gcc/mingw32/4.5.2/../../../libuser32.a
LOAD d:/mingw/bin/../lib/gcc/mingw32/4.5.2/../../../libkernel32.a
LOAD d:/mingw/bin/../lib/gcc/mingw32/4.5.2/../../../libadvapi32.a
LOAD d:/mingw/bin/../lib/gcc/mingw32/4.5.2/../../../libshell32.a
LOAD d:/mingw/bin/../lib/gcc/mingw32/4.5.2/../../../libmingw32.a
LOAD d:/mingw/bin/../lib/gcc/mingw32/4.5.2/libgcc_eh.a
LOAD d:/mingw/bin/../lib/gcc/mingw32/4.5.2/libgcc.a
LOAD d:/mingw/bin/../lib/gcc/mingw32/4.5.2/../../../libmoldname.a
LOAD d:/mingw/bin/../lib/gcc/mingw32/4.5.2/../../../libmingwex.a
LOAD d:/mingw/bin/../lib/gcc/mingw32/4.5.2/../../../libmsvcrt.a
LOAD d:/mingw/bin/../lib/gcc/mingw32/4.5.2/crtend.o
                0x000002e0                . = SIZEOF_HEADERS
                0x00001000                . = ALIGN (__section_alignment__)

.text           0x00401000    0x42e00
 *(.init)
 *(.text)
 .text          0x00401000      0x2f0 d:/mingw/bin/../lib/gcc/mingw32/4.5.2/../../../crt2.o
                0x00401000                atexit
                0x00401010                _onexit
                0x00401140                WinMainCRTStartup
                0x00401160                mainCRTStartup
 .text          0x004012f0       0xd0 d:/mingw/bin/../lib/gcc/mingw32/4.5.2/crtbegin.o
                0x004012f0                __gcc_register_frame
                0x0040137c                __gcc_deregister_frame
 .text          0x004013c0        0x0 be_ssh.o
 .text          0x004013c0     0x1698 cmdline.o
                0x0040146c                cmdline_cleanup
                0x00401500                cmdline_get_passwd_input
                0x004015a8                cmdline_process_param
                0x004029f8                cmdline_run_saved
 .text          0x00402a58      0x4f8 cproxy.o
                0x00402a58                proxy_socks5_offerencryptedauth
                0x00402a6c                proxy_socks5_handlechap
                0x00402e08                proxy_socks5_selectchap
 .text          0x00402f50      0x2b0 int64.o
                0x00402f50                uint64_div10
                0x00402fd4                uint64_decimal
                0x00403064                uint64_make
                0x00403070                uint64_add
                0x0040308c                uint64_add32
                0x004030a0                uint64_compare
                0x004030c0                uint64_subtract
                0x004030e0                uint64_to_double
                0x0040310c                uint64_shift_right
                0x00403148                uint64_shift_left
                0x00403188                uint64_from_decimal
 .text          0x00403200      0xbdc logging.o
                0x00403200                logflush
                0x00403228                logfclose
                0x00403590                logfopen
                0x00403850                logtraffic
                0x00403880                log_eventlog
                0x00403904                log_packet
                0x00403cbc                log_init
                0x00403d18                log_free
                0x00403d44                log_reconfig
 .text          0x00403ddc      0xb28 misc.o
                0x00403ddc                parse_blocksize
                0x00403e98                ctrlparse
                0x00403f40                base64_encode_atom
                0x00404004                bufchain_init
                0x00404020                bufchain_size
                0x0040402c                bufchain_prefix
                0x0040404c                bufchain_fetch
                0x004040e0                safemalloc
                0x00404148                bufchain_add
                0x00404210                dupcat
                0x004042c8                dupstr
                0x0040431c                new_prompts
                0x00404378                saferealloc
                0x004043f4                dupvprintf
                0x0040446c                dupprintf
                0x00404488                add_prompt
                0x00404500                safefree
                0x00404518                bufchain_consume
                0x004045b8                bufchain_clear
                0x004045f0                fgetline
                0x0040468c                free_prompts
                0x00404718                debug_printf
                0x0040474c                debug_memdump
                0x004048bc                cfg_launchable
                0x004048e8                cfg_dest
 .text          0x00404904        0x0 pgssapi.o
 .text          0x00404904      0x148 pinger.o
                0x004049b4                pinger_new
                0x00404a00                pinger_reconfig
                0x00404a2c                pinger_free
 .text          0x00404a4c      0xabc portfwd.o
                0x00404ba4                pfd_newconnect
                0x00404cd0                pfd_addforward
                0x00404dd0                pfd_close
                0x004053b8                pfd_terminate
                0x004053c4                pfd_unthrottle
                0x00405400                pfd_override_throttle
                0x0040545c                pfd_send
                0x0040547c                pfd_confirm
 .text          0x00405508     0x2b58 proxy.o
                0x00405c94                proxy_activate
                0x00405de0                proxy_socks5_negotiate
                0x00406788                proxy_socks4_negotiate
                0x00406b2c                proxy_http_negotiate
                0x00407070                name_lookup
                0x004070e0                new_connection
                0x00407360                new_listener
                0x00407374                format_telnet_command
                0x00407f44                proxy_telnet_negotiate
 .text          0x00408060     0x490c psftp.o
                0x00408060                sftp_cmd_null
                0x0040806c                sftp_cmd_quit
                0x004081d8                sftp_cmd_pwd
                0x00408210                sftp_cmd_unknown
                0x00408bf0                canonify
                0x00409004                sftp_cmd_mkdir
                0x0040914c                sftp_cmd_cd
                0x004092d0                sftp_cmd_ls
                0x004096c4                sftp_get_file
                0x00409ff0                sftp_put_file
                0x0040a844                sftp_begin_wildcard_matching
                0x0040a9ac                sftp_wildcard_get_filename
                0x0040ab84                sftp_finish_wildcard_matching
                0x0040ac14                wildcard_iterate
                0x0040ad6c                sftp_cmd_chmod
                0x0040b140                sftp_cmd_rm
                0x0040b1b0                sftp_cmd_rmdir
                0x0040b220                is_wildcard
                0x0040b270                sftp_cmd_mv
                0x0040b414                sftp_general_get
                0x0040b720                sftp_cmd_reget
                0x0040b744                sftp_cmd_mget
                0x0040b768                sftp_cmd_get
                0x0040b78c                sftp_general_put
                0x0040ba84                sftp_cmd_reput
                0x0040baa8                sftp_cmd_mput
                0x0040bacc                sftp_cmd_put
                0x0040baf0                lookup_command
                0x0040bcac                sftp_getcmd
                0x0040bf40                do_sftp
                0x0040c03c                fatalbox
                0x0040c0b4                modalfatalbox
                0x0040c12c                connection_fatal
                0x0040c1a4                ldisc_send
                0x0040c1d0                agent_schedule_callback
                0x0040c1f4                from_backend
                0x0040c2fc                from_backend_untrusted
                0x0040c320                sftp_recvdata
                0x0040c40c                do_sftp_cleanup
                0x0040c4a4                sftp_cmd_close
                0x0040c504                sftp_senddata
                0x0040c530                cmdline_error
                0x0040c5a4                psftp_main
 .text          0x0040c96c     0x372c settings.o
                0x0040d0cc                backend_from_name
                0x0040d114                backend_from_proto
                0x0040d140                get_remote_username
                0x0040d1d8                save_open_settings
                0x0040e90c                save_settings
                0x0040e954                load_open_settings
                0x0040fde0                load_settings
                0x0040fe34                do_defaults
                0x0040fe40                get_sesslist
 .text          0x00410098     0x1cd4 sftp.o
                0x00410824                sftp_send
                0x004108a4                sftp_recv
                0x00410968                sftp_cleanup_request
                0x0041098c                sftp_register
                0x0041099c                sftp_find_request
                0x00410a44                fxp_error
                0x00410a50                fxp_error_type
                0x00410a5c                fxp_init
                0x00410b3c                fxp_realpath_send
                0x00410b80                fxp_realpath_recv
                0x00410c3c                fxp_open_send
                0x00410c8c                fxp_open_recv
                0x00410d30                fxp_opendir_send
                0x00410d70                fxp_opendir_recv
                0x00410e14                fxp_close_send
                0x00410e74                fxp_close_recv
                0x00410e9c                fxp_mkdir_send
                0x00410ee4                fxp_mkdir_recv
                0x00410f1c                fxp_rmdir_send
                0x00410f5c                fxp_rmdir_recv
                0x00410f94                fxp_remove_send
                0x00410fd4                fxp_remove_recv
                0x0041100c                fxp_rename_send
                0x00411054                fxp_rename_recv
                0x0041108c                fxp_stat_send
                0x004110cc                fxp_stat_recv
                0x00411148                fxp_fstat_send
                0x00411194                fxp_fstat_recv
                0x00411210                fxp_setstat_send
                0x0041126c                fxp_setstat_recv
                0x004112a4                fxp_fsetstat_send
                0x00411314                fxp_fsetstat_recv
                0x0041134c                fxp_read_send
                0x004113b0                fxp_read_recv
                0x00411464                fxp_readdir_send
                0x004114b0                fxp_readdir_recv
                0x004116bc                fxp_write_send
                0x00411728                fxp_write_recv
                0x00411760                fxp_free_names
                0x004117b8                fxp_dup_name
                0x0041180c                fxp_free_name
                0x00411838                fxp_get_userdata
                0x00411844                fxp_set_userdata
                0x00411854                xfer_done
                0x0041187c                xfer_download_queue
                0x00411974                xfer_download_init
                0x004119a0                xfer_download_gotpkt
                0x00411b1c                xfer_set_error
                0x00411b2c                xfer_download_data
                0x00411bc4                xfer_upload_init
                0x00411be4                xfer_upload_ready
                0x00411bf8                xfer_upload_data
                0x00411cb4                xfer_upload_gotpkt
                0x00411d28                xfer_cleanup
 .text          0x00411d6c    0x11e48 ssh.o
                0x00423644                sshfwd_close
                0x00423934                sshfwd_write
                0x004239d4                sshfwd_unthrottle
                0x00423a4c                new_sock_channel
                0x00423aa4                ssh_send_port_open
                0x00423ba4                ssh_fallback_cmd
 .text          0x00423bb4     0x24c0 sshaes.o
                0x0042594c                aes_iv
                0x00425bc8                aes_ssh2_decrypt_blk
                0x00425cd4                aes_ssh2_encrypt_blk
                0x00425cec                aes_free_context
                0x00425cf8                aes_make_context
                0x00425f9c                aes128_key
                0x00425fb4                aes192_key
                0x00425fcc                aes256_key
                0x00425fe4                aes256_encrypt_pubkey
                0x0042602c                aes256_decrypt_pubkey
 .text          0x00426074      0x1fc ssharcf.o
 .text          0x00426270      0xf74 sshblowf.o
 .text          0x004271e4     0x2c08 sshbn.o
                0x00427db4                bn_restore_invariant
                0x00427dd8                copybn
                0x00427e14                freebn
                0x00427e38                modmul
                0x00428234                decbn
                0x00428284                bignum_from_bytes
                0x0042834c                ssh1_read_bignum
                0x004283b4                bignum_bitcount
                0x004283e0                ssh1_bignum_length
                0x0042840c                ssh2_bignum_length
                0x00428438                bignum_byte
                0x00428498                bignum_bit
                0x004284f0                bignum_set_bit
                0x0042854c                bn_power_2
                0x00428590                ssh1_write_bignum
                0x00428618                bignum_cmp
                0x00428680                bignum_rshift
                0x00428748                bigmuladd
                0x004289cc                bigmul
                0x004289f0                bigadd
                0x00428aac                bigsub
                0x00428b94                bignum_bitmask
                0x00428c14                bignum_from_long
                0x00428c48                bignum_add_long
                0x00428cd4                bignum_mod_short
                0x00428d98                diagbn
                0x00428ed0                bigdiv
                0x00428efc                bigmod
                0x00428f2c                modpow_simple
                0x0042942c                biggcd
                0x004294bc                modinv
                0x004296a4                modpow
                0x00429c40                bignum_decimal
 .text          0x00429dec       0x6c sshcrc.o
                0x00429dec                crc32_update
                0x00429e20                crc32_compute
 .text          0x00429e58      0x3f4 sshcrcda.o
                0x00429f30                crcda_make_context
                0x00429f5c                crcda_free_context
                0x00429f90                detect_attack
 .text          0x0042a24c     0x2318 sshdes.o
                0x0042c04c                des3_decrypt_pubkey
                0x0042c150                des3_encrypt_pubkey
                0x0042c254                des3_decrypt_pubkey_ossh
                0x0042c3a8                des3_encrypt_pubkey_ossh
                0x0042c4fc                des_encrypt_xdmauth
                0x0042c530                des_decrypt_xdmauth
 .text          0x0042c564      0x2ec sshdh.o
                0x0042c564                dh_setup_group
                0x0042c5e8                dh_setup_gex
                0x0042c658                dh_cleanup
                0x0042c6b0                dh_create_e
                0x0042c82c                dh_find_K
 .text          0x0042c850     0x1768 sshdss.o
 .text          0x0042dfb8      0x460 sshgssc.o
                0x0042e3c8                ssh_gssapi_bind_fns
 .text          0x0042e418      0xe1c sshmd5.o
                0x0042e434                hmacmd5_free_context
                0x0042e440                hmacmd5_make_context
                0x0042e45c                MD5Init
                0x0042e494                MD5Update
                0x0042ed64                MD5Final
                0x0042f028                MD5Simple
                0x0042f090                hmacmd5_key
                0x0042f20c                hmacmd5_do_hmac
 .text          0x0042f234     0x2430 sshpubk.o
                0x0042f79c                loadrsakey
                0x0042f84c                rsakey_encrypted
                0x0042f8e0                rsakey_pubblob
                0x0042f9d8                saversakey
                0x0042fd18                base64_decode_atom
                0x0042ff4c                find_pubkey_alg
                0x0042ff90                ssh2_load_userkey
                0x004309f4                ssh2_userkey_loadpub
                0x00430bf4                ssh2_userkey_encrypted
                0x00430d58                base64_lines
                0x00430d78                base64_encode
                0x00430e10                ssh2_save_userkey
                0x0043150c                key_type
                0x00431648                key_type_to_str
 .text          0x00431664      0x488 sshrand.o
                0x00431804                random_add_noise
                0x00431950                random_add_heavynoise
                0x004319b0                random_ref
                0x00431a14                random_unref
                0x00431a5c                random_byte
                0x00431a8c                random_get_savedata
 .text          0x00431aec     0x2268 sshrsa.o
                0x00432b44                makekey
                0x00432c64                makeprivate
                0x00432c74                rsaencrypt
                0x00432d58                crt_modpow
                0x00433388                rsadecrypt
                0x0043339c                rsastr_len
                0x004333fc                rsastr_fmt
                0x0043358c                rsa_fingerprint
                0x00433780                rsa_verify
                0x004338ec                rsa_public_blob
                0x0043399c                rsa_public_blob_len
                0x00433a04                freersakey
                0x00433b5c                ssh_rsakex_newkey
                0x00433b68                ssh_rsakex_freekey
                0x00433b74                ssh_rsakex_klen
                0x00433b8c                ssh_rsakex_encrypt
 .text          0x00433d54      0xaf8 sshsh256.o
                0x00433dbc                SHA256_Core_Init
                0x00433dfc                SHA256_Block
                0x00434538                SHA256_Init
                0x0043458c                SHA256_Bytes
                0x004346a0                SHA256_Final
                0x004347c8                SHA256_Simple
 .text          0x0043484c     0x1c40 sshsh512.o
                0x0043484c                SHA512_Init
                0x004348a8                SHA512_Bytes
                0x0043626c                SHA512_Final
                0x0043640c                SHA512_Simple
 .text          0x0043648c      0xa1c sshsha.o
                0x00436524                SHATransform
                0x00436734                SHA_Init
                0x00436774                SHA_Bytes
                0x00436a2c                SHA_Final
                0x00436dc4                SHA_Simple
                0x00436e34                hmac_sha1_simple
 .text          0x00436ea8     0x18fc sshzlib.o
                0x004378f8                zlib_compress_init
                0x004379c8                zlib_decompress_init
                0x00437b14                zlib_decompress_cleanup
                0x00437b70                zlib_compress_cleanup
                0x00437c2c                zlib_decompress_block
                0x004383c4                zlib_compress_block
 .text          0x004387a4      0x284 timing.o
                0x00438858                schedule_timer
                0x00438914                run_timers
                0x00438a04                expire_timer_context
 .text          0x00438a28     0x11cc tree234.o
                0x0043986c                newtree234
                0x00439894                freetree234
                0x004398b0                count234
                0x004398c8                add234
                0x004398ec                addpos234
                0x00439910                index234
                0x0043998c                findrelpos234
                0x00439ae4                find234
                0x00439b18                findrel234
                0x00439b48                findpos234
                0x00439b78                delpos234
                0x00439ba8                del234
 .text          0x00439bf4        0x0 version.o
 .text          0x00439bf4      0x2fc wildcard.o
                0x00439d7c                wc_error
                0x00439da4                wc_match
                0x00439ea4                wc_unescape
 .text          0x00439ef0      0x804 wincons.o
                0x00439f20                cleanup_exit
                0x00439f3c                set_busy_status
                0x00439f44                notify_remote_exit
                0x00439f4c                timer_change_notify
                0x00439f54                verify_ssh_host_key
                0x0043a128                update_specials_menu
                0x0043a130                askalg
                0x0043a254                askappend
                0x0043a374                old_keyfile_warning
                0x0043a3a4                pgp_fingerprints
                0x0043a3d4                console_provide_logctx
                0x0043a3e4                logevent
                0x0043a3f8                console_get_userpass_input
                0x0043a6ec                frontend_keypress
 .text          0x0043a6f4       0xf8 windefs.o
                0x0043a6f4                platform_default_fontspec
                0x0043a758                platform_default_filename
                0x0043a7b8                platform_default_s
                0x0043a7e4                platform_default_i
 .text          0x0043a7ec      0x9b8 wingss.o
                0x0043aca4                ssh_gss_setup
                0x0043b134                ssh_gss_cleanup
 .text          0x0043b1a4      0xa40 winhandl.o
                0x0043b62c                handle_input_new
                0x0043b740                handle_output_new
                0x0043b85c                handle_write
                0x0043b8b8                handle_get_events
                0x0043b950                handle_free
                0x0043b9c8                handle_got_event
                0x0043bb40                handle_unthrottle
                0x0043bba0                handle_backlog
                0x0043bbd8                handle_get_privdata
 .text          0x0043bbe4      0x394 winmisc.o
                0x0043bbe4                platform_get_x_display
                0x0043bc00                filename_from_str
                0x0043bc48                filename_to_str
                0x0043bc50                filename_equal
                0x0043bc78                filename_is_null
                0x0043bc88                init_winver
                0x0043bcb8                load_system32_dll
                0x0043bd5c                get_username
                0x0043bea8                dputs
 .text          0x0043bf78     0x263c winnet.o
                0x0043c65c                sk_startup
                0x0043c6a4                sk_init
                0x0043ce30                sk_cleanup
                0x0043ceb4                winsock_error_string
                0x0043ced8                sk_namelookup
                0x0043d1ec                sk_nonamelookup
                0x0043d25c                sk_nextaddr
                0x0043d294                sk_getaddr
                0x0043d3a4                sk_hostname_is_local
                0x0043d3f0                sk_address_is_local
                0x0043d4b0                sk_addrtype
                0x0043d4ec                sk_addrcopy
                0x0043d5b4                sk_addr_free
                0x0043d668                sk_addr_dup
                0x0043d674                sk_register
                0x0043d75c                sk_new
                0x0043d858                sk_newlistener
                0x0043dbb4                try_send
                0x0043dde4                select_result
                0x0043e360                net_pending_errors
                0x0043e3cc                sk_addr_error
                0x0043e3d8                socket_reselect_all
                0x0043e424                first_socket
                0x0043e45c                next_socket
                0x0043e490                socket_writable
                0x0043e4d0                net_service_lookup
                0x0043e508                get_hostname
                0x0043e574                platform_get_x11_unix_address
 .text          0x0043e5b4      0x2dc winnoise.o
                0x0043e5b4                random_save_seed
                0x0043e5fc                noise_get_heavy
                0x0043e6b4                noise_get_light
                0x0043e708                noise_regular
                0x0043e834                noise_ultralight
 .text          0x0043e890       0x18 winnojmp.o
                0x0043e890                add_session_to_jumplist
                0x0043e898                remove_session_from_jumplist
                0x0043e8a0                clear_jumplist
 .text          0x0043e8a8      0x57c winpgntc.o
                0x0043e8a8                agent_exists
                0x0043e8d0                init_advapi
                0x0043e9f8                get_user_sid
                0x0043eb8c                agent_query
 .text          0x0043ee24      0x408 winproxy.o
                0x0043eedc                localproxy_sentdata
                0x0043ef08                localproxy_gotdata
                0x0043ef9c                platform_new_connection
 .text          0x0043f22c     0x101c winsftp.o
                0x0043f25c                get_ttymode
                0x0043f264                get_userpass_input
                0x0043f2ac                platform_get_x11_auth
                0x0043f2b4                psftp_lcd
                0x0043f350                psftp_getcwd
                0x0043f3b8                open_existing_file
                0x0043f514                read_from_file
                0x0043f558                close_rfile
                0x0043f57c                open_new_file
                0x0043f5ec                open_existing_wfile
                0x0043f684                write_to_file
                0x0043f6c8                set_file_times
                0x0043f74c                close_wfile
                0x0043f770                seek_file
                0x0043f7d0                get_file_posn
                0x0043f810                file_type
                0x0043f838                open_directory
                0x0043f8c4                read_filename
                0x0043f960                close_directory
                0x0043f990                test_wildcard
                0x0043f9e8                begin_wildcard_matching
                0x0043faf0                wildcard_get_filename
                0x0043fb88                finish_wildcard_matching
                0x0043fbc4                vet_filename
                0x0043fc30                create_directory
                0x0043fc58                dir_file_cat
                0x0043fc84                do_select
                0x0043fd3c                do_eventsel_loop
                0x0043ff88                ssh_sftp_loop_iteration
                0x004400f4                ssh_sftp_get_cmdline
                0x00440224                main
 .text          0x00440248     0x16cc winstore.o
                0x004407b0                open_settings_w
                0x004408c8                write_setting_s
                0x00440918                write_setting_i
                0x00440958                close_settings_w
                0x0044096c                open_settings_r
                0x00440a2c                read_setting_s
                0x00440a84                read_setting_i
                0x00440ae8                read_setting_fontspec
                0x00440c0c                write_setting_fontspec
                0x00440cd8                read_setting_filename
                0x00440d0c                write_setting_filename
                0x00440d30                close_settings_r
                0x004410a4                del_settings
                0x00441134                enum_settings_start
                0x00441188                enum_settings_next
                0x004412a4                enum_settings_finish
                0x004412c8                verify_host_key
                0x0044160c                store_host_key
                0x004416d4                read_random_seed
                0x00441748                write_random_seed
                0x00441798                add_to_jumplist_registry
                0x004417ac                remove_from_jumplist_registry
                0x004417c0                get_jumplist_registry_entries
                0x004417fc                cleanup_all
 .text          0x00441914       0x88 wintime.o
                0x00441914                ltime
 .text          0x0044199c     0x148c x11fwd.o
                0x00441a80                x11_setup_display
                0x0044203c                x11_free_display
                0x00442110                x11_get_auth_from_authfile
                0x00442450                x11_get_screen_number
                0x004424a4                x11_init
                0x004425fc                x11_close
                0x0044267c                x11_unthrottle
                0x004426b8                x11_override_throttle
                0x00442714                x11_send
 .text          0x00442e28        0x8 d:/mingw/bin/../lib/gcc/mingw32/4.5.2/../../../libadvapi32.a(dgxgs00412.o)
                0x00442e28                RegOpenKeyA@12
 .text          0x00442e30        0x8 d:/mingw/bin/../lib/gcc/mingw32/4.5.2/../../../libadvapi32.a(dgxgs00423.o)
                0x00442e30                RegQueryValueExA@24
 .text          0x00442e38        0x8 d:/mingw/bin/../lib/gcc/mingw32/4.5.2/../../../libadvapi32.a(dgxgs00386.o)
                0x00442e38                RegCloseKey@4
 .text          0x00442e40        0x8 d:/mingw/bin/../lib/gcc/mingw32/4.5.2/../../../libadvapi32.a(dgxgs00245.o)
                0x00442e40                GetUserNameA@8
 .text          0x00442e48        0x8 d:/mingw/bin/../lib/gcc/mingw32/4.5.2/../../../libadvapi32.a(dgxgs00196.o)
                0x00442e48                GetLengthSid@4
 .text          0x00442e50        0x8 d:/mingw/bin/../lib/gcc/mingw32/4.5.2/../../../libadvapi32.a(dgxgs00083.o)
                0x00442e50                CopySid@12
 .text          0x00442e58        0x8 d:/mingw/bin/../lib/gcc/mingw32/4.5.2/../../../libadvapi32.a(dgxgs00393.o)
                0x00442e58                RegDeleteKeyA@8
 .text          0x00442e60        0x8 d:/mingw/bin/../lib/gcc/mingw32/4.5.2/../../../libadvapi32.a(dgxgs00400.o)
                0x00442e60                RegEnumKeyA@16
 .text          0x00442e68        0x8 d:/mingw/bin/../lib/gcc/mingw32/4.5.2/../../../libadvapi32.a(dgxgs00389.o)
                0x00442e68                RegCreateKeyA@12
 .text          0x00442e70        0x8 d:/mingw/bin/../lib/gcc/mingw32/4.5.2/../../../libadvapi32.a(dgxgs00434.o)
                0x00442e70                RegSetValueExA@24
 .text          0x00442e78        0x8 d:/mingw/bin/../lib/gcc/mingw32/4.5.2/../../../libadvapi32.a(dgxgs00390.o)
                0x00442e78                RegCreateKeyExA@36
 .text          0x00442e80        0x8 d:/mingw/bin/../lib/gcc/mingw32/4.5.2/../../../libadvapi32.a(dgxgs00397.o)
                0x00442e80                RegDeleteValueA@8
 .text          0x00442e88        0x0 d:/mingw/bin/../lib/gcc/mingw32/4.5.2/../../../libadvapi32.a(dgxgh.o)
 .text          0x00442e88        0x0 d:/mingw/bin/../lib/gcc/mingw32/4.5.2/../../../libadvapi32.a(dgxgt.o)
 .text          0x00442e88        0x8 d:/mingw/bin/../lib/gcc/mingw32/4.5.2/../../../libuser32.a(daois00259.o)
                0x00442e88                GetForegroundWindow@0
 .text          0x00442e90        0x8 d:/mingw/bin/../lib/gcc/mingw32/4.5.2/../../../libuser32.a(daois00224.o)
                0x00442e90                GetCapture@0
 .text          0x00442e98        0x8 d:/mingw/bin/../lib/gcc/mingw32/4.5.2/../../../libuser32.a(daois00241.o)
                0x00442e98                GetClipboardOwner@0
 .text          0x00442ea0        0x8 d:/mingw/bin/../lib/gcc/mingw32/4.5.2/../../../libuser32.a(daois00310.o)
                0x00442ea0                GetQueueStatus@4
 .text          0x00442ea8        0x8 d:/mingw/bin/../lib/gcc/mingw32/4.5.2/../../../libuser32.a(daois00247.o)
                0x00442ea8                GetCursorPos@4
 .text          0x00442eb0        0x8 d:/mingw/bin/../lib/gcc/mingw32/4.5.2/../../../libuser32.a(daois00210.o)
                0x00442eb0                FindWindowA@8
 .text          0x00442eb8        0x8 d:/mingw/bin/../lib/gcc/mingw32/4.5.2/../../../libuser32.a(daois00508.o)
                0x00442eb8                SendMessageA@16
 .text          0x00442ec0        0x0 d:/mingw/bin/../lib/gcc/mingw32/4.5.2/../../../libuser32.a(daoih.o)
 .text          0x00442ec0        0x0 d:/mingw/bin/../lib/gcc/mingw32/4.5.2/../../../libuser32.a(daoit.o)
 .text          0x00442ec0      0x1d0 d:/mingw/bin/../lib/gcc/mingw32/4.5.2/../../../libmingw32.a(tlssup.o)
                0x00442ec0                __tlregdtor
                0x00442f10                __dyn_tls_init@12
 .text          0x00443090        0x0 d:/mingw/bin/../lib/gcc/mingw32/4.5.2/../../../libmingw32.a(CRTglob.o)
 .text          0x00443090        0x0 d:/mingw/bin/../lib/gcc/mingw32/4.5.2/../../../libmingw32.a(CRTfmode.o)
 .text          0x00443090        0x0 d:/mingw/bin/../lib/gcc/mingw32/4.5.2/../../../libmingw32.a(txtmode.o)
 .text          0x00443090       0xe0 d:/mingw/bin/../lib/gcc/mingw32/4.5.2/../../../libmingw32.a(cpu_features.o)
                0x00443090                __cpu_features_init
 .text          0x00443170      0x2e0 d:/mingw/bin/../lib/gcc/mingw32/4.5.2/../../../libmingw32.a(pseudo-reloc.o)
                0x004432a0                _pei386_runtime_relocator
 .text          0x00443450       0xb0 d:/mingw/bin/../lib/gcc/mingw32/4.5.2/../../../libmingw32.a(gccmain.o)
                0x00443450                __do_global_dtors
                0x00443480                __do_global_ctors
                0x004434e0                __main
 .text          0x00443500       0x10 d:/mingw/bin/../lib/gcc/mingw32/4.5.2/../../../libmingw32.a(CRT_fp10.o)
                0x00443500                fpreset
                0x00443500                _fpreset
 .text          0x00443510        0x0 d:/mingw/bin/../lib/gcc/mingw32/4.5.2/../../../libmingw32.a(crtst.o)
 .text          0x00443510      0x210 d:/mingw/bin/../lib/gcc/mingw32/4.5.2/../../../libmingw32.a(tlsthrd.o)
                0x00443590                __mingw_TLScallback
                0x00443620                ___w64_mingwthr_remove_key_dtor
                0x004436b0                ___w64_mingwthr_add_key_dtor
 .text          0x00443720        0x0 d:/mingw/bin/../lib/gcc/mingw32/4.5.2/../../../libmingw32.a(pseudo-reloc-list.o)
 .text          0x00443720       0x34 d:/mingw/bin/../lib/gcc/mingw32/4.5.2/libgcc.a(_chkstk.o)
                0x00443720                _alloca
                0x00443720                __chkstk
 .text          0x00443754      0x124 d:/mingw/bin/../lib/gcc/mingw32/4.5.2/libgcc.a(_umoddi3.o)
                0x00443754                __umoddi3
 .text          0x00443878      0x110 d:/mingw/bin/../lib/gcc/mingw32/4.5.2/libgcc.a(_udivdi3.o)
                0x00443878                __udivdi3
 .text          0x00443988        0x0 d:/mingw/bin/../lib/gcc/mingw32/4.5.2/libgcc.a(_ctors.o)
 .text          0x00443988        0x8 d:/mingw/bin/../lib/gcc/mingw32/4.5.2/../../../libmoldname.a(dgzls00084.o)
                0x00443988                strnicmp
 .text          0x00443990        0x8 d:/mingw/bin/../lib/gcc/mingw32/4.5.2/../../../libmoldname.a(dgzls00081.o)
                0x00443990                stricmp
 .text          0x00443998        0x0 d:/mingw/bin/../lib/gcc/mingw32/4.5.2/../../../libmoldname.a(dgzlh.o)
 .text          0x00443998        0x0 d:/mingw/bin/../lib/gcc/mingw32/4.5.2/../../../libmoldname.a(dgzlt.o)
 .text          0x00443998        0x0 d:/mingw/bin/../lib/gcc/mingw32/4.5.2/../../../libmsvcrt.a(duyms00590.o)
 .text          0x00443998        0x0 d:/mingw/bin/../lib/gcc/mingw32/4.5.2/../../../libmsvcrt.a(duyms00383.o)
 .text          0x00443998        0x0 d:/mingw/bin/../lib/gcc/mingw32/4.5.2/../../../libmsvcrt.a(duyms00266.o)
 .text          0x00443998        0x8 d:/mingw/bin/../lib/gcc/mingw32/4.5.2/../../../libmsvcrt.a(duyms00055.o)
                0x00443998                __getmainargs
 .text          0x004439a0        0x8 d:/mingw/bin/../lib/gcc/mingw32/4.5.2/../../../libmsvcrt.a(duyms00079.o)
                0x004439a0                __p__fmode
 .text          0x004439a8        0x8 d:/mingw/bin/../lib/gcc/mingw32/4.5.2/../../../libmsvcrt.a(duyms00077.o)
                0x004439a8                __p__environ
 .text          0x004439b0        0x8 d:/mingw/bin/../lib/gcc/mingw32/4.5.2/../../../libmsvcrt.a(duyms00147.o)
                0x004439b0                _cexit
 .text          0x004439b8        0x8 d:/mingw/bin/../lib/gcc/mingw32/4.5.2/../../../libmsvcrt.a(duyms00426.o)
                0x004439b8                _setmode
 .text          0x004439c0        0x8 d:/mingw/bin/../lib/gcc/mingw32/4.5.2/../../../libmsvcrt.a(duyms00706.o)
                0x004439c0                signal
 .text          0x004439c8        0x8 d:/mingw/bin/../lib/gcc/mingw32/4.5.2/../../../libmsvcrt.a(duyms00724.o)
                0x004439c8                strncpy
 .text          0x004439d0        0x8 d:/mingw/bin/../lib/gcc/mingw32/4.5.2/../../../libmsvcrt.a(duyms00715.o)
                0x004439d0                strcmp
 .text          0x004439d8        0x8 d:/mingw/bin/../lib/gcc/mingw32/4.5.2/../../../libmsvcrt.a(duyms00714.o)
                0x004439d8                strchr
 .text          0x004439e0        0x8 d:/mingw/bin/../lib/gcc/mingw32/4.5.2/../../../libmsvcrt.a(duyms00723.o)
                0x004439e0                strncmp
 .text          0x004439e8        0x8 d:/mingw/bin/../lib/gcc/mingw32/4.5.2/../../../libmsvcrt.a(duyms00592.o)
                0x004439e8                atoi
 .text          0x004439f0        0x8 d:/mingw/bin/../lib/gcc/mingw32/4.5.2/../../../libmsvcrt.a(duyms00618.o)
                0x004439f0                fopen
 .text          0x004439f8        0x8 d:/mingw/bin/../lib/gcc/mingw32/4.5.2/../../../libmsvcrt.a(duyms00611.o)
                0x004439f8                fgetc
 .text          0x00443a00        0x8 d:/mingw/bin/../lib/gcc/mingw32/4.5.2/../../../libmsvcrt.a(duyms00607.o)
                0x00443a00                fclose
 .text          0x00443a08        0x8 d:/mingw/bin/../lib/gcc/mingw32/4.5.2/../../../libmsvcrt.a(duyms00137.o)
                0x00443a08                _assert
 .text          0x00443a10        0x0 d:/mingw/bin/../lib/gcc/mingw32/4.5.2/../../../libmsvcrt.a(duyms00065.o)
 .text          0x00443a10        0x0 d:/mingw/bin/../lib/gcc/mingw32/4.5.2/../../../libmsvcrt.a(duyms00392.o)
 .text          0x00443a10        0x8 d:/mingw/bin/../lib/gcc/mingw32/4.5.2/../../../libmsvcrt.a(duyms00610.o)
                0x00443a10                fflush
 .text          0x00443a18        0x8 d:/mingw/bin/../lib/gcc/mingw32/4.5.2/../../../libmsvcrt.a(duyms00633.o)
                0x00443a18                fwrite
 .text          0x00443a20        0x8 d:/mingw/bin/../lib/gcc/mingw32/4.5.2/../../../libmsvcrt.a(duyms00720.o)
                0x00443a20                strftime
 .text          0x00443a28        0x8 d:/mingw/bin/../lib/gcc/mingw32/4.5.2/../../../libmsvcrt.a(duyms00742.o)
                0x00443a28                tolower
 .text          0x00443a30        0x8 d:/mingw/bin/../lib/gcc/mingw32/4.5.2/../../../libmsvcrt.a(duyms00619.o)
                0x00443a30                fprintf
 .text          0x00443a38        0x8 d:/mingw/bin/../lib/gcc/mingw32/4.5.2/../../../libmsvcrt.a(duyms00709.o)
                0x00443a38                sprintf
 .text          0x00443a40        0x8 d:/mingw/bin/../lib/gcc/mingw32/4.5.2/../../../libmsvcrt.a(duyms00268.o)
                0x00443a40                _isctype
 .text          0x00443a48        0x8 d:/mingw/bin/../lib/gcc/mingw32/4.5.2/../../../libmsvcrt.a(duyms00732.o)
                0x00443a48                strtoul
 .text          0x00443a50        0x8 d:/mingw/bin/../lib/gcc/mingw32/4.5.2/../../../libmsvcrt.a(duyms00731.o)
                0x00443a50                strtol
 .text          0x00443a58        0x8 d:/mingw/bin/../lib/gcc/mingw32/4.5.2/../../../libmsvcrt.a(duyms00676.o)
                0x00443a58                malloc
 .text          0x00443a60        0x8 d:/mingw/bin/../lib/gcc/mingw32/4.5.2/../../../libmsvcrt.a(duyms00717.o)
                0x00443a60                strcpy
 .text          0x00443a68        0x8 d:/mingw/bin/../lib/gcc/mingw32/4.5.2/../../../libmsvcrt.a(duyms00698.o)
                0x00443a68                realloc
 .text          0x00443a70        0x8 d:/mingw/bin/../lib/gcc/mingw32/4.5.2/../../../libmsvcrt.a(duyms00490.o)
                0x00443a70                _vsnprintf
 .text          0x00443a78        0x8 d:/mingw/bin/../lib/gcc/mingw32/4.5.2/../../../libmsvcrt.a(duyms00625.o)
                0x00443a78                free
 .text          0x00443a80        0x8 d:/mingw/bin/../lib/gcc/mingw32/4.5.2/../../../libmsvcrt.a(duyms00613.o)
                0x00443a80                fgets
 .text          0x00443a88        0x8 d:/mingw/bin/../lib/gcc/mingw32/4.5.2/../../../libmsvcrt.a(duyms00683.o)
                0x00443a88                memmove
 .text          0x00443a90        0x8 d:/mingw/bin/../lib/gcc/mingw32/4.5.2/../../../libmsvcrt.a(duyms00712.o)
                0x00443a90                sscanf
 .text          0x00443a98        0x8 d:/mingw/bin/../lib/gcc/mingw32/4.5.2/../../../libmsvcrt.a(duyms00692.o)
                0x00443a98                puts
 .text          0x00443aa0        0x8 d:/mingw/bin/../lib/gcc/mingw32/4.5.2/../../../libmsvcrt.a(duyms00689.o)
                0x00443aa0                printf
 .text          0x00443aa8        0x8 d:/mingw/bin/../lib/gcc/mingw32/4.5.2/../../../libmsvcrt.a(duyms00736.o)
                0x00443aa8                system
 .text          0x00443ab0        0x8 d:/mingw/bin/../lib/gcc/mingw32/4.5.2/../../../libmsvcrt.a(duyms00726.o)
                0x00443ab0                strrchr
 .text          0x00443ab8        0x8 d:/mingw/bin/../lib/gcc/mingw32/4.5.2/../../../libmsvcrt.a(duyms00727.o)
                0x00443ab8                strspn
 .text          0x00443ac0        0x8 d:/mingw/bin/../lib/gcc/mingw32/4.5.2/../../../libmsvcrt.a(duyms00718.o)
                0x00443ac0                strcspn
 .text          0x00443ac8        0x8 d:/mingw/bin/../lib/gcc/mingw32/4.5.2/../../../libmsvcrt.a(duyms00695.o)
                0x00443ac8                qsort
 .text          0x00443ad0        0x8 d:/mingw/bin/../lib/gcc/mingw32/4.5.2/../../../libmsvcrt.a(duyms00621.o)
                0x00443ad0                fputs
 .text          0x00443ad8        0x8 d:/mingw/bin/../lib/gcc/mingw32/4.5.2/../../../libmsvcrt.a(duyms00748.o)
                0x00443ad8                vfprintf
 .text          0x00443ae0        0x8 d:/mingw/bin/../lib/gcc/mingw32/4.5.2/../../../libmsvcrt.a(duyms00604.o)
                0x00443ae0                exit
 .text          0x00443ae8        0x8 d:/mingw/bin/../lib/gcc/mingw32/4.5.2/../../../libmsvcrt.a(duyms00681.o)
                0x00443ae8                memcmp
 .text          0x00443af0        0x8 d:/mingw/bin/../lib/gcc/mingw32/4.5.2/../../../libmsvcrt.a(duyms00620.o)
                0x00443af0                fputc
 .text          0x00443af8        0x8 d:/mingw/bin/../lib/gcc/mingw32/4.5.2/../../../libmsvcrt.a(duyms00680.o)
                0x00443af8                memchr
 .text          0x00443b00        0x8 d:/mingw/bin/../lib/gcc/mingw32/4.5.2/../../../libmsvcrt.a(duyms00583.o)
                0x00443b00                abort
 .text          0x00443b08        0x8 d:/mingw/bin/../lib/gcc/mingw32/4.5.2/../../../libmsvcrt.a(duyms00746.o)
                0x00443b08                ungetc
 .text          0x00443b10        0x8 d:/mingw/bin/../lib/gcc/mingw32/4.5.2/../../../libmsvcrt.a(duyms00624.o)
                0x00443b10                fread
 .text          0x00443b18        0x8 d:/mingw/bin/../lib/gcc/mingw32/4.5.2/../../../libmsvcrt.a(duyms00637.o)
                0x00443b18                getenv
 .text          0x00443b20        0x8 d:/mingw/bin/../lib/gcc/mingw32/4.5.2/../../../libmsvcrt.a(duyms00699.o)
                0x00443b20                remove
 .text          0x00443b28        0x8 d:/mingw/bin/../lib/gcc/mingw32/4.5.2/../../../libmsvcrt.a(duyms00739.o)
                0x00443b28                time
 .text          0x00443b30        0x0 d:/mingw/bin/../lib/gcc/mingw32/4.5.2/../../../libmsvcrt.a(duyms00538.o)
 .text          0x00443b30        0x8 d:/mingw/bin/../lib/gcc/mingw32/4.5.2/../../../libmsvcrt.a(duyms00682.o)
                0x00443b30                memcpy
 .text          0x00443b38        0x8 d:/mingw/bin/../lib/gcc/mingw32/4.5.2/../../../libmsvcrt.a(duyms00595.o)
                0x00443b38                calloc
 .text          0x00443b40        0x0 d:/mingw/bin/../lib/gcc/mingw32/4.5.2/../../../libmsvcrt.a(duymh.o)
 .text          0x00443b40        0x0 d:/mingw/bin/../lib/gcc/mingw32/4.5.2/../../../libmsvcrt.a(duymt.o)
 .text          0x00443b40        0x8 d:/mingw/bin/../lib/gcc/mingw32/4.5.2/../../../libkernel32.a(dchds01140.o)
                0x00443b40                SetUnhandledExceptionFilter@4
 .text          0x00443b48        0x8 d:/mingw/bin/../lib/gcc/mingw32/4.5.2/../../../libkernel32.a(dchds00279.o)
                0x00443b48                ExitProcess@4
 .text          0x00443b50        0x8 d:/mingw/bin/../lib/gcc/mingw32/4.5.2/../../../libkernel32.a(dchds00529.o)
                0x00443b50                GetModuleHandleA@4
 .text          0x00443b58        0x8 d:/mingw/bin/../lib/gcc/mingw32/4.5.2/../../../libkernel32.a(dchds00577.o)
                0x00443b58                GetProcAddress@8
 .text          0x00443b60        0x8 d:/mingw/bin/../lib/gcc/mingw32/4.5.2/../../../libkernel32.a(dchds00656.o)
                0x00443b60                GetTickCount@0
 .text          0x00443b68        0x8 d:/mingw/bin/../lib/gcc/mingw32/4.5.2/../../../libkernel32.a(dchds01267.o)
                0x00443b68                WriteFile@20
 .text          0x00443b70        0x8 d:/mingw/bin/../lib/gcc/mingw32/4.5.2/../../../libkernel32.a(dchds00608.o)
                0x00443b70                GetStdHandle@4
 .text          0x00443b78        0x8 d:/mingw/bin/../lib/gcc/mingw32/4.5.2/../../../libkernel32.a(dchds00426.o)
                0x00443b78                GetConsoleMode@8
 .text          0x00443b80        0x8 d:/mingw/bin/../lib/gcc/mingw32/4.5.2/../../../libkernel32.a(dchds01037.o)
                0x00443b80                SetConsoleMode@8
 .text          0x00443b88        0x8 d:/mingw/bin/../lib/gcc/mingw32/4.5.2/../../../libkernel32.a(dchds00947.o)
                0x00443b88                ReadFile@20
 .text          0x00443b90        0x8 d:/mingw/bin/../lib/gcc/mingw32/4.5.2/../../../libkernel32.a(dchds00817.o)
                0x00443b90                LoadLibraryA@4
 .text          0x00443b98        0x8 d:/mingw/bin/../lib/gcc/mingw32/4.5.2/../../../libkernel32.a(dchds00352.o)
                0x00443b98                FreeLibrary@4
 .text          0x00443ba0        0x8 d:/mingw/bin/../lib/gcc/mingw32/4.5.2/../../../libkernel32.a(dchds00082.o)
                0x00443ba0                CloseHandle@4
 .text          0x00443ba8        0x8 d:/mingw/bin/../lib/gcc/mingw32/4.5.2/../../../libkernel32.a(dchds01065.o)
                0x00443ba8                SetEvent@4
 .text          0x00443bb0        0x8 d:/mingw/bin/../lib/gcc/mingw32/4.5.2/../../../libkernel32.a(dchds01223.o)
                0x00443bb0                WaitForSingleObject@8
 .text          0x00443bb8        0x8 d:/mingw/bin/../lib/gcc/mingw32/4.5.2/../../../libkernel32.a(dchds00510.o)
                0x00443bb8                GetLastError@0
 .text          0x00443bc0        0x8 d:/mingw/bin/../lib/gcc/mingw32/4.5.2/../../../libkernel32.a(dchds00564.o)
                0x00443bc0                GetOverlappedResult@16
 .text          0x00443bc8        0x8 d:/mingw/bin/../lib/gcc/mingw32/4.5.2/../../../libkernel32.a(dchds00129.o)
                0x00443bc8                CreateEventA@16
 .text          0x00443bd0        0x8 d:/mingw/bin/../lib/gcc/mingw32/4.5.2/../../../libkernel32.a(dchds00179.o)
                0x00443bd0                CreateThread@24
 .text          0x00443bd8        0x8 d:/mingw/bin/../lib/gcc/mingw32/4.5.2/../../../libkernel32.a(dchds00671.o)
                0x00443bd8                GetVersionExA@4
 .text          0x00443be0        0x8 d:/mingw/bin/../lib/gcc/mingw32/4.5.2/../../../libkernel32.a(dchds00619.o)
                0x00443be0                GetSystemDirectoryA@8
 .text          0x00443be8        0x8 d:/mingw/bin/../lib/gcc/mingw32/4.5.2/../../../libkernel32.a(dchds00016.o)
                0x00443be8                AllocConsole@0
 .text          0x00443bf0        0x8 d:/mingw/bin/../lib/gcc/mingw32/4.5.2/../../../libkernel32.a(dchds00682.o)
                0x00443bf0                GetWindowsDirectoryA@8
 .text          0x00443bf8        0x8 d:/mingw/bin/../lib/gcc/mingw32/4.5.2/../../../libkernel32.a(dchds00304.o)
                0x00443bf8                FindFirstFileA@8
 .text          0x00443c00        0x8 d:/mingw/bin/../lib/gcc/mingw32/4.5.2/../../../libkernel32.a(dchds00321.o)
                0x00443c00                FindNextFileA@8
 .text          0x00443c08        0x8 d:/mingw/bin/../lib/gcc/mingw32/4.5.2/../../../libkernel32.a(dchds00300.o)
                0x00443c08                FindClose@4
 .text          0x00443c10        0x8 d:/mingw/bin/../lib/gcc/mingw32/4.5.2/../../../libkernel32.a(dchds00447.o)
                0x00443c10                GetCurrentProcessId@0
 .text          0x00443c18        0x8 d:/mingw/bin/../lib/gcc/mingw32/4.5.2/../../../libkernel32.a(dchds00627.o)
                0x00443c18                GetSystemTime@4
 .text          0x00443c20        0x8 d:/mingw/bin/../lib/gcc/mingw32/4.5.2/../../../libkernel32.a(dchds00628.o)
                0x00443c20                GetSystemTimeAdjustment@12
 .text          0x00443c28        0x8 d:/mingw/bin/../lib/gcc/mingw32/4.5.2/../../../libkernel32.a(dchds00699.o)
                0x00443c28                GlobalMemoryStatus@4
 .text          0x00443c30        0x8 d:/mingw/bin/../lib/gcc/mingw32/4.5.2/../../../libkernel32.a(dchds00450.o)
                0x00443c30                GetCurrentThread@0
 .text          0x00443c38        0x8 d:/mingw/bin/../lib/gcc/mingw32/4.5.2/../../../libkernel32.a(dchds00653.o)
                0x00443c38                GetThreadTimes@20
 .text          0x00443c40        0x8 d:/mingw/bin/../lib/gcc/mingw32/4.5.2/../../../libkernel32.a(dchds00446.o)
                0x00443c40                GetCurrentProcess@0
 .text          0x00443c48        0x8 d:/mingw/bin/../lib/gcc/mingw32/4.5.2/../../../libkernel32.a(dchds00590.o)
                0x00443c48                GetProcessTimes@20
 .text          0x00443c50        0x8 d:/mingw/bin/../lib/gcc/mingw32/4.5.2/../../../libkernel32.a(dchds00922.o)
                0x00443c50                QueryPerformanceCounter@4
 .text          0x00443c58        0x8 d:/mingw/bin/../lib/gcc/mingw32/4.5.2/../../../libkernel32.a(dchds00885.o)
                0x00443c58                OpenProcess@12
 .text          0x00443c60        0x8 d:/mingw/bin/../lib/gcc/mingw32/4.5.2/../../../libkernel32.a(dchds00829.o)
                0x00443c60                LocalFree@4
 .text          0x00443c68        0x8 d:/mingw/bin/../lib/gcc/mingw32/4.5.2/../../../libkernel32.a(dchds00825.o)
                0x00443c68                LocalAlloc@8
 .text          0x00443c70        0x8 d:/mingw/bin/../lib/gcc/mingw32/4.5.2/../../../libkernel32.a(dchds00451.o)
                0x00443c70                GetCurrentThreadId@0
 .text          0x00443c78        0x8 d:/mingw/bin/../lib/gcc/mingw32/4.5.2/../../../libkernel32.a(dchds00136.o)
                0x00443c78                CreateFileMappingA@24
 .text          0x00443c80        0x8 d:/mingw/bin/../lib/gcc/mingw32/4.5.2/../../../libkernel32.a(dchds00844.o)
                0x00443c80                MapViewOfFile@20
 .text          0x00443c88        0x8 d:/mingw/bin/../lib/gcc/mingw32/4.5.2/../../../libkernel32.a(dchds01188.o)
                0x00443c88                UnmapViewOfFile@4
 .text          0x00443c90        0x8 d:/mingw/bin/../lib/gcc/mingw32/4.5.2/../../../libkernel32.a(dchds00160.o)
                0x00443c90                CreatePipe@16
 .text          0x00443c98        0x8 d:/mingw/bin/../lib/gcc/mingw32/4.5.2/../../../libkernel32.a(dchds01088.o)
                0x00443c98                SetHandleInformation@12
 .text          0x00443ca0        0x8 d:/mingw/bin/../lib/gcc/mingw32/4.5.2/../../../libkernel32.a(dchds00163.o)
                0x00443ca0                CreateProcessA@40
 .text          0x00443ca8        0x8 d:/mingw/bin/../lib/gcc/mingw32/4.5.2/../../../libkernel32.a(dchds01052.o)
                0x00443ca8                SetCurrentDirectoryA@4
 .text          0x00443cb0        0x8 d:/mingw/bin/../lib/gcc/mingw32/4.5.2/../../../libkernel32.a(dchds00347.o)
                0x00443cb0                FormatMessageA@28
 .text          0x00443cb8        0x8 d:/mingw/bin/../lib/gcc/mingw32/4.5.2/../../../libkernel32.a(dchds00444.o)
                0x00443cb8                GetCurrentDirectoryA@8
 .text          0x00443cc0        0x8 d:/mingw/bin/../lib/gcc/mingw32/4.5.2/../../../libkernel32.a(dchds00135.o)
                0x00443cc0                CreateFileA@28
 .text          0x00443cc8        0x8 d:/mingw/bin/../lib/gcc/mingw32/4.5.2/../../../libkernel32.a(dchds00492.o)
                0x00443cc8                GetFileSize@8
 .text          0x00443cd0        0x8 d:/mingw/bin/../lib/gcc/mingw32/4.5.2/../../../libkernel32.a(dchds00494.o)
                0x00443cd0                GetFileTime@16
 .text          0x00443cd8        0x8 d:/mingw/bin/../lib/gcc/mingw32/4.5.2/../../../libkernel32.a(dchds01082.o)
                0x00443cd8                SetFileTime@16
 .text          0x00443ce0        0x8 d:/mingw/bin/../lib/gcc/mingw32/4.5.2/../../../libkernel32.a(dchds01078.o)
                0x00443ce0                SetFilePointer@16
 .text          0x00443ce8        0x8 d:/mingw/bin/../lib/gcc/mingw32/4.5.2/../../../libkernel32.a(dchds00481.o)
                0x00443ce8                GetFileAttributesA@4
 .text          0x00443cf0        0x8 d:/mingw/bin/../lib/gcc/mingw32/4.5.2/../../../libkernel32.a(dchds00123.o)
                0x00443cf0                CreateDirectoryA@8
 .text          0x00443cf8        0x8 d:/mingw/bin/../lib/gcc/mingw32/4.5.2/../../../libkernel32.a(dchds01221.o)
                0x00443cf8                WaitForMultipleObjects@16
 .text          0x00443d00        0x8 d:/mingw/bin/../lib/gcc/mingw32/4.5.2/../../../libkernel32.a(dchds00473.o)
                0x00443d00                GetEnvironmentVariableA@12
 .text          0x00443d08        0x8 d:/mingw/bin/../lib/gcc/mingw32/4.5.2/../../../libkernel32.a(dchds00511.o)
                0x00443d08                GetLocalTime@4
 .text          0x00443d10        0x8 d:/mingw/bin/../lib/gcc/mingw32/4.5.2/../../../libkernel32.a(dchds01215.o)
                0x00443d10                VirtualQuery@12
 .text          0x00443d18        0x8 d:/mingw/bin/../lib/gcc/mingw32/4.5.2/../../../libkernel32.a(dchds01213.o)
                0x00443d18                VirtualProtect@16
 .text          0x00443d20        0x8 d:/mingw/bin/../lib/gcc/mingw32/4.5.2/../../../libkernel32.a(dchds01173.o)
                0x00443d20                TlsGetValue@4
 .text          0x00443d28        0x8 d:/mingw/bin/../lib/gcc/mingw32/4.5.2/../../../libkernel32.a(dchds00207.o)
                0x00443d28                DeleteCriticalSection@4
 .text          0x00443d30        0x8 d:/mingw/bin/../lib/gcc/mingw32/4.5.2/../../../libkernel32.a(dchds00734.o)
                0x00443d30                InitializeCriticalSection@4
 .text          0x00443d38        0x8 d:/mingw/bin/../lib/gcc/mingw32/4.5.2/../../../libkernel32.a(dchds00236.o)
                0x00443d38                EnterCriticalSection@4
 .text          0x00443d40        0x8 d:/mingw/bin/../lib/gcc/mingw32/4.5.2/../../../libkernel32.a(dchds00814.o)
                0x00443d40                LeaveCriticalSection@4
 .text          0x00443d48        0x0 d:/mingw/bin/../lib/gcc/mingw32/4.5.2/../../../libkernel32.a(dchdh.o)
 .text          0x00443d48        0x0 d:/mingw/bin/../lib/gcc/mingw32/4.5.2/../../../libkernel32.a(dchdt.o)
 .text          0x00443d48       0x1c d:/mingw/bin/../lib/gcc/mingw32/4.5.2/crtend.o
 *(SORT(.text$*))
 *(.text.*)
 *(.glue_7t)
 *(.glue_7)
                0x00443d64                ___CTOR_LIST__ = .
                0x00443d64                __CTOR_LIST__ = .
                0x00443d64        0x4 LONG 0xffffffff
 *(.ctors)
 *(.ctor)
 *(SORT(.ctors.*))
 .ctors.65535   0x00443d68        0x4 d:/mingw/bin/../lib/gcc/mingw32/4.5.2/crtend.o
                0x00443d6c        0x4 LONG 0x0
                0x00443d70                ___DTOR_LIST__ = .
                0x00443d70                __DTOR_LIST__ = .
                0x00443d70        0x4 LONG 0xffffffff
 *(.dtors)
 *(.dtor)
 *(SORT(.dtors.*))
                0x00443d74        0x4 LONG 0x0
 *(.fini)
 *(.gcc_exc)
                0x00443d78                PROVIDE (etext, .)
 *(.gcc_except_table)

.data           0x00444000      0x400
                0x00444000                __data_start__ = .
 *(.data)
 .data          0x00444000        0x0 d:/mingw/bin/../lib/gcc/mingw32/4.5.2/../../../crt2.o
 .data          0x00444000        0x0 d:/mingw/bin/../lib/gcc/mingw32/4.5.2/crtbegin.o
 .data          0x00444000        0x8 be_ssh.o
                0x00444000                backends
 .data          0x00444008        0x0 cmdline.o
 .data          0x00444008        0x0 cproxy.o
 .data          0x00444008        0x0 int64.o
 .data          0x00444008        0x0 logging.o
 .data          0x00444008        0x0 misc.o
 .data          0x00444008       0x24 pgssapi.o
                0x00444008                GSS_C_NT_USER_NAME
                0x0044400c                GSS_C_NT_MACHINE_UID_NAME
                0x00444010                GSS_C_NT_STRING_UID_NAME
                0x00444014                GSS_C_NT_HOSTBASED_SERVICE_X
                0x00444018                GSS_C_NT_HOSTBASED_SERVICE
                0x0044401c                GSS_C_NT_ANONYMOUS
                0x00444020                GSS_C_NT_EXPORT_NAME
 .data          0x0044402c        0x0 pinger.o
 .data          0x0044402c        0x0 portfwd.o
 .data          0x0044402c        0x0 proxy.o
 *fill*         0x0044402c       0x14 00
 .data          0x00444040      0x240 psftp.o
 .data          0x00444280        0x0 settings.o
 .data          0x00444280        0x0 sftp.o
 .data          0x00444280       0xc0 ssh.o
                0x00444280                ssh_backend
 .data          0x00444340        0x0 sshaes.o
 .data          0x00444340        0x0 ssharcf.o
 .data          0x00444340        0x0 sshblowf.o
 .data          0x00444340       0x10 sshbn.o
                0x00444340                bnOne
                0x00444348                Zero
                0x0044434c                One
 .data          0x00444350        0x0 sshcrc.o
 .data          0x00444350        0x4 sshcrcda.o
                0x00444350                ONE
 .data          0x00444354        0x0 sshdes.o
 .data          0x00444354        0x0 sshdh.o
 .data          0x00444354        0x0 sshdss.o
 .data          0x00444354        0x0 sshgssc.o
 .data          0x00444354        0x0 sshmd5.o
 .data          0x00444354        0x0 sshpubk.o
 .data          0x00444354        0x0 sshrand.o
 .data          0x00444354        0x0 sshrsa.o
 .data          0x00444354        0x0 sshsh256.o
 .data          0x00444354        0x0 sshsh512.o
 .data          0x00444354        0x0 sshsha.o
 .data          0x00444354        0x0 sshzlib.o
 .data          0x00444354        0x0 timing.o
 .data          0x00444354        0x0 tree234.o
 .data          0x00444354       0x20 version.o
                0x00444354                ver
                0x00444361                sshver
 .data          0x00444374        0x0 wildcard.o
 .data          0x00444374        0x0 wincons.o
 .data          0x00444374        0x0 windefs.o
 .data          0x00444374        0x0 wingss.o
 .data          0x00444374        0x0 winhandl.o
 .data          0x00444374        0x4 winmisc.o
 .data          0x00444378        0x0 winnet.o
 .data          0x00444378        0x0 winnoise.o
 .data          0x00444378        0x0 winnojmp.o
 .data          0x00444378        0x0 winpgntc.o
 .data          0x00444378        0x0 winproxy.o
 .data          0x00444378        0x8 winsftp.o
 .data          0x00444380        0x0 winstore.o
 .data          0x00444380        0x0 wintime.o
 .data          0x00444380        0x0 x11fwd.o
 .data          0x00444380        0x0 d:/mingw/bin/../lib/gcc/mingw32/4.5.2/../../../libadvapi32.a(dgxgs00412.o)
 .data          0x00444380        0x0 d:/mingw/bin/../lib/gcc/mingw32/4.5.2/../../../libadvapi32.a(dgxgs00423.o)
 .data          0x00444380        0x0 d:/mingw/bin/../lib/gcc/mingw32/4.5.2/../../../libadvapi32.a(dgxgs00386.o)
 .data          0x00444380        0x0 d:/mingw/bin/../lib/gcc/mingw32/4.5.2/../../../libadvapi32.a(dgxgs00245.o)
 .data          0x00444380        0x0 d:/mingw/bin/../lib/gcc/mingw32/4.5.2/../../../libadvapi32.a(dgxgs00196.o)
 .data          0x00444380        0x0 d:/mingw/bin/../lib/gcc/mingw32/4.5.2/../../../libadvapi32.a(dgxgs00083.o)
 .data          0x00444380        0x0 d:/mingw/bin/../lib/gcc/mingw32/4.5.2/../../../libadvapi32.a(dgxgs00393.o)
 .data          0x00444380        0x0 d:/mingw/bin/../lib/gcc/mingw32/4.5.2/../../../libadvapi32.a(dgxgs00400.o)
 .data          0x00444380        0x0 d:/mingw/bin/../lib/gcc/mingw32/4.5.2/../../../libadvapi32.a(dgxgs00389.o)
 .data          0x00444380        0x0 d:/mingw/bin/../lib/gcc/mingw32/4.5.2/../../../libadvapi32.a(dgxgs00434.o)
 .data          0x00444380        0x0 d:/mingw/bin/../lib/gcc/mingw32/4.5.2/../../../libadvapi32.a(dgxgs00390.o)
 .data          0x00444380        0x0 d:/mingw/bin/../lib/gcc/mingw32/4.5.2/../../../libadvapi32.a(dgxgs00397.o)
 .data          0x00444380        0x0 d:/mingw/bin/../lib/gcc/mingw32/4.5.2/../../../libadvapi32.a(dgxgh.o)
 .data          0x00444380        0x0 d:/mingw/bin/../lib/gcc/mingw32/4.5.2/../../../libadvapi32.a(dgxgt.o)
 .data          0x00444380        0x0 d:/mingw/bin/../lib/gcc/mingw32/4.5.2/../../../libuser32.a(daois00259.o)
 .data          0x00444380        0x0 d:/mingw/bin/../lib/gcc/mingw32/4.5.2/../../../libuser32.a(daois00224.o)
 .data          0x00444380        0x0 d:/mingw/bin/../lib/gcc/mingw32/4.5.2/../../../libuser32.a(daois00241.o)
 .data          0x00444380        0x0 d:/mingw/bin/../lib/gcc/mingw32/4.5.2/../../../libuser32.a(daois00310.o)
 .data          0x00444380        0x0 d:/mingw/bin/../lib/gcc/mingw32/4.5.2/../../../libuser32.a(daois00247.o)
 .data          0x00444380        0x0 d:/mingw/bin/../lib/gcc/mingw32/4.5.2/../../../libuser32.a(daois00210.o)
 .data          0x00444380        0x0 d:/mingw/bin/../lib/gcc/mingw32/4.5.2/../../../libuser32.a(daois00508.o)
 .data          0x00444380        0x0 d:/mingw/bin/../lib/gcc/mingw32/4.5.2/../../../libuser32.a(daoih.o)
 .data          0x00444380        0x0 d:/mingw/bin/../lib/gcc/mingw32/4.5.2/../../../libuser32.a(daoit.o)
 .data          0x00444380        0x0 d:/mingw/bin/../lib/gcc/mingw32/4.5.2/../../../libmingw32.a(tlssup.o)
 .data          0x00444380        0x4 d:/mingw/bin/../lib/gcc/mingw32/4.5.2/../../../libmingw32.a(CRTglob.o)
                0x00444380                _CRT_glob
 .data          0x00444384        0x0 d:/mingw/bin/../lib/gcc/mingw32/4.5.2/../../../libmingw32.a(CRTfmode.o)
 .data          0x00444384        0x4 d:/mingw/bin/../lib/gcc/mingw32/4.5.2/../../../libmingw32.a(txtmode.o)
                0x00444384                _fmode
 .data          0x00444388        0x0 d:/mingw/bin/../lib/gcc/mingw32/4.5.2/../../../libmingw32.a(cpu_features.o)
 .data          0x00444388        0x0 d:/mingw/bin/../lib/gcc/mingw32/4.5.2/../../../libmingw32.a(pseudo-reloc.o)
 .data          0x00444388        0x4 d:/mingw/bin/../lib/gcc/mingw32/4.5.2/../../../libmingw32.a(gccmain.o)
 .data          0x0044438c        0x0 d:/mingw/bin/../lib/gcc/mingw32/4.5.2/../../../libmingw32.a(CRT_fp10.o)
 .data          0x0044438c        0x0 d:/mingw/bin/../lib/gcc/mingw32/4.5.2/../../../libmingw32.a(crtst.o)
 .data          0x0044438c        0x0 d:/mingw/bin/../lib/gcc/mingw32/4.5.2/../../../libmingw32.a(tlsthrd.o)
 .data          0x0044438c        0x0 d:/mingw/bin/../lib/gcc/mingw32/4.5.2/../../../libmingw32.a(pseudo-reloc-list.o)
 .data          0x0044438c        0x0 d:/mingw/bin/../lib/gcc/mingw32/4.5.2/libgcc.a(_chkstk.o)
 .data          0x0044438c        0x0 d:/mingw/bin/../lib/gcc/mingw32/4.5.2/libgcc.a(_umoddi3.o)
 .data          0x0044438c        0x0 d:/mingw/bin/../lib/gcc/mingw32/4.5.2/libgcc.a(_udivdi3.o)
 .data          0x0044438c        0x0 d:/mingw/bin/../lib/gcc/mingw32/4.5.2/libgcc.a(_ctors.o)
 .data          0x0044438c        0x0 d:/mingw/bin/../lib/gcc/mingw32/4.5.2/../../../libmoldname.a(dgzls00084.o)
 .data          0x0044438c        0x0 d:/mingw/bin/../lib/gcc/mingw32/4.5.2/../../../libmoldname.a(dgzls00081.o)
 .data          0x0044438c        0x0 d:/mingw/bin/../lib/gcc/mingw32/4.5.2/../../../libmoldname.a(dgzlh.o)
 .data          0x0044438c        0x0 d:/mingw/bin/../lib/gcc/mingw32/4.5.2/../../../libmoldname.a(dgzlt.o)
 .data          0x0044438c        0x0 d:/mingw/bin/../lib/gcc/mingw32/4.5.2/../../../libmsvcrt.a(duyms00590.o)
 .data          0x0044438c        0x0 d:/mingw/bin/../lib/gcc/mingw32/4.5.2/../../../libmsvcrt.a(duyms00383.o)
 .data          0x0044438c        0x0 d:/mingw/bin/../lib/gcc/mingw32/4.5.2/../../../libmsvcrt.a(duyms00266.o)
 .data          0x0044438c        0x0 d:/mingw/bin/../lib/gcc/mingw32/4.5.2/../../../libmsvcrt.a(duyms00099.o)
 .data          0x0044438c        0x0 d:/mingw/bin/../lib/gcc/mingw32/4.5.2/../../../libmsvcrt.a(duyms00055.o)
 .data          0x0044438c        0x0 d:/mingw/bin/../lib/gcc/mingw32/4.5.2/../../../libmsvcrt.a(duyms00079.o)
 .data          0x0044438c        0x0 d:/mingw/bin/../lib/gcc/mingw32/4.5.2/../../../libmsvcrt.a(duyms00077.o)
 .data          0x0044438c        0x0 d:/mingw/bin/../lib/gcc/mingw32/4.5.2/../../../libmsvcrt.a(duyms00147.o)
 .data          0x0044438c        0x0 d:/mingw/bin/../lib/gcc/mingw32/4.5.2/../../../libmsvcrt.a(duyms00426.o)
 .data          0x0044438c        0x0 d:/mingw/bin/../lib/gcc/mingw32/4.5.2/../../../libmsvcrt.a(duyms00706.o)
 .data          0x0044438c        0x0 d:/mingw/bin/../lib/gcc/mingw32/4.5.2/../../../libmsvcrt.a(duyms00724.o)
 .data          0x0044438c        0x0 d:/mingw/bin/../lib/gcc/mingw32/4.5.2/../../../libmsvcrt.a(duyms00715.o)
 .data          0x0044438c        0x0 d:/mingw/bin/../lib/gcc/mingw32/4.5.2/../../../libmsvcrt.a(duyms00714.o)
 .data          0x0044438c        0x0 d:/mingw/bin/../lib/gcc/mingw32/4.5.2/../../../libmsvcrt.a(duyms00723.o)
 .data          0x0044438c        0x0 d:/mingw/bin/../lib/gcc/mingw32/4.5.2/../../../libmsvcrt.a(duyms00592.o)
 .data          0x0044438c        0x0 d:/mingw/bin/../lib/gcc/mingw32/4.5.2/../../../libmsvcrt.a(duyms00618.o)
 .data          0x0044438c        0x0 d:/mingw/bin/../lib/gcc/mingw32/4.5.2/../../../libmsvcrt.a(duyms00611.o)
 .data          0x0044438c        0x0 d:/mingw/bin/../lib/gcc/mingw32/4.5.2/../../../libmsvcrt.a(duyms00607.o)
 .data          0x0044438c        0x0 d:/mingw/bin/../lib/gcc/mingw32/4.5.2/../../../libmsvcrt.a(duyms00137.o)
 .data          0x0044438c        0x0 d:/mingw/bin/../lib/gcc/mingw32/4.5.2/../../../libmsvcrt.a(duyms00065.o)
 .data          0x0044438c        0x0 d:/mingw/bin/../lib/gcc/mingw32/4.5.2/../../../libmsvcrt.a(duyms00392.o)
 .data          0x0044438c        0x0 d:/mingw/bin/../lib/gcc/mingw32/4.5.2/../../../libmsvcrt.a(duyms00610.o)
 .data          0x0044438c        0x0 d:/mingw/bin/../lib/gcc/mingw32/4.5.2/../../../libmsvcrt.a(duyms00633.o)
 .data          0x0044438c        0x0 d:/mingw/bin/../lib/gcc/mingw32/4.5.2/../../../libmsvcrt.a(duyms00720.o)
 .data          0x0044438c        0x0 d:/mingw/bin/../lib/gcc/mingw32/4.5.2/../../../libmsvcrt.a(duyms00742.o)
 .data          0x0044438c        0x0 d:/mingw/bin/../lib/gcc/mingw32/4.5.2/../../../libmsvcrt.a(duyms00619.o)
 .data          0x0044438c        0x0 d:/mingw/bin/../lib/gcc/mingw32/4.5.2/../../../libmsvcrt.a(duyms00709.o)
 .data          0x0044438c        0x0 d:/mingw/bin/../lib/gcc/mingw32/4.5.2/../../../libmsvcrt.a(duyms00268.o)
 .data          0x0044438c        0x0 d:/mingw/bin/../lib/gcc/mingw32/4.5.2/../../../libmsvcrt.a(duyms00732.o)
 .data          0x0044438c        0x0 d:/mingw/bin/../lib/gcc/mingw32/4.5.2/../../../libmsvcrt.a(duyms00731.o)
 .data          0x0044438c        0x0 d:/mingw/bin/../lib/gcc/mingw32/4.5.2/../../../libmsvcrt.a(duyms00676.o)
 .data          0x0044438c        0x0 d:/mingw/bin/../lib/gcc/mingw32/4.5.2/../../../libmsvcrt.a(duyms00717.o)
 .data          0x0044438c        0x0 d:/mingw/bin/../lib/gcc/mingw32/4.5.2/../../../libmsvcrt.a(duyms00698.o)
 .data          0x0044438c        0x0 d:/mingw/bin/../lib/gcc/mingw32/4.5.2/../../../libmsvcrt.a(duyms00490.o)
 .data          0x0044438c        0x0 d:/mingw/bin/../lib/gcc/mingw32/4.5.2/../../../libmsvcrt.a(duyms00625.o)
 .data          0x0044438c        0x0 d:/mingw/bin/../lib/gcc/mingw32/4.5.2/../../../libmsvcrt.a(duyms00613.o)
 .data          0x0044438c        0x0 d:/mingw/bin/../lib/gcc/mingw32/4.5.2/../../../libmsvcrt.a(duyms00683.o)
 .data          0x0044438c        0x0 d:/mingw/bin/../lib/gcc/mingw32/4.5.2/../../../libmsvcrt.a(duyms00712.o)
 .data          0x0044438c        0x0 d:/mingw/bin/../lib/gcc/mingw32/4.5.2/../../../libmsvcrt.a(duyms00692.o)
 .data          0x0044438c        0x0 d:/mingw/bin/../lib/gcc/mingw32/4.5.2/../../../libmsvcrt.a(duyms00689.o)
 .data          0x0044438c        0x0 d:/mingw/bin/../lib/gcc/mingw32/4.5.2/../../../libmsvcrt.a(duyms00736.o)
 .data          0x0044438c        0x0 d:/mingw/bin/../lib/gcc/mingw32/4.5.2/../../../libmsvcrt.a(duyms00726.o)
 .data          0x0044438c        0x0 d:/mingw/bin/../lib/gcc/mingw32/4.5.2/../../../libmsvcrt.a(duyms00727.o)
 .data          0x0044438c        0x0 d:/mingw/bin/../lib/gcc/mingw32/4.5.2/../../../libmsvcrt.a(duyms00718.o)
 .data          0x0044438c        0x0 d:/mingw/bin/../lib/gcc/mingw32/4.5.2/../../../libmsvcrt.a(duyms00695.o)
 .data          0x0044438c        0x0 d:/mingw/bin/../lib/gcc/mingw32/4.5.2/../../../libmsvcrt.a(duyms00621.o)
 .data          0x0044438c        0x0 d:/mingw/bin/../lib/gcc/mingw32/4.5.2/../../../libmsvcrt.a(duyms00748.o)
 .data          0x0044438c        0x0 d:/mingw/bin/../lib/gcc/mingw32/4.5.2/../../../libmsvcrt.a(duyms00604.o)
 .data          0x0044438c        0x0 d:/mingw/bin/../lib/gcc/mingw32/4.5.2/../../../libmsvcrt.a(duyms00681.o)
 .data          0x0044438c        0x0 d:/mingw/bin/../lib/gcc/mingw32/4.5.2/../../../libmsvcrt.a(duyms00620.o)
 .data          0x0044438c        0x0 d:/mingw/bin/../lib/gcc/mingw32/4.5.2/../../../libmsvcrt.a(duyms00680.o)
 .data          0x0044438c        0x0 d:/mingw/bin/../lib/gcc/mingw32/4.5.2/../../../libmsvcrt.a(duyms00583.o)
 .data          0x0044438c        0x0 d:/mingw/bin/../lib/gcc/mingw32/4.5.2/../../../libmsvcrt.a(duyms00746.o)
 .data          0x0044438c        0x0 d:/mingw/bin/../lib/gcc/mingw32/4.5.2/../../../libmsvcrt.a(duyms00624.o)
 .data          0x0044438c        0x0 d:/mingw/bin/../lib/gcc/mingw32/4.5.2/../../../libmsvcrt.a(duyms00637.o)
 .data          0x0044438c        0x0 d:/mingw/bin/../lib/gcc/mingw32/4.5.2/../../../libmsvcrt.a(duyms00699.o)
 .data          0x0044438c        0x0 d:/mingw/bin/../lib/gcc/mingw32/4.5.2/../../../libmsvcrt.a(duyms00739.o)
 .data          0x0044438c        0x0 d:/mingw/bin/../lib/gcc/mingw32/4.5.2/../../../libmsvcrt.a(duyms00538.o)
 .data          0x0044438c        0x0 d:/mingw/bin/../lib/gcc/mingw32/4.5.2/../../../libmsvcrt.a(duyms00682.o)
 .data          0x0044438c        0x0 d:/mingw/bin/../lib/gcc/mingw32/4.5.2/../../../libmsvcrt.a(duyms00595.o)
 .data          0x0044438c        0x0 d:/mingw/bin/../lib/gcc/mingw32/4.5.2/../../../libmsvcrt.a(duymh.o)
 .data          0x0044438c        0x0 d:/mingw/bin/../lib/gcc/mingw32/4.5.2/../../../libmsvcrt.a(duymt.o)
 .data          0x0044438c        0x0 d:/mingw/bin/../lib/gcc/mingw32/4.5.2/../../../libkernel32.a(dchds01140.o)
 .data          0x0044438c        0x0 d:/mingw/bin/../lib/gcc/mingw32/4.5.2/../../../libkernel32.a(dchds00279.o)
 .data          0x0044438c        0x0 d:/mingw/bin/../lib/gcc/mingw32/4.5.2/../../../libkernel32.a(dchds00529.o)
 .data          0x0044438c        0x0 d:/mingw/bin/../lib/gcc/mingw32/4.5.2/../../../libkernel32.a(dchds00577.o)
 .data          0x0044438c        0x0 d:/mingw/bin/../lib/gcc/mingw32/4.5.2/../../../libkernel32.a(dchds00656.o)
 .data          0x0044438c        0x0 d:/mingw/bin/../lib/gcc/mingw32/4.5.2/../../../libkernel32.a(dchds01267.o)
 .data          0x0044438c        0x0 d:/mingw/bin/../lib/gcc/mingw32/4.5.2/../../../libkernel32.a(dchds00608.o)
 .data          0x0044438c        0x0 d:/mingw/bin/../lib/gcc/mingw32/4.5.2/../../../libkernel32.a(dchds00426.o)
 .data          0x0044438c        0x0 d:/mingw/bin/../lib/gcc/mingw32/4.5.2/../../../libkernel32.a(dchds01037.o)
 .data          0x0044438c        0x0 d:/mingw/bin/../lib/gcc/mingw32/4.5.2/../../../libkernel32.a(dchds00947.o)
 .data          0x0044438c        0x0 d:/mingw/bin/../lib/gcc/mingw32/4.5.2/../../../libkernel32.a(dchds00817.o)
 .data          0x0044438c        0x0 d:/mingw/bin/../lib/gcc/mingw32/4.5.2/../../../libkernel32.a(dchds00352.o)
 .data          0x0044438c        0x0 d:/mingw/bin/../lib/gcc/mingw32/4.5.2/../../../libkernel32.a(dchds00082.o)
 .data          0x0044438c        0x0 d:/mingw/bin/../lib/gcc/mingw32/4.5.2/../../../libkernel32.a(dchds01065.o)
 .data          0x0044438c        0x0 d:/mingw/bin/../lib/gcc/mingw32/4.5.2/../../../libkernel32.a(dchds01223.o)
 .data          0x0044438c        0x0 d:/mingw/bin/../lib/gcc/mingw32/4.5.2/../../../libkernel32.a(dchds00510.o)
 .data          0x0044438c        0x0 d:/mingw/bin/../lib/gcc/mingw32/4.5.2/../../../libkernel32.a(dchds00564.o)
 .data          0x0044438c        0x0 d:/mingw/bin/../lib/gcc/mingw32/4.5.2/../../../libkernel32.a(dchds00129.o)
 .data          0x0044438c        0x0 d:/mingw/bin/../lib/gcc/mingw32/4.5.2/../../../libkernel32.a(dchds00179.o)
 .data          0x0044438c        0x0 d:/mingw/bin/../lib/gcc/mingw32/4.5.2/../../../libkernel32.a(dchds00671.o)
 .data          0x0044438c        0x0 d:/mingw/bin/../lib/gcc/mingw32/4.5.2/../../../libkernel32.a(dchds00619.o)
 .data          0x0044438c        0x0 d:/mingw/bin/../lib/gcc/mingw32/4.5.2/../../../libkernel32.a(dchds00016.o)
 .data          0x0044438c        0x0 d:/mingw/bin/../lib/gcc/mingw32/4.5.2/../../../libkernel32.a(dchds00682.o)
 .data          0x0044438c        0x0 d:/mingw/bin/../lib/gcc/mingw32/4.5.2/../../../libkernel32.a(dchds00304.o)
 .data          0x0044438c        0x0 d:/mingw/bin/../lib/gcc/mingw32/4.5.2/../../../libkernel32.a(dchds00321.o)
 .data          0x0044438c        0x0 d:/mingw/bin/../lib/gcc/mingw32/4.5.2/../../../libkernel32.a(dchds00300.o)
 .data          0x0044438c        0x0 d:/mingw/bin/../lib/gcc/mingw32/4.5.2/../../../libkernel32.a(dchds00447.o)
 .data          0x0044438c        0x0 d:/mingw/bin/../lib/gcc/mingw32/4.5.2/../../../libkernel32.a(dchds00627.o)
 .data          0x0044438c        0x0 d:/mingw/bin/../lib/gcc/mingw32/4.5.2/../../../libkernel32.a(dchds00628.o)
 .data          0x0044438c        0x0 d:/mingw/bin/../lib/gcc/mingw32/4.5.2/../../../libkernel32.a(dchds00699.o)
 .data          0x0044438c        0x0 d:/mingw/bin/../lib/gcc/mingw32/4.5.2/../../../libkernel32.a(dchds00450.o)
 .data          0x0044438c        0x0 d:/mingw/bin/../lib/gcc/mingw32/4.5.2/../../../libkernel32.a(dchds00653.o)
 .data          0x0044438c        0x0 d:/mingw/bin/../lib/gcc/mingw32/4.5.2/../../../libkernel32.a(dchds00446.o)
 .data          0x0044438c        0x0 d:/mingw/bin/../lib/gcc/mingw32/4.5.2/../../../libkernel32.a(dchds00590.o)
 .data          0x0044438c        0x0 d:/mingw/bin/../lib/gcc/mingw32/4.5.2/../../../libkernel32.a(dchds00922.o)
 .data          0x0044438c        0x0 d:/mingw/bin/../lib/gcc/mingw32/4.5.2/../../../libkernel32.a(dchds00885.o)
 .data          0x0044438c        0x0 d:/mingw/bin/../lib/gcc/mingw32/4.5.2/../../../libkernel32.a(dchds00829.o)
 .data          0x0044438c        0x0 d:/mingw/bin/../lib/gcc/mingw32/4.5.2/../../../libkernel32.a(dchds00825.o)
 .data          0x0044438c        0x0 d:/mingw/bin/../lib/gcc/mingw32/4.5.2/../../../libkernel32.a(dchds00451.o)
 .data          0x0044438c        0x0 d:/mingw/bin/../lib/gcc/mingw32/4.5.2/../../../libkernel32.a(dchds00136.o)
 .data          0x0044438c        0x0 d:/mingw/bin/../lib/gcc/mingw32/4.5.2/../../../libkernel32.a(dchds00844.o)
 .data          0x0044438c        0x0 d:/mingw/bin/../lib/gcc/mingw32/4.5.2/../../../libkernel32.a(dchds01188.o)
 .data          0x0044438c        0x0 d:/mingw/bin/../lib/gcc/mingw32/4.5.2/../../../libkernel32.a(dchds00160.o)
 .data          0x0044438c        0x0 d:/mingw/bin/../lib/gcc/mingw32/4.5.2/../../../libkernel32.a(dchds01088.o)
 .data          0x0044438c        0x0 d:/mingw/bin/../lib/gcc/mingw32/4.5.2/../../../libkernel32.a(dchds00163.o)
 .data          0x0044438c        0x0 d:/mingw/bin/../lib/gcc/mingw32/4.5.2/../../../libkernel32.a(dchds01052.o)
 .data          0x0044438c        0x0 d:/mingw/bin/../lib/gcc/mingw32/4.5.2/../../../libkernel32.a(dchds00347.o)
 .data          0x0044438c        0x0 d:/mingw/bin/../lib/gcc/mingw32/4.5.2/../../../libkernel32.a(dchds00444.o)
 .data          0x0044438c        0x0 d:/mingw/bin/../lib/gcc/mingw32/4.5.2/../../../libkernel32.a(dchds00135.o)
 .data          0x0044438c        0x0 d:/mingw/bin/../lib/gcc/mingw32/4.5.2/../../../libkernel32.a(dchds00492.o)
 .data          0x0044438c        0x0 d:/mingw/bin/../lib/gcc/mingw32/4.5.2/../../../libkernel32.a(dchds00494.o)
 .data          0x0044438c        0x0 d:/mingw/bin/../lib/gcc/mingw32/4.5.2/../../../libkernel32.a(dchds01082.o)
 .data          0x0044438c        0x0 d:/mingw/bin/../lib/gcc/mingw32/4.5.2/../../../libkernel32.a(dchds01078.o)
 .data          0x0044438c        0x0 d:/mingw/bin/../lib/gcc/mingw32/4.5.2/../../../libkernel32.a(dchds00481.o)
 .data          0x0044438c        0x0 d:/mingw/bin/../lib/gcc/mingw32/4.5.2/../../../libkernel32.a(dchds00123.o)
 .data          0x0044438c        0x0 d:/mingw/bin/../lib/gcc/mingw32/4.5.2/../../../libkernel32.a(dchds01221.o)
 .data          0x0044438c        0x0 d:/mingw/bin/../lib/gcc/mingw32/4.5.2/../../../libkernel32.a(dchds00473.o)
 .data          0x0044438c        0x0 d:/mingw/bin/../lib/gcc/mingw32/4.5.2/../../../libkernel32.a(dchds00511.o)
 .data          0x0044438c        0x0 d:/mingw/bin/../lib/gcc/mingw32/4.5.2/../../../libkernel32.a(dchds01215.o)
 .data          0x0044438c        0x0 d:/mingw/bin/../lib/gcc/mingw32/4.5.2/../../../libkernel32.a(dchds01213.o)
 .data          0x0044438c        0x0 d:/mingw/bin/../lib/gcc/mingw32/4.5.2/../../../libkernel32.a(dchds01173.o)
 .data          0x0044438c        0x0 d:/mingw/bin/../lib/gcc/mingw32/4.5.2/../../../libkernel32.a(dchds00207.o)
 .data          0x0044438c        0x0 d:/mingw/bin/../lib/gcc/mingw32/4.5.2/../../../libkernel32.a(dchds00734.o)
 .data          0x0044438c        0x0 d:/mingw/bin/../lib/gcc/mingw32/4.5.2/../../../libkernel32.a(dchds00236.o)
 .data          0x0044438c        0x0 d:/mingw/bin/../lib/gcc/mingw32/4.5.2/../../../libkernel32.a(dchds00814.o)
 .data          0x0044438c        0x0 d:/mingw/bin/../lib/gcc/mingw32/4.5.2/../../../libkernel32.a(dchdh.o)
 .data          0x0044438c        0x0 d:/mingw/bin/../lib/gcc/mingw32/4.5.2/../../../libkernel32.a(dchdt.o)
 .data          0x0044438c        0x0 d:/mingw/bin/../lib/gcc/mingw32/4.5.2/crtend.o
 *(.data2)
 *(SORT(.data$*))
 *(.jcr)
 .jcr           0x0044438c        0x0 d:/mingw/bin/../lib/gcc/mingw32/4.5.2/crtbegin.o
 .jcr           0x0044438c        0x4 d:/mingw/bin/../lib/gcc/mingw32/4.5.2/crtend.o
                0x00444390                __data_end__ = .
 *(.data_cygwin_nocopy)

.rdata          0x00445000    0x11400
 *(.rdata)
 .rdata         0x00445000       0x64 d:/mingw/bin/../lib/gcc/mingw32/4.5.2/crtbegin.o
 .rdata         0x00445064        0x4 be_ssh.o
                0x00445064                be_default_protocol
 .rdata         0x00445068      0x21c cmdline.o
 .rdata         0x00445284      0x140 cproxy.o
 .rdata         0x004453c4       0x1c int64.o
 .rdata         0x004453e0      0x264 logging.o
 *fill*         0x00445644       0x1c 00
 .rdata         0x00445660      0x1e0 misc.o
 .rdata         0x00445840       0xc0 pgssapi.o
                0x00445840                GSS_MECH_KRB5
 .rdata         0x00445900       0x54 portfwd.o
 *fill*         0x00445954        0xc 00
 .rdata         0x00445960      0x600 proxy.o
 .rdata         0x00445f60     0x25e8 psftp.o
                0x00446e1c                appname
 *fill*         0x00448548       0x18 00
 .rdata         0x00448560      0xf80 settings.o
                0x00449020                ttymodes
 .rdata         0x004494e0      0x3c0 sftp.o
 .rdata         0x004498a0     0x43c0 ssh.o
 .rdata         0x0044dc60     0x2520 sshaes.o
                0x0044dcac                ssh2_aes
 .rdata         0x00450180       0xe0 ssharcf.o
                0x004501c0                ssh_arcfour128_ssh2
                0x00450220                ssh_arcfour256_ssh2
                0x0045024c                ssh2_arcfour
 .rdata         0x00450260     0x1180 sshblowf.o
                0x00450290                ssh_blowfish_ssh1
                0x004502ac                ssh2_blowfish
 .rdata         0x004513e0       0x44 sshbn.o
 *fill*         0x00451424       0x1c 00
 .rdata         0x00451440      0x400 sshcrc.o
 .rdata         0x00451840       0x58 sshcrcda.o
 *fill*         0x00451898        0x8 00
 .rdata         0x004518a0      0xc20 sshdes.o
                0x004518bc                ssh2_3des
                0x004518c4                ssh2_des
                0x004518e4                ssh_3des
                0x00451910                ssh_des
 .rdata         0x004524c0      0x340 sshdh.o
                0x004524c0                ssh_diffiehellman_group1
                0x004524c8                ssh_diffiehellman_group14
                0x004524d0                ssh_diffiehellman_gex
 .rdata         0x00452800       0xe0 sshdss.o
                0x00452880                ssh_dss
 .rdata         0x004528e0        0x8 sshgssc.o
 *fill*         0x004528e8       0x18 00
 .rdata         0x00452900       0x60 sshmd5.o
                0x00452920                ssh_hmac_md5
 .rdata         0x00452960      0x324 sshpubk.o
 .rdata         0x00452c84       0x20 sshrand.o
 *fill*         0x00452ca4       0x1c 00
 .rdata         0x00452cc0      0x1c0 sshrsa.o
                0x00452da0                ssh_rsa
                0x00452dd8                ssh_rsa_kex
 .rdata         0x00452e80      0x120 sshsh256.o
                0x00452e88                ssh_sha256
 .rdata         0x00452fa0      0x2c0 sshsh512.o
 .rdata         0x00453260      0x1a0 sshsha.o
                0x00453268                ssh_sha1
                0x004532a0                ssh_hmac_sha1
                0x00453300                ssh_hmac_sha1_96
                0x00453360                ssh_hmac_sha1_buggy
                0x004533c0                ssh_hmac_sha1_96_buggy
 .rdata         0x00453400      0x4e0 sshzlib.o
                0x004534c0                ssh_zlib
 .rdata         0x004538e0       0x40 tree234.o
 .rdata         0x00453920       0xfc wildcard.o
 *fill*         0x00453a1c        0x4 00
 .rdata         0x00453a20      0xce0 wincons.o
 .rdata         0x00454700       0x38 windefs.o
 *fill*         0x00454738        0x8 00
 .rdata         0x00454740      0x5e0 wingss.o
                0x00454c68                ngsslibs
                0x00454cbc                gsslibnames
                0x00454ce0                gsslibkeywords
                0x00454d10                gss_mech_krb5
 .rdata         0x00454d20       0x58 winhandl.o
 .rdata         0x00454d78       0x34 winmisc.o
 *fill*         0x00454dac       0x14 00
 .rdata         0x00454dc0      0xc40 winnet.o
                0x004551cc                in6addr_any
                0x004551dc                in6addr_loopback
 .rdata         0x00455a00       0x98 winpgntc.o
 *fill*         0x00455a98        0x8 00
 .rdata         0x00455aa0       0xc0 winproxy.o
 .rdata         0x00455b60       0xe0 winsftp.o
                0x00455bf0                platform_uses_x11_unix_by_default
 .rdata         0x00455c40      0x3d4 winstore.o
 .rdata         0x00456014      0x280 x11fwd.o
                0x0045625c                x11_authnames
 .rdata         0x00456294       0x40 d:/mingw/bin/../lib/gcc/mingw32/4.5.2/../../../libmingw32.a(tlssup.o)
                0x004562d0                __dyn_tls_init_callback
 .rdata         0x004562d4       0xac d:/mingw/bin/../lib/gcc/mingw32/4.5.2/../../../libmingw32.a(pseudo-reloc.o)
 *(SORT(.rdata$*))
                0x00456380                __rt_psrelocs_start = .
 *(.rdata_runtime_pseudo_reloc)
                0x00456380                __rt_psrelocs_end = .
                0x00000000                __rt_psrelocs_size = (__rt_psrelocs_end - __rt_psrelocs_start)
                0x00456380                ___RUNTIME_PSEUDO_RELOC_LIST_END__ = .
                0x00456380                __RUNTIME_PSEUDO_RELOC_LIST_END__ = .
                0x00456380                ___RUNTIME_PSEUDO_RELOC_LIST__ = (. - __rt_psrelocs_size)
                0x00456380                __RUNTIME_PSEUDO_RELOC_LIST__ = (. - __rt_psrelocs_size)

.eh_frame       0x00457000      0x200
 *(.eh_frame*)
 .eh_frame      0x00457000        0x0 d:/mingw/bin/../lib/gcc/mingw32/4.5.2/crtbegin.o
 .eh_frame      0x00457000       0x6c d:/mingw/bin/../lib/gcc/mingw32/4.5.2/libgcc.a(_umoddi3.o)
 .eh_frame      0x0045706c       0x6c d:/mingw/bin/../lib/gcc/mingw32/4.5.2/libgcc.a(_udivdi3.o)
 .eh_frame      0x004570d8        0x4 d:/mingw/bin/../lib/gcc/mingw32/4.5.2/crtend.o

.pdata
 *(.pdata)

.bss            0x00458000     0x3bd8
                0x00458000                __bss_start__ = .
 *(.bss)
 .bss           0x00458000        0x8 d:/mingw/bin/../lib/gcc/mingw32/4.5.2/../../../crt2.o
                0x00458000                _argc
                0x00458004                _argv
 .bss           0x00458008       0x18 d:/mingw/bin/../lib/gcc/mingw32/4.5.2/crtbegin.o
 .bss           0x00458020        0x0 be_ssh.o
 .bss           0x00458020       0x24 cmdline.o
                0x00458020                cmdline_tooltype
 .bss           0x00458044        0x0 cproxy.o
 .bss           0x00458044        0x0 int64.o
 .bss           0x00458044        0x0 logging.o
 .bss           0x00458044        0x0 misc.o
 .bss           0x00458044        0x0 pgssapi.o
 .bss           0x00458044        0x0 pinger.o
 .bss           0x00458044        0x0 portfwd.o
 .bss           0x00458044        0x0 proxy.o
 *fill*         0x00458044       0x1c 00
 .bss           0x00458060     0x2c00 psftp.o
 .bss           0x0045ac60        0x0 settings.o
 .bss           0x0045ac60        0xc sftp.o
 *fill*         0x0045ac6c       0x14 00
 .bss           0x0045ac80       0xa0 ssh.o
 .bss           0x0045ad20        0x0 sshaes.o
 .bss           0x0045ad20        0x0 ssharcf.o
 .bss           0x0045ad20        0x0 sshblowf.o
 .bss           0x0045ad20        0x4 sshbn.o
                0x0045ad20                bnZero
 .bss           0x0045ad24        0x0 sshcrc.o
 .bss           0x0045ad24        0x4 sshcrcda.o
                0x0045ad24                ZERO
 .bss           0x0045ad28        0x0 sshdes.o
 .bss           0x0045ad28        0x0 sshdh.o
 .bss           0x0045ad28        0x0 sshdss.o
 .bss           0x0045ad28        0x0 sshgssc.o
 .bss           0x0045ad28        0x0 sshmd5.o
 .bss           0x0045ad28        0xc sshpubk.o
                0x0045ad28                ssh2_wrong_passphrase
 *fill*         0x0045ad34        0xc 00
 .bss           0x0045ad40      0x540 sshrand.o
                0x0045ad40                random_active
 .bss           0x0045b280        0x0 sshrsa.o
 .bss           0x0045b280        0x0 sshsh256.o
 .bss           0x0045b280        0x0 sshsh512.o
 .bss           0x0045b280        0x0 sshsha.o
 .bss           0x0045b280        0x0 sshzlib.o
 .bss           0x0045b280        0xc timing.o
 .bss           0x0045b28c        0x0 tree234.o
 .bss           0x0045b28c        0x0 version.o
 .bss           0x0045b28c        0x0 wildcard.o
 .bss           0x0045b28c        0x8 wincons.o
                0x0045b28c                console_batch_mode
 .bss           0x0045b294        0x0 windefs.o
 .bss           0x0045b294       0x20 wingss.o
                0x0045b294                gsslogmsg
 .bss           0x0045b2b4        0x4 winhandl.o
 .bss           0x0045b2b8       0x14 winmisc.o
 *fill*         0x0045b2cc       0x14 00
 .bss           0x0045b2e0      0x700 winnet.o
 .bss           0x0045b9e0        0x0 winnoise.o
 .bss           0x0045b9e0        0x0 winnojmp.o
 .bss           0x0045b9e0       0x18 winpgntc.o
                0x0045b9e0                advapi_initialised