Archive member included because of file (symbol)

d:/mingw/bin/../lib/gcc/mingw32/4.5.2/../../../libadvapi32.a(dgxgs00412.o)
                              wingss.o (RegOpenKeyA@12)
d:/mingw/bin/../lib/gcc/mingw32/4.5.2/../../../libadvapi32.a(dgxgs00423.o)
                              wingss.o (RegQueryValueExA@24)
d:/mingw/bin/../lib/gcc/mingw32/4.5.2/../../../libadvapi32.a(dgxgs00386.o)
                              wingss.o (RegCloseKey@4)
d:/mingw/bin/../lib/gcc/mingw32/4.5.2/../../../libadvapi32.a(dgxgs00245.o)
                              winmisc.o (GetUserNameA@8)
d:/mingw/bin/../lib/gcc/mingw32/4.5.2/../../../libadvapi32.a(dgxgs00196.o)
                              winpgntc.o (GetLengthSid@4)
d:/mingw/bin/../lib/gcc/mingw32/4.5.2/../../../libadvapi32.a(dgxgs00083.o)
                              winpgntc.o (CopySid@12)
d:/mingw/bin/../lib/gcc/mingw32/4.5.2/../../../libadvapi32.a(dgxgs00393.o)
                              winstore.o (RegDeleteKeyA@8)
d:/mingw/bin/../lib/gcc/mingw32/4.5.2/../../../libadvapi32.a(dgxgs00400.o)
                              winstore.o (RegEnumKeyA@16)
d:/mingw/bin/../lib/gcc/mingw32/4.5.2/../../../libadvapi32.a(dgxgs00389.o)
                              winstore.o (RegCreateKeyA@12)
d:/mingw/bin/../lib/gcc/mingw32/4.5.2/../../../libadvapi32.a(dgxgs00434.o)
                              winstore.o (RegSetValueExA@24)
d:/mingw/bin/../lib/gcc/mingw32/4.5.2/../../../libadvapi32.a(dgxgs00390.o)
                              winstore.o (RegCreateKeyExA@36)
d:/mingw/bin/../lib/gcc/mingw32/4.5.2/../../../libadvapi32.a(dgxgs00397.o)
                              winstore.o (RegDeleteValueA@8)
d:/mingw/bin/../lib/gcc/mingw32/4.5.2/../../../libadvapi32.a(dgxgh.o)
                              d:/mingw/bin/../lib/gcc/mingw32/4.5.2/../../../libadvapi32.a(dgxgs00412.o) (_head_libadvapi32_a)
d:/mingw/bin/../lib/gcc/mingw32/4.5.2/../../../libadvapi32.a(dgxgt.o)
                              d:/mingw/bin/../lib/gcc/mingw32/4.5.2/../../../libadvapi32.a(dgxgh.o) (_libadvapi32_a_iname)
d:/mingw/bin/../lib/gcc/mingw32/4.5.2/../../../libuser32.a(daois00259.o)
                              winnoise.o (GetForegroundWindow@0)
d:/mingw/bin/../lib/gcc/mingw32/4.5.2/../../../libuser32.a(daois00224.o)
                              winnoise.o (GetCapture@0)
d:/mingw/bin/../lib/gcc/mingw32/4.5.2/../../../libuser32.a(daois00241.o)
                              winnoise.o (GetClipboardOwner@0)
d:/mingw/bin/../lib/gcc/mingw32/4.5.2/../../../libuser32.a(daois00310.o)
                              winnoise.o (GetQueueStatus@4)
d:/mingw/bin/../lib/gcc/mingw32/4.5.2/../../../libuser32.a(daois00247.o)
                              winnoise.o (GetCursorPos@4)
d:/mingw/bin/../lib/gcc/mingw32/4.5.2/../../../libuser32.a(daois00210.o)
                              winpgntc.o (FindWindowA@8)
d:/mingw/bin/../lib/gcc/mingw32/4.5.2/../../../libuser32.a(daois00508.o)
                              winpgntc.o (SendMessageA@16)
d:/mingw/bin/../lib/gcc/mingw32/4.5.2/../../../libuser32.a(daoih.o)
                              d:/mingw/bin/../lib/gcc/mingw32/4.5.2/../../../libuser32.a(daois00259.o) (_head_libuser32_a)
d:/mingw/bin/../lib/gcc/mingw32/4.5.2/../../../libuser32.a(daoit.o)
                              d:/mingw/bin/../lib/gcc/mingw32/4.5.2/../../../libuser32.a(daoih.o) (_libuser32_a_iname)
d:/mingw/bin/../lib/gcc/mingw32/4.5.2/../../../libmingw32.a(tlssup.o)
                              d:/mingw/bin/../lib/gcc/mingw32/4.5.2/../../../crt2.o (__dyn_tls_init_callback)
d:/mingw/bin/../lib/gcc/mingw32/4.5.2/../../../libmingw32.a(CRTglob.o)
                              d:/mingw/bin/../lib/gcc/mingw32/4.5.2/../../../crt2.o (_CRT_glob)
d:/mingw/bin/../lib/gcc/mingw32/4.5.2/../../../libmingw32.a(CRTfmode.o)
                              d:/mingw/bin/../lib/gcc/mingw32/4.5.2/../../../crt2.o (_CRT_fmode)
d:/mingw/bin/../lib/gcc/mingw32/4.5.2/../../../libmingw32.a(txtmode.o)
                              d:/mingw/bin/../lib/gcc/mingw32/4.5.2/../../../crt2.o (_fmode)
d:/mingw/bin/../lib/gcc/mingw32/4.5.2/../../../libmingw32.a(cpu_features.o)
                              d:/mingw/bin/../lib/gcc/mingw32/4.5.2/../../../crt2.o (__cpu_features_init)
d:/mingw/bin/../lib/gcc/mingw32/4.5.2/../../../libmingw32.a(pseudo-reloc.o)
                              d:/mingw/bin/../lib/gcc/mingw32/4.5.2/../../../crt2.o (_pei386_runtime_relocator)
d:/mingw/bin/../lib/gcc/mingw32/4.5.2/../../../libmingw32.a(gccmain.o)
                              d:/mingw/bin/../lib/gcc/mingw32/4.5.2/../../../crt2.o (__main)
d:/mingw/bin/../lib/gcc/mingw32/4.5.2/../../../libmingw32.a(CRT_fp10.o)
                              d:/mingw/bin/../lib/gcc/mingw32/4.5.2/../../../crt2.o (_fpreset)
d:/mingw/bin/../lib/gcc/mingw32/4.5.2/../../../libmingw32.a(crtst.o)
                              d:/mingw/bin/../lib/gcc/mingw32/4.5.2/../../../libmingw32.a(tlssup.o) (_CRT_MT)
d:/mingw/bin/../lib/gcc/mingw32/4.5.2/../../../libmingw32.a(tlsthrd.o)
[...]
Memory Configuration

Name             Origin             Length             Attributes
*default*        0x00000000         0xffffffff

Linker script and memory map

                0x00400000                __image_base__ = 0x400000
                0x00000000                __dll__ = 0x0
                0x00400000                ___ImageBase = 0x400000
                0x00001000                __section_alignment__ = 0x1000
                0x00000200                __file_alignment__ = 0x200
                0x00000004                __major_os_version__ = 0x4
                0x00000000                __minor_os_version__ = 0x0
                0x00000001                __major_image_version__ = 0x1
                0x00000000                __minor_image_version__ = 0x0
                0x00000004                __major_subsystem_version__ = 0x4
                0x00000000                __minor_subsystem_version__ = 0x0
                0x00000003                __subsystem__ = 0x3
                0x00200000                __size_of_stack_reserve__ = 0x200000
                0x00001000                __size_of_stack_commit__ = 0x1000
                0x00100000                __size_of_heap_reserve__ = 0x100000
                0x00001000                __size_of_heap_commit__ = 0x1000
                0x00000000                __loader_flags__ = 0x0
                0x00000000                __dll_characteristics__ = 0x0
LOAD d:/mingw/bin/../lib/gcc/mingw32/4.5.2/../../../crt2.o
LOAD d:/mingw/bin/../lib/gcc/mingw32/4.5.2/crtbegin.o
LOAD be_none.o
LOAD cmdline.o
LOAD cproxy.o
LOAD int64.o
LOAD logging.o
LOAD misc.o
LOAD pgssapi.o
LOAD pinger.o
LOAD portfwd.o
LOAD proxy.o
LOAD psftp.o
LOAD psftp.res.o
LOAD settings.o
LOAD sftp.o
LOAD ssh.o
LOAD sshaes.o
LOAD ssharcf.o
LOAD sshblowf.o
LOAD sshbn.o
LOAD sshcrc.o
LOAD sshcrcda.o
LOAD sshdes.o
LOAD sshdh.o
LOAD sshdss.o
LOAD sshgssc.o
LOAD sshmd5.o
LOAD sshpubk.o
LOAD sshrand.o
LOAD sshrsa.o
LOAD sshsh256.o
LOAD sshsh512.o
LOAD sshsha.o
LOAD sshzlib.o
LOAD timing.o
LOAD tree234.o
LOAD version.o
LOAD wildcard.o
LOAD wincons.o
LOAD windefs.o
LOAD wingss.o
LOAD winhandl.o
LOAD winmisc.o
LOAD winnet.o
LOAD winnoise.o
LOAD winnojmp.o
LOAD winpgntc.o
LOAD winproxy.o
LOAD winsftp.o
LOAD winstore.o
LOAD wintime.o
LOAD x11fwd.o
LOAD d:/mingw/bin/../lib/gcc/mingw32/4.5.2/../../../libadvapi32.a
LOAD d:/mingw/bin/../lib/gcc/mingw32/4.5.2/../../../libcomctl32.a
LOAD d:/mingw/bin/../lib/gcc/mingw32/4.5.2/../../../libcomdlg32.a
LOAD d:/mingw/bin/../lib/gcc/mingw32/4.5.2/../../../libgdi32.a
LOAD d:/mingw/bin/../lib/gcc/mingw32/4.5.2/../../../libimm32.a
LOAD d:/mingw/bin/../lib/gcc/mingw32/4.5.2/../../../libole32.a
LOAD d:/mingw/bin/../lib/gcc/mingw32/4.5.2/../../../libshell32.a
LOAD d:/mingw/bin/../lib/gcc/mingw32/4.5.2/../../../libuser32.a
LOAD d:/mingw/bin/../lib/gcc/mingw32/4.5.2/../../../libwinmm.a
LOAD d:/mingw/bin/../lib/gcc/mingw32/4.5.2/../../../libwinspool.a
LOAD d:/mingw/bin/../lib/gcc/mingw32/4.5.2/../../../libmingw32.a
LOAD d:/mingw/bin/../lib/gcc/mingw32/4.5.2/libgcc_eh.a
LOAD d:/mingw/bin/../lib/gcc/mingw32/4.5.2/libgcc.a
LOAD d:/mingw/bin/../lib/gcc/mingw32/4.5.2/../../../libmoldname.a
LOAD d:/mingw/bin/../lib/gcc/mingw32/4.5.2/../../../libmingwex.a
LOAD d:/mingw/bin/../lib/gcc/mingw32/4.5.2/../../../libmsvcrt.a
LOAD d:/mingw/bin/../lib/gcc/mingw32/4.5.2/../../../libuser32.a
LOAD d:/mingw/bin/../lib/gcc/mingw32/4.5.2/../../../libkernel32.a
LOAD d:/mingw/bin/../lib/gcc/mingw32/4.5.2/../../../libadvapi32.a
LOAD d:/mingw/bin/../lib/gcc/mingw32/4.5.2/../../../libshell32.a
LOAD d:/mingw/bin/../lib/gcc/mingw32/4.5.2/../../../libmingw32.a
LOAD d:/mingw/bin/../lib/gcc/mingw32/4.5.2/libgcc_eh.a
LOAD d:/mingw/bin/../lib/gcc/mingw32/4.5.2/libgcc.a
LOAD d:/mingw/bin/../lib/gcc/mingw32/4.5.2/../../../libmoldname.a
LOAD d:/mingw/bin/../lib/gcc/mingw32/4.5.2/../../../libmingwex.a
LOAD d:/mingw/bin/../lib/gcc/mingw32/4.5.2/../../../libmsvcrt.a
LOAD d:/mingw/bin/../lib/gcc/mingw32/4.5.2/crtend.o
                0x000002e0                . = SIZEOF_HEADERS
                0x00001000                . = ALIGN (__section_alignment__)

.text           0x00401000    0x42e00
 *(.init)
 *(.text)
 .text          0x00401000      0x2f0 d:/mingw/bin/../lib/gcc/mingw32/4.5.2/../../../crt2.o
                0x00401000                atexit
                0x00401010                _onexit
                0x00401140                WinMainCRTStartup
                0x00401160                mainCRTStartup
 .text          0x004012f0       0xd0 d:/mingw/bin/../lib/gcc/mingw32/4.5.2/crtbegin.o
                0x004012f0                __gcc_register_frame
                0x0040137c                __gcc_deregister_frame
 .text          0x004013c0        0x0 be_none.o
 .text          0x004013c0     0x1698 cmdline.o
                0x0040146c                cmdline_cleanup
                0x00401500                cmdline_get_passwd_input
                0x004015a8                cmdline_process_param
                0x004029f8                cmdline_run_saved
 .text          0x00402a58      0x4f8 cproxy.o
                0x00402a58                proxy_socks5_offerencryptedauth
                0x00402a6c                proxy_socks5_handlechap
                0x00402e08                proxy_socks5_selectchap
 .text          0x00402f50      0x2b0 int64.o
                0x00402f50                uint64_div10
                0x00402fd4                uint64_decimal
                0x00403064                uint64_make
                0x00403070                uint64_add
                0x0040308c                uint64_add32
                0x004030a0                uint64_compare
                0x004030c0                uint64_subtract
                0x004030e0                uint64_to_double
                0x0040310c                uint64_shift_right
                0x00403148                uint64_shift_left
                0x00403188                uint64_from_decimal
 .text          0x00403200      0xbdc logging.o
                0x00403200                logflush
                0x00403228                logfclose
                0x00403590                logfopen
                0x00403850                logtraffic
                0x00403880                log_eventlog
                0x00403904                log_packet
                0x00403cbc                log_init
                0x00403d18                log_free
                0x00403d44                log_reconfig
 .text          0x00403ddc      0xb28 misc.o
                0x00403ddc                parse_blocksize
                0x00403e98                ctrlparse
                0x00403f40                base64_encode_atom
                0x00404004                bufchain_init
                0x00404020                bufchain_size
                0x0040402c                bufchain_prefix
                0x0040404c                bufchain_fetch
                0x004040e0                safemalloc
                0x00404148                bufchain_add
                0x00404210                dupcat
                0x004042c8                dupstr
                0x0040431c                new_prompts
                0x00404378                saferealloc
                0x004043f4                dupvprintf
                0x0040446c                dupprintf
                0x00404488                add_prompt
                0x00404500                safefree
                0x00404518                bufchain_consume
                0x004045b8                bufchain_clear
                0x004045f0                fgetline
                0x0040468c                free_prompts
                0x00404718                debug_printf
                0x0040474c                debug_memdump
                0x004048bc                cfg_launchable
                0x004048e8                cfg_dest
 .text          0x00404904        0x0 pgssapi.o
 .text          0x00404904      0x148 pinger.o
                0x004049b4                pinger_new
                0x00404a00                pinger_reconfig
                0x00404a2c                pinger_free
 .text          0x00404a4c      0xabc portfwd.o
                0x00404ba4                pfd_newconnect
                0x00404cd0                pfd_addforward
                0x00404dd0                pfd_close
                0x004053b8                pfd_terminate
                0x004053c4                pfd_unthrottle
                0x00405400                pfd_override_throttle
                0x0040545c                pfd_send
                0x0040547c                pfd_confirm
 .text          0x00405508     0x2b58 proxy.o
                0x00405c94                proxy_activate
                0x00405de0                proxy_socks5_negotiate
                0x00406788                proxy_socks4_negotiate
                0x00406b2c                proxy_http_negotiate
                0x00407070                name_lookup
                0x004070e0                new_connection
                0x00407360                new_listener
                0x00407374                format_telnet_command
                0x00407f44                proxy_telnet_negotiate
 .text          0x00408060     0x490c psftp.o
                0x00408060                sftp_cmd_null
                0x0040806c                sftp_cmd_quit
                0x004081d8                sftp_cmd_pwd
                0x00408210                sftp_cmd_unknown
                0x00408bf0                canonify
                0x00409004                sftp_cmd_mkdir
                0x0040914c                sftp_cmd_cd
                0x004092d0                sftp_cmd_ls
                0x004096c4                sftp_get_file
                0x00409ff0                sftp_put_file
                0x0040a844                sftp_begin_wildcard_matching
                0x0040a9ac                sftp_wildcard_get_filename
                0x0040ab84                sftp_finish_wildcard_matching
                0x0040ac14                wildcard_iterate
                0x0040ad6c                sftp_cmd_chmod
                0x0040b140                sftp_cmd_rm
                0x0040b1b0                sftp_cmd_rmdir
                0x0040b220                is_wildcard
                0x0040b270                sftp_cmd_mv
                0x0040b414                sftp_general_get
                0x0040b720                sftp_cmd_reget
                0x0040b744                sftp_cmd_mget
                0x0040b768                sftp_cmd_get
                0x0040b78c                sftp_general_put
                0x0040ba84                sftp_cmd_reput
                0x0040baa8                sftp_cmd_mput
                0x0040bacc                sftp_cmd_put
                0x0040baf0                lookup_command
                0x0040bcac                sftp_getcmd
                0x0040bf40                do_sftp
                0x0040c03c                fatalbox
                0x0040c0b4                modalfatalbox
                0x0040c12c                connection_fatal
                0x0040c1a4                ldisc_send
                0x0040c1d0                agent_schedule_callback
                0x0040c1f4                from_backend
                0x0040c2fc                from_backend_untrusted
                0x0040c320                sftp_recvdata
                0x0040c40c                do_sftp_cleanup
                0x0040c4a4                sftp_cmd_close
                0x0040c504                sftp_senddata
                0x0040c530                cmdline_error
                0x0040c5a4                psftp_main
 .text          0x0040c96c     0x371c settings.o
                0x0040d0bc                backend_from_name
                0x0040d104                backend_from_proto
                0x0040d130                get_remote_username
                0x0040d1c8                save_open_settings
                0x0040e8fc                save_settings
                0x0040e944                load_open_settings
                0x0040fdd0                load_settings
                0x0040fe24                do_defaults
                0x0040fe30                get_sesslist
 .text          0x00410088     0x1cd4 sftp.o
                0x00410814                sftp_send
                0x00410894                sftp_recv
                0x00410958                sftp_cleanup_request
                0x0041097c                sftp_register
                0x0041098c                sftp_find_request
                0x00410a34                fxp_error
                0x00410a40                fxp_error_type
                0x00410a4c                fxp_init
                0x00410b2c                fxp_realpath_send
                0x00410b70                fxp_realpath_recv
                0x00410c2c                fxp_open_send
                0x00410c7c                fxp_open_recv
                0x00410d20                fxp_opendir_send
                0x00410d60                fxp_opendir_recv
                0x00410e04                fxp_close_send
                0x00410e64                fxp_close_recv
                0x00410e8c                fxp_mkdir_send
                0x00410ed4                fxp_mkdir_recv
                0x00410f0c                fxp_rmdir_send
                0x00410f4c                fxp_rmdir_recv
                0x00410f84                fxp_remove_send
                0x00410fc4                fxp_remove_recv
                0x00410ffc                fxp_rename_send
                0x00411044                fxp_rename_recv
                0x0041107c                fxp_stat_send
                0x004110bc                fxp_stat_recv
                0x00411138                fxp_fstat_send
                0x00411184                fxp_fstat_recv
                0x00411200                fxp_setstat_send
                0x0041125c                fxp_setstat_recv
                0x00411294                fxp_fsetstat_send
                0x00411304                fxp_fsetstat_recv
                0x0041133c                fxp_read_send
                0x004113a0                fxp_read_recv
                0x00411454                fxp_readdir_send
                0x004114a0                fxp_readdir_recv
                0x004116ac                fxp_write_send
                0x00411718                fxp_write_recv
                0x00411750                fxp_free_names
                0x004117a8                fxp_dup_name
                0x004117fc                fxp_free_name
                0x00411828                fxp_get_userdata
                0x00411834                fxp_set_userdata
                0x00411844                xfer_done
                0x0041186c                xfer_download_queue
                0x00411964                xfer_download_init
                0x00411990                xfer_download_gotpkt
                0x00411b0c                xfer_set_error
                0x00411b1c                xfer_download_data
                0x00411bb4                xfer_upload_init
                0x00411bd4                xfer_upload_ready
                0x00411be8                xfer_upload_data
                0x00411ca4                xfer_upload_gotpkt
                0x00411d18                xfer_cleanup
 .text          0x00411d5c    0x11d7c ssh.o
                0x00423568                sshfwd_close
                0x00423858                sshfwd_write
                0x004238f8                sshfwd_unthrottle
                0x00423970                new_sock_channel
                0x004239c8                ssh_send_port_open
                0x00423ac8                ssh_fallback_cmd
 .text          0x00423ad8     0x24c0 sshaes.o
                0x00425870                aes_iv
                0x00425aec                aes_ssh2_decrypt_blk
                0x00425bf8                aes_ssh2_encrypt_blk
                0x00425c10                aes_free_context
                0x00425c1c                aes_make_context
                0x00425ec0                aes128_key
                0x00425ed8                aes192_key
                0x00425ef0                aes256_key
                0x00425f08                aes256_encrypt_pubkey
                0x00425f50                aes256_decrypt_pubkey
 .text          0x00425f98      0x1fc ssharcf.o
 .text          0x00426194      0xf74 sshblowf.o
 .text          0x00427108     0x2c08 sshbn.o
                0x00427cd8                bn_restore_invariant
                0x00427cfc                copybn
                0x00427d38                freebn
                0x00427d5c                modmul
                0x00428158                decbn
                0x004281a8                bignum_from_bytes
                0x00428270                ssh1_read_bignum
                0x004282d8                bignum_bitcount
                0x00428304                ssh1_bignum_length
                0x00428330                ssh2_bignum_length
                0x0042835c                bignum_byte
                0x004283bc                bignum_bit
                0x00428414                bignum_set_bit
                0x00428470                bn_power_2
                0x004284b4                ssh1_write_bignum
                0x0042853c                bignum_cmp
                0x004285a4                bignum_rshift
                0x0042866c                bigmuladd
                0x004288f0                bigmul
                0x00428914                bigadd
                0x004289d0                bigsub
                0x00428ab8                bignum_bitmask
                0x00428b38                bignum_from_long
                0x00428b6c                bignum_add_long
                0x00428bf8                bignum_mod_short
                0x00428cbc                diagbn
                0x00428df4                bigdiv
                0x00428e20                bigmod
                0x00428e50                modpow_simple
                0x00429350                biggcd
                0x004293e0                modinv
                0x004295c8                modpow
                0x00429b64                bignum_decimal
 .text          0x00429d10       0x6c sshcrc.o
                0x00429d10                crc32_update
                0x00429d44                crc32_compute
 .text          0x00429d7c      0x3f4 sshcrcda.o
                0x00429e54                crcda_make_context
                0x00429e80                crcda_free_context
                0x00429eb4                detect_attack
 .text          0x0042a170     0x2318 sshdes.o
                0x0042bf70                des3_decrypt_pubkey
                0x0042c074                des3_encrypt_pubkey
                0x0042c178                des3_decrypt_pubkey_ossh
                0x0042c2cc                des3_encrypt_pubkey_ossh
                0x0042c420                des_encrypt_xdmauth
                0x0042c454                des_decrypt_xdmauth
 .text          0x0042c488      0x2ec sshdh.o
                0x0042c488                dh_setup_group
                0x0042c50c                dh_setup_gex
                0x0042c57c                dh_cleanup
                0x0042c5d4                dh_create_e
                0x0042c750                dh_find_K
 .text          0x0042c774     0x1768 sshdss.o
 .text          0x0042dedc      0x460 sshgssc.o
                0x0042e2ec                ssh_gssapi_bind_fns
 .text          0x0042e33c      0xe1c sshmd5.o
                0x0042e358                hmacmd5_free_context
                0x0042e364                hmacmd5_make_context
                0x0042e380                MD5Init
                0x0042e3b8                MD5Update
                0x0042ec88                MD5Final
                0x0042ef4c                MD5Simple
                0x0042efb4                hmacmd5_key
                0x0042f130                hmacmd5_do_hmac
 .text          0x0042f158     0x2430 sshpubk.o
                0x0042f6c0                loadrsakey
                0x0042f770                rsakey_encrypted
                0x0042f804                rsakey_pubblob
                0x0042f8fc                saversakey
                0x0042fc3c                base64_decode_atom
                0x0042fe70                find_pubkey_alg
                0x0042feb4                ssh2_load_userkey
                0x00430918                ssh2_userkey_loadpub
                0x00430b18                ssh2_userkey_encrypted
                0x00430c7c                base64_lines
                0x00430c9c                base64_encode
                0x00430d34                ssh2_save_userkey
                0x00431430                key_type
                0x0043156c                key_type_to_str
 .text          0x00431588      0x488 sshrand.o
                0x00431728                random_add_noise
                0x00431874                random_add_heavynoise
                0x004318d4                random_ref
                0x00431938                random_unref
                0x00431980                random_byte
                0x004319b0                random_get_savedata
 .text          0x00431a10     0x2268 sshrsa.o
                0x00432a68                makekey
                0x00432b88                makeprivate
                0x00432b98                rsaencrypt
                0x00432c7c                crt_modpow
                0x004332ac                rsadecrypt
                0x004332c0                rsastr_len
                0x00433320                rsastr_fmt
                0x004334b0                rsa_fingerprint
                0x004336a4                rsa_verify
                0x00433810                rsa_public_blob
                0x004338c0                rsa_public_blob_len
                0x00433928                freersakey
                0x00433a80                ssh_rsakex_newkey
                0x00433a8c                ssh_rsakex_freekey
                0x00433a98                ssh_rsakex_klen
                0x00433ab0                ssh_rsakex_encrypt
 .text          0x00433c78      0xaf8 sshsh256.o
                0x00433ce0                SHA256_Core_Init
                0x00433d20                SHA256_Block
                0x0043445c                SHA256_Init
                0x004344b0                SHA256_Bytes
                0x004345c4                SHA256_Final
                0x004346ec                SHA256_Simple
 .text          0x00434770     0x1c40 sshsh512.o
                0x00434770                SHA512_Init
                0x004347cc                SHA512_Bytes
                0x00436190                SHA512_Final
                0x00436330                SHA512_Simple
 .text          0x004363b0      0xa1c sshsha.o
                0x00436448                SHATransform
                0x00436658                SHA_Init
                0x00436698                SHA_Bytes
                0x00436950                SHA_Final
                0x00436ce8                SHA_Simple
                0x00436d58                hmac_sha1_simple
 .text          0x00436dcc     0x18fc sshzlib.o
                0x0043781c                zlib_compress_init
                0x004378ec                zlib_decompress_init
                0x00437a38                zlib_decompress_cleanup
                0x00437a94                zlib_compress_cleanup
                0x00437b50                zlib_decompress_block
                0x004382e8                zlib_compress_block
 .text          0x004386c8      0x284 timing.o
                0x0043877c                schedule_timer
                0x00438838                run_timers
                0x00438928                expire_timer_context
 .text          0x0043894c     0x11cc tree234.o
                0x00439790                newtree234
                0x004397b8                freetree234
                0x004397d4                count234
                0x004397ec                add234
                0x00439810                addpos234
                0x00439834                index234
                0x004398b0                findrelpos234
                0x00439a08                find234
                0x00439a3c                findrel234
                0x00439a6c                findpos234
                0x00439a9c                delpos234
                0x00439acc                del234
 .text          0x00439b18        0x0 version.o
 .text          0x00439b18      0x2fc wildcard.o
                0x00439ca0                wc_error
                0x00439cc8                wc_match
                0x00439dc8                wc_unescape
 .text          0x00439e14      0x804 wincons.o
                0x00439e44                cleanup_exit
                0x00439e60                set_busy_status
                0x00439e68                notify_remote_exit
                0x00439e70                timer_change_notify
                0x00439e78                verify_ssh_host_key
                0x0043a04c                update_specials_menu
                0x0043a054                askalg
                0x0043a178                askappend
                0x0043a298                old_keyfile_warning
                0x0043a2c8                pgp_fingerprints
                0x0043a2f8                console_provide_logctx
                0x0043a308                logevent
                0x0043a31c                console_get_userpass_input
                0x0043a610                frontend_keypress
 .text          0x0043a618       0xf8 windefs.o
                0x0043a618                platform_default_fontspec
                0x0043a67c                platform_default_filename
                0x0043a6dc                platform_default_s
                0x0043a708                platform_default_i
 .text          0x0043a710      0x9b8 wingss.o
                0x0043abc8                ssh_gss_setup
                0x0043b058                ssh_gss_cleanup
 .text          0x0043b0c8      0xa40 winhandl.o
                0x0043b550                handle_input_new
                0x0043b664                handle_output_new
                0x0043b780                handle_write
                0x0043b7dc                handle_get_events
                0x0043b874                handle_free
                0x0043b8ec                handle_got_event
                0x0043ba64                handle_unthrottle
                0x0043bac4                handle_backlog
                0x0043bafc                handle_get_privdata
 .text          0x0043bb08      0x394 winmisc.o
                0x0043bb08                platform_get_x_display
                0x0043bb24                filename_from_str
                0x0043bb6c                filename_to_str
                0x0043bb74                filename_equal
                0x0043bb9c                filename_is_null
                0x0043bbac                init_winver
                0x0043bbdc                load_system32_dll
                0x0043bc80                get_username
                0x0043bdcc                dputs
 .text          0x0043be9c     0x263c winnet.o
                0x0043c580                sk_startup
                0x0043c5c8                sk_init
                0x0043cd54                sk_cleanup
                0x0043cdd8                winsock_error_string
                0x0043cdfc                sk_namelookup
                0x0043d110                sk_nonamelookup
                0x0043d180                sk_nextaddr
                0x0043d1b8                sk_getaddr
                0x0043d2c8                sk_hostname_is_local
                0x0043d314                sk_address_is_local
                0x0043d3d4                sk_addrtype
                0x0043d410                sk_addrcopy
                0x0043d4d8                sk_addr_free
                0x0043d58c                sk_addr_dup
                0x0043d598                sk_register
                0x0043d680                sk_new
                0x0043d77c                sk_newlistener
                0x0043dad8                try_send
                0x0043dd08                select_result
                0x0043e284                net_pending_errors
                0x0043e2f0                sk_addr_error
                0x0043e2fc                socket_reselect_all
                0x0043e348                first_socket
                0x0043e380                next_socket
                0x0043e3b4                socket_writable
                0x0043e3f4                net_service_lookup
                0x0043e42c                get_hostname
                0x0043e498                platform_get_x11_unix_address
 .text          0x0043e4d8      0x2dc winnoise.o
                0x0043e4d8                random_save_seed
                0x0043e520                noise_get_heavy
                0x0043e5d8                noise_get_light
                0x0043e62c                noise_regular
                0x0043e758                noise_ultralight
 .text          0x0043e7b4       0x18 winnojmp.o
                0x0043e7b4                add_session_to_jumplist
                0x0043e7bc                remove_session_from_jumplist
                0x0043e7c4                clear_jumplist
 .text          0x0043e7cc      0x57c winpgntc.o
                0x0043e7cc                agent_exists
                0x0043e7f4                init_advapi
                0x0043e91c                get_user_sid
                0x0043eab0                agent_query
 .text          0x0043ed48      0x408 winproxy.o
                0x0043ee00                localproxy_sentdata
                0x0043ee2c                localproxy_gotdata
                0x0043eec0                platform_new_connection
 .text          0x0043f150     0x101c winsftp.o
                0x0043f180                get_ttymode
                0x0043f188                get_userpass_input
                0x0043f1d0                platform_get_x11_auth
                0x0043f1d8                psftp_lcd
                0x0043f274                psftp_getcwd
                0x0043f2dc                open_existing_file
                0x0043f438                read_from_file
                0x0043f47c                close_rfile
                0x0043f4a0                open_new_file
                0x0043f510                open_existing_wfile
                0x0043f5a8                write_to_file
                0x0043f5ec                set_file_times
                0x0043f670                close_wfile
                0x0043f694                seek_file
                0x0043f6f4                get_file_posn
                0x0043f734                file_type
                0x0043f75c                open_directory
                0x0043f7e8                read_filename
                0x0043f884                close_directory
                0x0043f8b4                test_wildcard
                0x0043f90c                begin_wildcard_matching
                0x0043fa14                wildcard_get_filename
                0x0043faac                finish_wildcard_matching
                0x0043fae8                vet_filename
                0x0043fb54                create_directory
                0x0043fb7c                dir_file_cat
                0x0043fba8                do_select
                0x0043fc60                do_eventsel_loop
                0x0043feac                ssh_sftp_loop_iteration
                0x00440018                ssh_sftp_get_cmdline
                0x00440148                main
 .text          0x0044016c     0x16cc winstore.o
                0x004406d4                open_settings_w
                0x004407ec                write_setting_s
                0x0044083c                write_setting_i
                0x0044087c                close_settings_w
                0x00440890                open_settings_r
                0x00440950                read_setting_s
                0x004409a8                read_setting_i
                0x00440a0c                read_setting_fontspec
                0x00440b30                write_setting_fontspec
                0x00440bfc                read_setting_filename
                0x00440c30                write_setting_filename
                0x00440c54                close_settings_r
                0x00440fc8                del_settings
                0x00441058                enum_settings_start
                0x004410ac                enum_settings_next
                0x004411c8                enum_settings_finish
                0x004411ec                verify_host_key
                0x00441530                store_host_key
                0x004415f8                read_random_seed
                0x0044166c                write_random_seed
                0x004416bc                add_to_jumplist_registry
                0x004416d0                remove_from_jumplist_registry
                0x004416e4                get_jumplist_registry_entries
                0x00441720                cleanup_all
 .text          0x00441838       0x88 wintime.o
                0x00441838                ltime
 .text          0x004418c0     0x148c x11fwd.o
                0x004419a4                x11_setup_display
                0x00441f60                x11_free_display
                0x00442034                x11_get_auth_from_authfile
                0x00442374                x11_get_screen_number
                0x004423c8                x11_init
                0x00442520                x11_close
                0x004425a0                x11_unthrottle
                0x004425dc                x11_override_throttle
                0x00442638                x11_send
 .text          0x00442d4c        0x8 d:/mingw/bin/../lib/gcc/mingw32/4.5.2/../../../libadvapi32.a(dgxgs00412.o)
                0x00442d4c                RegOpenKeyA@12
 .text          0x00442d54        0x8 d:/mingw/bin/../lib/gcc/mingw32/4.5.2/../../../libadvapi32.a(dgxgs00423.o)
                0x00442d54                RegQueryValueExA@24
 .text          0x00442d5c        0x8 d:/mingw/bin/../lib/gcc/mingw32/4.5.2/../../../libadvapi32.a(dgxgs00386.o)
                0x00442d5c                RegCloseKey@4
 .text          0x00442d64        0x8 d:/mingw/bin/../lib/gcc/mingw32/4.5.2/../../../libadvapi32.a(dgxgs00245.o)
                0x00442d64                GetUserNameA@8
 .text          0x00442d6c        0x8 d:/mingw/bin/../lib/gcc/mingw32/4.5.2/../../../libadvapi32.a(dgxgs00196.o)
                0x00442d6c                GetLengthSid@4
 .text          0x00442d74        0x8 d:/mingw/bin/../lib/gcc/mingw32/4.5.2/../../../libadvapi32.a(dgxgs00083.o)
                0x00442d74                CopySid@12
 .text          0x00442d7c        0x8 d:/mingw/bin/../lib/gcc/mingw32/4.5.2/../../../libadvapi32.a(dgxgs00393.o)
                0x00442d7c                RegDeleteKeyA@8
 .text          0x00442d84        0x8 d:/mingw/bin/../lib/gcc/mingw32/4.5.2/../../../libadvapi32.a(dgxgs00400.o)
                0x00442d84                RegEnumKeyA@16
 .text          0x00442d8c        0x8 d:/mingw/bin/../lib/gcc/mingw32/4.5.2/../../../libadvapi32.a(dgxgs00389.o)
                0x00442d8c                RegCreateKeyA@12
 .text          0x00442d94        0x8 d:/mingw/bin/../lib/gcc/mingw32/4.5.2/../../../libadvapi32.a(dgxgs00434.o)
                0x00442d94                RegSetValueExA@24
 .text          0x00442d9c        0x8 d:/mingw/bin/../lib/gcc/mingw32/4.5.2/../../../libadvapi32.a(dgxgs00390.o)
                0x00442d9c                RegCreateKeyExA@36
 .text          0x00442da4        0x8 d:/mingw/bin/../lib/gcc/mingw32/4.5.2/../../../libadvapi32.a(dgxgs00397.o)
                0x00442da4                RegDeleteValueA@8
 .text          0x00442dac        0x0 d:/mingw/bin/../lib/gcc/mingw32/4.5.2/../../../libadvapi32.a(dgxgh.o)
 .text          0x00442dac        0x0 d:/mingw/bin/../lib/gcc/mingw32/4.5.2/../../../libadvapi32.a(dgxgt.o)
 .text          0x00442dac        0x8 d:/mingw/bin/../lib/gcc/mingw32/4.5.2/../../../libuser32.a(daois00259.o)
                0x00442dac                GetForegroundWindow@0
 .text          0x00442db4        0x8 d:/mingw/bin/../lib/gcc/mingw32/4.5.2/../../../libuser32.a(daois00224.o)
                0x00442db4                GetCapture@0
 .text          0x00442dbc        0x8 d:/mingw/bin/../lib/gcc/mingw32/4.5.2/../../../libuser32.a(daois00241.o)
                0x00442dbc                GetClipboardOwner@0
 .text          0x00442dc4        0x8 d:/mingw/bin/../lib/gcc/mingw32/4.5.2/../../../libuser32.a(daois00310.o)
                0x00442dc4                GetQueueStatus@4
 .text          0x00442dcc        0x8 d:/mingw/bin/../lib/gcc/mingw32/4.5.2/../../../libuser32.a(daois00247.o)
                0x00442dcc                GetCursorPos@4
 .text          0x00442dd4        0x8 d:/mingw/bin/../lib/gcc/mingw32/4.5.2/../../../libuser32.a(daois00210.o)
                0x00442dd4                FindWindowA@8
 .text          0x00442ddc        0x8 d:/mingw/bin/../lib/gcc/mingw32/4.5.2/../../../libuser32.a(daois00508.o)
                0x00442ddc                SendMessageA@16
 .text          0x00442de4        0x0 d:/mingw/bin/../lib/gcc/mingw32/4.5.2/../../../libuser32.a(daoih.o)
 .text          0x00442de4        0x0 d:/mingw/bin/../lib/gcc/mingw32/4.5.2/../../../libuser32.a(daoit.o)
 *fill*         0x00442de4        0xc 00
 .text          0x00442df0      0x1d0 d:/mingw/bin/../lib/gcc/mingw32/4.5.2/../../../libmingw32.a(tlssup.o)
                0x00442df0                __tlregdtor
                0x00442e40                __dyn_tls_init@12
 .text          0x00442fc0        0x0 d:/mingw/bin/../lib/gcc/mingw32/4.5.2/../../../libmingw32.a(CRTglob.o)
 .text          0x00442fc0        0x0 d:/mingw/bin/../lib/gcc/mingw32/4.5.2/../../../libmingw32.a(CRTfmode.o)
 .text          0x00442fc0        0x0 d:/mingw/bin/../lib/gcc/mingw32/4.5.2/../../../libmingw32.a(txtmode.o)
 .text          0x00442fc0       0xe0 d:/mingw/bin/../lib/gcc/mingw32/4.5.2/../../../libmingw32.a(cpu_features.o)
                0x00442fc0                __cpu_features_init
 .text          0x004430a0      0x2e0 d:/mingw/bin/../lib/gcc/mingw32/4.5.2/../../../libmingw32.a(pseudo-reloc.o)
                0x004431d0                _pei386_runtime_relocator
 .text          0x00443380       0xb0 d:/mingw/bin/../lib/gcc/mingw32/4.5.2/../../../libmingw32.a(gccmain.o)
                0x00443380                __do_global_dtors
                0x004433b0                __do_global_ctors
                0x00443410                __main
 .text          0x00443430       0x10 d:/mingw/bin/../lib/gcc/mingw32/4.5.2/../../../libmingw32.a(CRT_fp10.o)
                0x00443430                fpreset
                0x00443430                _fpreset
 .text          0x00443440        0x0 d:/mingw/bin/../lib/gcc/mingw32/4.5.2/../../../libmingw32.a(crtst.o)
 .text          0x00443440      0x210 d:/mingw/bin/../lib/gcc/mingw32/4.5.2/../../../libmingw32.a(tlsthrd.o)
                0x004434c0                __mingw_TLScallback
                0x00443550                ___w64_mingwthr_remove_key_dtor
                0x004435e0                ___w64_mingwthr_add_key_dtor
 .text          0x00443650        0x0 d:/mingw/bin/../lib/gcc/mingw32/4.5.2/../../../libmingw32.a(pseudo-reloc-list.o)
 .text          0x00443650       0x34 d:/mingw/bin/../lib/gcc/mingw32/4.5.2/libgcc.a(_chkstk.o)
                0x00443650                _alloca
                0x00443650                __chkstk
 .text          0x00443684      0x124 d:/mingw/bin/../lib/gcc/mingw32/4.5.2/libgcc.a(_umoddi3.o)
                0x00443684                __umoddi3
 .text          0x004437a8      0x110 d:/mingw/bin/../lib/gcc/mingw32/4.5.2/libgcc.a(_udivdi3.o)
                0x004437a8                __udivdi3
 .text          0x004438b8        0x0 d:/mingw/bin/../lib/gcc/mingw32/4.5.2/libgcc.a(_ctors.o)
 .text          0x004438b8        0x8 d:/mingw/bin/../lib/gcc/mingw32/4.5.2/../../../libmoldname.a(dgzls00084.o)
                0x004438b8                strnicmp
 .text          0x004438c0        0x8 d:/mingw/bin/../lib/gcc/mingw32/4.5.2/../../../libmoldname.a(dgzls00081.o)
                0x004438c0                stricmp
 .text          0x004438c8        0x0 d:/mingw/bin/../lib/gcc/mingw32/4.5.2/../../../libmoldname.a(dgzlh.o)
 .text          0x004438c8        0x0 d:/mingw/bin/../lib/gcc/mingw32/4.5.2/../../../libmoldname.a(dgzlt.o)
 .text          0x004438c8        0x0 d:/mingw/bin/../lib/gcc/mingw32/4.5.2/../../../libmsvcrt.a(duyms00590.o)
 .text          0x004438c8        0x0 d:/mingw/bin/../lib/gcc/mingw32/4.5.2/../../../libmsvcrt.a(duyms00383.o)
 .text          0x004438c8        0x0 d:/mingw/bin/../lib/gcc/mingw32/4.5.2/../../../libmsvcrt.a(duyms00266.o)
 .text          0x004438c8        0x8 d:/mingw/bin/../lib/gcc/mingw32/4.5.2/../../../libmsvcrt.a(duyms00055.o)
                0x004438c8                __getmainargs
 .text          0x004438d0        0x8 d:/mingw/bin/../lib/gcc/mingw32/4.5.2/../../../libmsvcrt.a(duyms00079.o)
                0x004438d0                __p__fmode
 .text          0x004438d8        0x8 d:/mingw/bin/../lib/gcc/mingw32/4.5.2/../../../libmsvcrt.a(duyms00077.o)
                0x004438d8                __p__environ
 .text          0x004438e0        0x8 d:/mingw/bin/../lib/gcc/mingw32/4.5.2/../../../libmsvcrt.a(duyms00147.o)
                0x004438e0                _cexit
 .text          0x004438e8        0x8 d:/mingw/bin/../lib/gcc/mingw32/4.5.2/../../../libmsvcrt.a(duyms00426.o)
                0x004438e8                _setmode
 .text          0x004438f0        0x8 d:/mingw/bin/../lib/gcc/mingw32/4.5.2/../../../libmsvcrt.a(duyms00706.o)
                0x004438f0                signal
 .text          0x004438f8        0x8 d:/mingw/bin/../lib/gcc/mingw32/4.5.2/../../../libmsvcrt.a(duyms00724.o)
                0x004438f8                strncpy
 .text          0x00443900        0x8 d:/mingw/bin/../lib/gcc/mingw32/4.5.2/../../../libmsvcrt.a(duyms00715.o)
                0x00443900                strcmp
 .text          0x00443908        0x8 d:/mingw/bin/../lib/gcc/mingw32/4.5.2/../../../libmsvcrt.a(duyms00714.o)
                0x00443908                strchr
 .text          0x00443910        0x8 d:/mingw/bin/../lib/gcc/mingw32/4.5.2/../../../libmsvcrt.a(duyms00723.o)
                0x00443910                strncmp
 .text          0x00443918        0x8 d:/mingw/bin/../lib/gcc/mingw32/4.5.2/../../../libmsvcrt.a(duyms00592.o)
                0x00443918                atoi
 .text          0x00443920        0x8 d:/mingw/bin/../lib/gcc/mingw32/4.5.2/../../../libmsvcrt.a(duyms00618.o)
                0x00443920                fopen
 .text          0x00443928        0x8 d:/mingw/bin/../lib/gcc/mingw32/4.5.2/../../../libmsvcrt.a(duyms00611.o)
                0x00443928                fgetc
 .text          0x00443930        0x8 d:/mingw/bin/../lib/gcc/mingw32/4.5.2/../../../libmsvcrt.a(duyms00607.o)
                0x00443930                fclose
 .text          0x00443938        0x8 d:/mingw/bin/../lib/gcc/mingw32/4.5.2/../../../libmsvcrt.a(duyms00137.o)
                0x00443938                _assert
 .text          0x00443940        0x0 d:/mingw/bin/../lib/gcc/mingw32/4.5.2/../../../libmsvcrt.a(duyms00065.o)
 .text          0x00443940        0x0 d:/mingw/bin/../lib/gcc/mingw32/4.5.2/../../../libmsvcrt.a(duyms00392.o)
 .text          0x00443940        0x8 d:/mingw/bin/../lib/gcc/mingw32/4.5.2/../../../libmsvcrt.a(duyms00610.o)
                0x00443940                fflush
 .text          0x00443948        0x8 d:/mingw/bin/../lib/gcc/mingw32/4.5.2/../../../libmsvcrt.a(duyms00633.o)
                0x00443948                fwrite
 .text          0x00443950        0x8 d:/mingw/bin/../lib/gcc/mingw32/4.5.2/../../../libmsvcrt.a(duyms00720.o)
                0x00443950                strftime
 .text          0x00443958        0x8 d:/mingw/bin/../lib/gcc/mingw32/4.5.2/../../../libmsvcrt.a(duyms00742.o)
                0x00443958                tolower
 .text          0x00443960        0x8 d:/mingw/bin/../lib/gcc/mingw32/4.5.2/../../../libmsvcrt.a(duyms00619.o)
                0x00443960                fprintf
 .text          0x00443968        0x8 d:/mingw/bin/../lib/gcc/mingw32/4.5.2/../../../libmsvcrt.a(duyms00709.o)
                0x00443968                sprintf
 .text          0x00443970        0x8 d:/mingw/bin/../lib/gcc/mingw32/4.5.2/../../../libmsvcrt.a(duyms00268.o)
                0x00443970                _isctype
 .text          0x00443978        0x8 d:/mingw/bin/../lib/gcc/mingw32/4.5.2/../../../libmsvcrt.a(duyms00732.o)
                0x00443978                strtoul
 .text          0x00443980        0x8 d:/mingw/bin/../lib/gcc/mingw32/4.5.2/../../../libmsvcrt.a(duyms00731.o)
                0x00443980                strtol
 .text          0x00443988        0x8 d:/mingw/bin/../lib/gcc/mingw32/4.5.2/../../../libmsvcrt.a(duyms00676.o)
                0x00443988                malloc
 .text          0x00443990        0x8 d:/mingw/bin/../lib/gcc/mingw32/4.5.2/../../../libmsvcrt.a(duyms00717.o)
                0x00443990                strcpy
 .text          0x00443998        0x8 d:/mingw/bin/../lib/gcc/mingw32/4.5.2/../../../libmsvcrt.a(duyms00698.o)
                0x00443998                realloc
 .text          0x004439a0        0x8 d:/mingw/bin/../lib/gcc/mingw32/4.5.2/../../../libmsvcrt.a(duyms00490.o)
                0x004439a0                _vsnprintf
 .text          0x004439a8        0x8 d:/mingw/bin/../lib/gcc/mingw32/4.5.2/../../../libmsvcrt.a(duyms00625.o)
                0x004439a8                free
 .text          0x004439b0        0x8 d:/mingw/bin/../lib/gcc/mingw32/4.5.2/../../../libmsvcrt.a(duyms00613.o)
                0x004439b0                fgets
 .text          0x004439b8        0x8 d:/mingw/bin/../lib/gcc/mingw32/4.5.2/../../../libmsvcrt.a(duyms00683.o)
                0x004439b8                memmove
 .text          0x004439c0        0x8 d:/mingw/bin/../lib/gcc/mingw32/4.5.2/../../../libmsvcrt.a(duyms00712.o)
                0x004439c0                sscanf
 .text          0x004439c8        0x8 d:/mingw/bin/../lib/gcc/mingw32/4.5.2/../../../libmsvcrt.a(duyms00692.o)
                0x004439c8                puts
 .text          0x004439d0        0x8 d:/mingw/bin/../lib/gcc/mingw32/4.5.2/../../../libmsvcrt.a(duyms00689.o)
                0x004439d0                printf
 .text          0x004439d8        0x8 d:/mingw/bin/../lib/gcc/mingw32/4.5.2/../../../libmsvcrt.a(duyms00736.o)
                0x004439d8                system
 .text          0x004439e0        0x8 d:/mingw/bin/../lib/gcc/mingw32/4.5.2/../../../libmsvcrt.a(duyms00726.o)
                0x004439e0                strrchr
 .text          0x004439e8        0x8 d:/mingw/bin/../lib/gcc/mingw32/4.5.2/../../../libmsvcrt.a(duyms00727.o)
                0x004439e8                strspn
 .text          0x004439f0        0x8 d:/mingw/bin/../lib/gcc/mingw32/4.5.2/../../../libmsvcrt.a(duyms00718.o)
                0x004439f0                strcspn
 .text          0x004439f8        0x8 d:/mingw/bin/../lib/gcc/mingw32/4.5.2/../../../libmsvcrt.a(duyms00695.o)
                0x004439f8                qsort
 .text          0x00443a00        0x8 d:/mingw/bin/../lib/gcc/mingw32/4.5.2/../../../libmsvcrt.a(duyms00621.o)
                0x00443a00                fputs
 .text          0x00443a08        0x8 d:/mingw/bin/../lib/gcc/mingw32/4.5.2/../../../libmsvcrt.a(duyms00748.o)
                0x00443a08                vfprintf
 .text          0x00443a10        0x8 d:/mingw/bin/../lib/gcc/mingw32/4.5.2/../../../libmsvcrt.a(duyms00604.o)
                0x00443a10                exit
 .text          0x00443a18        0x8 d:/mingw/bin/../lib/gcc/mingw32/4.5.2/../../../libmsvcrt.a(duyms00681.o)
                0x00443a18                memcmp
 .text          0x00443a20        0x8 d:/mingw/bin/../lib/gcc/mingw32/4.5.2/../../../libmsvcrt.a(duyms00620.o)
                0x00443a20                fputc
 .text          0x00443a28        0x8 d:/mingw/bin/../lib/gcc/mingw32/4.5.2/../../../libmsvcrt.a(duyms00680.o)
                0x00443a28                memchr
 .text          0x00443a30        0x8 d:/mingw/bin/../lib/gcc/mingw32/4.5.2/../../../libmsvcrt.a(duyms00583.o)
                0x00443a30                abort
 .text          0x00443a38        0x8 d:/mingw/bin/../lib/gcc/mingw32/4.5.2/../../../libmsvcrt.a(duyms00746.o)
                0x00443a38                ungetc
 .text          0x00443a40        0x8 d:/mingw/bin/../lib/gcc/mingw32/4.5.2/../../../libmsvcrt.a(duyms00624.o)
                0x00443a40                fread
 .text          0x00443a48        0x8 d:/mingw/bin/../lib/gcc/mingw32/4.5.2/../../../libmsvcrt.a(duyms00637.o)
                0x00443a48                getenv
 .text          0x00443a50        0x8 d:/mingw/bin/../lib/gcc/mingw32/4.5.2/../../../libmsvcrt.a(duyms00699.o)
                0x00443a50                remove
 .text          0x00443a58        0x8 d:/mingw/bin/../lib/gcc/mingw32/4.5.2/../../../libmsvcrt.a(duyms00739.o)
                0x00443a58                time
 .text          0x00443a60        0x0 d:/mingw/bin/../lib/gcc/mingw32/4.5.2/../../../libmsvcrt.a(duyms00538.o)
 .text          0x00443a60        0x8 d:/mingw/bin/../lib/gcc/mingw32/4.5.2/../../../libmsvcrt.a(duyms00682.o)
                0x00443a60                memcpy
 .text          0x00443a68        0x8 d:/mingw/bin/../lib/gcc/mingw32/4.5.2/../../../libmsvcrt.a(duyms00595.o)
                0x00443a68                calloc
 .text          0x00443a70        0x0 d:/mingw/bin/../lib/gcc/mingw32/4.5.2/../../../libmsvcrt.a(duymh.o)
 .text          0x00443a70        0x0 d:/mingw/bin/../lib/gcc/mingw32/4.5.2/../../../libmsvcrt.a(duymt.o)
 .text          0x00443a70        0x8 d:/mingw/bin/../lib/gcc/mingw32/4.5.2/../../../libkernel32.a(dchds01140.o)
                0x00443a70                SetUnhandledExceptionFilter@4
 .text          0x00443a78        0x8 d:/mingw/bin/../lib/gcc/mingw32/4.5.2/../../../libkernel32.a(dchds00279.o)
                0x00443a78                ExitProcess@4
 .text          0x00443a80        0x8 d:/mingw/bin/../lib/gcc/mingw32/4.5.2/../../../libkernel32.a(dchds00529.o)
                0x00443a80                GetModuleHandleA@4
 .text          0x00443a88        0x8 d:/mingw/bin/../lib/gcc/mingw32/4.5.2/../../../libkernel32.a(dchds00577.o)
                0x00443a88                GetProcAddress@8
 .text          0x00443a90        0x8 d:/mingw/bin/../lib/gcc/mingw32/4.5.2/../../../libkernel32.a(dchds00656.o)
                0x00443a90                GetTickCount@0
 .text          0x00443a98        0x8 d:/mingw/bin/../lib/gcc/mingw32/4.5.2/../../../libkernel32.a(dchds01267.o)
                0x00443a98                WriteFile@20
 .text          0x00443aa0        0x8 d:/mingw/bin/../lib/gcc/mingw32/4.5.2/../../../libkernel32.a(dchds00608.o)
                0x00443aa0                GetStdHandle@4
 .text          0x00443aa8        0x8 d:/mingw/bin/../lib/gcc/mingw32/4.5.2/../../../libkernel32.a(dchds00426.o)
                0x00443aa8                GetConsoleMode@8
 .text          0x00443ab0        0x8 d:/mingw/bin/../lib/gcc/mingw32/4.5.2/../../../libkernel32.a(dchds01037.o)
                0x00443ab0                SetConsoleMode@8
 .text          0x00443ab8        0x8 d:/mingw/bin/../lib/gcc/mingw32/4.5.2/../../../libkernel32.a(dchds00947.o)
                0x00443ab8                ReadFile@20
 .text          0x00443ac0        0x8 d:/mingw/bin/../lib/gcc/mingw32/4.5.2/../../../libkernel32.a(dchds00817.o)
                0x00443ac0                LoadLibraryA@4
 .text          0x00443ac8        0x8 d:/mingw/bin/../lib/gcc/mingw32/4.5.2/../../../libkernel32.a(dchds00352.o)
                0x00443ac8                FreeLibrary@4
 .text          0x00443ad0        0x8 d:/mingw/bin/../lib/gcc/mingw32/4.5.2/../../../libkernel32.a(dchds00082.o)
                0x00443ad0                CloseHandle@4
 .text          0x00443ad8        0x8 d:/mingw/bin/../lib/gcc/mingw32/4.5.2/../../../libkernel32.a(dchds01065.o)
                0x00443ad8                SetEvent@4
 .text          0x00443ae0        0x8 d:/mingw/bin/../lib/gcc/mingw32/4.5.2/../../../libkernel32.a(dchds01223.o)
                0x00443ae0                WaitForSingleObject@8
 .text          0x00443ae8        0x8 d:/mingw/bin/../lib/gcc/mingw32/4.5.2/../../../libkernel32.a(dchds00510.o)
                0x00443ae8                GetLastError@0
 .text          0x00443af0        0x8 d:/mingw/bin/../lib/gcc/mingw32/4.5.2/../../../libkernel32.a(dchds00564.o)
                0x00443af0                GetOverlappedResult@16
 .text          0x00443af8        0x8 d:/mingw/bin/../lib/gcc/mingw32/4.5.2/../../../libkernel32.a(dchds00129.o)
                0x00443af8                CreateEventA@16
 .text          0x00443b00        0x8 d:/mingw/bin/../lib/gcc/mingw32/4.5.2/../../../libkernel32.a(dchds00179.o)
                0x00443b00                CreateThread@24
 .text          0x00443b08        0x8 d:/mingw/bin/../lib/gcc/mingw32/4.5.2/../../../libkernel32.a(dchds00671.o)
                0x00443b08                GetVersionExA@4
 .text          0x00443b10        0x8 d:/mingw/bin/../lib/gcc/mingw32/4.5.2/../../../libkernel32.a(dchds00619.o)
                0x00443b10                GetSystemDirectoryA@8
 .text          0x00443b18        0x8 d:/mingw/bin/../lib/gcc/mingw32/4.5.2/../../../libkernel32.a(dchds00016.o)
                0x00443b18                AllocConsole@0
 .text          0x00443b20        0x8 d:/mingw/bin/../lib/gcc/mingw32/4.5.2/../../../libkernel32.a(dchds00682.o)
                0x00443b20                GetWindowsDirectoryA@8
 .text          0x00443b28        0x8 d:/mingw/bin/../lib/gcc/mingw32/4.5.2/../../../libkernel32.a(dchds00304.o)
                0x00443b28                FindFirstFileA@8
 .text          0x00443b30        0x8 d:/mingw/bin/../lib/gcc/mingw32/4.5.2/../../../libkernel32.a(dchds00321.o)
                0x00443b30                FindNextFileA@8
 .text          0x00443b38        0x8 d:/mingw/bin/../lib/gcc/mingw32/4.5.2/../../../libkernel32.a(dchds00300.o)
                0x00443b38                FindClose@4
 .text          0x00443b40        0x8 d:/mingw/bin/../lib/gcc/mingw32/4.5.2/../../../libkernel32.a(dchds00447.o)
                0x00443b40                GetCurrentProcessId@0
 .text          0x00443b48        0x8 d:/mingw/bin/../lib/gcc/mingw32/4.5.2/../../../libkernel32.a(dchds00627.o)
                0x00443b48                GetSystemTime@4
 .text          0x00443b50        0x8 d:/mingw/bin/../lib/gcc/mingw32/4.5.2/../../../libkernel32.a(dchds00628.o)
                0x00443b50                GetSystemTimeAdjustment@12
 .text          0x00443b58        0x8 d:/mingw/bin/../lib/gcc/mingw32/4.5.2/../../../libkernel32.a(dchds00699.o)
                0x00443b58                GlobalMemoryStatus@4
 .text          0x00443b60        0x8 d:/mingw/bin/../lib/gcc/mingw32/4.5.2/../../../libkernel32.a(dchds00450.o)
                0x00443b60                GetCurrentThread@0
 .text          0x00443b68        0x8 d:/mingw/bin/../lib/gcc/mingw32/4.5.2/../../../libkernel32.a(dchds00653.o)
                0x00443b68                GetThreadTimes@20
 .text          0x00443b70        0x8 d:/mingw/bin/../lib/gcc/mingw32/4.5.2/../../../libkernel32.a(dchds00446.o)
                0x00443b70                GetCurrentProcess@0
 .text          0x00443b78        0x8 d:/mingw/bin/../lib/gcc/mingw32/4.5.2/../../../libkernel32.a(dchds00590.o)
                0x00443b78                GetProcessTimes@20
 .text          0x00443b80        0x8 d:/mingw/bin/../lib/gcc/mingw32/4.5.2/../../../libkernel32.a(dchds00922.o)
                0x00443b80                QueryPerformanceCounter@4
 .text          0x00443b88        0x8 d:/mingw/bin/../lib/gcc/mingw32/4.5.2/../../../libkernel32.a(dchds00885.o)
                0x00443b88                OpenProcess@12
 .text          0x00443b90        0x8 d:/mingw/bin/../lib/gcc/mingw32/4.5.2/../../../libkernel32.a(dchds00829.o)
                0x00443b90                LocalFree@4
 .text          0x00443b98        0x8 d:/mingw/bin/../lib/gcc/mingw32/4.5.2/../../../libkernel32.a(dchds00825.o)
                0x00443b98                LocalAlloc@8
 .text          0x00443ba0        0x8 d:/mingw/bin/../lib/gcc/mingw32/4.5.2/../../../libkernel32.a(dchds00451.o)
                0x00443ba0                GetCurrentThreadId@0
 .text          0x00443ba8        0x8 d:/mingw/bin/../lib/gcc/mingw32/4.5.2/../../../libkernel32.a(dchds00136.o)
                0x00443ba8                CreateFileMappingA@24
 .text          0x00443bb0        0x8 d:/mingw/bin/../lib/gcc/mingw32/4.5.2/../../../libkernel32.a(dchds00844.o)
                0x00443bb0                MapViewOfFile@20
 .text          0x00443bb8        0x8 d:/mingw/bin/../lib/gcc/mingw32/4.5.2/../../../libkernel32.a(dchds01188.o)
                0x00443bb8                UnmapViewOfFile@4
 .text          0x00443bc0        0x8 d:/mingw/bin/../lib/gcc/mingw32/4.5.2/../../../libkernel32.a(dchds00160.o)
                0x00443bc0                CreatePipe@16
 .text          0x00443bc8        0x8 d:/mingw/bin/../lib/gcc/mingw32/4.5.2/../../../libkernel32.a(dchds01088.o)
                0x00443bc8                SetHandleInformation@12
 .text          0x00443bd0        0x8 d:/mingw/bin/../lib/gcc/mingw32/4.5.2/../../../libkernel32.a(dchds00163.o)
                0x00443bd0                CreateProcessA@40
 .text          0x00443bd8        0x8 d:/mingw/bin/../lib/gcc/mingw32/4.5.2/../../../libkernel32.a(dchds01052.o)
                0x00443bd8                SetCurrentDirectoryA@4
 .text          0x00443be0        0x8 d:/mingw/bin/../lib/gcc/mingw32/4.5.2/../../../libkernel32.a(dchds00347.o)
                0x00443be0                FormatMessageA@28
 .text          0x00443be8        0x8 d:/mingw/bin/../lib/gcc/mingw32/4.5.2/../../../libkernel32.a(dchds00444.o)
                0x00443be8                GetCurrentDirectoryA@8
 .text          0x00443bf0        0x8 d:/mingw/bin/../lib/gcc/mingw32/4.5.2/../../../libkernel32.a(dchds00135.o)
                0x00443bf0                CreateFileA@28
 .text          0x00443bf8        0x8 d:/mingw/bin/../lib/gcc/mingw32/4.5.2/../../../libkernel32.a(dchds00492.o)
                0x00443bf8                GetFileSize@8
 .text          0x00443c00        0x8 d:/mingw/bin/../lib/gcc/mingw32/4.5.2/../../../libkernel32.a(dchds00494.o)
                0x00443c00                GetFileTime@16
 .text          0x00443c08        0x8 d:/mingw/bin/../lib/gcc/mingw32/4.5.2/../../../libkernel32.a(dchds01082.o)
                0x00443c08                SetFileTime@16
 .text          0x00443c10        0x8 d:/mingw/bin/../lib/gcc/mingw32/4.5.2/../../../libkernel32.a(dchds01078.o)
                0x00443c10                SetFilePointer@16
 .text          0x00443c18        0x8 d:/mingw/bin/../lib/gcc/mingw32/4.5.2/../../../libkernel32.a(dchds00481.o)
                0x00443c18                GetFileAttributesA@4
 .text          0x00443c20        0x8 d:/mingw/bin/../lib/gcc/mingw32/4.5.2/../../../libkernel32.a(dchds00123.o)
                0x00443c20                CreateDirectoryA@8
 .text          0x00443c28        0x8 d:/mingw/bin/../lib/gcc/mingw32/4.5.2/../../../libkernel32.a(dchds01221.o)
                0x00443c28                WaitForMultipleObjects@16
 .text          0x00443c30        0x8 d:/mingw/bin/../lib/gcc/mingw32/4.5.2/../../../libkernel32.a(dchds00473.o)
                0x00443c30                GetEnvironmentVariableA@12
 .text          0x00443c38        0x8 d:/mingw/bin/../lib/gcc/mingw32/4.5.2/../../../libkernel32.a(dchds00511.o)
                0x00443c38                GetLocalTime@4
 .text          0x00443c40        0x8 d:/mingw/bin/../lib/gcc/mingw32/4.5.2/../../../libkernel32.a(dchds01215.o)
                0x00443c40                VirtualQuery@12
 .text          0x00443c48        0x8 d:/mingw/bin/../lib/gcc/mingw32/4.5.2/../../../libkernel32.a(dchds01213.o)
                0x00443c48                VirtualProtect@16
 .text          0x00443c50        0x8 d:/mingw/bin/../lib/gcc/mingw32/4.5.2/../../../libkernel32.a(dchds01173.o)
                0x00443c50                TlsGetValue@4
 .text          0x00443c58        0x8 d:/mingw/bin/../lib/gcc/mingw32/4.5.2/../../../libkernel32.a(dchds00207.o)
                0x00443c58                DeleteCriticalSection@4
 .text          0x00443c60        0x8 d:/mingw/bin/../lib/gcc/mingw32/4.5.2/../../../libkernel32.a(dchds00734.o)
                0x00443c60                InitializeCriticalSection@4
 .text          0x00443c68        0x8 d:/mingw/bin/../lib/gcc/mingw32/4.5.2/../../../libkernel32.a(dchds00236.o)
                0x00443c68                EnterCriticalSection@4
 .text          0x00443c70        0x8 d:/mingw/bin/../lib/gcc/mingw32/4.5.2/../../../libkernel32.a(dchds00814.o)
                0x00443c70                LeaveCriticalSection@4
 .text          0x00443c78        0x0 d:/mingw/bin/../lib/gcc/mingw32/4.5.2/../../../libkernel32.a(dchdh.o)
 .text          0x00443c78        0x0 d:/mingw/bin/../lib/gcc/mingw32/4.5.2/../../../libkernel32.a(dchdt.o)
 .text          0x00443c78       0x1c d:/mingw/bin/../lib/gcc/mingw32/4.5.2/crtend.o
 *(SORT(.text$*))
 *(.text.*)
 *(.glue_7t)
 *(.glue_7)
                0x00443c94                ___CTOR_LIST__ = .
                0x00443c94                __CTOR_LIST__ = .
                0x00443c94        0x4 LONG 0xffffffff
 *(.ctors)
 *(.ctor)
 *(SORT(.ctors.*))
 .ctors.65535   0x00443c98        0x4 d:/mingw/bin/../lib/gcc/mingw32/4.5.2/crtend.o
                0x00443c9c        0x4 LONG 0x0
                0x00443ca0                ___DTOR_LIST__ = .
                0x00443ca0                __DTOR_LIST__ = .
                0x00443ca0        0x4 LONG 0xffffffff
 *(.dtors)
 *(.dtor)
 *(SORT(.dtors.*))
                0x00443ca4        0x4 LONG 0x0
 *(.fini)
 *(.gcc_exc)
                0x00443ca8                PROVIDE (etext, .)
 *(.gcc_except_table)

.data           0x00444000      0x400
                0x00444000                __data_start__ = .
 *(.data)
 .data          0x00444000        0x0 d:/mingw/bin/../lib/gcc/mingw32/4.5.2/../../../crt2.o
 .data          0x00444000        0x0 d:/mingw/bin/../lib/gcc/mingw32/4.5.2/crtbegin.o
 .data          0x00444000        0x0 be_none.o
 .data          0x00444000        0x0 cmdline.o
 .data          0x00444000        0x0 cproxy.o
 .data          0x00444000        0x0 int64.o
 .data          0x00444000        0x0 logging.o
 .data          0x00444000        0x0 misc.o
 .data          0x00444000       0x24 pgssapi.o
                0x00444000                GSS_C_NT_USER_NAME
                0x00444004                GSS_C_NT_MACHINE_UID_NAME
                0x00444008                GSS_C_NT_STRING_UID_NAME
                0x0044400c                GSS_C_NT_HOSTBASED_SERVICE_X
                0x00444010                GSS_C_NT_HOSTBASED_SERVICE
                0x00444014                GSS_C_NT_ANONYMOUS
                0x00444018                GSS_C_NT_EXPORT_NAME
 .data          0x00444024        0x0 pinger.o
 .data          0x00444024        0x0 portfwd.o
 .data          0x00444024        0x0 proxy.o
 *fill*         0x00444024       0x1c 00
 .data          0x00444040      0x240 psftp.o
 .data          0x00444280        0x0 settings.o
 .data          0x00444280        0x0 sftp.o
 .data          0x00444280       0xc0 ssh.o
                0x00444280                ssh_backend
 .data          0x00444340        0x0 sshaes.o
 .data          0x00444340        0x0 ssharcf.o
 .data          0x00444340        0x0 sshblowf.o
 .data          0x00444340       0x10 sshbn.o
                0x00444340                bnOne
                0x00444348                Zero
                0x0044434c                One
 .data          0x00444350        0x0 sshcrc.o
 .data          0x00444350        0x4 sshcrcda.o
                0x00444350                ONE
 .data          0x00444354        0x0 sshdes.o
 .data          0x00444354        0x0 sshdh.o
 .data          0x00444354        0x0 sshdss.o
 .data          0x00444354        0x0 sshgssc.o
 .data          0x00444354        0x0 sshmd5.o
 .data          0x00444354        0x0 sshpubk.o
 .data          0x00444354        0x0 sshrand.o
 .data          0x00444354        0x0 sshrsa.o
 .data          0x00444354        0x0 sshsh256.o
 .data          0x00444354        0x0 sshsh512.o
 .data          0x00444354        0x0 sshsha.o
 .data          0x00444354        0x0 sshzlib.o
 .data          0x00444354        0x0 timing.o
 .data          0x00444354        0x0 tree234.o
 *fill*         0x00444354        0xc 00
 .data          0x00444360       0x80 version.o
                0x00444360                ver
                0x004443a0                sshver
 .data          0x004443e0        0x0 wildcard.o
 .data          0x004443e0        0x0 wincons.o
 .data          0x004443e0        0x0 windefs.o
 .data          0x004443e0        0x0 wingss.o
 .data          0x004443e0        0x0 winhandl.o
 .data          0x004443e0        0x4 winmisc.o
 .data          0x004443e4        0x0 winnet.o
 .data          0x004443e4        0x0 winnoise.o
 .data          0x004443e4        0x0 winnojmp.o
 .data          0x004443e4        0x0 winpgntc.o
 .data          0x004443e4        0x0 winproxy.o
 .data          0x004443e4        0x8 winsftp.o
 .data          0x004443ec        0x0 winstore.o
 .data          0x004443ec        0x0 wintime.o
 .data          0x004443ec        0x0 x11fwd.o
 .data          0x004443ec        0x0 d:/mingw/bin/../lib/gcc/mingw32/4.5.2/../../../libadvapi32.a(dgxgs00412.o)
 .data          0x004443ec        0x0 d:/mingw/bin/../lib/gcc/mingw32/4.5.2/../../../libadvapi32.a(dgxgs00423.o)
 .data          0x004443ec        0x0 d:/mingw/bin/../lib/gcc/mingw32/4.5.2/../../../libadvapi32.a(dgxgs00386.o)
 .data          0x004443ec        0x0 d:/mingw/bin/../lib/gcc/mingw32/4.5.2/../../../libadvapi32.a(dgxgs00245.o)
 .data          0x004443ec        0x0 d:/mingw/bin/../lib/gcc/mingw32/4.5.2/../../../libadvapi32.a(dgxgs00196.o)
 .data          0x004443ec        0x0 d:/mingw/bin/../lib/gcc/mingw32/4.5.2/../../../libadvapi32.a(dgxgs00083.o)
 .data          0x004443ec        0x0 d:/mingw/bin/../lib/gcc/mingw32/4.5.2/../../../libadvapi32.a(dgxgs00393.o)
 .data          0x004443ec        0x0 d:/mingw/bin/../lib/gcc/mingw32/4.5.2/../../../libadvapi32.a(dgxgs00400.o)
 .data          0x004443ec        0x0 d:/mingw/bin/../lib/gcc/mingw32/4.5.2/../../../libadvapi32.a(dgxgs00389.o)
 .data          0x004443ec        0x0 d:/mingw/bin/../lib/gcc/mingw32/4.5.2/../../../libadvapi32.a(dgxgs00434.o)
 .data          0x004443ec        0x0 d:/mingw/bin/../lib/gcc/mingw32/4.5.2/../../../libadvapi32.a(dgxgs00390.o)
 .data          0x004443ec        0x0 d:/mingw/bin/../lib/gcc/mingw32/4.5.2/../../../libadvapi32.a(dgxgs00397.o)
 .data          0x004443ec        0x0 d:/mingw/bin/../lib/gcc/mingw32/4.5.2/../../../libadvapi32.a(dgxgh.o)
 .data          0x004443ec        0x0 d:/mingw/bin/../lib/gcc/mingw32/4.5.2/../../../libadvapi32.a(dgxgt.o)
 .data          0x004443ec        0x0 d:/mingw/bin/../lib/gcc/mingw32/4.5.2/../../../libuser32.a(daois00259.o)
 .data          0x004443ec        0x0 d:/mingw/bin/../lib/gcc/mingw32/4.5.2/../../../libuser32.a(daois00224.o)
 .data          0x004443ec        0x0 d:/mingw/bin/../lib/gcc/mingw32/4.5.2/../../../libuser32.a(daois00241.o)
 .data          0x004443ec        0x0 d:/mingw/bin/../lib/gcc/mingw32/4.5.2/../../../libuser32.a(daois00310.o)
 .data          0x004443ec        0x0 d:/mingw/bin/../lib/gcc/mingw32/4.5.2/../../../libuser32.a(daois00247.o)
 .data          0x004443ec        0x0 d:/mingw/bin/../lib/gcc/mingw32/4.5.2/../../../libuser32.a(daois00210.o)
 .data          0x004443ec        0x0 d:/mingw/bin/../lib/gcc/mingw32/4.5.2/../../../libuser32.a(daois00508.o)
 .data          0x004443ec        0x0 d:/mingw/bin/../lib/gcc/mingw32/4.5.2/../../../libuser32.a(daoih.o)
 .data          0x004443ec        0x0 d:/mingw/bin/../lib/gcc/mingw32/4.5.2/../../../libuser32.a(daoit.o)
 .data          0x004443ec        0x0 d:/mingw/bin/../lib/gcc/mingw32/4.5.2/../../../libmingw32.a(tlssup.o)
 .data          0x004443ec        0x4 d:/mingw/bin/../lib/gcc/mingw32/4.5.2/../../../libmingw32.a(CRTglob.o)
                0x004443ec                _CRT_glob
 .data          0x004443f0        0x0 d:/mingw/bin/../lib/gcc/mingw32/4.5.2/../../../libmingw32.a(CRTfmode.o)
 .data          0x004443f0        0x4 d:/mingw/bin/../lib/gcc/mingw32/4.5.2/../../../libmingw32.a(txtmode.o)
                0x004443f0                _fmode
 .data          0x004443f4        0x0 d:/mingw/bin/../lib/gcc/mingw32/4.5.2/../../../libmingw32.a(cpu_features.o)
 .data          0x004443f4        0x0 d:/mingw/bin/../lib/gcc/mingw32/4.5.2/../../../libmingw32.a(pseudo-reloc.o)
 .data          0x004443f4        0x4 d:/mingw/bin/../lib/gcc/mingw32/4.5.2/../../../libmingw32.a(gccmain.o)
 .data          0x004443f8        0x0 d:/mingw/bin/../lib/gcc/mingw32/4.5.2/../../../libmingw32.a(CRT_fp10.o)
 .data          0x004443f8        0x0 d:/mingw/bin/../lib/gcc/mingw32/4.5.2/../../../libmingw32.a(crtst.o)
 .data          0x004443f8        0x0 d:/mingw/bin/../lib/gcc/mingw32/4.5.2/../../../libmingw32.a(tlsthrd.o)
 .data          0x004443f8        0x0 d:/mingw/bin/../lib/gcc/mingw32/4.5.2/../../../libmingw32.a(pseudo-reloc-list.o)
 .data          0x004443f8        0x0 d:/mingw/bin/../lib/gcc/mingw32/4.5.2/libgcc.a(_chkstk.o)
 .data          0x004443f8        0x0 d:/mingw/bin/../lib/gcc/mingw32/4.5.2/libgcc.a(_umoddi3.o)
 .data          0x004443f8        0x0 d:/mingw/bin/../lib/gcc/mingw32/4.5.2/libgcc.a(_udivdi3.o)
 .data          0x004443f8        0x0 d:/mingw/bin/../lib/gcc/mingw32/4.5.2/libgcc.a(_ctors.o)
 .data          0x004443f8        0x0 d:/mingw/bin/../lib/gcc/mingw32/4.5.2/../../../libmoldname.a(dgzls00084.o)
 .data          0x004443f8        0x0 d:/mingw/bin/../lib/gcc/mingw32/4.5.2/../../../libmoldname.a(dgzls00081.o)
 .data          0x004443f8        0x0 d:/mingw/bin/../lib/gcc/mingw32/4.5.2/../../../libmoldname.a(dgzlh.o)
 .data          0x004443f8        0x0 d:/mingw/bin/../lib/gcc/mingw32/4.5.2/../../../libmoldname.a(dgzlt.o)
 .data          0x004443f8        0x0 d:/mingw/bin/../lib/gcc/mingw32/4.5.2/../../../libmsvcrt.a(duyms00590.o)
 .data          0x004443f8        0x0 d:/mingw/bin/../lib/gcc/mingw32/4.5.2/../../../libmsvcrt.a(duyms00383.o)
 .data          0x004443f8        0x0 d:/mingw/bin/../lib/gcc/mingw32/4.5.2/../../../libmsvcrt.a(duyms00266.o)
 .data          0x004443f8        0x0 d:/mingw/bin/../lib/gcc/mingw32/4.5.2/../../../libmsvcrt.a(duyms00099.o)
 .data          0x004443f8        0x0 d:/mingw/bin/../lib/gcc/mingw32/4.5.2/../../../libmsvcrt.a(duyms00055.o)
 .data          0x004443f8        0x0 d:/mingw/bin/../lib/gcc/mingw32/4.5.2/../../../libmsvcrt.a(duyms00079.o)
 .data          0x004443f8        0x0 d:/mingw/bin/../lib/gcc/mingw32/4.5.2/../../../libmsvcrt.a(duyms00077.o)
 .data          0x004443f8        0x0 d:/mingw/bin/../lib/gcc/mingw32/4.5.2/../../../libmsvcrt.a(duyms00147.o)
 .data          0x004443f8        0x0 d:/mingw/bin/../lib/gcc/mingw32/4.5.2/../../../libmsvcrt.a(duyms00426.o)
 .data          0x004443f8        0x0 d:/mingw/bin/../lib/gcc/mingw32/4.5.2/../../../libmsvcrt.a(duyms00706.o)
 .data          0x004443f8        0x0 d:/mingw/bin/../lib/gcc/mingw32/4.5.2/../../../libmsvcrt.a(duyms00724.o)
 .data          0x004443f8        0x0 d:/mingw/bin/../lib/gcc/mingw32/4.5.2/../../../libmsvcrt.a(duyms00715.o)
 .data          0x004443f8        0x0 d:/mingw/bin/../lib/gcc/mingw32/4.5.2/../../../libmsvcrt.a(duyms00714.o)
 .data          0x004443f8        0x0 d:/mingw/bin/../lib/gcc/mingw32/4.5.2/../../../libmsvcrt.a(duyms00723.o)
 .data          0x004443f8        0x0 d:/mingw/bin/../lib/gcc/mingw32/4.5.2/../../../libmsvcrt.a(duyms00592.o)
 .data          0x004443f8        0x0 d:/mingw/bin/../lib/gcc/mingw32/4.5.2/../../../libmsvcrt.a(duyms00618.o)
 .data          0x004443f8        0x0 d:/mingw/bin/../lib/gcc/mingw32/4.5.2/../../../libmsvcrt.a(duyms00611.o)
 .data          0x004443f8        0x0 d:/mingw/bin/../lib/gcc/mingw32/4.5.2/../../../libmsvcrt.a(duyms00607.o)
 .data          0x004443f8        0x0 d:/mingw/bin/../lib/gcc/mingw32/4.5.2/../../../libmsvcrt.a(duyms00137.o)
 .data          0x004443f8        0x0 d:/mingw/bin/../lib/gcc/mingw32/4.5.2/../../../libmsvcrt.a(duyms00065.o)
 .data          0x004443f8        0x0 d:/mingw/bin/../lib/gcc/mingw32/4.5.2/../../../libmsvcrt.a(duyms00392.o)
 .data          0x004443f8        0x0 d:/mingw/bin/../lib/gcc/mingw32/4.5.2/../../../libmsvcrt.a(duyms00610.o)
 .data          0x004443f8        0x0 d:/mingw/bin/../lib/gcc/mingw32/4.5.2/../../../libmsvcrt.a(duyms00633.o)
 .data          0x004443f8        0x0 d:/mingw/bin/../lib/gcc/mingw32/4.5.2/../../../libmsvcrt.a(duyms00720.o)
 .data          0x004443f8        0x0 d:/mingw/bin/../lib/gcc/mingw32/4.5.2/../../../libmsvcrt.a(duyms00742.o)
 .data          0x004443f8        0x0 d:/mingw/bin/../lib/gcc/mingw32/4.5.2/../../../libmsvcrt.a(duyms00619.o)
 .data          0x004443f8        0x0 d:/mingw/bin/../lib/gcc/mingw32/4.5.2/../../../libmsvcrt.a(duyms00709.o)
 .data          0x004443f8        0x0 d:/mingw/bin/../lib/gcc/mingw32/4.5.2/../../../libmsvcrt.a(duyms00268.o)
 .data          0x004443f8        0x0 d:/mingw/bin/../lib/gcc/mingw32/4.5.2/../../../libmsvcrt.a(duyms00732.o)
 .data          0x004443f8        0x0 d:/mingw/bin/../lib/gcc/mingw32/4.5.2/../../../libmsvcrt.a(duyms00731.o)
 .data          0x004443f8        0x0 d:/mingw/bin/../lib/gcc/mingw32/4.5.2/../../../libmsvcrt.a(duyms00676.o)
 .data          0x004443f8        0x0 d:/mingw/bin/../lib/gcc/mingw32/4.5.2/../../../libmsvcrt.a(duyms00717.o)
 .data          0x004443f8        0x0 d:/mingw/bin/../lib/gcc/mingw32/4.5.2/../../../libmsvcrt.a(duyms00698.o)
 .data          0x004443f8        0x0 d:/mingw/bin/../lib/gcc/mingw32/4.5.2/../../../libmsvcrt.a(duyms00490.o)
 .data          0x004443f8        0x0 d:/mingw/bin/../lib/gcc/mingw32/4.5.2/../../../libmsvcrt.a(duyms00625.o)
 .data          0x004443f8        0x0 d:/mingw/bin/../lib/gcc/mingw32/4.5.2/../../../libmsvcrt.a(duyms00613.o)
 .data          0x004443f8        0x0 d:/mingw/bin/../lib/gcc/mingw32/4.5.2/../../../libmsvcrt.a(duyms00683.o)
 .data          0x004443f8        0x0 d:/mingw/bin/../lib/gcc/mingw32/4.5.2/../../../libmsvcrt.a(duyms00712.o)
 .data          0x004443f8        0x0 d:/mingw/bin/../lib/gcc/mingw32/4.5.2/../../../libmsvcrt.a(duyms00692.o)
 .data          0x004443f8        0x0 d:/mingw/bin/../lib/gcc/mingw32/4.5.2/../../../libmsvcrt.a(duyms00689.o)
 .data          0x004443f8        0x0 d:/mingw/bin/../lib/gcc/mingw32/4.5.2/../../../libmsvcrt.a(duyms00736.o)
 .data          0x004443f8        0x0 d:/mingw/bin/../lib/gcc/mingw32/4.5.2/../../../libmsvcrt.a(duyms00726.o)
 .data          0x004443f8        0x0 d:/mingw/bin/../lib/gcc/mingw32/4.5.2/../../../libmsvcrt.a(duyms00727.o)
 .data          0x004443f8        0x0 d:/mingw/bin/../lib/gcc/mingw32/4.5.2/../../../libmsvcrt.a(duyms00718.o)
 .data          0x004443f8        0x0 d:/mingw/bin/../lib/gcc/mingw32/4.5.2/../../../libmsvcrt.a(duyms00695.o)
 .data          0x004443f8        0x0 d:/mingw/bin/../lib/gcc/mingw32/4.5.2/../../../libmsvcrt.a(duyms00621.o)
 .data          0x004443f8        0x0 d:/mingw/bin/../lib/gcc/mingw32/4.5.2/../../../libmsvcrt.a(duyms00748.o)
 .data          0x004443f8        0x0 d:/mingw/bin/../lib/gcc/mingw32/4.5.2/../../../libmsvcrt.a(duyms00604.o)
 .data          0x004443f8        0x0 d:/mingw/bin/../lib/gcc/mingw32/4.5.2/../../../libmsvcrt.a(duyms00681.o)
 .data          0x004443f8        0x0 d:/mingw/bin/../lib/gcc/mingw32/4.5.2/../../../libmsvcrt.a(duyms00620.o)
 .data          0x004443f8        0x0 d:/mingw/bin/../lib/gcc/mingw32/4.5.2/../../../libmsvcrt.a(duyms00680.o)
 .data          0x004443f8        0x0 d:/mingw/bin/../lib/gcc/mingw32/4.5.2/../../../libmsvcrt.a(duyms00583.o)
 .data          0x004443f8        0x0 d:/mingw/bin/../lib/gcc/mingw32/4.5.2/../../../libmsvcrt.a(duyms00746.o)
 .data          0x004443f8        0x0 d:/mingw/bin/../lib/gcc/mingw32/4.5.2/../../../libmsvcrt.a(duyms00624.o)
 .data          0x004443f8        0x0 d:/mingw/bin/../lib/gcc/mingw32/4.5.2/../../../libmsvcrt.a(duyms00637.o)
 .data          0x004443f8        0x0 d:/mingw/bin/../lib/gcc/mingw32/4.5.2/../../../libmsvcrt.a(duyms00699.o)
 .data          0x004443f8        0x0 d:/mingw/bin/../lib/gcc/mingw32/4.5.2/../../../libmsvcrt.a(duyms00739.o)
 .data          0x004443f8        0x0 d:/mingw/bin/../lib/gcc/mingw32/4.5.2/../../../libmsvcrt.a(duyms00538.o)
 .data          0x004443f8        0x0 d:/mingw/bin/../lib/gcc/mingw32/4.5.2/../../../libmsvcrt.a(duyms00682.o)
 .data          0x004443f8        0x0 d:/mingw/bin/../lib/gcc/mingw32/4.5.2/../../../libmsvcrt.a(duyms00595.o)
 .data          0x004443f8        0x0 d:/mingw/bin/../lib/gcc/mingw32/4.5.2/../../../libmsvcrt.a(duymh.o)
 .data          0x004443f8        0x0 d:/mingw/bin/../lib/gcc/mingw32/4.5.2/../../../libmsvcrt.a(duymt.o)
 .data          0x004443f8        0x0 d:/mingw/bin/../lib/gcc/mingw32/4.5.2/../../../libkernel32.a(dchds01140.o)
 .data          0x004443f8        0x0 d:/mingw/bin/../lib/gcc/mingw32/4.5.2/../../../libkernel32.a(dchds00279.o)
 .data          0x004443f8        0x0 d:/mingw/bin/../lib/gcc/mingw32/4.5.2/../../../libkernel32.a(dchds00529.o)
 .data          0x004443f8        0x0 d:/mingw/bin/../lib/gcc/mingw32/4.5.2/../../../libkernel32.a(dchds00577.o)
 .data          0x004443f8        0x0 d:/mingw/bin/../lib/gcc/mingw32/4.5.2/../../../libkernel32.a(dchds00656.o)
 .data          0x004443f8        0x0 d:/mingw/bin/../lib/gcc/mingw32/4.5.2/../../../libkernel32.a(dchds01267.o)
 .data          0x004443f8        0x0 d:/mingw/bin/../lib/gcc/mingw32/4.5.2/../../../libkernel32.a(dchds00608.o)
 .data          0x004443f8        0x0 d:/mingw/bin/../lib/gcc/mingw32/4.5.2/../../../libkernel32.a(dchds00426.o)
 .data          0x004443f8        0x0 d:/mingw/bin/../lib/gcc/mingw32/4.5.2/../../../libkernel32.a(dchds01037.o)
 .data          0x004443f8        0x0 d:/mingw/bin/../lib/gcc/mingw32/4.5.2/../../../libkernel32.a(dchds00947.o)
 .data          0x004443f8        0x0 d:/mingw/bin/../lib/gcc/mingw32/4.5.2/../../../libkernel32.a(dchds00817.o)
 .data          0x004443f8        0x0 d:/mingw/bin/../lib/gcc/mingw32/4.5.2/../../../libkernel32.a(dchds00352.o)
 .data          0x004443f8        0x0 d:/mingw/bin/../lib/gcc/mingw32/4.5.2/../../../libkernel32.a(dchds00082.o)
 .data          0x004443f8        0x0 d:/mingw/bin/../lib/gcc/mingw32/4.5.2/../../../libkernel32.a(dchds01065.o)
 .data          0x004443f8        0x0 d:/mingw/bin/../lib/gcc/mingw32/4.5.2/../../../libkernel32.a(dchds01223.o)
 .data          0x004443f8        0x0 d:/mingw/bin/../lib/gcc/mingw32/4.5.2/../../../libkernel32.a(dchds00510.o)
 .data          0x004443f8        0x0 d:/mingw/bin/../lib/gcc/mingw32/4.5.2/../../../libkernel32.a(dchds00564.o)
 .data          0x004443f8        0x0 d:/mingw/bin/../lib/gcc/mingw32/4.5.2/../../../libkernel32.a(dchds00129.o)
 .data          0x004443f8        0x0 d:/mingw/bin/../lib/gcc/mingw32/4.5.2/../../../libkernel32.a(dchds00179.o)
 .data          0x004443f8        0x0 d:/mingw/bin/../lib/gcc/mingw32/4.5.2/../../../libkernel32.a(dchds00671.o)
 .data          0x004443f8        0x0 d:/mingw/bin/../lib/gcc/mingw32/4.5.2/../../../libkernel32.a(dchds00619.o)
 .data          0x004443f8        0x0 d:/mingw/bin/../lib/gcc/mingw32/4.5.2/../../../libkernel32.a(dchds00016.o)
 .data          0x004443f8        0x0 d:/mingw/bin/../lib/gcc/mingw32/4.5.2/../../../libkernel32.a(dchds00682.o)
 .data          0x004443f8        0x0 d:/mingw/bin/../lib/gcc/mingw32/4.5.2/../../../libkernel32.a(dchds00304.o)
 .data          0x004443f8        0x0 d:/mingw/bin/../lib/gcc/mingw32/4.5.2/../../../libkernel32.a(dchds00321.o)
 .data          0x004443f8        0x0 d:/mingw/bin/../lib/gcc/mingw32/4.5.2/../../../libkernel32.a(dchds00300.o)
 .data          0x004443f8        0x0 d:/mingw/bin/../lib/gcc/mingw32/4.5.2/../../../libkernel32.a(dchds00447.o)
 .data          0x004443f8        0x0 d:/mingw/bin/../lib/gcc/mingw32/4.5.2/../../../libkernel32.a(dchds00627.o)
 .data          0x004443f8        0x0 d:/mingw/bin/../lib/gcc/mingw32/4.5.2/../../../libkernel32.a(dchds00628.o)
 .data          0x004443f8        0x0 d:/mingw/bin/../lib/gcc/mingw32/4.5.2/../../../libkernel32.a(dchds00699.o)
 .data          0x004443f8        0x0 d:/mingw/bin/../lib/gcc/mingw32/4.5.2/../../../libkernel32.a(dchds00450.o)
 .data          0x004443f8        0x0 d:/mingw/bin/../lib/gcc/mingw32/4.5.2/../../../libkernel32.a(dchds00653.o)
 .data          0x004443f8        0x0 d:/mingw/bin/../lib/gcc/mingw32/4.5.2/../../../libkernel32.a(dchds00446.o)
 .data          0x004443f8        0x0 d:/mingw/bin/../lib/gcc/mingw32/4.5.2/../../../libkernel32.a(dchds00590.o)
 .data          0x004443f8        0x0 d:/mingw/bin/../lib/gcc/mingw32/4.5.2/../../../libkernel32.a(dchds00922.o)
 .data          0x004443f8        0x0 d:/mingw/bin/../lib/gcc/mingw32/4.5.2/../../../libkernel32.a(dchds00885.o)
 .data          0x004443f8        0x0 d:/mingw/bin/../lib/gcc/mingw32/4.5.2/../../../libkernel32.a(dchds00829.o)
 .data          0x004443f8        0x0 d:/mingw/bin/../lib/gcc/mingw32/4.5.2/../../../libkernel32.a(dchds00825.o)
 .data          0x004443f8        0x0 d:/mingw/bin/../lib/gcc/mingw32/4.5.2/../../../libkernel32.a(dchds00451.o)
 .data          0x004443f8        0x0 d:/mingw/bin/../lib/gcc/mingw32/4.5.2/../../../libkernel32.a(dchds00136.o)
 .data          0x004443f8        0x0 d:/mingw/bin/../lib/gcc/mingw32/4.5.2/../../../libkernel32.a(dchds00844.o)
 .data          0x004443f8        0x0 d:/mingw/bin/../lib/gcc/mingw32/4.5.2/../../../libkernel32.a(dchds01188.o)
 .data          0x004443f8        0x0 d:/mingw/bin/../lib/gcc/mingw32/4.5.2/../../../libkernel32.a(dchds00160.o)
 .data          0x004443f8        0x0 d:/mingw/bin/../lib/gcc/mingw32/4.5.2/../../../libkernel32.a(dchds01088.o)
 .data          0x004443f8        0x0 d:/mingw/bin/../lib/gcc/mingw32/4.5.2/../../../libkernel32.a(dchds00163.o)
 .data          0x004443f8        0x0 d:/mingw/bin/../lib/gcc/mingw32/4.5.2/../../../libkernel32.a(dchds01052.o)
 .data          0x004443f8        0x0 d:/mingw/bin/../lib/gcc/mingw32/4.5.2/../../../libkernel32.a(dchds00347.o)
 .data          0x004443f8        0x0 d:/mingw/bin/../lib/gcc/mingw32/4.5.2/../../../libkernel32.a(dchds00444.o)
 .data          0x004443f8        0x0 d:/mingw/bin/../lib/gcc/mingw32/4.5.2/../../../libkernel32.a(dchds00135.o)
 .data          0x004443f8        0x0 d:/mingw/bin/../lib/gcc/mingw32/4.5.2/../../../libkernel32.a(dchds00492.o)
 .data          0x004443f8        0x0 d:/mingw/bin/../lib/gcc/mingw32/4.5.2/../../../libkernel32.a(dchds00494.o)
 .data          0x004443f8        0x0 d:/mingw/bin/../lib/gcc/mingw32/4.5.2/../../../libkernel32.a(dchds01082.o)
 .data          0x004443f8        0x0 d:/mingw/bin/../lib/gcc/mingw32/4.5.2/../../../libkernel32.a(dchds01078.o)
 .data          0x004443f8        0x0 d:/mingw/bin/../lib/gcc/mingw32/4.5.2/../../../libkernel32.a(dchds00481.o)
 .data          0x004443f8        0x0 d:/mingw/bin/../lib/gcc/mingw32/4.5.2/../../../libkernel32.a(dchds00123.o)
 .data          0x004443f8        0x0 d:/mingw/bin/../lib/gcc/mingw32/4.5.2/../../../libkernel32.a(dchds01221.o)
 .data          0x004443f8        0x0 d:/mingw/bin/../lib/gcc/mingw32/4.5.2/../../../libkernel32.a(dchds00473.o)
 .data          0x004443f8        0x0 d:/mingw/bin/../lib/gcc/mingw32/4.5.2/../../../libkernel32.a(dchds00511.o)
 .data          0x004443f8        0x0 d:/mingw/bin/../lib/gcc/mingw32/4.5.2/../../../libkernel32.a(dchds01215.o)
 .data          0x004443f8        0x0 d:/mingw/bin/../lib/gcc/mingw32/4.5.2/../../../libkernel32.a(dchds01213.o)
 .data          0x004443f8        0x0 d:/mingw/bin/../lib/gcc/mingw32/4.5.2/../../../libkernel32.a(dchds01173.o)
 .data          0x004443f8        0x0 d:/mingw/bin/../lib/gcc/mingw32/4.5.2/../../../libkernel32.a(dchds00207.o)
 .data          0x004443f8        0x0 d:/mingw/bin/../lib/gcc/mingw32/4.5.2/../../../libkernel32.a(dchds00734.o)
 .data          0x004443f8        0x0 d:/mingw/bin/../lib/gcc/mingw32/4.5.2/../../../libkernel32.a(dchds00236.o)
 .data          0x004443f8        0x0 d:/mingw/bin/../lib/gcc/mingw32/4.5.2/../../../libkernel32.a(dchds00814.o)
 .data          0x004443f8        0x0 d:/mingw/bin/../lib/gcc/mingw32/4.5.2/../../../libkernel32.a(dchdh.o)
 .data          0x004443f8        0x0 d:/mingw/bin/../lib/gcc/mingw32/4.5.2/../../../libkernel32.a(dchdt.o)
 .data          0x004443f8        0x0 d:/mingw/bin/../lib/gcc/mingw32/4.5.2/crtend.o
 *(.data2)
 *(SORT(.data$*))
 *(.jcr)
 .jcr           0x004443f8        0x0 d:/mingw/bin/../lib/gcc/mingw32/4.5.2/crtbegin.o
 .jcr           0x004443f8        0x4 d:/mingw/bin/../lib/gcc/mingw32/4.5.2/crtend.o
                0x004443fc                __data_end__ = .
 *(.data_cygwin_nocopy)

.rdata          0x00445000    0x11400
 *(.rdata)
 .rdata         0x00445000       0x64 d:/mingw/bin/../lib/gcc/mingw32/4.5.2/crtbegin.o
 .rdata         0x00445064      0x21c cmdline.o
 .rdata         0x00445280      0x140 cproxy.o
 .rdata         0x004453c0       0x1c int64.o
 .rdata         0x004453dc      0x264 logging.o
 .rdata         0x00445640      0x1e0 misc.o
 .rdata         0x00445820       0xc0 pgssapi.o
                0x00445820                GSS_MECH_KRB5
 .rdata         0x004458e0       0x54 portfwd.o
 *fill*         0x00445934        0xc 00
 .rdata         0x00445940      0x600 proxy.o
 .rdata         0x00445f40     0x25e8 psftp.o
                0x00446dfc                appname
 *fill*         0x00448528       0x18 00
 .rdata         0x00448540      0xf80 settings.o
                0x00449000                ttymodes
 .rdata         0x004494c0      0x3c0 sftp.o
 .rdata         0x00449880     0x4280 ssh.o
 .rdata         0x0044db00     0x2520 sshaes.o
                0x0044db4c                ssh2_aes
 .rdata         0x00450020       0xe0 ssharcf.o
                0x00450060                ssh_arcfour128_ssh2
                0x004500c0                ssh_arcfour256_ssh2
                0x004500ec                ssh2_arcfour
 .rdata         0x00450100     0x1180 sshblowf.o
                0x00450130                ssh_blowfish_ssh1
                0x0045014c                ssh2_blowfish
 .rdata         0x00451280       0x44 sshbn.o
 *fill*         0x004512c4       0x1c 00
 .rdata         0x004512e0      0x400 sshcrc.o
 .rdata         0x004516e0       0x58 sshcrcda.o
 *fill*         0x00451738        0x8 00
 .rdata         0x00451740      0xc20 sshdes.o
                0x0045175c                ssh2_3des
                0x00451764                ssh2_des
                0x00451784                ssh_3des
                0x004517b0                ssh_des
 .rdata         0x00452360      0x340 sshdh.o
                0x00452360                ssh_diffiehellman_group1
                0x00452368                ssh_diffiehellman_group14
                0x00452370                ssh_diffiehellman_gex
 .rdata         0x004526a0       0xe0 sshdss.o
                0x00452720                ssh_dss
 .rdata         0x00452780        0x8 sshgssc.o
 *fill*         0x00452788       0x18 00
 .rdata         0x004527a0       0x60 sshmd5.o
                0x004527c0                ssh_hmac_md5
 .rdata         0x00452800      0x324 sshpubk.o
 .rdata         0x00452b24       0x20 sshrand.o
 *fill*         0x00452b44       0x1c 00
 .rdata         0x00452b60      0x1c0 sshrsa.o
                0x00452c40                ssh_rsa
                0x00452c78                ssh_rsa_kex
 .rdata         0x00452d20      0x120 sshsh256.o
                0x00452d28                ssh_sha256
 .rdata         0x00452e40      0x2c0 sshsh512.o
 .rdata         0x00453100      0x1a0 sshsha.o
                0x00453108                ssh_sha1
                0x00453140                ssh_hmac_sha1
                0x004531a0                ssh_hmac_sha1_96
                0x00453200                ssh_hmac_sha1_buggy
                0x00453260                ssh_hmac_sha1_96_buggy
 .rdata         0x004532a0      0x4e0 sshzlib.o
                0x00453360                ssh_zlib
 .rdata         0x00453780       0x40 tree234.o
 .rdata         0x004537c0       0xfc wildcard.o
 *fill*         0x004538bc        0x4 00
 .rdata         0x004538c0      0xce0 wincons.o
 .rdata         0x004545a0       0x38 windefs.o
 *fill*         0x004545d8        0x8 00
 .rdata         0x004545e0      0x5e0 wingss.o
                0x00454b08                ngsslibs
                0x00454b5c                gsslibnames
                0x00454b80                gsslibkeywords
                0x00454bb0                gss_mech_krb5
 .rdata         0x00454bc0       0x58 winhandl.o
 .rdata         0x00454c18       0x34 winmisc.o
 *fill*         0x00454c4c       0x14 00
 .rdata         0x00454c60      0xc40 winnet.o
                0x0045506c                in6addr_any
                0x0045507c                in6addr_loopback
 .rdata         0x004558a0       0x98 winpgntc.o
 *fill*         0x00455938        0x8 00
 .rdata         0x00455940       0xc0 winproxy.o
 .rdata         0x00455a00       0xe0 winsftp.o
                0x00455a90                platform_uses_x11_unix_by_default
 .rdata         0x00455ae0      0x3d4 winstore.o
 .rdata         0x00455eb4      0x280 x11fwd.o
                0x004560fc                x11_authnames
 .rdata         0x00456134       0x40 d:/mingw/bin/../lib/gcc/mingw32/4.5.2/../../../libmingw32.a(tlssup.o)
                0x00456170                __dyn_tls_init_callback
 .rdata         0x00456174       0xac d:/mingw/bin/../lib/gcc/mingw32/4.5.2/../../../libmingw32.a(pseudo-reloc.o)
 *(SORT(.rdata$*))
                0x00456220                __rt_psrelocs_start = .
 *(.rdata_runtime_pseudo_reloc)
                0x00456220                __rt_psrelocs_end = .
                0x00000000                __rt_psrelocs_size = (__rt_psrelocs_end - __rt_psrelocs_start)
                0x00456220                ___RUNTIME_PSEUDO_RELOC_LIST_END__ = .
                0x00456220                __RUNTIME_PSEUDO_RELOC_LIST_END__ = .
                0x00456220                ___RUNTIME_PSEUDO_RELOC_LIST__ = (. - __rt_psrelocs_size)
                0x00456220                __RUNTIME_PSEUDO_RELOC_LIST__ = (. - __rt_psrelocs_size)

.eh_frame       0x00457000      0x200
 *(.eh_frame*)
 .eh_frame      0x00457000        0x0 d:/mingw/bin/../lib/gcc/mingw32/4.5.2/crtbegin.o
 .eh_frame      0x00457000       0x6c d:/mingw/bin/../lib/gcc/mingw32/4.5.2/libgcc.a(_umoddi3.o)
 .eh_frame      0x0045706c       0x6c d:/mingw/bin/../lib/gcc/mingw32/4.5.2/libgcc.a(_udivdi3.o)
 .eh_frame      0x004570d8        0x4 d:/mingw/bin/../lib/gcc/mingw32/4.5.2/crtend.o

.pdata
 *(.pdata)

.bss            0x00458000     0x3bd8
                0x00458000                __bss_start__ = .
 *(.bss)
 .bss           0x00458000        0x8 d:/mingw/bin/../lib/gcc/mingw32/4.5.2/../../../crt2.o
                0x00458000                _argc
                0x00458004                _argv
 .bss           0x00458008       0x18 d:/mingw/bin/../lib/gcc/mingw32/4.5.2/crtbegin.o
 .bss           0x00458020        0x4 be_none.o
                0x00458020                backends
 .bss           0x00458024       0x24 cmdline.o
                0x00458024                cmdline_tooltype
 .bss           0x00458048        0x0 cproxy.o
 .bss           0x00458048        0x0 int64.o
 .bss           0x00458048        0x0 logging.o
 .bss           0x00458048        0x0 misc.o
 .bss           0x00458048        0x0 pgssapi.o
 .bss           0x00458048        0x0 pinger.o
 .bss           0x00458048        0x0 portfwd.o
 .bss           0x00458048        0x0 proxy.o
 *fill*         0x00458048       0x18 00
 .bss           0x00458060     0x2c00 psftp.o
 .bss           0x0045ac60        0x0 settings.o
 .bss           0x0045ac60        0xc sftp.o
 *fill*         0x0045ac6c       0x14 00
 .bss           0x0045ac80       0xa0 ssh.o
 .bss           0x0045ad20        0x0 sshaes.o
 .bss           0x0045ad20        0x0 ssharcf.o
 .bss           0x0045ad20        0x0 sshblowf.o
 .bss           0x0045ad20        0x4 sshbn.o
                0x0045ad20                bnZero
 .bss           0x0045ad24        0x0 sshcrc.o
 .bss           0x0045ad24        0x4 sshcrcda.o
                0x0045ad24                ZERO
 .bss           0x0045ad28        0x0 sshdes.o
 .bss           0x0045ad28        0x0 sshdh.o
 .bss           0x0045ad28        0x0 sshdss.o
 .bss           0x0045ad28        0x0 sshgssc.o
 .bss           0x0045ad28        0x0 sshmd5.o
 .bss           0x0045ad28        0xc sshpubk.o
                0x0045ad28                ssh2_wrong_passphrase
 *fill*         0x0045ad34        0xc 00
 .bss           0x0045ad40      0x540 sshrand.o
                0x0045ad40                random_active
 .bss           0x0045b280        0x0 sshrsa.o
 .bss           0x0045b280        0x0 sshsh256.o
 .bss           0x0045b280        0x0 sshsh512.o
 .bss           0x0045b280        0x0 sshsha.o
 .bss           0x0045b280        0x0 sshzlib.o
 .bss           0x0045b280        0xc timing.o
 .bss           0x0045b28c        0x0 tree234.o
 .bss           0x0045b28c        0x0 version.o
 .bss           0x0045b28c        0x0 wildcard.o
 .bss           0x0045b28c        0x8 wincons.o
                0x0045b28c                console_batch_mode
 .bss           0x0045b294        0x0 windefs.o
 .bss           0x0045b294       0x20 wingss.o
                0x0045b294                gsslogmsg
 .bss           0x0045b2b4        0x4 winhandl.o
 .bss           0x0045b2b8       0x14 winmisc.o
 *fill*         0x0045b2cc       0x14 00
 .bss           0x0045b2e0      0x700 winnet.o
 .bss           0x0045b9e0        0x0 winnoise.o
 .bss           0x0045b9e0        0x0 winnojmp.o
 .bss           0x0045b9e0       0x18 winpgntc.o
                0x0045b9e0                advapi_initialised
 .bss           0x0045b9f8        0x0 winproxy.o
 .bss           0x0045b9f8        0x0 winsftp.o