Archive member included because of file (symbol)

d:/mingw/bin/../lib/gcc/mingw32/4.5.2/../../../libadvapi32.a(dgxgs00245.o)
                              winmisc.o (GetUserNameA@8)
d:/mingw/bin/../lib/gcc/mingw32/4.5.2/../../../libadvapi32.a(dgxgs00393.o)
                              winstore.o (RegDeleteKeyA@8)
d:/mingw/bin/../lib/gcc/mingw32/4.5.2/../../../libadvapi32.a(dgxgs00400.o)
                              winstore.o (RegEnumKeyA@16)
d:/mingw/bin/../lib/gcc/mingw32/4.5.2/../../../libadvapi32.a(dgxgs00412.o)
                              winstore.o (RegOpenKeyA@12)
d:/mingw/bin/../lib/gcc/mingw32/4.5.2/../../../libadvapi32.a(dgxgs00386.o)
                              winstore.o (RegCloseKey@4)
d:/mingw/bin/../lib/gcc/mingw32/4.5.2/../../../libadvapi32.a(dgxgs00423.o)
                              winstore.o (RegQueryValueExA@24)
d:/mingw/bin/../lib/gcc/mingw32/4.5.2/../../../libadvapi32.a(dgxgs00389.o)
                              winstore.o (RegCreateKeyA@12)
d:/mingw/bin/../lib/gcc/mingw32/4.5.2/../../../libadvapi32.a(dgxgs00434.o)
                              winstore.o (RegSetValueExA@24)
d:/mingw/bin/../lib/gcc/mingw32/4.5.2/../../../libadvapi32.a(dgxgs00390.o)
                              winstore.o (RegCreateKeyExA@36)
d:/mingw/bin/../lib/gcc/mingw32/4.5.2/../../../libadvapi32.a(dgxgs00397.o)
                              winstore.o (RegDeleteValueA@8)
d:/mingw/bin/../lib/gcc/mingw32/4.5.2/../../../libadvapi32.a(dgxgh.o)
                              d:/mingw/bin/../lib/gcc/mingw32/4.5.2/../../../libadvapi32.a(dgxgs00245.o) (_head_libadvapi32_a)
d:/mingw/bin/../lib/gcc/mingw32/4.5.2/../../../libadvapi32.a(dgxgt.o)
                              d:/mingw/bin/../lib/gcc/mingw32/4.5.2/../../../libadvapi32.a(dgxgh.o) (_libadvapi32_a_iname)
d:/mingw/bin/../lib/gcc/mingw32/4.5.2/../../../libcomctl32.a(dqqhs00098.o)
                              winctrls.o (MakeDragList@4)
d:/mingw/bin/../lib/gcc/mingw32/4.5.2/../../../libcomctl32.a(dqqhs00097.o)
                              winctrls.o (LBItemFromPt@16)
d:/mingw/bin/../lib/gcc/mingw32/4.5.2/../../../libcomctl32.a(dqqhs00042.o)
                              winctrls.o (DrawInsert@12)
d:/mingw/bin/../lib/gcc/mingw32/4.5.2/../../../libcomctl32.a(dqqhs00094.o)
                              winpgen.o (InitCommonControls@0)
d:/mingw/bin/../lib/gcc/mingw32/4.5.2/../../../libcomctl32.a(dqqhh.o)
                              d:/mingw/bin/../lib/gcc/mingw32/4.5.2/../../../libcomctl32.a(dqqhs00098.o) (_head_libcomctl32_a)
d:/mingw/bin/../lib/gcc/mingw32/4.5.2/../../../libcomctl32.a(dqqht.o)
                              d:/mingw/bin/../lib/gcc/mingw32/4.5.2/../../../libcomctl32.a(dqqhh.o) (_libcomctl32_a_iname)
d:/mingw/bin/../lib/gcc/mingw32/4.5.2/../../../libcomdlg32.a(demds00002.o)
                              winctrls.o (ChooseFontA@4)
d:/mingw/bin/../lib/gcc/mingw32/4.5.2/../../../libcomdlg32.a(demds00000.o)
                              winctrls.o (ChooseColorA@4)
d:/mingw/bin/../lib/gcc/mingw32/4.5.2/../../../libcomdlg32.a(demds00011.o)
                              winutils.o (GetSaveFileNameA@4)
d:/mingw/bin/../lib/gcc/mingw32/4.5.2/../../../libcomdlg32.a(demds00009.o)
                              winutils.o (GetOpenFileNameA@4)
d:/mingw/bin/../lib/gcc/mingw32/4.5.2/../../../libcomdlg32.a(demdh.o)
                              d:/mingw/bin/../lib/gcc/mingw32/4.5.2/../../../libcomdlg32.a(demds00002.o) (_head_libcomdlg32_a)
d:/mingw/bin/../lib/gcc/mingw32/4.5.2/../../../libcomdlg32.a(demdt.o)
                              d:/mingw/bin/../lib/gcc/mingw32/4.5.2/../../../libcomdlg32.a(demdh.o) (_libcomdlg32_a_iname)
d:/mingw/bin/../lib/gcc/mingw32/4.5.2/../../../libgdi32.a(dkfhs00148.o)
                              winctrls.o (GetDeviceCaps@8)
d:/mingw/bin/../lib/gcc/mingw32/4.5.2/../../../libgdi32.a(dkfhs00306.o)
                              winctrls.o (SetMapMode@8)
d:/mingw/bin/../lib/gcc/mingw32/4.5.2/../../../libgdi32.a(dkfhs00281.o)
                              winctrls.o (SelectObject@8)
d:/mingw/bin/../lib/gcc/mingw32/4.5.2/../../../libgdi32.a(dkfhs00210.o)
                              winctrls.o (GetTextExtentExPointA@28)
d:/mingw/bin/../lib/gcc/mingw32/4.5.2/../../../libgdi32.a(dkfhs00046.o)
                              winctrls.o (CreateFontA@56)
d:/mingw/bin/../lib/gcc/mingw32/4.5.2/../../../libgdi32.a(dkfhs00219.o)
                              winctrls.o (GetTextMetricsA@8)
d:/mingw/bin/../lib/gcc/mingw32/4.5.2/../../../libgdi32.a(dkfhs00073.o)
                              winctrls.o (DeleteObject@4)
d:/mingw/bin/../lib/gcc/mingw32/4.5.2/../../../libgdi32.a(dkfhs00213.o)
                              winctrls.o (GetTextExtentPoint32A@16)
d:/mingw/bin/../lib/gcc/mingw32/4.5.2/../../../libgdi32.a(dkfhs00339.o)
                              winctrls.o (TextOutA@20)
d:/mingw/bin/../lib/gcc/mingw32/4.5.2/../../../libgdi32.a(dkfhh.o)
[...]
Memory Configuration

Name             Origin             Length             Attributes
*default*        0x00000000         0xffffffff

Linker script and memory map

                0x00400000                __image_base__ = 0x400000
                0x00000000                __dll__ = 0x0
                0x00400000                ___ImageBase = 0x400000
                0x00001000                __section_alignment__ = 0x1000
                0x00000200                __file_alignment__ = 0x200
                0x00000004                __major_os_version__ = 0x4
                0x00000000                __minor_os_version__ = 0x0
                0x00000001                __major_image_version__ = 0x1
                0x00000000                __minor_image_version__ = 0x0
                0x00000004                __major_subsystem_version__ = 0x4
                0x00000000                __minor_subsystem_version__ = 0x0
                0x00000002                __subsystem__ = 0x2
                0x00200000                __size_of_stack_reserve__ = 0x200000
                0x00001000                __size_of_stack_commit__ = 0x1000
                0x00100000                __size_of_heap_reserve__ = 0x100000
                0x00001000                __size_of_heap_commit__ = 0x1000
                0x00000000                __loader_flags__ = 0x0
                0x00000000                __dll_characteristics__ = 0x0
LOAD d:/mingw/bin/../lib/gcc/mingw32/4.5.2/../../../crt2.o
LOAD d:/mingw/bin/../lib/gcc/mingw32/4.5.2/crtbegin.o
LOAD import.o
LOAD misc.o
LOAD notiming.o
LOAD puttygen.res.o
LOAD sshaes.o
LOAD sshbn.o
LOAD sshdes.o
LOAD sshdss.o
LOAD sshdssg.o
LOAD sshmd5.o
LOAD sshprime.o
LOAD sshpubk.o
LOAD sshrand.o
LOAD sshrsa.o
LOAD sshrsag.o
LOAD sshsh256.o
LOAD sshsh512.o
LOAD sshsha.o
LOAD tree234.o
LOAD version.o
LOAD winctrls.o
LOAD winhelp.o
LOAD winmisc.o
LOAD winnoise.o
LOAD winnojmp.o
LOAD winpgen.o
LOAD winstore.o
LOAD wintime.o
LOAD winutils.o
LOAD d:/mingw/bin/../lib/gcc/mingw32/4.5.2/../../../libadvapi32.a
LOAD d:/mingw/bin/../lib/gcc/mingw32/4.5.2/../../../libcomctl32.a
LOAD d:/mingw/bin/../lib/gcc/mingw32/4.5.2/../../../libcomdlg32.a
LOAD d:/mingw/bin/../lib/gcc/mingw32/4.5.2/../../../libgdi32.a
LOAD d:/mingw/bin/../lib/gcc/mingw32/4.5.2/../../../libimm32.a
LOAD d:/mingw/bin/../lib/gcc/mingw32/4.5.2/../../../libole32.a
LOAD d:/mingw/bin/../lib/gcc/mingw32/4.5.2/../../../libshell32.a
LOAD d:/mingw/bin/../lib/gcc/mingw32/4.5.2/../../../libuser32.a
LOAD d:/mingw/bin/../lib/gcc/mingw32/4.5.2/../../../libwinmm.a
LOAD d:/mingw/bin/../lib/gcc/mingw32/4.5.2/../../../libwinspool.a
LOAD d:/mingw/bin/../lib/gcc/mingw32/4.5.2/../../../libmingw32.a
LOAD d:/mingw/bin/../lib/gcc/mingw32/4.5.2/libgcc_eh.a
LOAD d:/mingw/bin/../lib/gcc/mingw32/4.5.2/libgcc.a
LOAD d:/mingw/bin/../lib/gcc/mingw32/4.5.2/../../../libmoldname.a
LOAD d:/mingw/bin/../lib/gcc/mingw32/4.5.2/../../../libmingwex.a
LOAD d:/mingw/bin/../lib/gcc/mingw32/4.5.2/../../../libmsvcrt.a
LOAD d:/mingw/bin/../lib/gcc/mingw32/4.5.2/../../../libgdi32.a
LOAD d:/mingw/bin/../lib/gcc/mingw32/4.5.2/../../../libcomdlg32.a
LOAD d:/mingw/bin/../lib/gcc/mingw32/4.5.2/../../../libuser32.a
LOAD d:/mingw/bin/../lib/gcc/mingw32/4.5.2/../../../libkernel32.a
LOAD d:/mingw/bin/../lib/gcc/mingw32/4.5.2/../../../libadvapi32.a
LOAD d:/mingw/bin/../lib/gcc/mingw32/4.5.2/../../../libshell32.a
LOAD d:/mingw/bin/../lib/gcc/mingw32/4.5.2/../../../libmingw32.a
LOAD d:/mingw/bin/../lib/gcc/mingw32/4.5.2/libgcc_eh.a
LOAD d:/mingw/bin/../lib/gcc/mingw32/4.5.2/libgcc.a
LOAD d:/mingw/bin/../lib/gcc/mingw32/4.5.2/../../../libmoldname.a
LOAD d:/mingw/bin/../lib/gcc/mingw32/4.5.2/../../../libmingwex.a
LOAD d:/mingw/bin/../lib/gcc/mingw32/4.5.2/../../../libmsvcrt.a
LOAD d:/mingw/bin/../lib/gcc/mingw32/4.5.2/crtend.o
                0x000002e0                . = SIZEOF_HEADERS
                0x00001000                . = ALIGN (__section_alignment__)

.text           0x00401000    0x23400
 *(.init)
 *(.text)
 .text          0x00401000      0x2f0 d:/mingw/bin/../lib/gcc/mingw32/4.5.2/../../../crt2.o
                0x00401000                atexit
                0x00401010                _onexit
                0x00401140                WinMainCRTStartup
                0x00401160                mainCRTStartup
 .text          0x004012f0       0xd0 d:/mingw/bin/../lib/gcc/mingw32/4.5.2/crtbegin.o
                0x004012f0                __gcc_register_frame
                0x0040137c                __gcc_deregister_frame
 .text          0x004013c0     0x32c8 import.o
                0x00401750                import_possible
                0x00401770                import_target_type
                0x0040177c                import_ssh1
                0x00401784                export_ssh1
                0x0040178c                strip_crlf
                0x0040226c                openssh_encrypted
                0x004022cc                openssh_read
                0x00402924                openssh_write
                0x004032c0                sshcom_encrypted
                0x00403408                import_encrypted
                0x00403460                sshcom_read
                0x00403ce0                import_ssh2
                0x00403d28                sshcom_write
                0x00404640                export_ssh2
 .text          0x00404688      0xb28 misc.o
                0x00404688                parse_blocksize
                0x00404744                ctrlparse
                0x004047ec                base64_encode_atom
                0x004048b0                bufchain_init
                0x004048cc                bufchain_size
                0x004048d8                bufchain_prefix
                0x004048f8                bufchain_fetch
                0x0040498c                safemalloc
                0x004049f4                bufchain_add
                0x00404abc                dupcat
                0x00404b74                dupstr
                0x00404bc8                new_prompts
                0x00404c24                saferealloc
                0x00404ca0                dupvprintf
                0x00404d18                dupprintf
                0x00404d34                add_prompt
                0x00404dac                safefree
                0x00404dc4                bufchain_consume
                0x00404e64                bufchain_clear
                0x00404e9c                fgetline
                0x00404f38                free_prompts
                0x00404fc4                debug_printf
                0x00404ff8                debug_memdump
                0x00405168                cfg_launchable
                0x00405194                cfg_dest
 .text          0x004051b0       0x10 notiming.o
                0x004051b0                schedule_timer
                0x004051b8                expire_timer_context
 .text          0x004051c0     0x24c0 sshaes.o
                0x00406f58                aes_iv
                0x004071d4                aes_ssh2_decrypt_blk
                0x004072e0                aes_ssh2_encrypt_blk
                0x004072f8                aes_free_context
                0x00407304                aes_make_context
                0x004075a8                aes128_key
                0x004075c0                aes192_key
                0x004075d8                aes256_key
                0x004075f0                aes256_encrypt_pubkey
                0x00407638                aes256_decrypt_pubkey
 .text          0x00407680     0x2c08 sshbn.o
                0x00408250                bn_restore_invariant
                0x00408274                copybn
                0x004082b0                freebn
                0x004082d4                modmul
                0x004086d0                decbn
                0x00408720                bignum_from_bytes
                0x004087e8                ssh1_read_bignum
                0x00408850                bignum_bitcount
                0x0040887c                ssh1_bignum_length
                0x004088a8                ssh2_bignum_length
                0x004088d4                bignum_byte
                0x00408934                bignum_bit
                0x0040898c                bignum_set_bit
                0x004089e8                bn_power_2
                0x00408a2c                ssh1_write_bignum
                0x00408ab4                bignum_cmp
                0x00408b1c                bignum_rshift
                0x00408be4                bigmuladd
                0x00408e68                bigmul
                0x00408e8c                bigadd
                0x00408f48                bigsub
                0x00409030                bignum_bitmask
                0x004090b0                bignum_from_long
                0x004090e4                bignum_add_long
                0x00409170                bignum_mod_short
                0x00409234                diagbn
                0x0040936c                bigdiv
                0x00409398                bigmod
                0x004093c8                modpow_simple
                0x004098c8                biggcd
                0x00409958                modinv
                0x00409b40                modpow
                0x0040a0dc                bignum_decimal
 .text          0x0040a288     0x2318 sshdes.o
                0x0040c088                des3_decrypt_pubkey
                0x0040c18c                des3_encrypt_pubkey
                0x0040c290                des3_decrypt_pubkey_ossh
                0x0040c3e4                des3_encrypt_pubkey_ossh
                0x0040c538                des_encrypt_xdmauth
                0x0040c56c                des_decrypt_xdmauth
 .text          0x0040c5a0     0x1768 sshdss.o
 .text          0x0040dd08      0x358 sshdssg.o
                0x0040dd08                dsa_generate
 .text          0x0040e060      0xe1c sshmd5.o
                0x0040e07c                hmacmd5_free_context
                0x0040e088                hmacmd5_make_context
                0x0040e0a4                MD5Init
                0x0040e0dc                MD5Update
                0x0040e9ac                MD5Final
                0x0040ec70                MD5Simple
                0x0040ecd8                hmacmd5_key
                0x0040ee54                hmacmd5_do_hmac
 .text          0x0040ee7c      0x794 sshprime.o
                0x0040ee7c                primegen
 .text          0x0040f610     0x2430 sshpubk.o
                0x0040fb78                loadrsakey
                0x0040fc28                rsakey_encrypted
                0x0040fcbc                rsakey_pubblob
                0x0040fdb4                saversakey
                0x004100f4                base64_decode_atom
                0x00410328                find_pubkey_alg
                0x0041036c                ssh2_load_userkey
                0x00410dd0                ssh2_userkey_loadpub
                0x00410fd0                ssh2_userkey_encrypted
                0x00411134                base64_lines
                0x00411154                base64_encode
                0x004111ec                ssh2_save_userkey
                0x004118e8                key_type
                0x00411a24                key_type_to_str
 .text          0x00411a40      0x488 sshrand.o
                0x00411be0                random_add_noise
                0x00411d2c                random_add_heavynoise
                0x00411d8c                random_ref
                0x00411df0                random_unref
                0x00411e38                random_byte
                0x00411e68                random_get_savedata
 .text          0x00411ec8     0x2268 sshrsa.o
                0x00412f20                makekey
                0x00413040                makeprivate
                0x00413050                rsaencrypt
                0x00413134                crt_modpow
                0x00413764                rsadecrypt
                0x00413778                rsastr_len
                0x004137d8                rsastr_fmt
                0x00413968                rsa_fingerprint
                0x00413b5c                rsa_verify
                0x00413cc8                rsa_public_blob
                0x00413d78                rsa_public_blob_len
                0x00413de0                freersakey
                0x00413f38                ssh_rsakex_newkey
                0x00413f44                ssh_rsakex_freekey
                0x00413f50                ssh_rsakex_klen
                0x00413f68                ssh_rsakex_encrypt
 .text          0x00414130      0x2d8 sshrsag.o
                0x00414130                rsa_generate
 .text          0x00414408      0xaf8 sshsh256.o
                0x00414470                SHA256_Core_Init
                0x004144b0                SHA256_Block
                0x00414bec                SHA256_Init
                0x00414c40                SHA256_Bytes
                0x00414d54                SHA256_Final
                0x00414e7c                SHA256_Simple
 .text          0x00414f00     0x1c40 sshsh512.o
                0x00414f00                SHA512_Init
                0x00414f5c                SHA512_Bytes
                0x00416920                SHA512_Final
                0x00416ac0                SHA512_Simple
 .text          0x00416b40      0xa1c sshsha.o
                0x00416bd8                SHATransform
                0x00416de8                SHA_Init
                0x00416e28                SHA_Bytes
                0x004170e0                SHA_Final
                0x00417478                SHA_Simple
                0x004174e8                hmac_sha1_simple
 .text          0x0041755c     0x11cc tree234.o
                0x004183a0                newtree234
                0x004183c8                freetree234
                0x004183e4                count234
                0x004183fc                add234
                0x00418420                addpos234
                0x00418444                index234
                0x004184c0                findrelpos234
                0x00418618                find234
                0x0041864c                findrel234
                0x0041867c                findpos234
                0x004186ac                delpos234
                0x004186dc                del234
 .text          0x00418728        0x0 version.o
 .text          0x00418728     0x537c winctrls.o
                0x004189f8                ctlposinit
                0x00418aa0                doctl
                0x00418e44                staticpassedit
                0x00418e70                staticedit
                0x00418e9c                bartitle
                0x00418f0c                beginbox
                0x00418f48                endbox
                0x00418fd4                editboxfw
                0x004190c4                combobox
                0x004191a8                radioline
                0x00419240                bareradioline
                0x004192a0                radiobig
                0x00419304                checkbox
                0x00419374                staticwrap
                0x00419630                statictext
                0x004196a4                paneltitle
                0x00419714                staticbtn
                0x00419808                button
                0x004198ac                static2btn
                0x00419a00                staticddl
                0x00419af4                staticcombo
                0x00419be8                staticddlbig
                0x00419cd4                bigeditctrl
                0x00419dcc                listbox
                0x00419ed0                ersatztab
                0x0041a010                editbutton
                0x0041a160                prefslist
                0x0041a3b4                pl_itemfrompt
                0x0041a514                handle_prefslist
                0x0041a910                progressbar
                0x0041a980                winctrl_add_shortcuts
                0x0041a9e0                winctrl_rem_shortcuts
                0x0041aa40                winctrl_init
                0x0041aa70                winctrl_add
                0x0041aae8                winctrl_remove
                0x0041ab3c                winctrl_cleanup
                0x0041abb0                winctrl_findbyctrl
                0x0041ac14                winctrl_findbyid
                0x0041ac3c                winctrl_findbyindex
                0x0041ac54                winctrl_layout
                0x0041ba70                dlg_last_focused
                0x0041ba88                winctrl_context_help
                0x0041baf4                dlg_radiobutton_set
                0x0041bb60                dlg_radiobutton_get
                0x0041bbf8                dlg_checkbox_set
                0x0041bc5c                dlg_checkbox_get
                0x0041bcb8                dlg_editbox_set
                0x0041bd14                dlg_editbox_get
                0x0041bd84                dlg_listbox_clear
                0x0041be14                dlg_listbox_del
                0x0041bea4                dlg_listbox_add
                0x0041bf34                dlg_listbox_addwithid
                0x0041c00c                dlg_listbox_getid
                0x0041c084                dlg_listbox_index
                0x0041c17c                dlg_listbox_issel
                0x0041c1f8                dlg_listbox_select
                0x0041c278                dlg_text_set
                0x0041c2d4                dlg_label_change
                0x0041c3a4                dlg_filesel_set
                0x0041c400                dlg_filesel_get
                0x0041c470                dlg_fontsel_get
                0x0041c4c0                dlg_update_start
                0x0041c518                dlg_update_done
                0x0041c598                dlg_set_focus
                0x0041c624                dlg_beep
                0x0041c63c                dlg_error_msg
                0x0041c66c                dlg_end
                0x0041c688                dlg_refresh
                0x0041c724                dlg_coloursel_start
                0x0041c754                dlg_coloursel_results
                0x0041c794                dlg_auto_set_fixed_pitch_flag
                0x0041c8f0                dlg_fontsel_set
                0x0041ca04                winctrl_handle_command
                0x0041d7c0                dlg_get_fixed_pitch_flag
                0x0041d7d0                dlg_set_fixed_pitch_flag
                0x0041d7e4                dp_init
                0x0041d85c                dp_add_tree
                0x0041d898                dp_cleanup
                0x0041d930                dlg_get_privdata
                0x0041d96c                dlg_set_privdata
                0x0041d9f0                dlg_alloc_privdata
 .text          0x0041daa4      0x238 winhelp.o
                0x0041daa4                init_help
                0x0041dbcc                shutdown_help
                0x0041dbd4                has_help
                0x0041dbe0                launch_help
                0x0041dc94                quit_help
 .text          0x0041dcdc      0x394 winmisc.o
                0x0041dcdc                platform_get_x_display
                0x0041dcf8                filename_from_str
                0x0041dd40                filename_to_str
                0x0041dd48                filename_equal
                0x0041dd70                filename_is_null
                0x0041dd80                init_winver
                0x0041ddb0                load_system32_dll
                0x0041de54                get_username
                0x0041dfa0                dputs
 .text          0x0041e070      0x2dc winnoise.o
                0x0041e070                random_save_seed
                0x0041e0b8                noise_get_heavy
                0x0041e170                noise_get_light
                0x0041e1c4                noise_regular
                0x0041e2f0                noise_ultralight
 .text          0x0041e34c       0x18 winnojmp.o
                0x0041e34c                add_session_to_jumplist
                0x0041e354                remove_session_from_jumplist
                0x0041e35c                clear_jumplist
 .text          0x0041e364     0x3248 winpgen.o
                0x0041edf0                modalfatalbox
                0x0041ee44                old_keyfile_warning
                0x0041ee74                ui_set_state
                0x0041f618                load_key_file
                0x004214c8                cleanup_exit
                0x004214e0                WinMain@16
 .text          0x004215ac     0x16cc winstore.o
                0x00421b14                open_settings_w
                0x00421c2c                write_setting_s
                0x00421c7c                write_setting_i
                0x00421cbc                close_settings_w
                0x00421cd0                open_settings_r
                0x00421d90                read_setting_s
                0x00421de8                read_setting_i
                0x00421e4c                read_setting_fontspec
                0x00421f70                write_setting_fontspec
                0x0042203c                read_setting_filename
                0x00422070                write_setting_filename
                0x00422094                close_settings_r
                0x00422408                del_settings
                0x00422498                enum_settings_start
                0x004224ec                enum_settings_next
                0x00422608                enum_settings_finish
                0x0042262c                verify_host_key
                0x00422970                store_host_key
                0x00422a38                read_random_seed
                0x00422aac                write_random_seed
                0x00422afc                add_to_jumplist_registry
                0x00422b10                remove_from_jumplist_registry
                0x00422b24                get_jumplist_registry_entries
                0x00422b60                cleanup_all
 .text          0x00422c78       0x88 wintime.o
                0x00422c78                ltime
 .text          0x00422d00      0x54c winutils.o
                0x00422d60                request_file
                0x00422e24                filereq_new
                0x00422e44                filereq_free
                0x00422e50                message_box
                0x00422ec8                pgp_fingerprints
                0x00422ef4                split_into_argv
 .text          0x0042324c        0x8 d:/mingw/bin/../lib/gcc/mingw32/4.5.2/../../../libadvapi32.a(dgxgs00245.o)
                0x0042324c                GetUserNameA@8
 .text          0x00423254        0x8 d:/mingw/bin/../lib/gcc/mingw32/4.5.2/../../../libadvapi32.a(dgxgs00393.o)
                0x00423254                RegDeleteKeyA@8
 .text          0x0042325c        0x8 d:/mingw/bin/../lib/gcc/mingw32/4.5.2/../../../libadvapi32.a(dgxgs00400.o)
                0x0042325c                RegEnumKeyA@16
 .text          0x00423264        0x8 d:/mingw/bin/../lib/gcc/mingw32/4.5.2/../../../libadvapi32.a(dgxgs00412.o)
                0x00423264                RegOpenKeyA@12
 .text          0x0042326c        0x8 d:/mingw/bin/../lib/gcc/mingw32/4.5.2/../../../libadvapi32.a(dgxgs00386.o)
                0x0042326c                RegCloseKey@4
 .text          0x00423274        0x8 d:/mingw/bin/../lib/gcc/mingw32/4.5.2/../../../libadvapi32.a(dgxgs00423.o)
                0x00423274                RegQueryValueExA@24
 .text          0x0042327c        0x8 d:/mingw/bin/../lib/gcc/mingw32/4.5.2/../../../libadvapi32.a(dgxgs00389.o)
                0x0042327c                RegCreateKeyA@12
 .text          0x00423284        0x8 d:/mingw/bin/../lib/gcc/mingw32/4.5.2/../../../libadvapi32.a(dgxgs00434.o)
                0x00423284                RegSetValueExA@24
 .text          0x0042328c        0x8 d:/mingw/bin/../lib/gcc/mingw32/4.5.2/../../../libadvapi32.a(dgxgs00390.o)
                0x0042328c                RegCreateKeyExA@36
 .text          0x00423294        0x8 d:/mingw/bin/../lib/gcc/mingw32/4.5.2/../../../libadvapi32.a(dgxgs00397.o)
                0x00423294                RegDeleteValueA@8
 .text          0x0042329c        0x0 d:/mingw/bin/../lib/gcc/mingw32/4.5.2/../../../libadvapi32.a(dgxgh.o)
 .text          0x0042329c        0x0 d:/mingw/bin/../lib/gcc/mingw32/4.5.2/../../../libadvapi32.a(dgxgt.o)
 .text          0x0042329c        0x8 d:/mingw/bin/../lib/gcc/mingw32/4.5.2/../../../libcomctl32.a(dqqhs00098.o)
                0x0042329c                MakeDragList@4
 .text          0x004232a4        0x8 d:/mingw/bin/../lib/gcc/mingw32/4.5.2/../../../libcomctl32.a(dqqhs00097.o)
                0x004232a4                LBItemFromPt@16
 .text          0x004232ac        0x8 d:/mingw/bin/../lib/gcc/mingw32/4.5.2/../../../libcomctl32.a(dqqhs00042.o)
                0x004232ac                DrawInsert@12
 .text          0x004232b4        0x8 d:/mingw/bin/../lib/gcc/mingw32/4.5.2/../../../libcomctl32.a(dqqhs00094.o)
                0x004232b4                InitCommonControls@0
 .text          0x004232bc        0x0 d:/mingw/bin/../lib/gcc/mingw32/4.5.2/../../../libcomctl32.a(dqqhh.o)
 .text          0x004232bc        0x0 d:/mingw/bin/../lib/gcc/mingw32/4.5.2/../../../libcomctl32.a(dqqht.o)
 .text          0x004232bc        0x8 d:/mingw/bin/../lib/gcc/mingw32/4.5.2/../../../libcomdlg32.a(demds00002.o)
                0x004232bc                ChooseFontA@4
 .text          0x004232c4        0x8 d:/mingw/bin/../lib/gcc/mingw32/4.5.2/../../../libcomdlg32.a(demds00000.o)
                0x004232c4                ChooseColorA@4
 .text          0x004232cc        0x8 d:/mingw/bin/../lib/gcc/mingw32/4.5.2/../../../libcomdlg32.a(demds00011.o)
                0x004232cc                GetSaveFileNameA@4
 .text          0x004232d4        0x8 d:/mingw/bin/../lib/gcc/mingw32/4.5.2/../../../libcomdlg32.a(demds00009.o)
                0x004232d4                GetOpenFileNameA@4
 .text          0x004232dc        0x0 d:/mingw/bin/../lib/gcc/mingw32/4.5.2/../../../libcomdlg32.a(demdh.o)
 .text          0x004232dc        0x0 d:/mingw/bin/../lib/gcc/mingw32/4.5.2/../../../libcomdlg32.a(demdt.o)
 .text          0x004232dc        0x8 d:/mingw/bin/../lib/gcc/mingw32/4.5.2/../../../libgdi32.a(dkfhs00148.o)
                0x004232dc                GetDeviceCaps@8
 .text          0x004232e4        0x8 d:/mingw/bin/../lib/gcc/mingw32/4.5.2/../../../libgdi32.a(dkfhs00306.o)
                0x004232e4                SetMapMode@8
 .text          0x004232ec        0x8 d:/mingw/bin/../lib/gcc/mingw32/4.5.2/../../../libgdi32.a(dkfhs00281.o)
                0x004232ec                SelectObject@8
 .text          0x004232f4        0x8 d:/mingw/bin/../lib/gcc/mingw32/4.5.2/../../../libgdi32.a(dkfhs00210.o)
                0x004232f4                GetTextExtentExPointA@28
 .text          0x004232fc        0x8 d:/mingw/bin/../lib/gcc/mingw32/4.5.2/../../../libgdi32.a(dkfhs00046.o)
                0x004232fc                CreateFontA@56
 .text          0x00423304        0x8 d:/mingw/bin/../lib/gcc/mingw32/4.5.2/../../../libgdi32.a(dkfhs00219.o)
                0x00423304                GetTextMetricsA@8
 .text          0x0042330c        0x8 d:/mingw/bin/../lib/gcc/mingw32/4.5.2/../../../libgdi32.a(dkfhs00073.o)
                0x0042330c                DeleteObject@4
 .text          0x00423314        0x8 d:/mingw/bin/../lib/gcc/mingw32/4.5.2/../../../libgdi32.a(dkfhs00213.o)
                0x00423314                GetTextExtentPoint32A@16
 .text          0x0042331c        0x8 d:/mingw/bin/../lib/gcc/mingw32/4.5.2/../../../libgdi32.a(dkfhs00339.o)
                0x0042331c                TextOutA@20
 .text          0x00423324        0x0 d:/mingw/bin/../lib/gcc/mingw32/4.5.2/../../../libgdi32.a(dkfhh.o)
 .text          0x00423324        0x0 d:/mingw/bin/../lib/gcc/mingw32/4.5.2/../../../libgdi32.a(dkfht.o)
 .text          0x00423324        0x8 d:/mingw/bin/../lib/gcc/mingw32/4.5.2/../../../libuser32.a(daois00505.o)
                0x00423324                SendDlgItemMessageA@20
 .text          0x0042332c        0x8 d:/mingw/bin/../lib/gcc/mingw32/4.5.2/../../../libuser32.a(daois00508.o)
                0x0042332c                SendMessageA@16
 .text          0x00423334        0x8 d:/mingw/bin/../lib/gcc/mingw32/4.5.2/../../../libuser32.a(daois00236.o)
                0x00423334                GetClientRect@8
 .text          0x0042333c        0x8 d:/mingw/bin/../lib/gcc/mingw32/4.5.2/../../../libuser32.a(daois00426.o)
                0x0042333c                MapDialogRect@8
 .text          0x00423344        0x8 d:/mingw/bin/../lib/gcc/mingw32/4.5.2/../../../libuser32.a(daois00090.o)
                0x00423344                CreateWindowExA@48
 .text          0x0042334c        0x8 d:/mingw/bin/../lib/gcc/mingw32/4.5.2/../../../libuser32.a(daois00572.o)
                0x0042334c                SetWindowPos@28
 .text          0x00423354        0x8 d:/mingw/bin/../lib/gcc/mingw32/4.5.2/../../../libuser32.a(daois00248.o)
                0x00423354                GetDC@4
 .text          0x0042335c        0x8 d:/mingw/bin/../lib/gcc/mingw32/4.5.2/../../../libuser32.a(daois00494.o)
                0x0042335c                ReleaseDC@8
 .text          0x00423364        0x8 d:/mingw/bin/../lib/gcc/mingw32/4.5.2/../../../libuser32.a(daois00569.o)
                0x00423364                SetWindowLongA@12
 .text          0x0042336c        0x8 d:/mingw/bin/../lib/gcc/mingw32/4.5.2/../../../libuser32.a(daois00433.o)
                0x0042336c                MessageBeep@4
 .text          0x00423374        0x8 d:/mingw/bin/../lib/gcc/mingw32/4.5.2/../../../libuser32.a(daois00056.o)
                0x00423374                CheckRadioButton@16
 .text          0x0042337c        0x8 d:/mingw/bin/../lib/gcc/mingw32/4.5.2/../../../libuser32.a(daois00386.o)
                0x0042337c                IsDlgButtonChecked@8
 .text          0x00423384        0x8 d:/mingw/bin/../lib/gcc/mingw32/4.5.2/../../../libuser32.a(daois00053.o)
                0x00423384                CheckDlgButton@12
 .text          0x0042338c        0x8 d:/mingw/bin/../lib/gcc/mingw32/4.5.2/../../../libuser32.a(daois00530.o)
                0x0042338c                SetDlgItemTextA@12
 .text          0x00423394        0x8 d:/mingw/bin/../lib/gcc/mingw32/4.5.2/../../../libuser32.a(daois00255.o)
                0x00423394                GetDlgItemTextA@16
 .text          0x0042339c        0x8 d:/mingw/bin/../lib/gcc/mingw32/4.5.2/../../../libuser32.a(daois00253.o)
                0x0042339c                GetDlgItem@8
 .text          0x004233a4        0x8 d:/mingw/bin/../lib/gcc/mingw32/4.5.2/../../../libuser32.a(daois00370.o)
                0x004233a4                InvalidateRect@12
 .text          0x004233ac        0x8 d:/mingw/bin/../lib/gcc/mingw32/4.5.2/../../../libuser32.a(daois00533.o)
                0x004233ac                SetFocus@4
 .text          0x004233b4        0x8 d:/mingw/bin/../lib/gcc/mingw32/4.5.2/../../../libuser32.a(daois00434.o)
                0x004233b4                MessageBoxA@16
 .text          0x004233bc        0x8 d:/mingw/bin/../lib/gcc/mingw32/4.5.2/../../../libuser32.a(daois00491.o)
                0x004233bc                RegisterWindowMessageA@4
 .text          0x004233c4        0x8 d:/mingw/bin/../lib/gcc/mingw32/4.5.2/../../../libuser32.a(daois00163.o)
                0x004233c4                DrawEdge@16
 .text          0x004233cc        0x8 d:/mingw/bin/../lib/gcc/mingw32/4.5.2/../../../libuser32.a(daois00517.o)
                0x004233cc                SetCapture@4
 .text          0x004233d4        0x8 d:/mingw/bin/../lib/gcc/mingw32/4.5.2/../../../libuser32.a(daois00632.o)
                0x004233d4                WinHelpA@16
 .text          0x004233dc        0x8 d:/mingw/bin/../lib/gcc/mingw32/4.5.2/../../../libuser32.a(daois00259.o)
                0x004233dc                GetForegroundWindow@0
 .text          0x004233e4        0x8 d:/mingw/bin/../lib/gcc/mingw32/4.5.2/../../../libuser32.a(daois00224.o)
                0x004233e4                GetCapture@0
 .text          0x004233ec        0x8 d:/mingw/bin/../lib/gcc/mingw32/4.5.2/../../../libuser32.a(daois00241.o)
                0x004233ec                GetClipboardOwner@0
 .text          0x004233f4        0x8 d:/mingw/bin/../lib/gcc/mingw32/4.5.2/../../../libuser32.a(daois00310.o)
                0x004233f4                GetQueueStatus@4
 .text          0x004233fc        0x8 d:/mingw/bin/../lib/gcc/mingw32/4.5.2/../../../libuser32.a(daois00247.o)
                0x004233fc                GetCursorPos@4
 .text          0x00423404        0x8 d:/mingw/bin/../lib/gcc/mingw32/4.5.2/../../../libuser32.a(daois00182.o)
                0x00423404                EndDialog@8
 .text          0x0042340c        0x8 d:/mingw/bin/../lib/gcc/mingw32/4.5.2/../../../libuser32.a(daois00180.o)
                0x0042340c                EnableWindow@8
 .text          0x00423414        0x8 d:/mingw/bin/../lib/gcc/mingw32/4.5.2/../../../libuser32.a(daois00147.o)
                0x00423414                DialogBoxParamA@20
 .text          0x0042341c        0x8 d:/mingw/bin/../lib/gcc/mingw32/4.5.2/../../../libuser32.a(daois00516.o)
                0x0042341c                SetActiveWindow@4
 .text          0x00423424        0x8 d:/mingw/bin/../lib/gcc/mingw32/4.5.2/../../../libuser32.a(daois00250.o)
                0x00423424                GetDesktopWindow@0
 .text          0x0042342c        0x8 d:/mingw/bin/../lib/gcc/mingw32/4.5.2/../../../libuser32.a(daois00348.o)
                0x0042342c                GetWindowRect@8
 .text          0x00423434        0x8 d:/mingw/bin/../lib/gcc/mingw32/4.5.2/../../../libuser32.a(daois00445.o)
                0x00423434                MoveWindow@24
 .text          0x0042343c        0x8 d:/mingw/bin/../lib/gcc/mingw32/4.5.2/../../../libuser32.a(daois00466.o)
                0x0042343c                PostMessageA@16
 .text          0x00423444        0x8 d:/mingw/bin/../lib/gcc/mingw32/4.5.2/../../../libuser32.a(daois00534.o)
                0x00423444                SetForegroundWindow@4
 .text          0x0042344c        0x8 d:/mingw/bin/../lib/gcc/mingw32/4.5.2/../../../libuser32.a(daois00585.o)
                0x0042344c                ShowWindow@8
 .text          0x00423454        0x8 d:/mingw/bin/../lib/gcc/mingw32/4.5.2/../../../libuser32.a(daois00178.o)
                0x00423454                EnableMenuItem@12
 .text          0x0042345c        0x8 d:/mingw/bin/../lib/gcc/mingw32/4.5.2/../../../libuser32.a(daois00342.o)
                0x0042345c                GetWindowLongA@8
 .text          0x00423464        0x8 d:/mingw/bin/../lib/gcc/mingw32/4.5.2/../../../libuser32.a(daois00296.o)
                0x00423464                GetMessageTime@0
 .text          0x0042346c        0x8 d:/mingw/bin/../lib/gcc/mingw32/4.5.2/../../../libuser32.a(daois00409.o)
                0x0042346c                LoadIconA@8
 .text          0x00423474        0x8 d:/mingw/bin/../lib/gcc/mingw32/4.5.2/../../../libuser32.a(daois00088.o)
                0x00423474                CreateMenu@0
 .text          0x0042347c        0x8 d:/mingw/bin/../lib/gcc/mingw32/4.5.2/../../../libuser32.a(daois00006.o)
                0x0042347c                AppendMenuA@16
 .text          0x00423484        0x8 d:/mingw/bin/../lib/gcc/mingw32/4.5.2/../../../libuser32.a(daois00538.o)
                0x00423484                SetMenu@8
 .text          0x0042348c        0x8 d:/mingw/bin/../lib/gcc/mingw32/4.5.2/../../../libuser32.a(daois00055.o)
                0x0042348c                CheckMenuRadioItem@20
 .text          0x00423494        0x8 d:/mingw/bin/../lib/gcc/mingw32/4.5.2/../../../libuser32.a(daois00529.o)
                0x00423494                SetDlgItemInt@16
 .text          0x0042349c        0x8 d:/mingw/bin/../lib/gcc/mingw32/4.5.2/../../../libuser32.a(daois00254.o)
                0x0042349c                GetDlgItemInt@16
 .text          0x004234a4        0x8 d:/mingw/bin/../lib/gcc/mingw32/4.5.2/../../../libuser32.a(daois00351.o)
                0x004234a4                GetWindowTextLengthA@4
 .text          0x004234ac        0x8 d:/mingw/bin/../lib/gcc/mingw32/4.5.2/../../../libuser32.a(daois00350.o)
                0x004234ac                GetWindowTextA@12
 .text          0x004234b4        0x8 d:/mingw/bin/../lib/gcc/mingw32/4.5.2/../../../libuser32.a(daois00437.o)
                0x004234b4                MessageBoxIndirectA@4
 .text          0x004234bc        0x0 d:/mingw/bin/../lib/gcc/mingw32/4.5.2/../../../libuser32.a(daoih.o)
 .text          0x004234bc        0x0 d:/mingw/bin/../lib/gcc/mingw32/4.5.2/../../../libuser32.a(daoit.o)
 *fill*         0x004234bc        0x4 00
 .text          0x004234c0      0x1d0 d:/mingw/bin/../lib/gcc/mingw32/4.5.2/../../../libmingw32.a(tlssup.o)
                0x004234c0                __tlregdtor
                0x00423510                __dyn_tls_init@12
 .text          0x00423690        0x0 d:/mingw/bin/../lib/gcc/mingw32/4.5.2/../../../libmingw32.a(CRTglob.o)
 .text          0x00423690        0x0 d:/mingw/bin/../lib/gcc/mingw32/4.5.2/../../../libmingw32.a(CRTfmode.o)
 .text          0x00423690        0x0 d:/mingw/bin/../lib/gcc/mingw32/4.5.2/../../../libmingw32.a(txtmode.o)
 .text          0x00423690       0xe0 d:/mingw/bin/../lib/gcc/mingw32/4.5.2/../../../libmingw32.a(cpu_features.o)
                0x00423690                __cpu_features_init
 .text          0x00423770      0x2e0 d:/mingw/bin/../lib/gcc/mingw32/4.5.2/../../../libmingw32.a(pseudo-reloc.o)
                0x004238a0                _pei386_runtime_relocator
 .text          0x00423a50       0xb0 d:/mingw/bin/../lib/gcc/mingw32/4.5.2/../../../libmingw32.a(gccmain.o)
                0x00423a50                __do_global_dtors
                0x00423a80                __do_global_ctors
                0x00423ae0                __main
 .text          0x00423b00      0x110 d:/mingw/bin/../lib/gcc/mingw32/4.5.2/../../../libmingw32.a(main.o)
                0x00423b00                main
 .text          0x00423c10       0x10 d:/mingw/bin/../lib/gcc/mingw32/4.5.2/../../../libmingw32.a(CRT_fp10.o)
                0x00423c10                fpreset
                0x00423c10                _fpreset
 .text          0x00423c20        0x0 d:/mingw/bin/../lib/gcc/mingw32/4.5.2/../../../libmingw32.a(crtst.o)
 .text          0x00423c20      0x210 d:/mingw/bin/../lib/gcc/mingw32/4.5.2/../../../libmingw32.a(tlsthrd.o)
                0x00423ca0                __mingw_TLScallback
                0x00423d30                ___w64_mingwthr_remove_key_dtor
                0x00423dc0                ___w64_mingwthr_add_key_dtor
 .text          0x00423e30        0x0 d:/mingw/bin/../lib/gcc/mingw32/4.5.2/../../../libmingw32.a(pseudo-reloc-list.o)
 .text          0x00423e30      0x124 d:/mingw/bin/../lib/gcc/mingw32/4.5.2/libgcc.a(_umoddi3.o)
                0x00423e30                __umoddi3
 .text          0x00423f54      0x110 d:/mingw/bin/../lib/gcc/mingw32/4.5.2/libgcc.a(_udivdi3.o)
                0x00423f54                __udivdi3
 .text          0x00424064       0x34 d:/mingw/bin/../lib/gcc/mingw32/4.5.2/libgcc.a(_chkstk.o)
                0x00424064                _alloca
                0x00424064                __chkstk
 .text          0x00424098        0x0 d:/mingw/bin/../lib/gcc/mingw32/4.5.2/libgcc.a(_ctors.o)
 .text          0x00424098        0x0 d:/mingw/bin/../lib/gcc/mingw32/4.5.2/../../../libmsvcrt.a(duyms00590.o)
 .text          0x00424098        0x0 d:/mingw/bin/../lib/gcc/mingw32/4.5.2/../../../libmsvcrt.a(duyms00383.o)
 .text          0x00424098        0x0 d:/mingw/bin/../lib/gcc/mingw32/4.5.2/../../../libmsvcrt.a(duyms00266.o)
 .text          0x00424098        0x8 d:/mingw/bin/../lib/gcc/mingw32/4.5.2/../../../libmsvcrt.a(duyms00055.o)
                0x00424098                __getmainargs
 .text          0x004240a0        0x8 d:/mingw/bin/../lib/gcc/mingw32/4.5.2/../../../libmsvcrt.a(duyms00079.o)
                0x004240a0                __p__fmode
 .text          0x004240a8        0x8 d:/mingw/bin/../lib/gcc/mingw32/4.5.2/../../../libmsvcrt.a(duyms00077.o)
                0x004240a8                __p__environ
 .text          0x004240b0        0x8 d:/mingw/bin/../lib/gcc/mingw32/4.5.2/../../../libmsvcrt.a(duyms00147.o)
                0x004240b0                _cexit
 .text          0x004240b8        0x8 d:/mingw/bin/../lib/gcc/mingw32/4.5.2/../../../libmsvcrt.a(duyms00426.o)
                0x004240b8                _setmode
 .text          0x004240c0        0x8 d:/mingw/bin/../lib/gcc/mingw32/4.5.2/../../../libmsvcrt.a(duyms00706.o)
                0x004240c0                signal
 .text          0x004240c8        0x0 d:/mingw/bin/../lib/gcc/mingw32/4.5.2/../../../libmsvcrt.a(duyms00392.o)
 .text          0x004240c8        0x0 d:/mingw/bin/../lib/gcc/mingw32/4.5.2/../../../libmsvcrt.a(duyms00065.o)
 .text          0x004240c8        0x8 d:/mingw/bin/../lib/gcc/mingw32/4.5.2/../../../libmsvcrt.a(duyms00618.o)
                0x004240c8                fopen
 .text          0x004240d0        0x8 d:/mingw/bin/../lib/gcc/mingw32/4.5.2/../../../libmsvcrt.a(duyms00714.o)
                0x004240d0                strchr
 .text          0x004240d8        0x8 d:/mingw/bin/../lib/gcc/mingw32/4.5.2/../../../libmsvcrt.a(duyms00268.o)
                0x004240d8                _isctype
 .text          0x004240e0        0x8 d:/mingw/bin/../lib/gcc/mingw32/4.5.2/../../../libmsvcrt.a(duyms00717.o)
                0x004240e0                strcpy
 .text          0x004240e8        0x8 d:/mingw/bin/../lib/gcc/mingw32/4.5.2/../../../libmsvcrt.a(duyms00724.o)
                0x004240e8                strncpy
 .text          0x004240f0        0x8 d:/mingw/bin/../lib/gcc/mingw32/4.5.2/../../../libmsvcrt.a(duyms00137.o)
                0x004240f0                _assert
 .text          0x004240f8        0x8 d:/mingw/bin/../lib/gcc/mingw32/4.5.2/../../../libmsvcrt.a(duyms00712.o)
                0x004240f8                sscanf
 .text          0x00424100        0x8 d:/mingw/bin/../lib/gcc/mingw32/4.5.2/../../../libmsvcrt.a(duyms00633.o)
                0x00424100                fwrite
 .text          0x00424108        0x8 d:/mingw/bin/../lib/gcc/mingw32/4.5.2/../../../libmsvcrt.a(duyms00619.o)
                0x00424108                fprintf
 .text          0x00424110        0x8 d:/mingw/bin/../lib/gcc/mingw32/4.5.2/../../../libmsvcrt.a(duyms00607.o)
                0x00424110                fclose
 .text          0x00424118        0x8 d:/mingw/bin/../lib/gcc/mingw32/4.5.2/../../../libmsvcrt.a(duyms00732.o)
                0x00424118                strtoul
 .text          0x00424120        0x8 d:/mingw/bin/../lib/gcc/mingw32/4.5.2/../../../libmsvcrt.a(duyms00731.o)
                0x00424120                strtol
 .text          0x00424128        0x8 d:/mingw/bin/../lib/gcc/mingw32/4.5.2/../../../libmsvcrt.a(duyms00676.o)
                0x00424128                malloc
 .text          0x00424130        0x8 d:/mingw/bin/../lib/gcc/mingw32/4.5.2/../../../libmsvcrt.a(duyms00698.o)
                0x00424130                realloc
 .text          0x00424138        0x8 d:/mingw/bin/../lib/gcc/mingw32/4.5.2/../../../libmsvcrt.a(duyms00490.o)
                0x00424138                _vsnprintf
 .text          0x00424140        0x8 d:/mingw/bin/../lib/gcc/mingw32/4.5.2/../../../libmsvcrt.a(duyms00625.o)
                0x00424140                free
 .text          0x00424148        0x8 d:/mingw/bin/../lib/gcc/mingw32/4.5.2/../../../libmsvcrt.a(duyms00613.o)
                0x00424148                fgets
 .text          0x00424150        0x8 d:/mingw/bin/../lib/gcc/mingw32/4.5.2/../../../libmsvcrt.a(duyms00583.o)
                0x00424150                abort
 .text          0x00424158        0x8 d:/mingw/bin/../lib/gcc/mingw32/4.5.2/../../../libmsvcrt.a(duyms00683.o)
                0x00424158                memmove
 .text          0x00424160        0x8 d:/mingw/bin/../lib/gcc/mingw32/4.5.2/../../../libmsvcrt.a(duyms00709.o)
                0x00424160                sprintf
 .text          0x00424168        0x8 d:/mingw/bin/../lib/gcc/mingw32/4.5.2/../../../libmsvcrt.a(duyms00611.o)
                0x00424168                fgetc
 .text          0x00424170        0x8 d:/mingw/bin/../lib/gcc/mingw32/4.5.2/../../../libmsvcrt.a(duyms00746.o)
                0x00424170                ungetc
 .text          0x00424178        0x8 d:/mingw/bin/../lib/gcc/mingw32/4.5.2/../../../libmsvcrt.a(duyms00624.o)
                0x00424178                fread
 .text          0x00424180        0x8 d:/mingw/bin/../lib/gcc/mingw32/4.5.2/../../../libmsvcrt.a(duyms00715.o)
                0x00424180                strcmp
 .text          0x00424188        0x8 d:/mingw/bin/../lib/gcc/mingw32/4.5.2/../../../libmsvcrt.a(duyms00592.o)
                0x00424188                atoi
 .text          0x00424190        0x8 d:/mingw/bin/../lib/gcc/mingw32/4.5.2/../../../libmsvcrt.a(duyms00620.o)
                0x00424190                fputc
 .text          0x00424198        0x8 d:/mingw/bin/../lib/gcc/mingw32/4.5.2/../../../libmsvcrt.a(duyms00742.o)
                0x00424198                tolower
 .text          0x004241a0        0x8 d:/mingw/bin/../lib/gcc/mingw32/4.5.2/../../../libmsvcrt.a(duyms00726.o)
                0x004241a0                strrchr
 .text          0x004241a8        0x8 d:/mingw/bin/../lib/gcc/mingw32/4.5.2/../../../libmsvcrt.a(duyms00718.o)
                0x004241a8                strcspn
 .text          0x004241b0        0x8 d:/mingw/bin/../lib/gcc/mingw32/4.5.2/../../../libmsvcrt.a(duyms00637.o)
                0x004241b0                getenv
 .text          0x004241b8        0x8 d:/mingw/bin/../lib/gcc/mingw32/4.5.2/../../../libmsvcrt.a(duyms00621.o)
                0x004241b8                fputs
 .text          0x004241c0        0x8 d:/mingw/bin/../lib/gcc/mingw32/4.5.2/../../../libmsvcrt.a(duyms00610.o)
                0x004241c0                fflush
 .text          0x004241c8        0x8 d:/mingw/bin/../lib/gcc/mingw32/4.5.2/../../../libmsvcrt.a(duyms00604.o)
                0x004241c8                exit
 .text          0x004241d0        0x8 d:/mingw/bin/../lib/gcc/mingw32/4.5.2/../../../libmsvcrt.a(duyms00720.o)
                0x004241d0                strftime
 .text          0x004241d8        0x8 d:/mingw/bin/../lib/gcc/mingw32/4.5.2/../../../libmsvcrt.a(duyms00699.o)
                0x004241d8                remove
 .text          0x004241e0        0x0 d:/mingw/bin/../lib/gcc/mingw32/4.5.2/../../../libmsvcrt.a(duyms00538.o)
 .text          0x004241e0        0x8 d:/mingw/bin/../lib/gcc/mingw32/4.5.2/../../../libmsvcrt.a(duyms00748.o)
                0x004241e0                vfprintf
 .text          0x004241e8        0x8 d:/mingw/bin/../lib/gcc/mingw32/4.5.2/../../../libmsvcrt.a(duyms00682.o)
                0x004241e8                memcpy
 .text          0x004241f0        0x8 d:/mingw/bin/../lib/gcc/mingw32/4.5.2/../../../libmsvcrt.a(duyms00595.o)
                0x004241f0                calloc
 .text          0x004241f8        0x0 d:/mingw/bin/../lib/gcc/mingw32/4.5.2/../../../libmsvcrt.a(duymh.o)
 .text          0x004241f8        0x0 d:/mingw/bin/../lib/gcc/mingw32/4.5.2/../../../libmsvcrt.a(duymt.o)
 .text          0x004241f8        0x8 d:/mingw/bin/../lib/gcc/mingw32/4.5.2/../../../libkernel32.a(dchds01140.o)
                0x004241f8                SetUnhandledExceptionFilter@4
 .text          0x00424200        0x8 d:/mingw/bin/../lib/gcc/mingw32/4.5.2/../../../libkernel32.a(dchds00279.o)
                0x00424200                ExitProcess@4
 .text          0x00424208        0x8 d:/mingw/bin/../lib/gcc/mingw32/4.5.2/../../../libkernel32.a(dchds00529.o)
                0x00424208                GetModuleHandleA@4
 .text          0x00424210        0x8 d:/mingw/bin/../lib/gcc/mingw32/4.5.2/../../../libkernel32.a(dchds00577.o)
                0x00424210                GetProcAddress@8
 .text          0x00424218        0x8 d:/mingw/bin/../lib/gcc/mingw32/4.5.2/../../../libkernel32.a(dchds00859.o)
                0x00424218                MulDiv@12
 .text          0x00424220        0x8 d:/mingw/bin/../lib/gcc/mingw32/4.5.2/../../../libkernel32.a(dchds00527.o)
                0x00424220                GetModuleFileNameA@12
 .text          0x00424228        0x8 d:/mingw/bin/../lib/gcc/mingw32/4.5.2/../../../libkernel32.a(dchds00671.o)
                0x00424228                GetVersionExA@4
 .text          0x00424230        0x8 d:/mingw/bin/../lib/gcc/mingw32/4.5.2/../../../libkernel32.a(dchds00817.o)
                0x00424230                LoadLibraryA@4
 .text          0x00424238        0x8 d:/mingw/bin/../lib/gcc/mingw32/4.5.2/../../../libkernel32.a(dchds00619.o)
                0x00424238                GetSystemDirectoryA@8
 .text          0x00424240        0x8 d:/mingw/bin/../lib/gcc/mingw32/4.5.2/../../../libkernel32.a(dchds01267.o)
                0x00424240                WriteFile@20
 .text          0x00424248        0x8 d:/mingw/bin/../lib/gcc/mingw32/4.5.2/../../../libkernel32.a(dchds00016.o)
                0x00424248                AllocConsole@0
 .text          0x00424250        0x8 d:/mingw/bin/../lib/gcc/mingw32/4.5.2/../../../libkernel32.a(dchds00608.o)
                0x00424250                GetStdHandle@4
 .text          0x00424258        0x8 d:/mingw/bin/../lib/gcc/mingw32/4.5.2/../../../libkernel32.a(dchds00682.o)
                0x00424258                GetWindowsDirectoryA@8
 .text          0x00424260        0x8 d:/mingw/bin/../lib/gcc/mingw32/4.5.2/../../../libkernel32.a(dchds00304.o)
                0x00424260                FindFirstFileA@8
 .text          0x00424268        0x8 d:/mingw/bin/../lib/gcc/mingw32/4.5.2/../../../libkernel32.a(dchds00321.o)
                0x00424268                FindNextFileA@8
 .text          0x00424270        0x8 d:/mingw/bin/../lib/gcc/mingw32/4.5.2/../../../libkernel32.a(dchds00300.o)
                0x00424270                FindClose@4
 .text          0x00424278        0x8 d:/mingw/bin/../lib/gcc/mingw32/4.5.2/../../../libkernel32.a(dchds00447.o)
                0x00424278                GetCurrentProcessId@0
 .text          0x00424280        0x8 d:/mingw/bin/../lib/gcc/mingw32/4.5.2/../../../libkernel32.a(dchds00627.o)
                0x00424280                GetSystemTime@4
 .text          0x00424288        0x8 d:/mingw/bin/../lib/gcc/mingw32/4.5.2/../../../libkernel32.a(dchds00628.o)
                0x00424288                GetSystemTimeAdjustment@12
 .text          0x00424290        0x8 d:/mingw/bin/../lib/gcc/mingw32/4.5.2/../../../libkernel32.a(dchds00699.o)
                0x00424290                GlobalMemoryStatus@4
 .text          0x00424298        0x8 d:/mingw/bin/../lib/gcc/mingw32/4.5.2/../../../libkernel32.a(dchds00450.o)
                0x00424298                GetCurrentThread@0
 .text          0x004242a0        0x8 d:/mingw/bin/../lib/gcc/mingw32/4.5.2/../../../libkernel32.a(dchds00653.o)
                0x004242a0                GetThreadTimes@20
 .text          0x004242a8        0x8 d:/mingw/bin/../lib/gcc/mingw32/4.5.2/../../../libkernel32.a(dchds00446.o)
                0x004242a8                GetCurrentProcess@0
 .text          0x004242b0        0x8 d:/mingw/bin/../lib/gcc/mingw32/4.5.2/../../../libkernel32.a(dchds00590.o)
                0x004242b0                GetProcessTimes@20
 .text          0x004242b8        0x8 d:/mingw/bin/../lib/gcc/mingw32/4.5.2/../../../libkernel32.a(dchds00656.o)
                0x004242b8                GetTickCount@0
 .text          0x004242c0        0x8 d:/mingw/bin/../lib/gcc/mingw32/4.5.2/../../../libkernel32.a(dchds00922.o)
                0x004242c0                QueryPerformanceCounter@4
 .text          0x004242c8        0x8 d:/mingw/bin/../lib/gcc/mingw32/4.5.2/../../../libkernel32.a(dchds00179.o)
                0x004242c8                CreateThread@24
 .text          0x004242d0        0x8 d:/mingw/bin/../lib/gcc/mingw32/4.5.2/../../../libkernel32.a(dchds00135.o)
                0x004242d0                CreateFileA@28
 .text          0x004242d8        0x8 d:/mingw/bin/../lib/gcc/mingw32/4.5.2/../../../libkernel32.a(dchds00473.o)
                0x004242d8                GetEnvironmentVariableA@12
 .text          0x004242e0        0x8 d:/mingw/bin/../lib/gcc/mingw32/4.5.2/../../../libkernel32.a(dchds00947.o)
                0x004242e0                ReadFile@20
 .text          0x004242e8        0x8 d:/mingw/bin/../lib/gcc/mingw32/4.5.2/../../../libkernel32.a(dchds00082.o)
                0x004242e8                CloseHandle@4
 .text          0x004242f0        0x8 d:/mingw/bin/../lib/gcc/mingw32/4.5.2/../../../libkernel32.a(dchds00511.o)
                0x004242f0                GetLocalTime@4
 .text          0x004242f8        0x8 d:/mingw/bin/../lib/gcc/mingw32/4.5.2/../../../libkernel32.a(dchds00444.o)
                0x004242f8                GetCurrentDirectoryA@8
 .text          0x00424300        0x8 d:/mingw/bin/../lib/gcc/mingw32/4.5.2/../../../libkernel32.a(dchds01052.o)
                0x00424300                SetCurrentDirectoryA@4
 .text          0x00424308        0x8 d:/mingw/bin/../lib/gcc/mingw32/4.5.2/../../../libkernel32.a(dchds00352.o)
                0x00424308                FreeLibrary@4
 .text          0x00424310        0x8 d:/mingw/bin/../lib/gcc/mingw32/4.5.2/../../../libkernel32.a(dchds01215.o)
                0x00424310                VirtualQuery@12
 .text          0x00424318        0x8 d:/mingw/bin/../lib/gcc/mingw32/4.5.2/../../../libkernel32.a(dchds01213.o)
                0x00424318                VirtualProtect@16
 .text          0x00424320        0x8 d:/mingw/bin/../lib/gcc/mingw32/4.5.2/../../../libkernel32.a(dchds00388.o)
                0x00424320                GetCommandLineA@0
 .text          0x00424328        0x8 d:/mingw/bin/../lib/gcc/mingw32/4.5.2/../../../libkernel32.a(dchds00606.o)
                0x00424328                GetStartupInfoA@4
 .text          0x00424330        0x8 d:/mingw/bin/../lib/gcc/mingw32/4.5.2/../../../libkernel32.a(dchds01173.o)
                0x00424330                TlsGetValue@4
 .text          0x00424338        0x8 d:/mingw/bin/../lib/gcc/mingw32/4.5.2/../../../libkernel32.a(dchds00510.o)
                0x00424338                GetLastError@0
 .text          0x00424340        0x8 d:/mingw/bin/../lib/gcc/mingw32/4.5.2/../../../libkernel32.a(dchds00207.o)
                0x00424340                DeleteCriticalSection@4
 .text          0x00424348        0x8 d:/mingw/bin/../lib/gcc/mingw32/4.5.2/../../../libkernel32.a(dchds00734.o)
                0x00424348                InitializeCriticalSection@4
 .text          0x00424350        0x8 d:/mingw/bin/../lib/gcc/mingw32/4.5.2/../../../libkernel32.a(dchds00236.o)
                0x00424350                EnterCriticalSection@4
 .text          0x00424358        0x8 d:/mingw/bin/../lib/gcc/mingw32/4.5.2/../../../libkernel32.a(dchds00814.o)
                0x00424358                LeaveCriticalSection@4
 .text          0x00424360        0x0 d:/mingw/bin/../lib/gcc/mingw32/4.5.2/../../../libkernel32.a(dchdh.o)
 .text          0x00424360        0x0 d:/mingw/bin/../lib/gcc/mingw32/4.5.2/../../../libkernel32.a(dchdt.o)
 .text          0x00424360       0x1c d:/mingw/bin/../lib/gcc/mingw32/4.5.2/crtend.o
 *(SORT(.text$*))
 *(.text.*)
 *(.glue_7t)
 *(.glue_7)
                0x0042437c                ___CTOR_LIST__ = .
                0x0042437c                __CTOR_LIST__ = .
                0x0042437c        0x4 LONG 0xffffffff
 *(.ctors)
 *(.ctor)
 *(SORT(.ctors.*))
 .ctors.65535   0x00424380        0x4 d:/mingw/bin/../lib/gcc/mingw32/4.5.2/crtend.o
                0x00424384        0x4 LONG 0x0
                0x00424388                ___DTOR_LIST__ = .
                0x00424388                __DTOR_LIST__ = .
                0x00424388        0x4 LONG 0xffffffff
 *(.dtors)
 *(.dtor)
 *(SORT(.dtors.*))
                0x0042438c        0x4 LONG 0x0
 *(.fini)
 *(.gcc_exc)
                0x00424390                PROVIDE (etext, .)
 *(.gcc_except_table)

.data           0x00425000      0x200
                0x00425000                __data_start__ = .
 *(.data)
 .data          0x00425000        0x0 d:/mingw/bin/../lib/gcc/mingw32/4.5.2/../../../crt2.o
 .data          0x00425000        0x0 d:/mingw/bin/../lib/gcc/mingw32/4.5.2/crtbegin.o
 .data          0x00425000        0x0 import.o
 .data          0x00425000        0x0 misc.o
 .data          0x00425000        0x0 notiming.o
 .data          0x00425000        0x0 sshaes.o
 .data          0x00425000       0x10 sshbn.o
                0x00425000                bnOne
                0x00425008                Zero
                0x0042500c                One
 .data          0x00425010        0x0 sshdes.o
 .data          0x00425010        0x0 sshdss.o
 .data          0x00425010        0x0 sshdssg.o
 .data          0x00425010        0x0 sshmd5.o
 .data          0x00425010        0x0 sshprime.o
 .data          0x00425010        0x0 sshpubk.o
 .data          0x00425010        0x0 sshrand.o
 .data          0x00425010        0x0 sshrsa.o
 .data          0x00425010        0x0 sshrsag.o
 .data          0x00425010        0x0 sshsh256.o
 .data          0x00425010        0x0 sshsh512.o
 .data          0x00425010        0x0 sshsha.o
 .data          0x00425010        0x0 tree234.o
 .data          0x00425010       0x20 version.o
                0x00425010                ver
                0x0042501d                sshver
 .data          0x00425030        0x0 winctrls.o
 .data          0x00425030        0x0 winhelp.o
 .data          0x00425030        0x4 winmisc.o
 .data          0x00425034        0x0 winnoise.o
 .data          0x00425034        0x0 winnojmp.o
 .data          0x00425034        0x0 winpgen.o
 .data          0x00425034        0x0 winstore.o
 .data          0x00425034        0x0 wintime.o
 .data          0x00425034        0x0 winutils.o
 .data          0x00425034        0x0 d:/mingw/bin/../lib/gcc/mingw32/4.5.2/../../../libadvapi32.a(dgxgs00245.o)
 .data          0x00425034        0x0 d:/mingw/bin/../lib/gcc/mingw32/4.5.2/../../../libadvapi32.a(dgxgs00393.o)
 .data          0x00425034        0x0 d:/mingw/bin/../lib/gcc/mingw32/4.5.2/../../../libadvapi32.a(dgxgs00400.o)
 .data          0x00425034        0x0 d:/mingw/bin/../lib/gcc/mingw32/4.5.2/../../../libadvapi32.a(dgxgs00412.o)
 .data          0x00425034        0x0 d:/mingw/bin/../lib/gcc/mingw32/4.5.2/../../../libadvapi32.a(dgxgs00386.o)
 .data          0x00425034        0x0 d:/mingw/bin/../lib/gcc/mingw32/4.5.2/../../../libadvapi32.a(dgxgs00423.o)
 .data          0x00425034        0x0 d:/mingw/bin/../lib/gcc/mingw32/4.5.2/../../../libadvapi32.a(dgxgs00389.o)
 .data          0x00425034        0x0 d:/mingw/bin/../lib/gcc/mingw32/4.5.2/../../../libadvapi32.a(dgxgs00434.o)
 .data          0x00425034        0x0 d:/mingw/bin/../lib/gcc/mingw32/4.5.2/../../../libadvapi32.a(dgxgs00390.o)
 .data          0x00425034        0x0 d:/mingw/bin/../lib/gcc/mingw32/4.5.2/../../../libadvapi32.a(dgxgs00397.o)
 .data          0x00425034        0x0 d:/mingw/bin/../lib/gcc/mingw32/4.5.2/../../../libadvapi32.a(dgxgh.o)
 .data          0x00425034        0x0 d:/mingw/bin/../lib/gcc/mingw32/4.5.2/../../../libadvapi32.a(dgxgt.o)
 .data          0x00425034        0x0 d:/mingw/bin/../lib/gcc/mingw32/4.5.2/../../../libcomctl32.a(dqqhs00098.o)
 .data          0x00425034        0x0 d:/mingw/bin/../lib/gcc/mingw32/4.5.2/../../../libcomctl32.a(dqqhs00097.o)
 .data          0x00425034        0x0 d:/mingw/bin/../lib/gcc/mingw32/4.5.2/../../../libcomctl32.a(dqqhs00042.o)
 .data          0x00425034        0x0 d:/mingw/bin/../lib/gcc/mingw32/4.5.2/../../../libcomctl32.a(dqqhs00094.o)
 .data          0x00425034        0x0 d:/mingw/bin/../lib/gcc/mingw32/4.5.2/../../../libcomctl32.a(dqqhh.o)
 .data          0x00425034        0x0 d:/mingw/bin/../lib/gcc/mingw32/4.5.2/../../../libcomctl32.a(dqqht.o)
 .data          0x00425034        0x0 d:/mingw/bin/../lib/gcc/mingw32/4.5.2/../../../libcomdlg32.a(demds00002.o)
 .data          0x00425034        0x0 d:/mingw/bin/../lib/gcc/mingw32/4.5.2/../../../libcomdlg32.a(demds00000.o)
 .data          0x00425034        0x0 d:/mingw/bin/../lib/gcc/mingw32/4.5.2/../../../libcomdlg32.a(demds00011.o)
 .data          0x00425034        0x0 d:/mingw/bin/../lib/gcc/mingw32/4.5.2/../../../libcomdlg32.a(demds00009.o)
 .data          0x00425034        0x0 d:/mingw/bin/../lib/gcc/mingw32/4.5.2/../../../libcomdlg32.a(demdh.o)
 .data          0x00425034        0x0 d:/mingw/bin/../lib/gcc/mingw32/4.5.2/../../../libcomdlg32.a(demdt.o)
 .data          0x00425034        0x0 d:/mingw/bin/../lib/gcc/mingw32/4.5.2/../../../libgdi32.a(dkfhs00148.o)
 .data          0x00425034        0x0 d:/mingw/bin/../lib/gcc/mingw32/4.5.2/../../../libgdi32.a(dkfhs00306.o)
 .data          0x00425034        0x0 d:/mingw/bin/../lib/gcc/mingw32/4.5.2/../../../libgdi32.a(dkfhs00281.o)
 .data          0x00425034        0x0 d:/mingw/bin/../lib/gcc/mingw32/4.5.2/../../../libgdi32.a(dkfhs00210.o)
 .data          0x00425034        0x0 d:/mingw/bin/../lib/gcc/mingw32/4.5.2/../../../libgdi32.a(dkfhs00046.o)
 .data          0x00425034        0x0 d:/mingw/bin/../lib/gcc/mingw32/4.5.2/../../../libgdi32.a(dkfhs00219.o)
 .data          0x00425034        0x0 d:/mingw/bin/../lib/gcc/mingw32/4.5.2/../../../libgdi32.a(dkfhs00073.o)
 .data          0x00425034        0x0 d:/mingw/bin/../lib/gcc/mingw32/4.5.2/../../../libgdi32.a(dkfhs00213.o)
 .data          0x00425034        0x0 d:/mingw/bin/../lib/gcc/mingw32/4.5.2/../../../libgdi32.a(dkfhs00339.o)
 .data          0x00425034        0x0 d:/mingw/bin/../lib/gcc/mingw32/4.5.2/../../../libgdi32.a(dkfhh.o)
 .data          0x00425034        0x0 d:/mingw/bin/../lib/gcc/mingw32/4.5.2/../../../libgdi32.a(dkfht.o)
 .data          0x00425034        0x0 d:/mingw/bin/../lib/gcc/mingw32/4.5.2/../../../libuser32.a(daois00505.o)
 .data          0x00425034        0x0 d:/mingw/bin/../lib/gcc/mingw32/4.5.2/../../../libuser32.a(daois00508.o)
 .data          0x00425034        0x0 d:/mingw/bin/../lib/gcc/mingw32/4.5.2/../../../libuser32.a(daois00236.o)
 .data          0x00425034        0x0 d:/mingw/bin/../lib/gcc/mingw32/4.5.2/../../../libuser32.a(daois00426.o)
 .data          0x00425034        0x0 d:/mingw/bin/../lib/gcc/mingw32/4.5.2/../../../libuser32.a(daois00090.o)
 .data          0x00425034        0x0 d:/mingw/bin/../lib/gcc/mingw32/4.5.2/../../../libuser32.a(daois00572.o)
 .data          0x00425034        0x0 d:/mingw/bin/../lib/gcc/mingw32/4.5.2/../../../libuser32.a(daois00248.o)
 .data          0x00425034        0x0 d:/mingw/bin/../lib/gcc/mingw32/4.5.2/../../../libuser32.a(daois00494.o)
 .data          0x00425034        0x0 d:/mingw/bin/../lib/gcc/mingw32/4.5.2/../../../libuser32.a(daois00569.o)
 .data          0x00425034        0x0 d:/mingw/bin/../lib/gcc/mingw32/4.5.2/../../../libuser32.a(daois00433.o)
 .data          0x00425034        0x0 d:/mingw/bin/../lib/gcc/mingw32/4.5.2/../../../libuser32.a(daois00056.o)
 .data          0x00425034        0x0 d:/mingw/bin/../lib/gcc/mingw32/4.5.2/../../../libuser32.a(daois00386.o)
 .data          0x00425034        0x0 d:/mingw/bin/../lib/gcc/mingw32/4.5.2/../../../libuser32.a(daois00053.o)
 .data          0x00425034        0x0 d:/mingw/bin/../lib/gcc/mingw32/4.5.2/../../../libuser32.a(daois00530.o)
 .data          0x00425034        0x0 d:/mingw/bin/../lib/gcc/mingw32/4.5.2/../../../libuser32.a(daois00255.o)
 .data          0x00425034        0x0 d:/mingw/bin/../lib/gcc/mingw32/4.5.2/../../../libuser32.a(daois00253.o)
 .data          0x00425034        0x0 d:/mingw/bin/../lib/gcc/mingw32/4.5.2/../../../libuser32.a(daois00370.o)
 .data          0x00425034        0x0 d:/mingw/bin/../lib/gcc/mingw32/4.5.2/../../../libuser32.a(daois00533.o)
 .data          0x00425034        0x0 d:/mingw/bin/../lib/gcc/mingw32/4.5.2/../../../libuser32.a(daois00434.o)
 .data          0x00425034        0x0 d:/mingw/bin/../lib/gcc/mingw32/4.5.2/../../../libuser32.a(daois00491.o)
 .data          0x00425034        0x0 d:/mingw/bin/../lib/gcc/mingw32/4.5.2/../../../libuser32.a(daois00163.o)
 .data          0x00425034        0x0 d:/mingw/bin/../lib/gcc/mingw32/4.5.2/../../../libuser32.a(daois00517.o)
 .data          0x00425034        0x0 d:/mingw/bin/../lib/gcc/mingw32/4.5.2/../../../libuser32.a(daois00632.o)
 .data          0x00425034        0x0 d:/mingw/bin/../lib/gcc/mingw32/4.5.2/../../../libuser32.a(daois00259.o)
 .data          0x00425034        0x0 d:/mingw/bin/../lib/gcc/mingw32/4.5.2/../../../libuser32.a(daois00224.o)
 .data          0x00425034        0x0 d:/mingw/bin/../lib/gcc/mingw32/4.5.2/../../../libuser32.a(daois00241.o)
 .data          0x00425034        0x0 d:/mingw/bin/../lib/gcc/mingw32/4.5.2/../../../libuser32.a(daois00310.o)
 .data          0x00425034        0x0 d:/mingw/bin/../lib/gcc/mingw32/4.5.2/../../../libuser32.a(daois00247.o)
 .data          0x00425034        0x0 d:/mingw/bin/../lib/gcc/mingw32/4.5.2/../../../libuser32.a(daois00182.o)
 .data          0x00425034        0x0 d:/mingw/bin/../lib/gcc/mingw32/4.5.2/../../../libuser32.a(daois00180.o)
 .data          0x00425034        0x0 d:/mingw/bin/../lib/gcc/mingw32/4.5.2/../../../libuser32.a(daois00147.o)
 .data          0x00425034        0x0 d:/mingw/bin/../lib/gcc/mingw32/4.5.2/../../../libuser32.a(daois00516.o)
 .data          0x00425034        0x0 d:/mingw/bin/../lib/gcc/mingw32/4.5.2/../../../libuser32.a(daois00250.o)
 .data          0x00425034        0x0 d:/mingw/bin/../lib/gcc/mingw32/4.5.2/../../../libuser32.a(daois00348.o)
 .data          0x00425034        0x0 d:/mingw/bin/../lib/gcc/mingw32/4.5.2/../../../libuser32.a(daois00445.o)
 .data          0x00425034        0x0 d:/mingw/bin/../lib/gcc/mingw32/4.5.2/../../../libuser32.a(daois00466.o)
 .data          0x00425034        0x0 d:/mingw/bin/../lib/gcc/mingw32/4.5.2/../../../libuser32.a(daois00534.o)
 .data          0x00425034        0x0 d:/mingw/bin/../lib/gcc/mingw32/4.5.2/../../../libuser32.a(daois00585.o)
 .data          0x00425034        0x0 d:/mingw/bin/../lib/gcc/mingw32/4.5.2/../../../libuser32.a(daois00178.o)
 .data          0x00425034        0x0 d:/mingw/bin/../lib/gcc/mingw32/4.5.2/../../../libuser32.a(daois00342.o)
 .data          0x00425034        0x0 d:/mingw/bin/../lib/gcc/mingw32/4.5.2/../../../libuser32.a(daois00296.o)
 .data          0x00425034        0x0 d:/mingw/bin/../lib/gcc/mingw32/4.5.2/../../../libuser32.a(daois00409.o)
 .data          0x00425034        0x0 d:/mingw/bin/../lib/gcc/mingw32/4.5.2/../../../libuser32.a(daois00088.o)
 .data          0x00425034        0x0 d:/mingw/bin/../lib/gcc/mingw32/4.5.2/../../../libuser32.a(daois00006.o)
 .data          0x00425034        0x0 d:/mingw/bin/../lib/gcc/mingw32/4.5.2/../../../libuser32.a(daois00538.o)
 .data          0x00425034        0x0 d:/mingw/bin/../lib/gcc/mingw32/4.5.2/../../../libuser32.a(daois00055.o)
 .data          0x00425034        0x0 d:/mingw/bin/../lib/gcc/mingw32/4.5.2/../../../libuser32.a(daois00529.o)
 .data          0x00425034        0x0 d:/mingw/bin/../lib/gcc/mingw32/4.5.2/../../../libuser32.a(daois00254.o)
 .data          0x00425034        0x0 d:/mingw/bin/../lib/gcc/mingw32/4.5.2/../../../libuser32.a(daois00351.o)
 .data          0x00425034        0x0 d:/mingw/bin/../lib/gcc/mingw32/4.5.2/../../../libuser32.a(daois00350.o)
 .data          0x00425034        0x0 d:/mingw/bin/../lib/gcc/mingw32/4.5.2/../../../libuser32.a(daois00437.o)
 .data          0x00425034        0x0 d:/mingw/bin/../lib/gcc/mingw32/4.5.2/../../../libuser32.a(daoih.o)
 .data          0x00425034        0x0 d:/mingw/bin/../lib/gcc/mingw32/4.5.2/../../../libuser32.a(daoit.o)
 .data          0x00425034        0x0 d:/mingw/bin/../lib/gcc/mingw32/4.5.2/../../../libmingw32.a(tlssup.o)
 .data          0x00425034        0x4 d:/mingw/bin/../lib/gcc/mingw32/4.5.2/../../../libmingw32.a(CRTglob.o)
                0x00425034                _CRT_glob
 .data          0x00425038        0x0 d:/mingw/bin/../lib/gcc/mingw32/4.5.2/../../../libmingw32.a(CRTfmode.o)
 .data          0x00425038        0x4 d:/mingw/bin/../lib/gcc/mingw32/4.5.2/../../../libmingw32.a(txtmode.o)
                0x00425038                _fmode
 .data          0x0042503c        0x0 d:/mingw/bin/../lib/gcc/mingw32/4.5.2/../../../libmingw32.a(cpu_features.o)
 .data          0x0042503c        0x0 d:/mingw/bin/../lib/gcc/mingw32/4.5.2/../../../libmingw32.a(pseudo-reloc.o)
 .data          0x0042503c        0x4 d:/mingw/bin/../lib/gcc/mingw32/4.5.2/../../../libmingw32.a(gccmain.o)
 .data          0x00425040        0x0 d:/mingw/bin/../lib/gcc/mingw32/4.5.2/../../../libmingw32.a(main.o)
 .data          0x00425040        0x0 d:/mingw/bin/../lib/gcc/mingw32/4.5.2/../../../libmingw32.a(CRT_fp10.o)
 .data          0x00425040        0x0 d:/mingw/bin/../lib/gcc/mingw32/4.5.2/../../../libmingw32.a(crtst.o)
 .data          0x00425040        0x0 d:/mingw/bin/../lib/gcc/mingw32/4.5.2/../../../libmingw32.a(tlsthrd.o)
 .data          0x00425040        0x0 d:/mingw/bin/../lib/gcc/mingw32/4.5.2/../../../libmingw32.a(pseudo-reloc-list.o)
 .data          0x00425040        0x0 d:/mingw/bin/../lib/gcc/mingw32/4.5.2/libgcc.a(_umoddi3.o)
 .data          0x00425040        0x0 d:/mingw/bin/../lib/gcc/mingw32/4.5.2/libgcc.a(_udivdi3.o)
 .data          0x00425040        0x0 d:/mingw/bin/../lib/gcc/mingw32/4.5.2/libgcc.a(_chkstk.o)
 .data          0x00425040        0x0 d:/mingw/bin/../lib/gcc/mingw32/4.5.2/libgcc.a(_ctors.o)
 .data          0x00425040        0x0 d:/mingw/bin/../lib/gcc/mingw32/4.5.2/../../../libmsvcrt.a(duyms00590.o)
 .data          0x00425040        0x0 d:/mingw/bin/../lib/gcc/mingw32/4.5.2/../../../libmsvcrt.a(duyms00383.o)
 .data          0x00425040        0x0 d:/mingw/bin/../lib/gcc/mingw32/4.5.2/../../../libmsvcrt.a(duyms00266.o)
 .data          0x00425040        0x0 d:/mingw/bin/../lib/gcc/mingw32/4.5.2/../../../libmsvcrt.a(duyms00099.o)
 .data          0x00425040        0x0 d:/mingw/bin/../lib/gcc/mingw32/4.5.2/../../../libmsvcrt.a(duyms00055.o)
 .data          0x00425040        0x0 d:/mingw/bin/../lib/gcc/mingw32/4.5.2/../../../libmsvcrt.a(duyms00079.o)
 .data          0x00425040        0x0 d:/mingw/bin/../lib/gcc/mingw32/4.5.2/../../../libmsvcrt.a(duyms00077.o)
 .data          0x00425040        0x0 d:/mingw/bin/../lib/gcc/mingw32/4.5.2/../../../libmsvcrt.a(duyms00147.o)
 .data          0x00425040        0x0 d:/mingw/bin/../lib/gcc/mingw32/4.5.2/../../../libmsvcrt.a(duyms00426.o)
 .data          0x00425040        0x0 d:/mingw/bin/../lib/gcc/mingw32/4.5.2/../../../libmsvcrt.a(duyms00706.o)
 .data          0x00425040        0x0 d:/mingw/bin/../lib/gcc/mingw32/4.5.2/../../../libmsvcrt.a(duyms00392.o)
 .data          0x00425040        0x0 d:/mingw/bin/../lib/gcc/mingw32/4.5.2/../../../libmsvcrt.a(duyms00065.o)
 .data          0x00425040        0x0 d:/mingw/bin/../lib/gcc/mingw32/4.5.2/../../../libmsvcrt.a(duyms00618.o)
 .data          0x00425040        0x0 d:/mingw/bin/../lib/gcc/mingw32/4.5.2/../../../libmsvcrt.a(duyms00714.o)
 .data          0x00425040        0x0 d:/mingw/bin/../lib/gcc/mingw32/4.5.2/../../../libmsvcrt.a(duyms00268.o)
 .data          0x00425040        0x0 d:/mingw/bin/../lib/gcc/mingw32/4.5.2/../../../libmsvcrt.a(duyms00717.o)
 .data          0x00425040        0x0 d:/mingw/bin/../lib/gcc/mingw32/4.5.2/../../../libmsvcrt.a(duyms00724.o)
 .data          0x00425040        0x0 d:/mingw/bin/../lib/gcc/mingw32/4.5.2/../../../libmsvcrt.a(duyms00137.o)
 .data          0x00425040        0x0 d:/mingw/bin/../lib/gcc/mingw32/4.5.2/../../../libmsvcrt.a(duyms00712.o)
 .data          0x00425040        0x0 d:/mingw/bin/../lib/gcc/mingw32/4.5.2/../../../libmsvcrt.a(duyms00633.o)
 .data          0x00425040        0x0 d:/mingw/bin/../lib/gcc/mingw32/4.5.2/../../../libmsvcrt.a(duyms00619.o)
 .data          0x00425040        0x0 d:/mingw/bin/../lib/gcc/mingw32/4.5.2/../../../libmsvcrt.a(duyms00607.o)
 .data          0x00425040        0x0 d:/mingw/bin/../lib/gcc/mingw32/4.5.2/../../../libmsvcrt.a(duyms00732.o)
 .data          0x00425040        0x0 d:/mingw/bin/../lib/gcc/mingw32/4.5.2/../../../libmsvcrt.a(duyms00731.o)
 .data          0x00425040        0x0 d:/mingw/bin/../lib/gcc/mingw32/4.5.2/../../../libmsvcrt.a(duyms00676.o)
 .data          0x00425040        0x0 d:/mingw/bin/../lib/gcc/mingw32/4.5.2/../../../libmsvcrt.a(duyms00698.o)
 .data          0x00425040        0x0 d:/mingw/bin/../lib/gcc/mingw32/4.5.2/../../../libmsvcrt.a(duyms00490.o)
 .data          0x00425040        0x0 d:/mingw/bin/../lib/gcc/mingw32/4.5.2/../../../libmsvcrt.a(duyms00625.o)
 .data          0x00425040        0x0 d:/mingw/bin/../lib/gcc/mingw32/4.5.2/../../../libmsvcrt.a(duyms00613.o)
 .data          0x00425040        0x0 d:/mingw/bin/../lib/gcc/mingw32/4.5.2/../../../libmsvcrt.a(duyms00583.o)
 .data          0x00425040        0x0 d:/mingw/bin/../lib/gcc/mingw32/4.5.2/../../../libmsvcrt.a(duyms00683.o)
 .data          0x00425040        0x0 d:/mingw/bin/../lib/gcc/mingw32/4.5.2/../../../libmsvcrt.a(duyms00709.o)
 .data          0x00425040        0x0 d:/mingw/bin/../lib/gcc/mingw32/4.5.2/../../../libmsvcrt.a(duyms00611.o)
 .data          0x00425040        0x0 d:/mingw/bin/../lib/gcc/mingw32/4.5.2/../../../libmsvcrt.a(duyms00746.o)
 .data          0x00425040        0x0 d:/mingw/bin/../lib/gcc/mingw32/4.5.2/../../../libmsvcrt.a(duyms00624.o)
 .data          0x00425040        0x0 d:/mingw/bin/../lib/gcc/mingw32/4.5.2/../../../libmsvcrt.a(duyms00715.o)
 .data          0x00425040        0x0 d:/mingw/bin/../lib/gcc/mingw32/4.5.2/../../../libmsvcrt.a(duyms00592.o)
 .data          0x00425040        0x0 d:/mingw/bin/../lib/gcc/mingw32/4.5.2/../../../libmsvcrt.a(duyms00620.o)
 .data          0x00425040        0x0 d:/mingw/bin/../lib/gcc/mingw32/4.5.2/../../../libmsvcrt.a(duyms00742.o)
 .data          0x00425040        0x0 d:/mingw/bin/../lib/gcc/mingw32/4.5.2/../../../libmsvcrt.a(duyms00726.o)
 .data          0x00425040        0x0 d:/mingw/bin/../lib/gcc/mingw32/4.5.2/../../../libmsvcrt.a(duyms00718.o)
 .data          0x00425040        0x0 d:/mingw/bin/../lib/gcc/mingw32/4.5.2/../../../libmsvcrt.a(duyms00637.o)
 .data          0x00425040        0x0 d:/mingw/bin/../lib/gcc/mingw32/4.5.2/../../../libmsvcrt.a(duyms00621.o)
 .data          0x00425040        0x0 d:/mingw/bin/../lib/gcc/mingw32/4.5.2/../../../libmsvcrt.a(duyms00610.o)
 .data          0x00425040        0x0 d:/mingw/bin/../lib/gcc/mingw32/4.5.2/../../../libmsvcrt.a(duyms00604.o)
 .data          0x00425040        0x0 d:/mingw/bin/../lib/gcc/mingw32/4.5.2/../../../libmsvcrt.a(duyms00720.o)
 .data          0x00425040        0x0 d:/mingw/bin/../lib/gcc/mingw32/4.5.2/../../../libmsvcrt.a(duyms00699.o)
 .data          0x00425040        0x0 d:/mingw/bin/../lib/gcc/mingw32/4.5.2/../../../libmsvcrt.a(duyms00538.o)
 .data          0x00425040        0x0 d:/mingw/bin/../lib/gcc/mingw32/4.5.2/../../../libmsvcrt.a(duyms00748.o)
 .data          0x00425040        0x0 d:/mingw/bin/../lib/gcc/mingw32/4.5.2/../../../libmsvcrt.a(duyms00682.o)
 .data          0x00425040        0x0 d:/mingw/bin/../lib/gcc/mingw32/4.5.2/../../../libmsvcrt.a(duyms00595.o)
 .data          0x00425040        0x0 d:/mingw/bin/../lib/gcc/mingw32/4.5.2/../../../libmsvcrt.a(duymh.o)
 .data          0x00425040        0x0 d:/mingw/bin/../lib/gcc/mingw32/4.5.2/../../../libmsvcrt.a(duymt.o)
 .data          0x00425040        0x0 d:/mingw/bin/../lib/gcc/mingw32/4.5.2/../../../libkernel32.a(dchds01140.o)
 .data          0x00425040        0x0 d:/mingw/bin/../lib/gcc/mingw32/4.5.2/../../../libkernel32.a(dchds00279.o)
 .data          0x00425040        0x0 d:/mingw/bin/../lib/gcc/mingw32/4.5.2/../../../libkernel32.a(dchds00529.o)
 .data          0x00425040        0x0 d:/mingw/bin/../lib/gcc/mingw32/4.5.2/../../../libkernel32.a(dchds00577.o)
 .data          0x00425040        0x0 d:/mingw/bin/../lib/gcc/mingw32/4.5.2/../../../libkernel32.a(dchds00859.o)
 .data          0x00425040        0x0 d:/mingw/bin/../lib/gcc/mingw32/4.5.2/../../../libkernel32.a(dchds00527.o)
 .data          0x00425040        0x0 d:/mingw/bin/../lib/gcc/mingw32/4.5.2/../../../libkernel32.a(dchds00671.o)
 .data          0x00425040        0x0 d:/mingw/bin/../lib/gcc/mingw32/4.5.2/../../../libkernel32.a(dchds00817.o)
 .data          0x00425040        0x0 d:/mingw/bin/../lib/gcc/mingw32/4.5.2/../../../libkernel32.a(dchds00619.o)
 .data          0x00425040        0x0 d:/mingw/bin/../lib/gcc/mingw32/4.5.2/../../../libkernel32.a(dchds01267.o)
 .data          0x00425040        0x0 d:/mingw/bin/../lib/gcc/mingw32/4.5.2/../../../libkernel32.a(dchds00016.o)
 .data          0x00425040        0x0 d:/mingw/bin/../lib/gcc/mingw32/4.5.2/../../../libkernel32.a(dchds00608.o)
 .data          0x00425040        0x0 d:/mingw/bin/../lib/gcc/mingw32/4.5.2/../../../libkernel32.a(dchds00682.o)
 .data          0x00425040        0x0 d:/mingw/bin/../lib/gcc/mingw32/4.5.2/../../../libkernel32.a(dchds00304.o)
 .data          0x00425040        0x0 d:/mingw/bin/../lib/gcc/mingw32/4.5.2/../../../libkernel32.a(dchds00321.o)
 .data          0x00425040        0x0 d:/mingw/bin/../lib/gcc/mingw32/4.5.2/../../../libkernel32.a(dchds00300.o)
 .data          0x00425040        0x0 d:/mingw/bin/../lib/gcc/mingw32/4.5.2/../../../libkernel32.a(dchds00447.o)
 .data          0x00425040        0x0 d:/mingw/bin/../lib/gcc/mingw32/4.5.2/../../../libkernel32.a(dchds00627.o)
 .data          0x00425040        0x0 d:/mingw/bin/../lib/gcc/mingw32/4.5.2/../../../libkernel32.a(dchds00628.o)
 .data          0x00425040        0x0 d:/mingw/bin/../lib/gcc/mingw32/4.5.2/../../../libkernel32.a(dchds00699.o)
 .data          0x00425040        0x0 d:/mingw/bin/../lib/gcc/mingw32/4.5.2/../../../libkernel32.a(dchds00450.o)
 .data          0x00425040        0x0 d:/mingw/bin/../lib/gcc/mingw32/4.5.2/../../../libkernel32.a(dchds00653.o)
 .data          0x00425040        0x0 d:/mingw/bin/../lib/gcc/mingw32/4.5.2/../../../libkernel32.a(dchds00446.o)
 .data          0x00425040        0x0 d:/mingw/bin/../lib/gcc/mingw32/4.5.2/../../../libkernel32.a(dchds00590.o)
 .data          0x00425040        0x0 d:/mingw/bin/../lib/gcc/mingw32/4.5.2/../../../libkernel32.a(dchds00656.o)
 .data          0x00425040        0x0 d:/mingw/bin/../lib/gcc/mingw32/4.5.2/../../../libkernel32.a(dchds00922.o)
 .data          0x00425040        0x0 d:/mingw/bin/../lib/gcc/mingw32/4.5.2/../../../libkernel32.a(dchds00179.o)
 .data          0x00425040        0x0 d:/mingw/bin/../lib/gcc/mingw32/4.5.2/../../../libkernel32.a(dchds00135.o)
 .data          0x00425040        0x0 d:/mingw/bin/../lib/gcc/mingw32/4.5.2/../../../libkernel32.a(dchds00473.o)
 .data          0x00425040        0x0 d:/mingw/bin/../lib/gcc/mingw32/4.5.2/../../../libkernel32.a(dchds00947.o)
 .data          0x00425040        0x0 d:/mingw/bin/../lib/gcc/mingw32/4.5.2/../../../libkernel32.a(dchds00082.o)
 .data          0x00425040        0x0 d:/mingw/bin/../lib/gcc/mingw32/4.5.2/../../../libkernel32.a(dchds00511.o)
 .data          0x00425040        0x0 d:/mingw/bin/../lib/gcc/mingw32/4.5.2/../../../libkernel32.a(dchds00444.o)
 .data          0x00425040        0x0 d:/mingw/bin/../lib/gcc/mingw32/4.5.2/../../../libkernel32.a(dchds01052.o)
 .data          0x00425040        0x0 d:/mingw/bin/../lib/gcc/mingw32/4.5.2/../../../libkernel32.a(dchds00352.o)
 .data          0x00425040        0x0 d:/mingw/bin/../lib/gcc/mingw32/4.5.2/../../../libkernel32.a(dchds01215.o)
 .data          0x00425040        0x0 d:/mingw/bin/../lib/gcc/mingw32/4.5.2/../../../libkernel32.a(dchds01213.o)
 .data          0x00425040        0x0 d:/mingw/bin/../lib/gcc/mingw32/4.5.2/../../../libkernel32.a(dchds00388.o)
 .data          0x00425040        0x0 d:/mingw/bin/../lib/gcc/mingw32/4.5.2/../../../libkernel32.a(dchds00606.o)
 .data          0x00425040        0x0 d:/mingw/bin/../lib/gcc/mingw32/4.5.2/../../../libkernel32.a(dchds01173.o)
 .data          0x00425040        0x0 d:/mingw/bin/../lib/gcc/mingw32/4.5.2/../../../libkernel32.a(dchds00510.o)
 .data          0x00425040        0x0 d:/mingw/bin/../lib/gcc/mingw32/4.5.2/../../../libkernel32.a(dchds00207.o)
 .data          0x00425040        0x0 d:/mingw/bin/../lib/gcc/mingw32/4.5.2/../../../libkernel32.a(dchds00734.o)
 .data          0x00425040        0x0 d:/mingw/bin/../lib/gcc/mingw32/4.5.2/../../../libkernel32.a(dchds00236.o)
 .data          0x00425040        0x0 d:/mingw/bin/../lib/gcc/mingw32/4.5.2/../../../libkernel32.a(dchds00814.o)
 .data          0x00425040        0x0 d:/mingw/bin/../lib/gcc/mingw32/4.5.2/../../../libkernel32.a(dchdh.o)
 .data          0x00425040        0x0 d:/mingw/bin/../lib/gcc/mingw32/4.5.2/../../../libkernel32.a(dchdt.o)
 .data          0x00425040        0x0 d:/mingw/bin/../lib/gcc/mingw32/4.5.2/crtend.o
 *(.data2)
 *(SORT(.data$*))
 *(.jcr)
 .jcr           0x00425040        0x0 d:/mingw/bin/../lib/gcc/mingw32/4.5.2/crtbegin.o
 .jcr           0x00425040        0x4 d:/mingw/bin/../lib/gcc/mingw32/4.5.2/crtend.o
                0x00425044                __data_end__ = .
 *(.data_cygwin_nocopy)

.rdata          0x00426000     0x9400
 *(.rdata)
 .rdata         0x00426000       0x64 d:/mingw/bin/../lib/gcc/mingw32/4.5.2/crtbegin.o
 .rdata         0x00426064      0x788 import.o
 *fill*         0x004267ec       0x14 00
 .rdata         0x00426800      0x1e0 misc.o
 .rdata         0x004269e0     0x2520 sshaes.o
                0x00426a2c                ssh2_aes
 .rdata         0x00428f00       0x44 sshbn.o
 *fill*         0x00428f44       0x1c 00
 .rdata         0x00428f60      0xc20 sshdes.o
                0x00428f7c                ssh2_3des
                0x00428f84                ssh2_des
                0x00428fa4                ssh_3des
                0x00428fd0                ssh_des
 .rdata         0x00429b80       0xe0 sshdss.o
                0x00429c00                ssh_dss
 .rdata         0x00429c60       0x60 sshmd5.o
                0x00429c80                ssh_hmac_md5
 .rdata         0x00429cc0     0x3360 sshprime.o
 .rdata         0x0042d020      0x324 sshpubk.o
 .rdata         0x0042d344       0x20 sshrand.o
 *fill*         0x0042d364       0x1c 00
 .rdata         0x0042d380      0x1c0 sshrsa.o
                0x0042d460                ssh_rsa
                0x0042d498                ssh_rsa_kex
 .rdata         0x0042d540      0x120 sshsh256.o
                0x0042d548                ssh_sha256
 .rdata         0x0042d660      0x2c0 sshsh512.o
 .rdata         0x0042d920      0x1a0 sshsha.o
                0x0042d928                ssh_sha1
                0x0042d960                ssh_hmac_sha1
                0x0042d9c0                ssh_hmac_sha1_96
                0x0042da20                ssh_hmac_sha1_buggy
                0x0042da80                ssh_hmac_sha1_96_buggy
 .rdata         0x0042dac0       0x40 tree234.o
 .rdata         0x0042db00      0x53c winctrls.o
 .rdata         0x0042e03c       0x28 winhelp.o
 .rdata         0x0042e064       0x34 winmisc.o
 *fill*         0x0042e098        0x8 00
 .rdata         0x0042e0a0      0xb60 winpgen.o
 .rdata         0x0042ec00      0x3d4 winstore.o
 .rdata         0x0042efd4      0x260 winutils.o
 .rdata         0x0042f234       0x40 d:/mingw/bin/../lib/gcc/mingw32/4.5.2/../../../libmingw32.a(tlssup.o)
                0x0042f270                __dyn_tls_init_callback
 .rdata         0x0042f274       0xac d:/mingw/bin/../lib/gcc/mingw32/4.5.2/../../../libmingw32.a(pseudo-reloc.o)
 *(SORT(.rdata$*))
                0x0042f320                __rt_psrelocs_start = .
 *(.rdata_runtime_pseudo_reloc)
                0x0042f320                __rt_psrelocs_end = .
                0x00000000                __rt_psrelocs_size = (__rt_psrelocs_end - __rt_psrelocs_start)
                0x0042f320                ___RUNTIME_PSEUDO_RELOC_LIST_END__ = .
                0x0042f320                __RUNTIME_PSEUDO_RELOC_LIST_END__ = .
                0x0042f320                ___RUNTIME_PSEUDO_RELOC_LIST__ = (. - __rt_psrelocs_size)
                0x0042f320                __RUNTIME_PSEUDO_RELOC_LIST__ = (. - __rt_psrelocs_size)

.eh_frame       0x00430000      0x200
 *(.eh_frame*)
 .eh_frame      0x00430000        0x0 d:/mingw/bin/../lib/gcc/mingw32/4.5.2/crtbegin.o
 .eh_frame      0x00430000       0x6c d:/mingw/bin/../lib/gcc/mingw32/4.5.2/libgcc.a(_umoddi3.o)
 .eh_frame      0x0043006c       0x6c d:/mingw/bin/../lib/gcc/mingw32/4.5.2/libgcc.a(_udivdi3.o)
 .eh_frame      0x004300d8        0x4 d:/mingw/bin/../lib/gcc/mingw32/4.5.2/crtend.o

.pdata
 *(.pdata)

.bss            0x00431000      0x7f0
                0x00431000                __bss_start__ = .
 *(.bss)
 .bss           0x00431000        0x8 d:/mingw/bin/../lib/gcc/mingw32/4.5.2/../../../crt2.o
                0x00431000                _argc
                0x00431004                _argv
 .bss           0x00431008       0x18 d:/mingw/bin/../lib/gcc/mingw32/4.5.2/crtbegin.o
 .bss           0x00431020        0x0 import.o
 .bss           0x00431020        0x0 misc.o
 .bss           0x00431020        0x0 notiming.o
 .bss           0x00431020        0x0 sshaes.o
 .bss           0x00431020        0x4 sshbn.o
                0x00431020                bnZero
 .bss           0x00431024        0x0 sshdes.o
 .bss           0x00431024        0x0 sshdss.o
 .bss           0x00431024        0x0 sshdssg.o
 .bss           0x00431024        0x0 sshmd5.o
 .bss           0x00431024        0x0 sshprime.o
 .bss           0x00431024        0xc sshpubk.o
                0x00431024                ssh2_wrong_passphrase
 *fill*         0x00431030       0x10 00
 .bss           0x00431040      0x540 sshrand.o
                0x00431040                random_active
 .bss           0x00431580        0x0 sshrsa.o
 .bss           0x00431580        0x0 sshrsag.o
 .bss           0x00431580        0x0 sshsh256.o
 .bss           0x00431580        0x0 sshsh512.o
 .bss           0x00431580        0x0 sshsha.o
 .bss           0x00431580        0x0 tree234.o
 .bss           0x00431580        0x0 version.o
 .bss           0x00431580       0x80 winctrls.o
 .bss           0x00431600        0xc winhelp.o
 .bss           0x0043160c       0x14 winmisc.o
 .bss           0x00431620        0x0 winnoise.o
 .bss           0x00431620        0x0 winnojmp.o
 .bss           0x00431620        0x8 winpgen.o
 .bss           0x00431628        0xc winstore.o
 .bss           0x00431634        0x0 wintime.o
 .bss           0x00431634        0x0 winutils.o
 .bss           0x00431634        0x0 d:/mingw/bin/../lib/gcc/mingw32/4.5.2/../../../libadvapi32.a(dgxgs00245.o)
 .bss           0x00431634        0x0 d:/mingw/bin/../lib/gcc/mingw32/4.5.2/../../../libadvapi32.a(dgxgs00393.o)
 .bss           0x00431634        0x0 d:/mingw/bin/../lib/gcc/mingw32/4.5.2/../../../libadvapi32.a(dgxgs00400.o)
 .bss           0x00431634        0x0 d:/mingw/bin/../lib/gcc/mingw32/4.5.2/../../../libadvapi32.a(dgxgs00412.o)
 .bss           0x00431634        0x0 d:/mingw/bin/../lib/gcc/mingw32/4.5.2/../../../libadvapi32.a(dgxgs00386.o)
 .bss           0x00431634        0x0 d:/mingw/bin/../lib/gcc/mingw32/4.5.2/../../../libadvapi32.a(dgxgs00423.o)
 .bss           0x00431634        0x0 d:/mingw/bin/../lib/gcc/mingw32/4.5.2/../../../libadvapi32.a(dgxgs00389.o)
 .bss           0x00431634        0x0 d:/mingw/bin/../lib/gcc/mingw32/4.5.2/../../../libadvapi32.a(dgxgs00434.o)
 .bss           0x00431634        0x0 d:/mingw/bin/../lib/gcc/mingw32/4.5.2/../../../libadvapi32.a(dgxgs00390.o)
 .bss           0x00431634        0x0 d:/mingw/bin/../lib/gcc/mingw32/4.5.2/../../../libadvapi32.a(dgxgs00397.o)
 .bss           0x00431634        0x0 d:/mingw/bin/../lib/gcc/mingw32/4.5.2/../../../libadvapi32.a(dgxgh.o)
 .bss           0x00431634        0x0 d:/mingw/bin/../lib/gcc/mingw32/4.5.2/../../../libadvapi32.a(dgxgt.o)
 .bss           0x00431634        0x0 d:/mingw/bin/../lib/gcc/mingw32/4.5.2/../../../libcomctl32.a(dqqhs00098.o)
 .bss           0x00431634        0x0 d:/mingw/bin/../lib/gcc/mingw32/4.5.2/../../../libcomctl32.a(dqqhs00097.o)
 .bss           0x00431634        0x0 d:/mingw/bin/../lib/gcc/mingw32/4.5.2/../../../libcomctl32.a(dqqhs00042.o)
 .bss           0x00431634        0x0 d:/mingw/bin/../lib/gcc/mingw32/4.5.2/../../../libcomctl32.a(dqqhs00094.o)
 .bss           0x00431634        0x0 d:/mingw/bin/../lib/gcc/mingw32/4.5.2/../../../libcomctl32.a(dqqhh.o)
 .bss           0x00431634        0x0 d:/mingw/bin/../lib/gcc/mingw32/4.5.2/../../../libcomctl32.a(dqqht.o)
 .bss           0x00431634        0x0 d:/mingw/bin/../lib/gcc/mingw32/4.5.2/../../../libcomdlg32.a(demds00002.o)
 .bss           0x00431634        0x0 d:/mingw/bin/../lib/gcc/mingw32/4.5.2/../../../libcomdlg32.a(demds00000.o)
 .bss           0x00431634        0x0 d:/mingw/bin/../lib/gcc/mingw32/4.5.2/../../../libcomdlg32.a(demds00011.o)
 .bss           0x00431634        0x0 d:/mingw/bin/../lib/gcc/mingw32/4.5.2/../../../libcomdlg32.a(demds00009.o)
 .bss           0x00431634        0x0 d:/mingw/bin/../lib/gcc/mingw32/4.5.2/../../../libcomdlg32.a(demdh.o)
 .bss           0x00431634        0x0 d:/mingw/bin/../lib/gcc/mingw32/4.5.2/../../../libcomdlg32.a(demdt.o)
 .bss           0x00431634        0x0 d:/mingw/bin/../lib/gcc/mingw32/4.5.2/../../../libgdi32.a(dkfhs00148.o)
 .bss           0x00431634        0x0 d:/mingw/bin/../lib/gcc/mingw32/4.5.2/../../../libgdi32.a(dkfhs00306.o)
 .bss           0x00431634        0x0 d:/mingw/bin/../lib/gcc/mingw32/4.5.2/../../../libgdi32.a(dkfhs00281.o)
 .bss           0x00431634        0x0 d:/mingw/bin/../lib/gcc/mingw32/4.5.2/../../../libgdi32.a(dkfhs00210.o)
 .bss           0x00431634        0x0 d:/mingw/bin/../lib/gcc/mingw32/4.5.2/../../../libgdi32.a(dkfhs00046.o)
 .bss           0x00431634        0x0 d:/mingw/bin/../lib/gcc/mingw32/4.5.2/../../../libgdi32.a(dkfhs00219.o)
 .bss           0x00431634        0x0 d:/mingw/bin/../lib/gcc/mingw32/4.5.2/../../../libgdi32.a(dkfhs00073.o)
 .bss           0x00431634        0x0 d:/mingw/bin/../lib/gcc/mingw32/4.5.2/../../../libgdi32.a(dkfhs00213.o)
 .bss           0x00431634        0x0 d:/mingw/bin/../lib/gcc/mingw32/4.5.2/../../../libgdi32.a(dkfhs00339.o)
 .bss           0x00431634        0x0 d:/mingw/bin/../lib/gcc/mingw32/4.5.2/../../../libgdi32.a(dkfhh.o)
 .bss           0x00431634        0x0 d:/mingw/bin/../lib/gcc/mingw32/4.5.2/../../../libgdi32.a(dkfht.o)
 .bss           0x00431634        0x0 d:/mingw/bin/../lib/gcc/mingw32/4.5.2/../../../libuser32.a(daois00505.o)
 .bss           0x00431634        0x0 d:/mingw/bin/../lib/gcc/mingw32/4.5.2/../../../libuser32.a(daois00508.o)
 .bss           0x00431634        0x0 d:/mingw/bin/../lib/gcc/mingw32/4.5.2/../../../libuser32.a(daois00236.o)
 .bss           0x00431634        0x0 d:/mingw/bin/../lib/gcc/mingw32/4.5.2/../../../libuser32.a(daois00426.o)
 .bss           0x00431634        0x0 d:/mingw/bin/../lib/gcc/mingw32/4.5.2/../../../libuser32.a(daois00090.o)
 .bss           0x00431634        0x0 d:/mingw/bin/../lib/gcc/mingw32/4.5.2/../../../libuser32.a(daois00572.o)
 .bss           0x00431634        0x0 d:/mingw/bin/../lib/gcc/mingw32/4.5.2/../../../libuser32.a(daois00248.o)
 .bss           0x00431634        0x0 d:/mingw/bin/../lib/gcc/mingw32/4.5.2/../../../libuser32.a(daois00494.o)
 .bss           0x00431634        0x0 d:/mingw/bin/../lib/gcc/mingw32/4.5.2/../../../libuser32.a(daois00569.o)
 .bss           0x00431634        0x0 d:/mingw/bin/../lib/gcc/mingw32/4.5.2/../../../libuser32.a(daois00433.o)
 .bss           0x00431634        0x0 d:/mingw/bin/../lib/gcc/mingw32/4.5.2/../../../libuser32.a(daois00056.o)
 .bss           0x00431634        0x0 d:/mingw/bin/../lib/gcc/mingw32/4.5.2/../../../libuser32.a(daois00386.o)
 .bss           0x00431634        0x0 d:/mingw/bin/../lib/gcc/mingw32/4.5.2/../../../libuser32.a(daois00053.o)
 .bss           0x00431634        0x0 d:/mingw/bin/../lib/gcc/mingw32/4.5.2/../../../libuser32.a(daois00530.o)
 .bss           0x00431634        0x0 d:/mingw/bin/../lib/gcc/mingw32/4.5.2/../../../libuser32.a(daois00255.o)
 .bss           0x00431634        0x0 d:/mingw/bin/../lib/gcc/mingw32/4.5.2/../../../libuser32.a(daois00253.o)
 .bss           0x00431634        0x0 d:/mingw/bin/../lib/gcc/mingw32/4.5.2/../../../libuser32.a(daois00370.o)
 .bss           0x00431634        0x0 d:/mingw/bin/../lib/gcc/mingw32/4.5.2/../../../libuser32.a(daois00533.o)
 .bss           0x00431634        0x0 d:/mingw/bin/../lib/gcc/mingw32/4.5.2/../../../libuser32.a(daois00434.o)
 .bss           0x00431634        0x0 d:/mingw/bin/../lib/gcc/mingw32/4.5.2/../../../libuser32.a(daois00491.o)
 .bss           0x00431634        0x0 d:/mingw/bin/../lib/gcc/mingw32/4.5.2/../../../libuser32.a(daois00163.o)
 .bss           0x00431634        0x0 d:/mingw/bin/../lib/gcc/mingw32/4.5.2/../../../libuser32.a(daois00517.o)
 .bss           0x00431634        0x0 d:/mingw/bin/../lib/gcc/mingw32/4.5.2/../../../libuser32.a(daois00632.o)
 .bss           0x00431634        0x0 d:/mingw/bin/../lib/gcc/mingw32/4.5.2/../../../libuser32.a(daois00259.o)
 .bss           0x00431634        0x0 d:/mingw/bin/../lib/gcc/mingw32/4.5.2/../../../libuser32.a(daois00224.o)
 .bss           0x00431634        0x0 d:/mingw/bin/../lib/gcc/mingw32/4.5.2/../../../libuser32.a(daois00241.o)
 .bss           0x00431634        0x0 d:/mingw/bin/../lib/gcc/mingw32/4.5.2/../../../libuser32.a(daois00310.o)
 .bss           0x00431634        0x0 d:/mingw/bin/../lib/gcc/mingw32/4.5.2/../../../libuser32.a(daois00247.o)
 .bss           0x00431634        0x0 d:/mingw/bin/../lib/gcc/mingw32/4.5.2/../../../libuser32.a(daois00182.o)
 .bss           0x00431634        0x0 d:/mingw/bin/../lib/gcc/mingw32/4.5.2/../../../libuser32.a(daois00180.o)
 .bss           0x00431634        0x0 d:/mingw/bin/../lib/gcc/mingw32/4.5.2/../../../libuser32.a(daois00147.o)
 .bss           0x00431634        0x0 d:/mingw/bin/../lib/gcc/mingw32/4.5.2/../../../libuser32.a(daois00516.o)
 .bss           0x00431634        0x0 d:/mingw/bin/../lib/gcc/mingw32/4.5.2/../../../libuser32.a(daois00250.o)