Archive member included because of file (symbol)

d:/mingw/bin/../lib/gcc/mingw32/4.5.2/../../../libadvapi32.a(dgxgs00245.o)
                              winmisc.o (GetUserNameA@8)
d:/mingw/bin/../lib/gcc/mingw32/4.5.2/../../../libadvapi32.a(dgxgs00393.o)
                              winstore.o (RegDeleteKeyA@8)
d:/mingw/bin/../lib/gcc/mingw32/4.5.2/../../../libadvapi32.a(dgxgs00400.o)
                              winstore.o (RegEnumKeyA@16)
d:/mingw/bin/../lib/gcc/mingw32/4.5.2/../../../libadvapi32.a(dgxgs00412.o)
                              winstore.o (RegOpenKeyA@12)
d:/mingw/bin/../lib/gcc/mingw32/4.5.2/../../../libadvapi32.a(dgxgs00386.o)
                              winstore.o (RegCloseKey@4)
d:/mingw/bin/../lib/gcc/mingw32/4.5.2/../../../libadvapi32.a(dgxgs00423.o)
                              winstore.o (RegQueryValueExA@24)
d:/mingw/bin/../lib/gcc/mingw32/4.5.2/../../../libadvapi32.a(dgxgs00389.o)
                              winstore.o (RegCreateKeyA@12)
d:/mingw/bin/../lib/gcc/mingw32/4.5.2/../../../libadvapi32.a(dgxgs00434.o)
                              winstore.o (RegSetValueExA@24)
d:/mingw/bin/../lib/gcc/mingw32/4.5.2/../../../libadvapi32.a(dgxgs00390.o)
                              winstore.o (RegCreateKeyExA@36)
d:/mingw/bin/../lib/gcc/mingw32/4.5.2/../../../libadvapi32.a(dgxgs00397.o)
                              winstore.o (RegDeleteValueA@8)
d:/mingw/bin/../lib/gcc/mingw32/4.5.2/../../../libadvapi32.a(dgxgh.o)
                              d:/mingw/bin/../lib/gcc/mingw32/4.5.2/../../../libadvapi32.a(dgxgs00245.o) (_head_libadvapi32_a)
d:/mingw/bin/../lib/gcc/mingw32/4.5.2/../../../libadvapi32.a(dgxgt.o)
                              d:/mingw/bin/../lib/gcc/mingw32/4.5.2/../../../libadvapi32.a(dgxgh.o) (_libadvapi32_a_iname)
d:/mingw/bin/../lib/gcc/mingw32/4.5.2/../../../libcomctl32.a(dqqhs00098.o)
                              winctrls.o (MakeDragList@4)
d:/mingw/bin/../lib/gcc/mingw32/4.5.2/../../../libcomctl32.a(dqqhs00097.o)
                              winctrls.o (LBItemFromPt@16)
d:/mingw/bin/../lib/gcc/mingw32/4.5.2/../../../libcomctl32.a(dqqhs00042.o)
                              winctrls.o (DrawInsert@12)
d:/mingw/bin/../lib/gcc/mingw32/4.5.2/../../../libcomctl32.a(dqqhs00094.o)
                              window.o (InitCommonControls@0)
d:/mingw/bin/../lib/gcc/mingw32/4.5.2/../../../libcomctl32.a(dqqhh.o)
                              d:/mingw/bin/../lib/gcc/mingw32/4.5.2/../../../libcomctl32.a(dqqhs00098.o) (_head_libcomctl32_a)
d:/mingw/bin/../lib/gcc/mingw32/4.5.2/../../../libcomctl32.a(dqqht.o)
                              d:/mingw/bin/../lib/gcc/mingw32/4.5.2/../../../libcomctl32.a(dqqhh.o) (_libcomctl32_a_iname)
d:/mingw/bin/../lib/gcc/mingw32/4.5.2/../../../libcomdlg32.a(demds00002.o)
                              winctrls.o (ChooseFontA@4)
d:/mingw/bin/../lib/gcc/mingw32/4.5.2/../../../libcomdlg32.a(demds00000.o)
                              winctrls.o (ChooseColorA@4)
d:/mingw/bin/../lib/gcc/mingw32/4.5.2/../../../libcomdlg32.a(demds00011.o)
                              winutils.o (GetSaveFileNameA@4)
d:/mingw/bin/../lib/gcc/mingw32/4.5.2/../../../libcomdlg32.a(demds00009.o)
                              winutils.o (GetOpenFileNameA@4)
d:/mingw/bin/../lib/gcc/mingw32/4.5.2/../../../libcomdlg32.a(demdh.o)
                              d:/mingw/bin/../lib/gcc/mingw32/4.5.2/../../../libcomdlg32.a(demds00002.o) (_head_libcomdlg32_a)
d:/mingw/bin/../lib/gcc/mingw32/4.5.2/../../../libcomdlg32.a(demdt.o)
                              d:/mingw/bin/../lib/gcc/mingw32/4.5.2/../../../libcomdlg32.a(demdh.o) (_libcomdlg32_a_iname)
d:/mingw/bin/../lib/gcc/mingw32/4.5.2/../../../libgdi32.a(dkfhs00034.o)
                              sizetip.o (CreateCompatibleDC@4)
d:/mingw/bin/../lib/gcc/mingw32/4.5.2/../../../libgdi32.a(dkfhs00281.o)
                              sizetip.o (SelectObject@8)
d:/mingw/bin/../lib/gcc/mingw32/4.5.2/../../../libgdi32.a(dkfhs00213.o)
                              sizetip.o (GetTextExtentPoint32A@16)
d:/mingw/bin/../lib/gcc/mingw32/4.5.2/../../../libgdi32.a(dkfhs00070.o)
                              sizetip.o (DeleteDC@4)
d:/mingw/bin/../lib/gcc/mingw32/4.5.2/../../../libgdi32.a(dkfhs00073.o)
                              sizetip.o (DeleteObject@4)
d:/mingw/bin/../lib/gcc/mingw32/4.5.2/../../../libgdi32.a(dkfhs00201.o)
                              sizetip.o (GetStockObject@4)
d:/mingw/bin/../lib/gcc/mingw32/4.5.2/../../../libgdi32.a(dkfhs00067.o)
                              sizetip.o (CreateSolidBrush@4)
d:/mingw/bin/../lib/gcc/mingw32/4.5.2/../../../libgdi32.a(dkfhs00263.o)
                              sizetip.o (Rectangle@20)
d:/mingw/bin/../lib/gcc/mingw32/4.5.2/../../../libgdi32.a(dkfhs00323.o)
                              sizetip.o (SetTextColor@8)
d:/mingw/bin/../lib/gcc/mingw32/4.5.2/../../../libgdi32.a(dkfhs00287.o)
                              sizetip.o (SetBkColor@8)
[...]
Memory Configuration

Name             Origin             Length             Attributes
*default*        0x00000000         0xffffffff

Linker script and memory map

                0x00400000                __image_base__ = 0x400000
                0x00000000                __dll__ = 0x0
                0x00400000                ___ImageBase = 0x400000
                0x00001000                __section_alignment__ = 0x1000
                0x00000200                __file_alignment__ = 0x200
                0x00000004                __major_os_version__ = 0x4
                0x00000000                __minor_os_version__ = 0x0
                0x00000001                __major_image_version__ = 0x1
                0x00000000                __minor_image_version__ = 0x0
                0x00000004                __major_subsystem_version__ = 0x4
                0x00000000                __minor_subsystem_version__ = 0x0
                0x00000002                __subsystem__ = 0x2
                0x00200000                __size_of_stack_reserve__ = 0x200000
                0x00001000                __size_of_stack_commit__ = 0x1000
                0x00100000                __size_of_heap_reserve__ = 0x100000
                0x00001000                __size_of_heap_commit__ = 0x1000
                0x00000000                __loader_flags__ = 0x0
                0x00000000                __dll_characteristics__ = 0x0
LOAD d:/mingw/bin/../lib/gcc/mingw32/4.5.2/../../../crt2.o
LOAD d:/mingw/bin/../lib/gcc/mingw32/4.5.2/crtbegin.o
LOAD be_nos_s.o
LOAD cmdline.o
LOAD config.o
LOAD dialog.o
LOAD ldisc.o
LOAD ldiscucs.o
LOAD logging.o
LOAD minibidi.o
LOAD misc.o
LOAD nocproxy.o
LOAD nogss.o
LOAD pinger.o
LOAD proxy.o
LOAD puttytel.res.o
LOAD raw.o
LOAD rlogin.o
LOAD sercfg.o
LOAD settings.o
LOAD sizetip.o
LOAD telnet.o
LOAD terminal.o
LOAD timing.o
LOAD tree234.o
LOAD version.o
LOAD wcwidth.o
LOAD wincfg.o
LOAD winctrls.o
LOAD windefs.o
LOAD windlg.o
LOAD window.o
LOAD winhandl.o
LOAD winhelp.o
LOAD winjump.o
LOAD winmisc.o
LOAD winnet.o
LOAD winprint.o
LOAD winproxy.o
LOAD winser.o
LOAD winstore.o
LOAD wintime.o
LOAD winucs.o
LOAD winutils.o
LOAD d:/mingw/bin/../lib/gcc/mingw32/4.5.2/../../../libadvapi32.a
LOAD d:/mingw/bin/../lib/gcc/mingw32/4.5.2/../../../libcomctl32.a
LOAD d:/mingw/bin/../lib/gcc/mingw32/4.5.2/../../../libcomdlg32.a
LOAD d:/mingw/bin/../lib/gcc/mingw32/4.5.2/../../../libgdi32.a
LOAD d:/mingw/bin/../lib/gcc/mingw32/4.5.2/../../../libimm32.a
LOAD d:/mingw/bin/../lib/gcc/mingw32/4.5.2/../../../libole32.a
LOAD d:/mingw/bin/../lib/gcc/mingw32/4.5.2/../../../libshell32.a
LOAD d:/mingw/bin/../lib/gcc/mingw32/4.5.2/../../../libuser32.a
LOAD d:/mingw/bin/../lib/gcc/mingw32/4.5.2/../../../libwinmm.a
LOAD d:/mingw/bin/../lib/gcc/mingw32/4.5.2/../../../libwinspool.a
LOAD d:/mingw/bin/../lib/gcc/mingw32/4.5.2/../../../libmingw32.a
LOAD d:/mingw/bin/../lib/gcc/mingw32/4.5.2/libgcc_eh.a
LOAD d:/mingw/bin/../lib/gcc/mingw32/4.5.2/libgcc.a
LOAD d:/mingw/bin/../lib/gcc/mingw32/4.5.2/../../../libmoldname.a
LOAD d:/mingw/bin/../lib/gcc/mingw32/4.5.2/../../../libmingwex.a
LOAD d:/mingw/bin/../lib/gcc/mingw32/4.5.2/../../../libmsvcrt.a
LOAD d:/mingw/bin/../lib/gcc/mingw32/4.5.2/../../../libgdi32.a
LOAD d:/mingw/bin/../lib/gcc/mingw32/4.5.2/../../../libcomdlg32.a
LOAD d:/mingw/bin/../lib/gcc/mingw32/4.5.2/../../../libuser32.a
LOAD d:/mingw/bin/../lib/gcc/mingw32/4.5.2/../../../libkernel32.a
LOAD d:/mingw/bin/../lib/gcc/mingw32/4.5.2/../../../libadvapi32.a
LOAD d:/mingw/bin/../lib/gcc/mingw32/4.5.2/../../../libshell32.a
LOAD d:/mingw/bin/../lib/gcc/mingw32/4.5.2/../../../libmingw32.a
LOAD d:/mingw/bin/../lib/gcc/mingw32/4.5.2/libgcc_eh.a
LOAD d:/mingw/bin/../lib/gcc/mingw32/4.5.2/libgcc.a
LOAD d:/mingw/bin/../lib/gcc/mingw32/4.5.2/../../../libmoldname.a
LOAD d:/mingw/bin/../lib/gcc/mingw32/4.5.2/../../../libmingwex.a
LOAD d:/mingw/bin/../lib/gcc/mingw32/4.5.2/../../../libmsvcrt.a
LOAD d:/mingw/bin/../lib/gcc/mingw32/4.5.2/crtend.o
                0x000002e0                . = SIZEOF_HEADERS
                0x00001000                . = ALIGN (__section_alignment__)

.text           0x00401000    0x3f000
 *(.init)
 *(.text)
 .text          0x00401000      0x2f0 d:/mingw/bin/../lib/gcc/mingw32/4.5.2/../../../crt2.o
                0x00401000                atexit
                0x00401010                _onexit
                0x00401140                WinMainCRTStartup
                0x00401160                mainCRTStartup
 .text          0x004012f0       0xd0 d:/mingw/bin/../lib/gcc/mingw32/4.5.2/crtbegin.o
                0x004012f0                __gcc_register_frame
                0x0040137c                __gcc_deregister_frame
 .text          0x004013c0       0x18 be_nos_s.o
                0x004013c0                random_save_seed
                0x004013c8                random_destroy_seed
                0x004013d0                noise_ultralight
 .text          0x004013d8     0x1698 cmdline.o
                0x00401484                cmdline_cleanup
                0x00401518                cmdline_get_passwd_input
                0x004015c0                cmdline_process_param
                0x00402a10                cmdline_run_saved
 .text          0x00402a70     0x77d8 config.o
                0x00403ed0                config_protocolbuttons_handler
                0x00404f44                setup_config_box
 .text          0x0040a248     0x1040 dialog.o
                0x0040a2e4                I
                0x0040a2ec                P
                0x0040a2f4                ctrl_path_elements
                0x0040a328                ctrl_path_compare
                0x0040a3e0                ctrl_new_box
                0x0040a428                ctrl_find_path
                0x0040a488                ctrl_settitle
                0x0040a584                ctrl_getset
                0x0040a6f0                ctrl_alloc
                0x0040a760                ctrl_columns
                0x0040a818                ctrl_editbox
                0x0040a880                ctrl_combobox
                0x0040a8e8                ctrl_radiobuttons
                0x0040aa38                ctrl_pushbutton
                0x0040aa94                ctrl_listbox
                0x0040ab0c                ctrl_droplist
                0x0040ab84                ctrl_draglist
                0x0040abfc                ctrl_filesel
                0x0040ac64                ctrl_fontsel
                0x0040acc4                ctrl_tabdelay
                0x0040acf0                ctrl_text
                0x0040ad2c                ctrl_checkbox
                0x0040ad8c                ctrl_free
                0x0040ae6c                ctrl_free_set
                0x0040aed0                ctrl_free_box
                0x0040af38                dlg_stdradiobutton_handler
                0x0040affc                dlg_stdcheckbox_handler
                0x0040b084                dlg_stdeditbox_handler
                0x0040b1b4                dlg_stdfilesel_handler
                0x0040b224                dlg_stdfontsel_handler
 .text          0x0040b288      0xcc4 ldisc.o
                0x0040b408                ldisc_create
                0x0040b484                ldisc_free
                0x0040b4d4                ldisc_send
 .text          0x0040bf4c      0x2e8 ldiscucs.o
                0x0040bf4c                luni_send
                0x0040c190                lpage_send
 .text          0x0040c234      0xbdc logging.o
                0x0040c234                logflush
                0x0040c25c                logfclose
                0x0040c5c4                logfopen
                0x0040c884                logtraffic
                0x0040c8b4                log_eventlog
                0x0040c938                log_packet
                0x0040ccf0                log_init
                0x0040cd4c                log_free
                0x0040cd78                log_reconfig
 .text          0x0040ce10     0x17e0 minibidi.o
                0x0040ce10                flipThisRun
                0x0040cf04                findIndexOfRun
                0x0040cf38                getType
                0x0040cf98                is_rtl
                0x0040cfb8                setOverrideBits
                0x0040cfdc                getPreviousLevel
                0x0040d00c                do_shape
                0x0040d2f0                doMirror
                0x0040dda8                do_bidi
 .text          0x0040e5f0      0xb28 misc.o
                0x0040e5f0                parse_blocksize
                0x0040e6ac                ctrlparse
                0x0040e754                base64_encode_atom
                0x0040e818                bufchain_init
                0x0040e834                bufchain_size
                0x0040e840                bufchain_prefix
                0x0040e860                bufchain_fetch
                0x0040e8f4                safemalloc
                0x0040e95c                bufchain_add
                0x0040ea24                dupcat
                0x0040eadc                dupstr
                0x0040eb30                new_prompts
                0x0040eb8c                saferealloc
                0x0040ec08                dupvprintf
                0x0040ec80                dupprintf
                0x0040ec9c                add_prompt
                0x0040ed14                safefree
                0x0040ed2c                bufchain_consume
                0x0040edcc                bufchain_clear
                0x0040ee04                fgetline
                0x0040eea0                free_prompts
                0x0040ef2c                debug_printf
                0x0040ef60                debug_memdump
                0x0040f0d0                cfg_launchable
                0x0040f0fc                cfg_dest
 .text          0x0040f118       0x70 nocproxy.o
                0x0040f118                proxy_socks5_offerencryptedauth
                0x0040f120                proxy_socks5_handlechap
                0x0040f154                proxy_socks5_selectchap
 .text          0x0040f188        0x0 nogss.o
 .text          0x0040f188      0x148 pinger.o
                0x0040f238                pinger_new
                0x0040f284                pinger_reconfig
                0x0040f2b0                pinger_free
 .text          0x0040f2d0     0x2b58 proxy.o
                0x0040fa5c                proxy_activate
                0x0040fba8                proxy_socks5_negotiate
                0x00410550                proxy_socks4_negotiate
                0x004108f4                proxy_http_negotiate
                0x00410e38                name_lookup
                0x00410ea8                new_connection
                0x00411128                new_listener
                0x0041113c                format_telnet_command
                0x00411d0c                proxy_telnet_negotiate
 .text          0x00411e28      0x3ec raw.o
 .text          0x00412214      0x774 rlogin.o
 .text          0x00412988      0x634 sercfg.o
                0x00412c18                ser_setup_config_box
 .text          0x00412fbc     0x372c settings.o
                0x0041371c                backend_from_name
                0x00413764                backend_from_proto
                0x00413790                get_remote_username
                0x00413828                save_open_settings
                0x00414f5c                save_settings
                0x00414fa4                load_open_settings
                0x00416430                load_settings
                0x00416484                do_defaults
                0x00416490                get_sesslist
 .text          0x004166e8      0x570 sizetip.o
                0x004169d8                UpdateSizeTip
                0x00416c20                EnableSizeTip
 .text          0x00416c58     0x1610 telnet.o
 .text          0x00418268     0xb670 terminal.o
                0x0041c06c                term_update
                0x0041c1d8                term_seen_key_event
                0x0041c244                term_clrsb
                0x0041c294                term_free
                0x0041c44c                term_provide_resize_fn
                0x0041c494                term_invalidate
                0x0041caa8                term_size
                0x0041d188                term_reconfig
                0x0041d770                term_init
                0x0041da18                term_pwron
                0x00421b18                term_paint
                0x00421c7c                term_scroll
                0x00421cdc                term_scroll_to_selection
                0x00421d50                term_copyall
                0x00421da4                term_do_paste
                0x00421fd4                term_mouse
                0x0042275c                format_arrow_key
                0x00422800                term_nopaste
                0x0042283c                term_key
                0x00423210                term_paste_pending
                0x00423228                term_paste
                0x00423318                term_deselect
                0x0042335c                term_ldisc
                0x00423384                term_data
                0x00423414                term_data_untrusted
                0x00423494                term_provide_logctx
                0x004234a8                term_set_focus
                0x004234c0                term_get_ttymode
                0x00423514                term_get_userpass_input
 .text          0x004238d8      0x284 timing.o
                0x0042398c                schedule_timer
                0x00423a48                run_timers
                0x00423b38                expire_timer_context
 .text          0x00423b5c     0x11cc tree234.o
                0x004249a0                newtree234
                0x004249c8                freetree234
                0x004249e4                count234
                0x004249fc                add234
                0x00424a20                addpos234
                0x00424a44                index234
                0x00424ac0                findrelpos234
                0x00424c18                find234
                0x00424c4c                findrel234
                0x00424c7c                findpos234
                0x00424cac                delpos234
                0x00424cdc                del234
 .text          0x00424d28        0x0 version.o
 .text          0x00424d28      0x1f0 wcwidth.o
                0x00424d74                mk_wcwidth
                0x00424e3c                mk_wcswidth
                0x00424e90                mk_wcwidth_cjk
                0x00424ec4                mk_wcswidth_cjk
 .text          0x00424f18     0x102c wincfg.o
                0x00424fc8                win_setup_config_box
 .text          0x00425f44     0x537c winctrls.o
                0x00426214                ctlposinit
                0x004262bc                doctl
                0x00426660                staticpassedit
                0x0042668c                staticedit
                0x004266b8                bartitle
                0x00426728                beginbox
                0x00426764                endbox
                0x004267f0                editboxfw
                0x004268e0                combobox
                0x004269c4                radioline
                0x00426a5c                bareradioline
                0x00426abc                radiobig
                0x00426b20                checkbox
                0x00426b90                staticwrap
                0x00426e4c                statictext
                0x00426ec0                paneltitle
                0x00426f30                staticbtn
                0x00427024                button
                0x004270c8                static2btn
                0x0042721c                staticddl
                0x00427310                staticcombo
                0x00427404                staticddlbig
                0x004274f0                bigeditctrl
                0x004275e8                listbox
                0x004276ec                ersatztab
                0x0042782c                editbutton
                0x0042797c                prefslist
                0x00427bd0                pl_itemfrompt
                0x00427d30                handle_prefslist
                0x0042812c                progressbar
                0x0042819c                winctrl_add_shortcuts
                0x004281fc                winctrl_rem_shortcuts
                0x0042825c                winctrl_init
                0x0042828c                winctrl_add
                0x00428304                winctrl_remove
                0x00428358                winctrl_cleanup
                0x004283cc                winctrl_findbyctrl
                0x00428430                winctrl_findbyid
                0x00428458                winctrl_findbyindex
                0x00428470                winctrl_layout
                0x0042928c                dlg_last_focused
                0x004292a4                winctrl_context_help
                0x00429310                dlg_radiobutton_set
                0x0042937c                dlg_radiobutton_get
                0x00429414                dlg_checkbox_set
                0x00429478                dlg_checkbox_get
                0x004294d4                dlg_editbox_set
                0x00429530                dlg_editbox_get
                0x004295a0                dlg_listbox_clear
                0x00429630                dlg_listbox_del
                0x004296c0                dlg_listbox_add
                0x00429750                dlg_listbox_addwithid
                0x00429828                dlg_listbox_getid
                0x004298a0                dlg_listbox_index
                0x00429998                dlg_listbox_issel
                0x00429a14                dlg_listbox_select
                0x00429a94                dlg_text_set
                0x00429af0                dlg_label_change
                0x00429bc0                dlg_filesel_set
                0x00429c1c                dlg_filesel_get
                0x00429c8c                dlg_fontsel_get
                0x00429cdc                dlg_update_start
                0x00429d34                dlg_update_done
                0x00429db4                dlg_set_focus
                0x00429e40                dlg_beep
                0x00429e58                dlg_error_msg
                0x00429e88                dlg_end
                0x00429ea4                dlg_refresh
                0x00429f40                dlg_coloursel_start
                0x00429f70                dlg_coloursel_results
                0x00429fb0                dlg_auto_set_fixed_pitch_flag
                0x0042a10c                dlg_fontsel_set
                0x0042a220                winctrl_handle_command
                0x0042afdc                dlg_get_fixed_pitch_flag
                0x0042afec                dlg_set_fixed_pitch_flag
                0x0042b000                dp_init
                0x0042b078                dp_add_tree
                0x0042b0b4                dp_cleanup
                0x0042b14c                dlg_get_privdata
                0x0042b188                dlg_set_privdata
                0x0042b20c                dlg_alloc_privdata
 .text          0x0042b2c0       0xf8 windefs.o
                0x0042b2c0                platform_default_fontspec
                0x0042b324                platform_default_filename
                0x0042b384                platform_default_s
                0x0042b3b0                platform_default_i
 .text          0x0042b3b8     0x1ad0 windlg.o
                0x0042bb70                force_normal
                0x0042c4f8                modal_about_box
                0x0042c564                show_help
                0x0042c580                defuse_showwindow
                0x0042c5e4                do_config
                0x0042c724                do_reconfig
                0x0042c8a4                logevent
                0x0042ca64                showeventlog
                0x0042cad8                showabout
                0x0042cb10                verify_ssh_host_key
                0x0042ccfc                askalg
                0x0042cd80                askappend
                0x0042ce18                old_keyfile_warning
 .text          0x0042ce88     0xa4a0 window.o
                0x0042e9d4                ldisc_update
                0x0042e9dc                get_ttymode
                0x0042e9f0                cleanup_exit
                0x0042ea48                do_select
                0x0042eab8                update_specials_menu
                0x0042ed30                set_busy_status
                0x0042ed44                set_raw_mouse_mode
                0x0042ed68                connection_fatal
                0x0042edf8                cmdline_error
                0x0042ee64                request_resize
                0x0042f04c                notify_remote_exit
                0x0042f0fc                timer_change_notify
                0x0042f164                sys_cursor
                0x0042f1c0                do_text_internal
                0x0042ffac                do_text
                0x00430054                do_cursor
                0x00430324                char_width
                0x004304ec                set_title
                0x0043056c                set_icon
                0x004309e8                WinMain@16
                0x00431c40                set_sbar
                0x00431cc0                get_ctx
                0x00431d18                free_ctx
                0x00431d60                palette_set
                0x00431e98                palette_reset
                0x00431fa8                write_aclip
                0x004320a0                write_clip
                0x00432cbc                request_paste
                0x00436d94                get_clip
                0x00436db4                fatalbox
                0x00436e28                modalfatalbox
                0x00436e9c                do_beep
                0x00436ff0                set_iconic
                0x0043705c                move_window
                0x004370c4                set_zorder
                0x0043711c                refresh_window
                0x00437144                set_zoomed
                0x004371b0                is_iconic
                0x004371c8                get_window_pos
                0x004371f8                get_window_pixels
                0x00437230                get_window_title
                0x0043724c                frontend_keypress
                0x00437254                from_backend
                0x00437268                from_backend_untrusted
                0x0043727c                get_userpass_input
                0x004372d0                agent_schedule_callback
 .text          0x00437328      0xa40 winhandl.o
                0x004377b0                handle_input_new
                0x004378c4                handle_output_new
                0x004379e0                handle_write
                0x00437a3c                handle_get_events
                0x00437ad4                handle_free
                0x00437b4c                handle_got_event
                0x00437cc4                handle_unthrottle
                0x00437d24                handle_backlog
                0x00437d5c                handle_get_privdata
 .text          0x00437d68      0x238 winhelp.o
                0x00437d68                init_help
                0x00437e90                shutdown_help
                0x00437e98                has_help
                0x00437ea4                launch_help
                0x00437f58                quit_help
 .text          0x00437fa0      0x8f8 winjump.o
                0x004387b8                clear_jumplist
                0x00438818                add_session_to_jumplist
                0x00438858                remove_session_from_jumplist
 .text          0x00438898      0x394 winmisc.o
                0x00438898                platform_get_x_display
                0x004388b4                filename_from_str
                0x004388fc                filename_to_str
                0x00438904                filename_equal
                0x0043892c                filename_is_null
                0x0043893c                init_winver
                0x0043896c                load_system32_dll
                0x00438a10                get_username
                0x00438b5c                dputs
 .text          0x00438c2c     0x263c winnet.o
                0x00439310                sk_startup
                0x00439358                sk_init
                0x00439ae4                sk_cleanup
                0x00439b68                winsock_error_string
                0x00439b8c                sk_namelookup
                0x00439ea0                sk_nonamelookup
                0x00439f10                sk_nextaddr
                0x00439f48                sk_getaddr
                0x0043a058                sk_hostname_is_local
                0x0043a0a4                sk_address_is_local
                0x0043a164                sk_addrtype
                0x0043a1a0                sk_addrcopy
                0x0043a268                sk_addr_free
                0x0043a31c                sk_addr_dup
                0x0043a328                sk_register
                0x0043a410                sk_new
                0x0043a50c                sk_newlistener
                0x0043a868                try_send
                0x0043aa98                select_result
                0x0043b014                net_pending_errors
                0x0043b080                sk_addr_error
                0x0043b08c                socket_reselect_all
                0x0043b0d8                first_socket
                0x0043b110                next_socket
                0x0043b144                socket_writable
                0x0043b184                net_service_lookup
                0x0043b1bc                get_hostname
                0x0043b228                platform_get_x11_unix_address
 .text          0x0043b268      0x350 winprint.o
                0x0043b268                printer_start_enum
                0x0043b3fc                printer_get_name
                0x0043b440                printer_finish_enum
                0x0043b488                printer_start_job
                0x0043b540                printer_job_data
                0x0043b574                printer_finish_job
 .text          0x0043b5b8      0x408 winproxy.o
                0x0043b670                localproxy_sentdata
                0x0043b69c                localproxy_gotdata
                0x0043b730                platform_new_connection
 .text          0x0043b9c0      0x784 winser.o
 .text          0x0043c144     0x16cc winstore.o
                0x0043c6ac                open_settings_w
                0x0043c7c4                write_setting_s
                0x0043c814                write_setting_i
                0x0043c854                close_settings_w
                0x0043c868                open_settings_r
                0x0043c928                read_setting_s
                0x0043c980                read_setting_i
                0x0043c9e4                read_setting_fontspec
                0x0043cb08                write_setting_fontspec
                0x0043cbd4                read_setting_filename
                0x0043cc08                write_setting_filename
                0x0043cc2c                close_settings_r
                0x0043cfa0                del_settings
                0x0043d030                enum_settings_start
                0x0043d084                enum_settings_next
                0x0043d1a0                enum_settings_finish
                0x0043d1c4                verify_host_key
                0x0043d508                store_host_key
                0x0043d5d0                read_random_seed
                0x0043d644                write_random_seed
                0x0043d694                add_to_jumplist_registry
                0x0043d6a8                remove_from_jumplist_registry
                0x0043d6bc                get_jumplist_registry_entries
                0x0043d6f8                cleanup_all
 .text          0x0043d810       0x88 wintime.o
                0x0043d810                ltime
 .text          0x0043d898      0xde8 winucs.o
                0x0043d8f0                xlat_uskbd2cyrllic
                0x0043d904                check_compose_internal
                0x0043d9d8                check_compose
                0x0043d9fc                decode_codepage
                0x0043dd5c                cp_name
                0x0043de40                cp_enumerate
                0x0043de5c                get_unitab
                0x0043dfbc                init_ucs
                0x0043e4f0                wc_to_mb
                0x0043e624                mb_to_wc
                0x0043e660                is_dbcs_leadbyte
 .text          0x0043e680      0x54c winutils.o
                0x0043e6e0                request_file
                0x0043e7a4                filereq_new
                0x0043e7c4                filereq_free
                0x0043e7d0                message_box
                0x0043e848                pgp_fingerprints
                0x0043e874                split_into_argv
 .text          0x0043ebcc        0x8 d:/mingw/bin/../lib/gcc/mingw32/4.5.2/../../../libadvapi32.a(dgxgs00245.o)
                0x0043ebcc                GetUserNameA@8
 .text          0x0043ebd4        0x8 d:/mingw/bin/../lib/gcc/mingw32/4.5.2/../../../libadvapi32.a(dgxgs00393.o)
                0x0043ebd4                RegDeleteKeyA@8
 .text          0x0043ebdc        0x8 d:/mingw/bin/../lib/gcc/mingw32/4.5.2/../../../libadvapi32.a(dgxgs00400.o)
                0x0043ebdc                RegEnumKeyA@16
 .text          0x0043ebe4        0x8 d:/mingw/bin/../lib/gcc/mingw32/4.5.2/../../../libadvapi32.a(dgxgs00412.o)
                0x0043ebe4                RegOpenKeyA@12
 .text          0x0043ebec        0x8 d:/mingw/bin/../lib/gcc/mingw32/4.5.2/../../../libadvapi32.a(dgxgs00386.o)
                0x0043ebec                RegCloseKey@4
 .text          0x0043ebf4        0x8 d:/mingw/bin/../lib/gcc/mingw32/4.5.2/../../../libadvapi32.a(dgxgs00423.o)
                0x0043ebf4                RegQueryValueExA@24
 .text          0x0043ebfc        0x8 d:/mingw/bin/../lib/gcc/mingw32/4.5.2/../../../libadvapi32.a(dgxgs00389.o)
                0x0043ebfc                RegCreateKeyA@12
 .text          0x0043ec04        0x8 d:/mingw/bin/../lib/gcc/mingw32/4.5.2/../../../libadvapi32.a(dgxgs00434.o)
                0x0043ec04                RegSetValueExA@24
 .text          0x0043ec0c        0x8 d:/mingw/bin/../lib/gcc/mingw32/4.5.2/../../../libadvapi32.a(dgxgs00390.o)
                0x0043ec0c                RegCreateKeyExA@36
 .text          0x0043ec14        0x8 d:/mingw/bin/../lib/gcc/mingw32/4.5.2/../../../libadvapi32.a(dgxgs00397.o)
                0x0043ec14                RegDeleteValueA@8
 .text          0x0043ec1c        0x0 d:/mingw/bin/../lib/gcc/mingw32/4.5.2/../../../libadvapi32.a(dgxgh.o)
 .text          0x0043ec1c        0x0 d:/mingw/bin/../lib/gcc/mingw32/4.5.2/../../../libadvapi32.a(dgxgt.o)
 .text          0x0043ec1c        0x8 d:/mingw/bin/../lib/gcc/mingw32/4.5.2/../../../libcomctl32.a(dqqhs00098.o)
                0x0043ec1c                MakeDragList@4
 .text          0x0043ec24        0x8 d:/mingw/bin/../lib/gcc/mingw32/4.5.2/../../../libcomctl32.a(dqqhs00097.o)
                0x0043ec24                LBItemFromPt@16
 .text          0x0043ec2c        0x8 d:/mingw/bin/../lib/gcc/mingw32/4.5.2/../../../libcomctl32.a(dqqhs00042.o)
                0x0043ec2c                DrawInsert@12
 .text          0x0043ec34        0x8 d:/mingw/bin/../lib/gcc/mingw32/4.5.2/../../../libcomctl32.a(dqqhs00094.o)
                0x0043ec34                InitCommonControls@0
 .text          0x0043ec3c        0x0 d:/mingw/bin/../lib/gcc/mingw32/4.5.2/../../../libcomctl32.a(dqqhh.o)
 .text          0x0043ec3c        0x0 d:/mingw/bin/../lib/gcc/mingw32/4.5.2/../../../libcomctl32.a(dqqht.o)
 .text          0x0043ec3c        0x8 d:/mingw/bin/../lib/gcc/mingw32/4.5.2/../../../libcomdlg32.a(demds00002.o)
                0x0043ec3c                ChooseFontA@4
 .text          0x0043ec44        0x8 d:/mingw/bin/../lib/gcc/mingw32/4.5.2/../../../libcomdlg32.a(demds00000.o)
                0x0043ec44                ChooseColorA@4
 .text          0x0043ec4c        0x8 d:/mingw/bin/../lib/gcc/mingw32/4.5.2/../../../libcomdlg32.a(demds00011.o)
                0x0043ec4c                GetSaveFileNameA@4
 .text          0x0043ec54        0x8 d:/mingw/bin/../lib/gcc/mingw32/4.5.2/../../../libcomdlg32.a(demds00009.o)
                0x0043ec54                GetOpenFileNameA@4
 .text          0x0043ec5c        0x0 d:/mingw/bin/../lib/gcc/mingw32/4.5.2/../../../libcomdlg32.a(demdh.o)
 .text          0x0043ec5c        0x0 d:/mingw/bin/../lib/gcc/mingw32/4.5.2/../../../libcomdlg32.a(demdt.o)
 .text          0x0043ec5c        0x8 d:/mingw/bin/../lib/gcc/mingw32/4.5.2/../../../libgdi32.a(dkfhs00034.o)
                0x0043ec5c                CreateCompatibleDC@4
 .text          0x0043ec64        0x8 d:/mingw/bin/../lib/gcc/mingw32/4.5.2/../../../libgdi32.a(dkfhs00281.o)
                0x0043ec64                SelectObject@8
 .text          0x0043ec6c        0x8 d:/mingw/bin/../lib/gcc/mingw32/4.5.2/../../../libgdi32.a(dkfhs00213.o)
                0x0043ec6c                GetTextExtentPoint32A@16
 .text          0x0043ec74        0x8 d:/mingw/bin/../lib/gcc/mingw32/4.5.2/../../../libgdi32.a(dkfhs00070.o)
                0x0043ec74                DeleteDC@4
 .text          0x0043ec7c        0x8 d:/mingw/bin/../lib/gcc/mingw32/4.5.2/../../../libgdi32.a(dkfhs00073.o)
                0x0043ec7c                DeleteObject@4
 .text          0x0043ec84        0x8 d:/mingw/bin/../lib/gcc/mingw32/4.5.2/../../../libgdi32.a(dkfhs00201.o)
                0x0043ec84                GetStockObject@4
 .text          0x0043ec8c        0x8 d:/mingw/bin/../lib/gcc/mingw32/4.5.2/../../../libgdi32.a(dkfhs00067.o)
                0x0043ec8c                CreateSolidBrush@4
 .text          0x0043ec94        0x8 d:/mingw/bin/../lib/gcc/mingw32/4.5.2/../../../libgdi32.a(dkfhs00263.o)
                0x0043ec94                Rectangle@20
 .text          0x0043ec9c        0x8 d:/mingw/bin/../lib/gcc/mingw32/4.5.2/../../../libgdi32.a(dkfhs00323.o)
                0x0043ec9c                SetTextColor@8
 .text          0x0043eca4        0x8 d:/mingw/bin/../lib/gcc/mingw32/4.5.2/../../../libgdi32.a(dkfhs00287.o)
                0x0043eca4                SetBkColor@8
 .text          0x0043ecac        0x8 d:/mingw/bin/../lib/gcc/mingw32/4.5.2/../../../libgdi32.a(dkfhs00339.o)
                0x0043ecac                TextOutA@20
 .text          0x0043ecb4        0x8 d:/mingw/bin/../lib/gcc/mingw32/4.5.2/../../../libgdi32.a(dkfhs00047.o)
                0x0043ecb4                CreateFontIndirectA@4
 .text          0x0043ecbc        0x8 d:/mingw/bin/../lib/gcc/mingw32/4.5.2/../../../libgdi32.a(dkfhs00148.o)
                0x0043ecbc                GetDeviceCaps@8
 .text          0x0043ecc4        0x8 d:/mingw/bin/../lib/gcc/mingw32/4.5.2/../../../libgdi32.a(dkfhs00306.o)
                0x0043ecc4                SetMapMode@8
 .text          0x0043eccc        0x8 d:/mingw/bin/../lib/gcc/mingw32/4.5.2/../../../libgdi32.a(dkfhs00210.o)
                0x0043eccc                GetTextExtentExPointA@28
 .text          0x0043ecd4        0x8 d:/mingw/bin/../lib/gcc/mingw32/4.5.2/../../../libgdi32.a(dkfhs00046.o)
                0x0043ecd4                CreateFontA@56
 .text          0x0043ecdc        0x8 d:/mingw/bin/../lib/gcc/mingw32/4.5.2/../../../libgdi32.a(dkfhs00219.o)
                0x0043ecdc                GetTextMetricsA@8
 .text          0x0043ece4        0x8 d:/mingw/bin/../lib/gcc/mingw32/4.5.2/../../../libgdi32.a(dkfhs00126.o)
                0x0043ece4                GetCharABCWidthsFloatA@16
 .text          0x0043ecec        0x8 d:/mingw/bin/../lib/gcc/mingw32/4.5.2/../../../libgdi32.a(dkfhs00185.o)
                0x0043ecec                GetObjectA@12
 .text          0x0043ecf4        0x8 d:/mingw/bin/../lib/gcc/mingw32/4.5.2/../../../libgdi32.a(dkfhs00341.o)
                0x0043ecf4                TranslateCharsetInfo@12
 .text          0x0043ecfc        0x8 d:/mingw/bin/../lib/gcc/mingw32/4.5.2/../../../libgdi32.a(dkfhs00033.o)
                0x0043ecfc                CreateCompatibleBitmap@12
 .text          0x0043ed04        0x8 d:/mingw/bin/../lib/gcc/mingw32/4.5.2/../../../libgdi32.a(dkfhs00321.o)
                0x0043ed04                SetTextAlign@8
 .text          0x0043ed0c        0x8 d:/mingw/bin/../lib/gcc/mingw32/4.5.2/../../../libgdi32.a(dkfhs00288.o)
                0x0043ed0c                SetBkMode@8
 .text          0x0043ed14        0x8 d:/mingw/bin/../lib/gcc/mingw32/4.5.2/../../../libgdi32.a(dkfhs00102.o)
                0x0043ed14                ExtTextOutA@32
 .text          0x0043ed1c        0x8 d:/mingw/bin/../lib/gcc/mingw32/4.5.2/../../../libgdi32.a(dkfhs00192.o)
                0x0043ed1c                GetPixel@12
 .text          0x0043ed24        0x8 d:/mingw/bin/../lib/gcc/mingw32/4.5.2/../../../libgdi32.a(dkfhs00056.o)
                0x0043ed24                CreatePalette@4
 .text          0x0043ed2c        0x8 d:/mingw/bin/../lib/gcc/mingw32/4.5.2/../../../libgdi32.a(dkfhs00282.o)
                0x0043ed2c                SelectPalette@12
 .text          0x0043ed34        0x8 d:/mingw/bin/../lib/gcc/mingw32/4.5.2/../../../libgdi32.a(dkfhs00260.o)
                0x0043ed34                RealizePalette@4
 .text          0x0043ed3c        0x8 d:/mingw/bin/../lib/gcc/mingw32/4.5.2/../../../libgdi32.a(dkfhs00058.o)
                0x0043ed3c                CreatePen@12
 .text          0x0043ed44        0x8 d:/mingw/bin/../lib/gcc/mingw32/4.5.2/../../../libgdi32.a(dkfhs00234.o)
                0x0043ed44                MoveToEx@16
 .text          0x0043ed4c        0x8 d:/mingw/bin/../lib/gcc/mingw32/4.5.2/../../../libgdi32.a(dkfhs00231.o)
                0x0043ed4c                LineTo@12
 .text          0x0043ed54        0x8 d:/mingw/bin/../lib/gcc/mingw32/4.5.2/../../../libgdi32.a(dkfhs00136.o)
                0x0043ed54                GetCharacterPlacementW@24
 .text          0x0043ed5c        0x8 d:/mingw/bin/../lib/gcc/mingw32/4.5.2/../../../libgdi32.a(dkfhs00122.o)
                0x0043ed5c                GetBkMode@4
 .text          0x0043ed64        0x8 d:/mingw/bin/../lib/gcc/mingw32/4.5.2/../../../libgdi32.a(dkfhs00103.o)
                0x0043ed64                ExtTextOutW@32
 .text          0x0043ed6c        0x8 d:/mingw/bin/../lib/gcc/mingw32/4.5.2/../../../libgdi32.a(dkfhs00312.o)
                0x0043ed6c                SetPixel@16
 .text          0x0043ed74        0x8 d:/mingw/bin/../lib/gcc/mingw32/4.5.2/../../../libgdi32.a(dkfhs00256.o)
                0x0043ed74                Polyline@12
 .text          0x0043ed7c        0x8 d:/mingw/bin/../lib/gcc/mingw32/4.5.2/../../../libgdi32.a(dkfhs00130.o)
                0x0043ed7c                GetCharWidth32W@16
 .text          0x0043ed84        0x8 d:/mingw/bin/../lib/gcc/mingw32/4.5.2/../../../libgdi32.a(dkfhs00134.o)
                0x0043ed84                GetCharWidthW@16
 .text          0x0043ed8c        0x8 d:/mingw/bin/../lib/gcc/mingw32/4.5.2/../../../libgdi32.a(dkfhs00129.o)
                0x0043ed8c                GetCharWidth32A@16
 .text          0x0043ed94        0x8 d:/mingw/bin/../lib/gcc/mingw32/4.5.2/../../../libgdi32.a(dkfhs00131.o)
                0x0043ed94                GetCharWidthA@16
 .text          0x0043ed9c        0x8 d:/mingw/bin/../lib/gcc/mingw32/4.5.2/../../../libgdi32.a(dkfhs00028.o)
                0x0043ed9c                CreateBitmap@20
 .text          0x0043eda4        0x8 d:/mingw/bin/../lib/gcc/mingw32/4.5.2/../../../libgdi32.a(dkfhs00311.o)
                0x0043eda4                SetPaletteEntries@16
 .text          0x0043edac        0x8 d:/mingw/bin/../lib/gcc/mingw32/4.5.2/../../../libgdi32.a(dkfhs00342.o)
                0x0043edac                UnrealizeObject@4
 .text          0x0043edb4        0x8 d:/mingw/bin/../lib/gcc/mingw32/4.5.2/../../../libgdi32.a(dkfhs00227.o)
                0x0043edb4                IntersectClipRect@20
 .text          0x0043edbc        0x8 d:/mingw/bin/../lib/gcc/mingw32/4.5.2/../../../libgdi32.a(dkfhs00096.o)
                0x0043edbc                ExcludeClipRect@20
 .text          0x0043edc4        0x8 d:/mingw/bin/../lib/gcc/mingw32/4.5.2/../../../libgdi32.a(dkfhs00343.o)
                0x0043edc4                UpdateColors@4
 .text          0x0043edcc        0x0 d:/mingw/bin/../lib/gcc/mingw32/4.5.2/../../../libgdi32.a(dkfhh.o)
 .text          0x0043edcc        0x0 d:/mingw/bin/../lib/gcc/mingw32/4.5.2/../../../libgdi32.a(dkfht.o)
 .text          0x0043edcc        0x8 d:/mingw/bin/../lib/gcc/mingw32/4.5.2/../../../libimm32.a(dkrgs00025.o)
                0x0043edcc                ImmGetContext@4
 .text          0x0043edd4        0x8 d:/mingw/bin/../lib/gcc/mingw32/4.5.2/../../../libimm32.a(dkrgs00065.o)
                0x0043edd4                ImmSetCompositionWindow@8
 .text          0x0043eddc        0x8 d:/mingw/bin/../lib/gcc/mingw32/4.5.2/../../../libimm32.a(dkrgs00059.o)
                0x0043eddc                ImmReleaseContext@8
 .text          0x0043ede4        0x8 d:/mingw/bin/../lib/gcc/mingw32/4.5.2/../../../libimm32.a(dkrgs00023.o)
                0x0043ede4                ImmGetCompositionStringW@16
 .text          0x0043edec        0x8 d:/mingw/bin/../lib/gcc/mingw32/4.5.2/../../../libimm32.a(dkrgs00061.o)
                0x0043edec                ImmSetCompositionFontA@8
 .text          0x0043edf4        0x0 d:/mingw/bin/../lib/gcc/mingw32/4.5.2/../../../libimm32.a(dkrgh.o)
 .text          0x0043edf4        0x0 d:/mingw/bin/../lib/gcc/mingw32/4.5.2/../../../libimm32.a(dkrgt.o)
 .text          0x0043edf4        0x8 d:/mingw/bin/../lib/gcc/mingw32/4.5.2/../../../libole32.a(dyads00072.o)
                0x0043edf4                CoUninitialize@0
 .text          0x0043edfc        0x8 d:/mingw/bin/../lib/gcc/mingw32/4.5.2/../../../libole32.a(dyads00037.o)
                0x0043edfc                CoInitialize@4
 .text          0x0043ee04        0x8 d:/mingw/bin/../lib/gcc/mingw32/4.5.2/../../../libole32.a(dyads00012.o)
                0x0043ee04                CoCreateInstance@20
 .text          0x0043ee0c        0x0 d:/mingw/bin/../lib/gcc/mingw32/4.5.2/../../../libole32.a(dyadh.o)
 .text          0x0043ee0c        0x0 d:/mingw/bin/../lib/gcc/mingw32/4.5.2/../../../libole32.a(dyadt.o)
 .text          0x0043ee0c        0x8 d:/mingw/bin/../lib/gcc/mingw32/4.5.2/../../../libshell32.a(dukis00144.o)
                0x0043ee0c                ShellExecuteA@24
 .text          0x0043ee14        0x0 d:/mingw/bin/../lib/gcc/mingw32/4.5.2/../../../libshell32.a(dukih.o)
 .text          0x0043ee14        0x0 d:/mingw/bin/../lib/gcc/mingw32/4.5.2/../../../libshell32.a(dukit.o)
 .text          0x0043ee14        0x8 d:/mingw/bin/../lib/gcc/mingw32/4.5.2/../../../libuser32.a(daois00134.o)
                0x0043ee14                DefWindowProcA@16
 .text          0x0043ee1c        0x8 d:/mingw/bin/../lib/gcc/mingw32/4.5.2/../../../libuser32.a(daois00572.o)
                0x0043ee1c                SetWindowPos@28
 .text          0x0043ee24        0x8 d:/mingw/bin/../lib/gcc/mingw32/4.5.2/../../../libuser32.a(daois00370.o)
                0x0043ee24                InvalidateRect@12
 .text          0x0043ee2c        0x8 d:/mingw/bin/../lib/gcc/mingw32/4.5.2/../../../libuser32.a(daois00011.o)
                0x0043ee2c                BeginPaint@8
 .text          0x0043ee34        0x8 d:/mingw/bin/../lib/gcc/mingw32/4.5.2/../../../libuser32.a(daois00236.o)
                0x0043ee34                GetClientRect@8
 .text          0x0043ee3c        0x8 d:/mingw/bin/../lib/gcc/mingw32/4.5.2/../../../libuser32.a(daois00351.o)
                0x0043ee3c                GetWindowTextLengthA@4
 .text          0x0043ee44        0x8 d:/mingw/bin/../lib/gcc/mingw32/4.5.2/../../../libuser32.a(daois00350.o)
                0x0043ee44                GetWindowTextA@12
 .text          0x0043ee4c        0x8 d:/mingw/bin/../lib/gcc/mingw32/4.5.2/../../../libuser32.a(daois00184.o)
                0x0043ee4c                EndPaint@8
 .text          0x0043ee54        0x8 d:/mingw/bin/../lib/gcc/mingw32/4.5.2/../../../libuser32.a(daois00574.o)
                0x0043ee54                SetWindowTextA@8
 .text          0x0043ee5c        0x8 d:/mingw/bin/../lib/gcc/mingw32/4.5.2/../../../libuser32.a(daois00323.o)
                0x0043ee5c                GetSysColor@4
 .text          0x0043ee64        0x8 d:/mingw/bin/../lib/gcc/mingw32/4.5.2/../../../libuser32.a(daois00591.o)
                0x0043ee64                SystemParametersInfoA@16
 .text          0x0043ee6c        0x8 d:/mingw/bin/../lib/gcc/mingw32/4.5.2/../../../libuser32.a(daois00348.o)
                0x0043ee6c                GetWindowRect@8
 .text          0x0043ee74        0x8 d:/mingw/bin/../lib/gcc/mingw32/4.5.2/../../../libuser32.a(daois00090.o)
                0x0043ee74                CreateWindowExA@48
 .text          0x0043ee7c        0x8 d:/mingw/bin/../lib/gcc/mingw32/4.5.2/../../../libuser32.a(daois00585.o)
                0x0043ee7c                ShowWindow@8
 .text          0x0043ee84        0x8 d:/mingw/bin/../lib/gcc/mingw32/4.5.2/../../../libuser32.a(daois00479.o)
                0x0043ee84                RegisterClassA@4
 .text          0x0043ee8c        0x8 d:/mingw/bin/../lib/gcc/mingw32/4.5.2/../../../libuser32.a(daois00144.o)
                0x0043ee8c                DestroyWindow@4
 .text          0x0043ee94        0x8 d:/mingw/bin/../lib/gcc/mingw32/4.5.2/../../../libuser32.a(daois00225.o)
                0x0043ee94                GetCaretBlinkTime@0
 .text          0x0043ee9c        0x8 d:/mingw/bin/../lib/gcc/mingw32/4.5.2/../../../libuser32.a(daois00505.o)
                0x0043ee9c                SendDlgItemMessageA@20
 .text          0x0043eea4        0x8 d:/mingw/bin/../lib/gcc/mingw32/4.5.2/../../../libuser32.a(daois00508.o)
                0x0043eea4                SendMessageA@16
 .text          0x0043eeac        0x8 d:/mingw/bin/../lib/gcc/mingw32/4.5.2/../../../libuser32.a(daois00426.o)
                0x0043eeac                MapDialogRect@8
 .text          0x0043eeb4        0x8 d:/mingw/bin/../lib/gcc/mingw32/4.5.2/../../../libuser32.a(daois00248.o)
                0x0043eeb4                GetDC@4
 .text          0x0043eebc        0x8 d:/mingw/bin/../lib/gcc/mingw32/4.5.2/../../../libuser32.a(daois00494.o)
                0x0043eebc                ReleaseDC@8
 .text          0x0043eec4        0x8 d:/mingw/bin/../lib/gcc/mingw32/4.5.2/../../../libuser32.a(daois00569.o)
                0x0043eec4                SetWindowLongA@12
 .text          0x0043eecc        0x8 d:/mingw/bin/../lib/gcc/mingw32/4.5.2/../../../libuser32.a(daois00433.o)
                0x0043eecc                MessageBeep@4
 .text          0x0043eed4        0x8 d:/mingw/bin/../lib/gcc/mingw32/4.5.2/../../../libuser32.a(daois00056.o)
                0x0043eed4                CheckRadioButton@16
 .text          0x0043eedc        0x8 d:/mingw/bin/../lib/gcc/mingw32/4.5.2/../../../libuser32.a(daois00386.o)
                0x0043eedc                IsDlgButtonChecked@8
 .text          0x0043eee4        0x8 d:/mingw/bin/../lib/gcc/mingw32/4.5.2/../../../libuser32.a(daois00053.o)
                0x0043eee4                CheckDlgButton@12
 .text          0x0043eeec        0x8 d:/mingw/bin/../lib/gcc/mingw32/4.5.2/../../../libuser32.a(daois00530.o)
                0x0043eeec                SetDlgItemTextA@12
 .text          0x0043eef4        0x8 d:/mingw/bin/../lib/gcc/mingw32/4.5.2/../../../libuser32.a(daois00255.o)
                0x0043eef4                GetDlgItemTextA@16
 .text          0x0043eefc        0x8 d:/mingw/bin/../lib/gcc/mingw32/4.5.2/../../../libuser32.a(daois00253.o)
                0x0043eefc                GetDlgItem@8
 .text          0x0043ef04        0x8 d:/mingw/bin/../lib/gcc/mingw32/4.5.2/../../../libuser32.a(daois00533.o)
                0x0043ef04                SetFocus@4
 .text          0x0043ef0c        0x8 d:/mingw/bin/../lib/gcc/mingw32/4.5.2/../../../libuser32.a(daois00434.o)
                0x0043ef0c                MessageBoxA@16
 .text          0x0043ef14        0x8 d:/mingw/bin/../lib/gcc/mingw32/4.5.2/../../../libuser32.a(daois00491.o)
                0x0043ef14                RegisterWindowMessageA@4
 .text          0x0043ef1c        0x8 d:/mingw/bin/../lib/gcc/mingw32/4.5.2/../../../libuser32.a(daois00163.o)
                0x0043ef1c                DrawEdge@16
 .text          0x0043ef24        0x8 d:/mingw/bin/../lib/gcc/mingw32/4.5.2/../../../libuser32.a(daois00517.o)
                0x0043ef24                SetCapture@4
 .text          0x0043ef2c        0x8 d:/mingw/bin/../lib/gcc/mingw32/4.5.2/../../../libuser32.a(daois00182.o)
                0x0043ef2c                EndDialog@8
 .text          0x0043ef34        0x8 d:/mingw/bin/../lib/gcc/mingw32/4.5.2/../../../libuser32.a(daois00180.o)
                0x0043ef34                EnableWindow@8
 .text          0x0043ef3c        0x8 d:/mingw/bin/../lib/gcc/mingw32/4.5.2/../../../libuser32.a(daois00147.o)
                0x0043ef3c                DialogBoxParamA@20
 .text          0x0043ef44        0x8 d:/mingw/bin/../lib/gcc/mingw32/4.5.2/../../../libuser32.a(daois00516.o)
                0x0043ef44                SetActiveWindow@4
 .text          0x0043ef4c        0x8 d:/mingw/bin/../lib/gcc/mingw32/4.5.2/../../../libuser32.a(daois00304.o)
                0x0043ef4c                GetParent@4
 .text          0x0043ef54        0x8 d:/mingw/bin/../lib/gcc/mingw32/4.5.2/../../../libuser32.a(daois00127.o)
                0x0043ef54                DefDlgProcA@16
 .text          0x0043ef5c        0x8 d:/mingw/bin/../lib/gcc/mingw32/4.5.2/../../../libuser32.a(daois00405.o)
                0x0043ef5c                LoadCursorA@8
 .text          0x0043ef64        0x8 d:/mingw/bin/../lib/gcc/mingw32/4.5.2/../../../libuser32.a(daois00080.o)
                0x0043ef64                CreateDialogParamA@20
 .text          0x0043ef6c        0x8 d:/mingw/bin/../lib/gcc/mingw32/4.5.2/../../../libuser32.a(daois00293.o)
                0x0043ef6c                GetMessageA@16
 .text          0x0043ef74        0x8 d:/mingw/bin/../lib/gcc/mingw32/4.5.2/../../../libuser32.a(daois00342.o)
                0x0043ef74                GetWindowLongA@8
 .text          0x0043ef7c        0x8 d:/mingw/bin/../lib/gcc/mingw32/4.5.2/../../../libuser32.a(daois00384.o)
                0x0043ef7c                IsDialogMessageA@8
 .text          0x0043ef84        0x8 d:/mingw/bin/../lib/gcc/mingw32/4.5.2/../../../libuser32.a(daois00149.o)
                0x0043ef84                DispatchMessageA@4
 .text          0x0043ef8c        0x8 d:/mingw/bin/../lib/gcc/mingw32/4.5.2/../../../libuser32.a(daois00468.o)
                0x0043ef8c                PostQuitMessage@4
 .text          0x0043ef94        0x8 d:/mingw/bin/../lib/gcc/mingw32/4.5.2/../../../libuser32.a(daois00347.o)
                0x0043ef94                GetWindowPlacement@8
 .text          0x0043ef9c        0x8 d:/mingw/bin/../lib/gcc/mingw32/4.5.2/../../../libuser32.a(daois00571.o)
                0x0043ef9c                SetWindowPlacement@8
 .text          0x0043efa4        0x8 d:/mingw/bin/../lib/gcc/mingw32/4.5.2/../../../libuser32.a(daois00493.o)
                0x0043efa4                ReleaseCapture@0
 .text          0x0043efac        0x8 d:/mingw/bin/../lib/gcc/mingw32/4.5.2/../../../libuser32.a(daois00409.o)
                0x0043efac                LoadIconA@8
 .text          0x0043efb4        0x8 d:/mingw/bin/../lib/gcc/mingw32/4.5.2/../../../libuser32.a(daois00250.o)
                0x0043efb4                GetDesktopWindow@0
 .text          0x0043efbc        0x8 d:/mingw/bin/../lib/gcc/mingw32/4.5.2/../../../libuser32.a(daois00224.o)
                0x0043efbc                GetCapture@0
 .text          0x0043efc4        0x8 d:/mingw/bin/../lib/gcc/mingw32/4.5.2/../../../libuser32.a(daois00445.o)
                0x0043efc4                MoveWindow@24
 .text          0x0043efcc        0x8 d:/mingw/bin/../lib/gcc/mingw32/4.5.2/../../../libuser32.a(daois00214.o)
                0x0043efcc                FlashWindow@8
 .text          0x0043efd4        0x8 d:/mingw/bin/../lib/gcc/mingw32/4.5.2/../../../libuser32.a(daois00455.o)
                0x0043efd4                OpenClipboard@4
 .text          0x0043efdc        0x8 d:/mingw/bin/../lib/gcc/mingw32/4.5.2/../../../libuser32.a(daois00238.o)
                0x0043efdc                GetClipboardData@4
 .text          0x0043efe4        0x8 d:/mingw/bin/../lib/gcc/mingw32/4.5.2/../../../libuser32.a(daois00061.o)
                0x0043efe4                CloseClipboard@0
 .text          0x0043efec        0x8 d:/mingw/bin/../lib/gcc/mingw32/4.5.2/../../../libuser32.a(daois00398.o)
                0x0043efec                IsZoomed@4
 .text          0x0043eff4        0x8 d:/mingw/bin/../lib/gcc/mingw32/4.5.2/../../../libuser32.a(daois00519.o)
                0x0043eff4                SetCaretPos@8
 .text          0x0043effc        0x8 d:/mingw/bin/../lib/gcc/mingw32/4.5.2/../../../libuser32.a(daois00520.o)
                0x0043effc                SetClassLongA@12
 .text          0x0043f004        0x8 d:/mingw/bin/../lib/gcc/mingw32/4.5.2/../../../libuser32.a(daois00525.o)
                0x0043f004                SetCursor@4
 .text          0x0043f00c        0x8 d:/mingw/bin/../lib/gcc/mingw32/4.5.2/../../../libuser32.a(daois00582.o)
                0x0043f00c                ShowCursor@4
 .text          0x0043f014        0x8 d:/mingw/bin/../lib/gcc/mingw32/4.5.2/../../../libuser32.a(daois00137.o)
                0x0043f014                DeleteMenu@12
 .text          0x0043f01c        0x8 d:/mingw/bin/../lib/gcc/mingw32/4.5.2/../../../libuser32.a(daois00006.o)
                0x0043f01c                AppendMenuA@16
 .text          0x0043f024        0x8 d:/mingw/bin/../lib/gcc/mingw32/4.5.2/../../../libuser32.a(daois00273.o)
                0x0043f024                GetKeyboardState@4
 .text          0x0043f02c        0x8 d:/mingw/bin/../lib/gcc/mingw32/4.5.2/../../../libuser32.a(daois00054.o)
                0x0043f02c                CheckMenuItem@12
 .text          0x0043f034        0x8 d:/mingw/bin/../lib/gcc/mingw32/4.5.2/../../../libuser32.a(daois00089.o)
                0x0043f034                CreatePopupMenu@0
 .text          0x0043f03c        0x8 d:/mingw/bin/../lib/gcc/mingw32/4.5.2/../../../libuser32.a(daois00364.o)
                0x0043f03c                InsertMenuA@20
 .text          0x0043f044        0x8 d:/mingw/bin/../lib/gcc/mingw32/4.5.2/../../../libuser32.a(daois00400.o)
                0x0043f044                KillTimer@8
 .text          0x0043f04c        0x8 d:/mingw/bin/../lib/gcc/mingw32/4.5.2/../../../libuser32.a(daois00563.o)
                0x0043f04c                SetTimer@16
 .text          0x0043f054        0x8 d:/mingw/bin/../lib/gcc/mingw32/4.5.2/../../../libuser32.a(daois00389.o)
                0x0043f054                IsIconic@4
 .text          0x0043f05c        0x8 d:/mingw/bin/../lib/gcc/mingw32/4.5.2/../../../libuser32.a(daois00074.o)
                0x0043f05c                CreateCaret@16
 .text          0x0043f064        0x8 d:/mingw/bin/../lib/gcc/mingw32/4.5.2/../../../libuser32.a(daois00554.o)
                0x0043f064                SetScrollInfo@16
 .text          0x0043f06c        0x8 d:/mingw/bin/../lib/gcc/mingw32/4.5.2/../../../libuser32.a(daois00257.o)
                0x0043f06c                GetDoubleClickTime@0
 .text          0x0043f074        0x8 d:/mingw/bin/../lib/gcc/mingw32/4.5.2/../../../libuser32.a(daois00325.o)
                0x0043f074                GetSystemMenu@8
 .text          0x0043f07c        0x8 d:/mingw/bin/../lib/gcc/mingw32/4.5.2/../../../libuser32.a(daois00088.o)
                0x0043f07c                CreateMenu@0
 .text          0x0043f084        0x8 d:/mingw/bin/../lib/gcc/mingw32/4.5.2/../../../libuser32.a(daois00269.o)
                0x0043f084                GetKeyboardLayout@4
 .text          0x0043f08c        0x8 d:/mingw/bin/../lib/gcc/mingw32/4.5.2/../../../libuser32.a(daois00534.o)
                0x0043f08c                SetForegroundWindow@4
 .text          0x0043f094        0x8 d:/mingw/bin/../lib/gcc/mingw32/4.5.2/../../../libuser32.a(daois00259.o)
                0x0043f094                GetForegroundWindow@0
 .text          0x0043f09c        0x8 d:/mingw/bin/../lib/gcc/mingw32/4.5.2/../../../libuser32.a(daois00622.o)
                0x0043f09c                UpdateWindow@4
 .text          0x0043f0a4        0x8 d:/mingw/bin/../lib/gcc/mingw32/4.5.2/../../../libuser32.a(daois00446.o)
                0x0043f0a4                MsgWaitForMultipleObjects@20
 .text          0x0043f0ac        0x8 d:/mingw/bin/../lib/gcc/mingw32/4.5.2/../../../libuser32.a(daois00464.o)
                0x0043f0ac                PeekMessageA@20
 .text          0x0043f0b4        0x8 d:/mingw/bin/../lib/gcc/mingw32/4.5.2/../../../libuser32.a(daois00394.o)
                0x0043f0b4                IsWindow@4
 .text          0x0043f0bc        0x8 d:/mingw/bin/../lib/gcc/mingw32/4.5.2/../../../libuser32.a(daois00177.o)
                0x0043f0bc                EmptyClipboard@0
 .text          0x0043f0c4        0x8 d:/mingw/bin/../lib/gcc/mingw32/4.5.2/../../../libuser32.a(daois00523.o)
                0x0043f0c4                SetClipboardData@8
 .text          0x0043f0cc        0x8 d:/mingw/bin/../lib/gcc/mingw32/4.5.2/../../../libuser32.a(daois00483.o)
                0x0043f0cc                RegisterClipboardFormatA@4
 .text          0x0043f0d4        0x8 d:/mingw/bin/../lib/gcc/mingw32/4.5.2/../../../libuser32.a(daois00358.o)
                0x0043f0d4                HideCaret@4
 .text          0x0043f0dc        0x8 d:/mingw/bin/../lib/gcc/mingw32/4.5.2/../../../libuser32.a(daois00581.o)
                0x0043f0dc                ShowCaret@4
 .text          0x0043f0e4        0x8 d:/mingw/bin/../lib/gcc/mingw32/4.5.2/../../../libuser32.a(daois00247.o)
                0x0043f0e4                GetCursorPos@4
 .text          0x0043f0ec        0x8 d:/mingw/bin/../lib/gcc/mingw32/4.5.2/../../../libuser32.a(daois00296.o)
                0x0043f0ec                GetMessageTime@0
 .text          0x0043f0f4        0x8 d:/mingw/bin/../lib/gcc/mingw32/4.5.2/../../../libuser32.a(daois00608.o)
                0x0043f0f4                TranslateMessage@4
 .text          0x0043f0fc        0x8 d:/mingw/bin/../lib/gcc/mingw32/4.5.2/../../../libuser32.a(daois00140.o)
                0x0043f0fc                DestroyCaret@0
 .text          0x0043f104        0x8 d:/mingw/bin/../lib/gcc/mingw32/4.5.2/../../../libuser32.a(daois00535.o)
                0x0043f104                SetKeyboardState@4
 .text          0x0043f10c        0x8 d:/mingw/bin/../lib/gcc/mingw32/4.5.2/../../../libuser32.a(daois00598.o)
                0x0043f10c                ToAsciiEx@24
 .text          0x0043f114        0x8 d:/mingw/bin/../lib/gcc/mingw32/4.5.2/../../../libuser32.a(daois00500.o)
                0x0043f114                ScreenToClient@8
 .text          0x0043f11c        0x8 d:/mingw/bin/../lib/gcc/mingw32/4.5.2/../../../libuser32.a(daois00602.o)
                0x0043f11c                TrackPopupMenu@28
 .text          0x0043f124        0x8 d:/mingw/bin/../lib/gcc/mingw32/4.5.2/../../../libuser32.a(daois00178.o)
                0x0043f124                EnableMenuItem@12
 .text          0x0043f12c        0x8 d:/mingw/bin/../lib/gcc/mingw32/4.5.2/../../../libuser32.a(daois00466.o)
                0x0043f12c                PostMessageA@16
 .text          0x0043f134        0x8 d:/mingw/bin/../lib/gcc/mingw32/4.5.2/../../../libuser32.a(daois00632.o)
                0x0043f134                WinHelpA@16
 .text          0x0043f13c        0x8 d:/mingw/bin/../lib/gcc/mingw32/4.5.2/../../../libuser32.a(daois00437.o)
                0x0043f13c                MessageBoxIndirectA@4
 .text          0x0043f144        0x0 d:/mingw/bin/../lib/gcc/mingw32/4.5.2/../../../libuser32.a(daoih.o)
 .text          0x0043f144        0x0 d:/mingw/bin/../lib/gcc/mingw32/4.5.2/../../../libuser32.a(daoit.o)
 .text          0x0043f144        0x8 d:/mingw/bin/../lib/gcc/mingw32/4.5.2/../../../libwinmm.a(dopcs00008.o)
                0x0043f144                PlaySoundA@12
 .text          0x0043f14c        0x0 d:/mingw/bin/../lib/gcc/mingw32/4.5.2/../../../libwinmm.a(dopch.o)
 .text          0x0043f14c        0x0 d:/mingw/bin/../lib/gcc/mingw32/4.5.2/../../../libwinmm.a(dopct.o)
 .text          0x0043f14c        0x8 d:/mingw/bin/../lib/gcc/mingw32/4.5.2/../../../libwinspool.a(dykds00078.o)
                0x0043f14c                EnumPrintersA@28
 .text          0x0043f154        0x8 d:/mingw/bin/../lib/gcc/mingw32/4.5.2/../../../libwinspool.a(dykds00102.o)
                0x0043f154                OpenPrinterA@12
 .text          0x0043f15c        0x8 d:/mingw/bin/../lib/gcc/mingw32/4.5.2/../../../libwinspool.a(dykds00126.o)
                0x0043f15c                StartDocPrinterA@12
 .text          0x0043f164        0x8 d:/mingw/bin/../lib/gcc/mingw32/4.5.2/../../../libwinspool.a(dykds00128.o)
                0x0043f164                StartPagePrinter@4
 .text          0x0043f16c        0x8 d:/mingw/bin/../lib/gcc/mingw32/4.5.2/../../../libwinspool.a(dykds00059.o)
                0x0043f16c                EndDocPrinter@4
 .text          0x0043f174        0x8 d:/mingw/bin/../lib/gcc/mingw32/4.5.2/../../../libwinspool.a(dykds00025.o)
                0x0043f174                ClosePrinter@4
 .text          0x0043f17c        0x8 d:/mingw/bin/../lib/gcc/mingw32/4.5.2/../../../libwinspool.a(dykds00130.o)
                0x0043f17c                WritePrinter@16
 .text          0x0043f184        0x8 d:/mingw/bin/../lib/gcc/mingw32/4.5.2/../../../libwinspool.a(dykds00060.o)
                0x0043f184                EndPagePrinter@4
 .text          0x0043f18c        0x0 d:/mingw/bin/../lib/gcc/mingw32/4.5.2/../../../libwinspool.a(dykdh.o)
 .text          0x0043f18c        0x0 d:/mingw/bin/../lib/gcc/mingw32/4.5.2/../../../libwinspool.a(dykdt.o)
 *fill*         0x0043f18c        0x4 00
 .text          0x0043f190      0x1d0 d:/mingw/bin/../lib/gcc/mingw32/4.5.2/../../../libmingw32.a(tlssup.o)
                0x0043f190                __tlregdtor
                0x0043f1e0                __dyn_tls_init@12
 .text          0x0043f360        0x0 d:/mingw/bin/../lib/gcc/mingw32/4.5.2/../../../libmingw32.a(CRTglob.o)
 .text          0x0043f360        0x0 d:/mingw/bin/../lib/gcc/mingw32/4.5.2/../../../libmingw32.a(CRTfmode.o)
 .text          0x0043f360        0x0 d:/mingw/bin/../lib/gcc/mingw32/4.5.2/../../../libmingw32.a(txtmode.o)
 .text          0x0043f360       0xe0 d:/mingw/bin/../lib/gcc/mingw32/4.5.2/../../../libmingw32.a(cpu_features.o)
                0x0043f360                __cpu_features_init
 .text          0x0043f440      0x2e0 d:/mingw/bin/../lib/gcc/mingw32/4.5.2/../../../libmingw32.a(pseudo-reloc.o)
                0x0043f570                _pei386_runtime_relocator
 .text          0x0043f720       0xb0 d:/mingw/bin/../lib/gcc/mingw32/4.5.2/../../../libmingw32.a(gccmain.o)
                0x0043f720                __do_global_dtors
                0x0043f750                __do_global_ctors
                0x0043f7b0                __main
 .text          0x0043f7d0      0x110 d:/mingw/bin/../lib/gcc/mingw32/4.5.2/../../../libmingw32.a(main.o)
                0x0043f7d0                main
 .text          0x0043f8e0       0x10 d:/mingw/bin/../lib/gcc/mingw32/4.5.2/../../../libmingw32.a(CRT_fp10.o)
                0x0043f8e0                fpreset
                0x0043f8e0                _fpreset
 .text          0x0043f8f0        0x0 d:/mingw/bin/../lib/gcc/mingw32/4.5.2/../../../libmingw32.a(crtst.o)
 .text          0x0043f8f0      0x210 d:/mingw/bin/../lib/gcc/mingw32/4.5.2/../../../libmingw32.a(tlsthrd.o)
                0x0043f970                __mingw_TLScallback
                0x0043fa00                ___w64_mingwthr_remove_key_dtor
                0x0043fa90                ___w64_mingwthr_add_key_dtor
 .text          0x0043fb00        0x0 d:/mingw/bin/../lib/gcc/mingw32/4.5.2/../../../libmingw32.a(pseudo-reloc-list.o)
 .text          0x0043fb00       0x34 d:/mingw/bin/../lib/gcc/mingw32/4.5.2/libgcc.a(_chkstk.o)
                0x0043fb00                _alloca
                0x0043fb00                __chkstk
 .text          0x0043fb34        0x0 d:/mingw/bin/../lib/gcc/mingw32/4.5.2/libgcc.a(_ctors.o)
 .text          0x0043fb34        0x8 d:/mingw/bin/../lib/gcc/mingw32/4.5.2/../../../libmoldname.a(dgzls00084.o)
                0x0043fb34                strnicmp
 .text          0x0043fb3c        0x0 d:/mingw/bin/../lib/gcc/mingw32/4.5.2/../../../libmoldname.a(dgzlh.o)
 .text          0x0043fb3c        0x0 d:/mingw/bin/../lib/gcc/mingw32/4.5.2/../../../libmoldname.a(dgzlt.o)
 .text          0x0043fb3c        0x0 d:/mingw/bin/../lib/gcc/mingw32/4.5.2/../../../libmsvcrt.a(duyms00590.o)
 .text          0x0043fb3c        0x0 d:/mingw/bin/../lib/gcc/mingw32/4.5.2/../../../libmsvcrt.a(duyms00383.o)
 .text          0x0043fb3c        0x0 d:/mingw/bin/../lib/gcc/mingw32/4.5.2/../../../libmsvcrt.a(duyms00266.o)
 .text          0x0043fb3c        0x8 d:/mingw/bin/../lib/gcc/mingw32/4.5.2/../../../libmsvcrt.a(duyms00055.o)
                0x0043fb3c                __getmainargs
 .text          0x0043fb44        0x8 d:/mingw/bin/../lib/gcc/mingw32/4.5.2/../../../libmsvcrt.a(duyms00079.o)
                0x0043fb44                __p__fmode
 .text          0x0043fb4c        0x8 d:/mingw/bin/../lib/gcc/mingw32/4.5.2/../../../libmsvcrt.a(duyms00077.o)
                0x0043fb4c                __p__environ
 .text          0x0043fb54        0x8 d:/mingw/bin/../lib/gcc/mingw32/4.5.2/../../../libmsvcrt.a(duyms00147.o)
                0x0043fb54                _cexit
 .text          0x0043fb5c        0x8 d:/mingw/bin/../lib/gcc/mingw32/4.5.2/../../../libmsvcrt.a(duyms00426.o)
                0x0043fb5c                _setmode
 .text          0x0043fb64        0x8 d:/mingw/bin/../lib/gcc/mingw32/4.5.2/../../../libmsvcrt.a(duyms00706.o)
                0x0043fb64                signal
 .text          0x0043fb6c        0x8 d:/mingw/bin/../lib/gcc/mingw32/4.5.2/../../../libmsvcrt.a(duyms00724.o)
                0x0043fb6c                strncpy
 .text          0x0043fb74        0x8 d:/mingw/bin/../lib/gcc/mingw32/4.5.2/../../../libmsvcrt.a(duyms00715.o)
                0x0043fb74                strcmp
 .text          0x0043fb7c        0x8 d:/mingw/bin/../lib/gcc/mingw32/4.5.2/../../../libmsvcrt.a(duyms00714.o)
                0x0043fb7c                strchr
 .text          0x0043fb84        0x8 d:/mingw/bin/../lib/gcc/mingw32/4.5.2/../../../libmsvcrt.a(duyms00723.o)
                0x0043fb84                strncmp
 .text          0x0043fb8c        0x8 d:/mingw/bin/../lib/gcc/mingw32/4.5.2/../../../libmsvcrt.a(duyms00592.o)
                0x0043fb8c                atoi
 .text          0x0043fb94        0x8 d:/mingw/bin/../lib/gcc/mingw32/4.5.2/../../../libmsvcrt.a(duyms00618.o)
                0x0043fb94                fopen
 .text          0x0043fb9c        0x8 d:/mingw/bin/../lib/gcc/mingw32/4.5.2/../../../libmsvcrt.a(duyms00611.o)
                0x0043fb9c                fgetc
 .text          0x0043fba4        0x8 d:/mingw/bin/../lib/gcc/mingw32/4.5.2/../../../libmsvcrt.a(duyms00607.o)
                0x0043fba4                fclose
 .text          0x0043fbac        0x8 d:/mingw/bin/../lib/gcc/mingw32/4.5.2/../../../libmsvcrt.a(duyms00717.o)
                0x0043fbac                strcpy
 .text          0x0043fbb4        0x8 d:/mingw/bin/../lib/gcc/mingw32/4.5.2/../../../libmsvcrt.a(duyms00683.o)
                0x0043fbb4                memmove
 .text          0x0043fbbc        0x8 d:/mingw/bin/../lib/gcc/mingw32/4.5.2/../../../libmsvcrt.a(duyms00137.o)
                0x0043fbbc                _assert
 .text          0x0043fbc4        0x8 d:/mingw/bin/../lib/gcc/mingw32/4.5.2/../../../libmsvcrt.a(duyms00709.o)
                0x0043fbc4                sprintf
 .text          0x0043fbcc        0x8 d:/mingw/bin/../lib/gcc/mingw32/4.5.2/../../../libmsvcrt.a(duyms00591.o)
                0x0043fbcc                atof
 .text          0x0043fbd4        0x0 d:/mingw/bin/../lib/gcc/mingw32/4.5.2/../../../libmsvcrt.a(duyms00392.o)
 .text          0x0043fbd4        0x0 d:/mingw/bin/../lib/gcc/mingw32/4.5.2/../../../libmsvcrt.a(duyms00065.o)
 .text          0x0043fbd4        0x8 d:/mingw/bin/../lib/gcc/mingw32/4.5.2/../../../libmsvcrt.a(duyms00268.o)
                0x0043fbd4                _isctype
 .text          0x0043fbdc        0x8 d:/mingw/bin/../lib/gcc/mingw32/4.5.2/../../../libmsvcrt.a(duyms00610.o)
                0x0043fbdc                fflush
 .text          0x0043fbe4        0x8 d:/mingw/bin/../lib/gcc/mingw32/4.5.2/../../../libmsvcrt.a(duyms00633.o)
                0x0043fbe4                fwrite
 .text          0x0043fbec        0x8 d:/mingw/bin/../lib/gcc/mingw32/4.5.2/../../../libmsvcrt.a(duyms00720.o)
                0x0043fbec                strftime
 .text          0x0043fbf4        0x8 d:/mingw/bin/../lib/gcc/mingw32/4.5.2/../../../libmsvcrt.a(duyms00742.o)
                0x0043fbf4                tolower
 .text          0x0043fbfc        0x8 d:/mingw/bin/../lib/gcc/mingw32/4.5.2/../../../libmsvcrt.a(duyms00619.o)
                0x0043fbfc                fprintf
 .text          0x0043fc04        0x8 d:/mingw/bin/../lib/gcc/mingw32/4.5.2/../../../libmsvcrt.a(duyms00732.o)
                0x0043fc04                strtoul
 .text          0x0043fc0c        0x8 d:/mingw/bin/../lib/gcc/mingw32/4.5.2/../../../libmsvcrt.a(duyms00731.o)
                0x0043fc0c                strtol
 .text          0x0043fc14        0x8 d:/mingw/bin/../lib/gcc/mingw32/4.5.2/../../../libmsvcrt.a(duyms00676.o)
                0x0043fc14                malloc
 .text          0x0043fc1c        0x8 d:/mingw/bin/../lib/gcc/mingw32/4.5.2/../../../libmsvcrt.a(duyms00698.o)
                0x0043fc1c                realloc
 .text          0x0043fc24        0x8 d:/mingw/bin/../lib/gcc/mingw32/4.5.2/../../../libmsvcrt.a(duyms00490.o)
                0x0043fc24                _vsnprintf
 .text          0x0043fc2c        0x8 d:/mingw/bin/../lib/gcc/mingw32/4.5.2/../../../libmsvcrt.a(duyms00625.o)
                0x0043fc2c                free
 .text          0x0043fc34        0x8 d:/mingw/bin/../lib/gcc/mingw32/4.5.2/../../../libmsvcrt.a(duyms00613.o)
                0x0043fc34                fgets
 .text          0x0043fc3c        0x8 d:/mingw/bin/../lib/gcc/mingw32/4.5.2/../../../libmsvcrt.a(duyms00712.o)
                0x0043fc3c                sscanf
 .text          0x0043fc44        0x8 d:/mingw/bin/../lib/gcc/mingw32/4.5.2/../../../libmsvcrt.a(duyms00726.o)
                0x0043fc44                strrchr
 .text          0x0043fc4c        0x8 d:/mingw/bin/../lib/gcc/mingw32/4.5.2/../../../libmsvcrt.a(duyms00695.o)
                0x0043fc4c                qsort
 .text          0x0043fc54        0x8 d:/mingw/bin/../lib/gcc/mingw32/4.5.2/../../../libmsvcrt.a(duyms00713.o)
                0x0043fc54                strcat
 .text          0x0043fc5c        0x8 d:/mingw/bin/../lib/gcc/mingw32/4.5.2/../../../libmsvcrt.a(duyms00743.o)
                0x0043fc5c                toupper
 .text          0x0043fc64        0x8 d:/mingw/bin/../lib/gcc/mingw32/4.5.2/../../../libmsvcrt.a(duyms00604.o)
                0x0043fc64                exit
 .text          0x0043fc6c        0x8 d:/mingw/bin/../lib/gcc/mingw32/4.5.2/../../../libmsvcrt.a(duyms00727.o)
                0x0043fc6c                strspn
 .text          0x0043fc74        0x8 d:/mingw/bin/../lib/gcc/mingw32/4.5.2/../../../libmsvcrt.a(duyms00718.o)
                0x0043fc74                strcspn
 .text          0x0043fc7c        0x8 d:/mingw/bin/../lib/gcc/mingw32/4.5.2/../../../libmsvcrt.a(duyms00637.o)
                0x0043fc7c                getenv
 .text          0x0043fc84        0x8 d:/mingw/bin/../lib/gcc/mingw32/4.5.2/../../../libmsvcrt.a(duyms00621.o)
                0x0043fc84                fputs
 .text          0x0043fc8c        0x8 d:/mingw/bin/../lib/gcc/mingw32/4.5.2/../../../libmsvcrt.a(duyms00699.o)
                0x0043fc8c                remove
 .text          0x0043fc94        0x0 d:/mingw/bin/../lib/gcc/mingw32/4.5.2/../../../libmsvcrt.a(duyms00538.o)
 .text          0x0043fc94        0x8 d:/mingw/bin/../lib/gcc/mingw32/4.5.2/../../../libmsvcrt.a(duyms00748.o)
                0x0043fc94                vfprintf
 .text          0x0043fc9c        0x8 d:/mingw/bin/../lib/gcc/mingw32/4.5.2/../../../libmsvcrt.a(duyms00583.o)
                0x0043fc9c                abort
 .text          0x0043fca4        0x8 d:/mingw/bin/../lib/gcc/mingw32/4.5.2/../../../libmsvcrt.a(duyms00682.o)
                0x0043fca4                memcpy
 .text          0x0043fcac        0x8 d:/mingw/bin/../lib/gcc/mingw32/4.5.2/../../../libmsvcrt.a(duyms00595.o)
                0x0043fcac                calloc
 .text          0x0043fcb4        0x0 d:/mingw/bin/../lib/gcc/mingw32/4.5.2/../../../libmsvcrt.a(duymh.o)
 .text          0x0043fcb4        0x0 d:/mingw/bin/../lib/gcc/mingw32/4.5.2/../../../libmsvcrt.a(duymt.o)
 .text          0x0043fcb4        0x8 d:/mingw/bin/../lib/gcc/mingw32/4.5.2/../../../libkernel32.a(dchds01140.o)
                0x0043fcb4                SetUnhandledExceptionFilter@4
 .text          0x0043fcbc        0x8 d:/mingw/bin/../lib/gcc/mingw32/4.5.2/../../../libkernel32.a(dchds00279.o)
                0x0043fcbc                ExitProcess@4
 .text          0x0043fcc4        0x8 d:/mingw/bin/../lib/gcc/mingw32/4.5.2/../../../libkernel32.a(dchds00529.o)
                0x0043fcc4                GetModuleHandleA@4
 .text          0x0043fccc        0x8 d:/mingw/bin/../lib/gcc/mingw32/4.5.2/../../../libkernel32.a(dchds00577.o)
                0x0043fccc                GetProcAddress@8
 .text          0x0043fcd4        0x8 d:/mingw/bin/../lib/gcc/mingw32/4.5.2/../../../libkernel32.a(dchds00656.o)
                0x0043fcd4                GetTickCount@0
 .text          0x0043fcdc        0x8 d:/mingw/bin/../lib/gcc/mingw32/4.5.2/../../../libkernel32.a(dchds00859.o)
                0x0043fcdc                MulDiv@12
 .text          0x0043fce4        0x8 d:/mingw/bin/../lib/gcc/mingw32/4.5.2/../../../libkernel32.a(dchds00368.o)
                0x0043fce4                GetCPInfo@8
 .text          0x0043fcec        0x8 d:/mingw/bin/../lib/gcc/mingw32/4.5.2/../../../libkernel32.a(dchds00563.o)
                0x0043fcec                GetOEMCP@0
 .text          0x0043fcf4        0x8 d:/mingw/bin/../lib/gcc/mingw32/4.5.2/../../../libkernel32.a(dchds00512.o)
                0x0043fcf4                GetLocaleInfoA@16
 .text          0x0043fcfc        0x8 d:/mingw/bin/../lib/gcc/mingw32/4.5.2/../../../libkernel32.a(dchds00860.o)
                0x0043fcfc                MultiByteToWideChar@24
 .text          0x0043fd04        0x8 d:/mingw/bin/../lib/gcc/mingw32/4.5.2/../../../libkernel32.a(dchds00763.o)
                0x0043fd04                IsDBCSLeadByteEx@8
 .text          0x0043fd0c        0x8 d:/mingw/bin/../lib/gcc/mingw32/4.5.2/../../../libkernel32.a(dchds00844.o)
                0x0043fd0c                MapViewOfFile@20
 .text          0x0043fd14        0x8 d:/mingw/bin/../lib/gcc/mingw32/4.5.2/../../../libkernel32.a(dchds01188.o)
                0x0043fd14                UnmapViewOfFile@4
 .text          0x0043fd1c        0x8 d:/mingw/bin/../lib/gcc/mingw32/4.5.2/../../../libkernel32.a(dchds00082.o)
                0x0043fd1c                CloseHandle@4
 .text          0x0043fd24        0x8 d:/mingw/bin/../lib/gcc/mingw32/4.5.2/../../../libkernel32.a(dchds00687.o)
                0x0043fd24                GlobalAlloc@8
 .text          0x0043fd2c        0x8 d:/mingw/bin/../lib/gcc/mingw32/4.5.2/../../../libkernel32.a(dchds00698.o)
                0x0043fd2c                GlobalLock@4
 .text          0x0043fd34        0x8 d:/mingw/bin/../lib/gcc/mingw32/4.5.2/../../../libkernel32.a(dchds00705.o)
                0x0043fd34                GlobalUnlock@4
 .text          0x0043fd3c        0x8 d:/mingw/bin/../lib/gcc/mingw32/4.5.2/../../../libkernel32.a(dchds00694.o)
                0x0043fd3c                GlobalFree@4
 .text          0x0043fd44        0x8 d:/mingw/bin/../lib/gcc/mingw32/4.5.2/../../../libkernel32.a(dchds01247.o)
                0x0043fd44                WideCharToMultiByte@32
 .text          0x0043fd4c        0x8 d:/mingw/bin/../lib/gcc/mingw32/4.5.2/../../../libkernel32.a(dchds00179.o)
                0x0043fd4c                CreateThread@24
 .text          0x0043fd54        0x8 d:/mingw/bin/../lib/gcc/mingw32/4.5.2/../../../libkernel32.a(dchds00527.o)
                0x0043fd54                GetModuleFileNameA@12
 .text          0x0043fd5c        0x8 d:/mingw/bin/../lib/gcc/mingw32/4.5.2/../../../libkernel32.a(dchds00163.o)
                0x0043fd5c                CreateProcessA@40
 .text          0x0043fd64        0x8 d:/mingw/bin/../lib/gcc/mingw32/4.5.2/../../../libkernel32.a(dchds00136.o)
                0x0043fd64                CreateFileMappingA@24
 .text          0x0043fd6c        0x8 d:/mingw/bin/../lib/gcc/mingw32/4.5.2/../../../libkernel32.a(dchds00054.o)
                0x0043fd6c                Beep@8
 .text          0x0043fd74        0x8 d:/mingw/bin/../lib/gcc/mingw32/4.5.2/../../../libkernel32.a(dchds01065.o)
                0x0043fd74                SetEvent@4
 .text          0x0043fd7c        0x8 d:/mingw/bin/../lib/gcc/mingw32/4.5.2/../../../libkernel32.a(dchds01223.o)
                0x0043fd7c                WaitForSingleObject@8
 .text          0x0043fd84        0x8 d:/mingw/bin/../lib/gcc/mingw32/4.5.2/../../../libkernel32.a(dchds01267.o)
                0x0043fd84                WriteFile@20
 .text          0x0043fd8c        0x8 d:/mingw/bin/../lib/gcc/mingw32/4.5.2/../../../libkernel32.a(dchds00510.o)
                0x0043fd8c                GetLastError@0
 .text          0x0043fd94        0x8 d:/mingw/bin/../lib/gcc/mingw32/4.5.2/../../../libkernel32.a(dchds00564.o)
                0x0043fd94                GetOverlappedResult@16
 .text          0x0043fd9c        0x8 d:/mingw/bin/../lib/gcc/mingw32/4.5.2/../../../libkernel32.a(dchds00129.o)
                0x0043fd9c                CreateEventA@16
 .text          0x0043fda4        0x8 d:/mingw/bin/../lib/gcc/mingw32/4.5.2/../../../libkernel32.a(dchds00947.o)
                0x0043fda4                ReadFile@20
 .text          0x0043fdac        0x8 d:/mingw/bin/../lib/gcc/mingw32/4.5.2/../../../libkernel32.a(dchds00671.o)
                0x0043fdac                GetVersionExA@4
 .text          0x0043fdb4        0x8 d:/mingw/bin/../lib/gcc/mingw32/4.5.2/../../../libkernel32.a(dchds00817.o)
                0x0043fdb4                LoadLibraryA@4
 .text          0x0043fdbc        0x8 d:/mingw/bin/../lib/gcc/mingw32/4.5.2/../../../libkernel32.a(dchds00619.o)
                0x0043fdbc                GetSystemDirectoryA@8
 .text          0x0043fdc4        0x8 d:/mingw/bin/../lib/gcc/mingw32/4.5.2/../../../libkernel32.a(dchds00016.o)
                0x0043fdc4                AllocConsole@0
 .text          0x0043fdcc        0x8 d:/mingw/bin/../lib/gcc/mingw32/4.5.2/../../../libkernel32.a(dchds00608.o)
                0x0043fdcc                GetStdHandle@4
 .text          0x0043fdd4        0x8 d:/mingw/bin/../lib/gcc/mingw32/4.5.2/../../../libkernel32.a(dchds00352.o)
                0x0043fdd4                FreeLibrary@4
 .text          0x0043fddc        0x8 d:/mingw/bin/../lib/gcc/mingw32/4.5.2/../../../libkernel32.a(dchds00160.o)
                0x0043fddc                CreatePipe@16
 .text          0x0043fde4        0x8 d:/mingw/bin/../lib/gcc/mingw32/4.5.2/../../../libkernel32.a(dchds01088.o)
                0x0043fde4                SetHandleInformation@12
 .text          0x0043fdec        0x8 d:/mingw/bin/../lib/gcc/mingw32/4.5.2/../../../libkernel32.a(dchds01010.o)
                0x0043fdec                SetCommBreak@4
 .text          0x0043fdf4        0x8 d:/mingw/bin/../lib/gcc/mingw32/4.5.2/../../../libkernel32.a(dchds00079.o)
                0x0043fdf4                ClearCommBreak@4
 .text          0x0043fdfc        0x8 d:/mingw/bin/../lib/gcc/mingw32/4.5.2/../../../libkernel32.a(dchds00386.o)
                0x0043fdfc                GetCommState@8
 .text          0x0043fe04        0x8 d:/mingw/bin/../lib/gcc/mingw32/4.5.2/../../../libkernel32.a(dchds01013.o)
                0x0043fe04                SetCommState@8
 .text          0x0043fe0c        0x8 d:/mingw/bin/../lib/gcc/mingw32/4.5.2/../../../libkernel32.a(dchds01014.o)
                0x0043fe0c                SetCommTimeouts@8
 .text          0x0043fe14        0x8 d:/mingw/bin/../lib/gcc/mingw32/4.5.2/../../../libkernel32.a(dchds00135.o)
                0x0043fe14                CreateFileA@28
 .text          0x0043fe1c        0x8 d:/mingw/bin/../lib/gcc/mingw32/4.5.2/../../../libkernel32.a(dchds00473.o)
                0x0043fe1c                GetEnvironmentVariableA@12
 .text          0x0043fe24        0x8 d:/mingw/bin/../lib/gcc/mingw32/4.5.2/../../../libkernel32.a(dchds00682.o)
                0x0043fe24                GetWindowsDirectoryA@8
 .text          0x0043fe2c        0x8 d:/mingw/bin/../lib/gcc/mingw32/4.5.2/../../../libkernel32.a(dchds00511.o)
                0x0043fe2c                GetLocalTime@4
 .text          0x0043fe34        0x8 d:/mingw/bin/../lib/gcc/mingw32/4.5.2/../../../libkernel32.a(dchds00358.o)
                0x0043fe34                GetACP@0
 .text          0x0043fe3c        0x8 d:/mingw/bin/../lib/gcc/mingw32/4.5.2/../../../libkernel32.a(dchds00444.o)
                0x0043fe3c                GetCurrentDirectoryA@8
 .text          0x0043fe44        0x8 d:/mingw/bin/../lib/gcc/mingw32/4.5.2/../../../libkernel32.a(dchds01052.o)
                0x0043fe44                SetCurrentDirectoryA@4
 .text          0x0043fe4c        0x8 d:/mingw/bin/../lib/gcc/mingw32/4.5.2/../../../libkernel32.a(dchds01215.o)
                0x0043fe4c                VirtualQuery@12
 .text          0x0043fe54        0x8 d:/mingw/bin/../lib/gcc/mingw32/4.5.2/../../../libkernel32.a(dchds01213.o)
                0x0043fe54                VirtualProtect@16
 .text          0x0043fe5c        0x8 d:/mingw/bin/../lib/gcc/mingw32/4.5.2/../../../libkernel32.a(dchds00388.o)
                0x0043fe5c                GetCommandLineA@0
 .text          0x0043fe64        0x8 d:/mingw/bin/../lib/gcc/mingw32/4.5.2/../../../libkernel32.a(dchds00606.o)
                0x0043fe64                GetStartupInfoA@4
 .text          0x0043fe6c        0x8 d:/mingw/bin/../lib/gcc/mingw32/4.5.2/../../../libkernel32.a(dchds01173.o)
                0x0043fe6c                TlsGetValue@4
 .text          0x0043fe74        0x8 d:/mingw/bin/../lib/gcc/mingw32/4.5.2/../../../libkernel32.a(dchds00207.o)
                0x0043fe74                DeleteCriticalSection@4
 .text          0x0043fe7c        0x8 d:/mingw/bin/../lib/gcc/mingw32/4.5.2/../../../libkernel32.a(dchds00734.o)
                0x0043fe7c                InitializeCriticalSection@4
 .text          0x0043fe84        0x8 d:/mingw/bin/../lib/gcc/mingw32/4.5.2/../../../libkernel32.a(dchds00236.o)
                0x0043fe84                EnterCriticalSection@4
 .text          0x0043fe8c        0x8 d:/mingw/bin/../lib/gcc/mingw32/4.5.2/../../../libkernel32.a(dchds00814.o)
                0x0043fe8c                LeaveCriticalSection@4
 .text          0x0043fe94        0x0 d:/mingw/bin/../lib/gcc/mingw32/4.5.2/../../../libkernel32.a(dchdh.o)
 .text          0x0043fe94        0x0 d:/mingw/bin/../lib/gcc/mingw32/4.5.2/../../../libkernel32.a(dchdt.o)
 .text          0x0043fe94       0x1c d:/mingw/bin/../lib/gcc/mingw32/4.5.2/crtend.o
 *(SORT(.text$*))
 *(.text.*)
 *(.glue_7t)
 *(.glue_7)
                0x0043feb0                ___CTOR_LIST__ = .
                0x0043feb0                __CTOR_LIST__ = .
                0x0043feb0        0x4 LONG 0xffffffff
 *(.ctors)
 *(.ctor)
 *(SORT(.ctors.*))
 .ctors.65535   0x0043feb4        0x4 d:/mingw/bin/../lib/gcc/mingw32/4.5.2/crtend.o
                0x0043feb8        0x4 LONG 0x0
                0x0043febc                ___DTOR_LIST__ = .
                0x0043febc                __DTOR_LIST__ = .
                0x0043febc        0x4 LONG 0xffffffff
 *(.dtors)
 *(.dtor)
 *(SORT(.dtors.*))
                0x0043fec0        0x4 LONG 0x0
 *(.fini)
 *(.gcc_exc)
                0x0043fec4                PROVIDE (etext, .)
 *(.gcc_except_table)

.data           0x00440000      0x400
                0x00440000                __data_start__ = .
 *(.data)
 .data          0x00440000        0x0 d:/mingw/bin/../lib/gcc/mingw32/4.5.2/../../../crt2.o
 .data          0x00440000        0x0 d:/mingw/bin/../lib/gcc/mingw32/4.5.2/crtbegin.o
 .data          0x00440000       0x14 be_nos_s.o
                0x00440000                backends
 .data          0x00440014        0x0 cmdline.o
 .data          0x00440014        0x0 config.o
 .data          0x00440014        0x0 dialog.o
 .data          0x00440014        0x0 ldisc.o
 .data          0x00440014        0x0 ldiscucs.o
 .data          0x00440014        0x0 logging.o
 .data          0x00440014        0x0 minibidi.o
 .data          0x00440014        0x0 misc.o
 .data          0x00440014        0x0 nocproxy.o
 .data          0x00440014        0x0 nogss.o
 .data          0x00440014        0x0 pinger.o
 .data          0x00440014        0x0 proxy.o
 *fill*         0x00440014        0xc 00
 .data          0x00440020       0x60 raw.o
                0x00440020                raw_backend
 .data          0x00440080       0x60 rlogin.o
                0x00440080                rlogin_backend
 .data          0x004400e0        0x0 sercfg.o
 .data          0x004400e0        0x0 settings.o
 .data          0x004400e0        0x0 sizetip.o
 .data          0x004400e0       0x60 telnet.o
                0x004400e0                telnet_backend
 .data          0x00440140        0x4 terminal.o
                0x00440140                EMPTY_WINDOW_TITLE
 .data          0x00440144        0x0 timing.o
 .data          0x00440144        0x0 tree234.o
 .data          0x00440144       0x20 version.o
                0x00440144                ver
                0x00440151                sshver
 .data          0x00440164        0x0 wcwidth.o
 .data          0x00440164        0x0 wincfg.o
 .data          0x00440164        0x0 winctrls.o
 .data          0x00440164        0x0 windefs.o
 .data          0x00440164       0x10 windlg.o
 .data          0x00440174       0x14 window.o
 .data          0x00440188        0x0 winhandl.o
 .data          0x00440188        0x0 winhelp.o
 .data          0x00440188        0x0 winjump.o
 .data          0x00440188        0x4 winmisc.o
 .data          0x0044018c        0x0 winnet.o
 .data          0x0044018c        0x0 winprint.o
 .data          0x0044018c        0x0 winproxy.o
 *fill*         0x0044018c       0x14 00
 .data          0x004401a0       0x60 winser.o
                0x004401a0                serial_backend
 .data          0x00440200        0x0 winstore.o
 .data          0x00440200        0x0 wintime.o
 .data          0x00440200        0x0 winucs.o
 .data          0x00440200        0x0 winutils.o
 .data          0x00440200        0x0 d:/mingw/bin/../lib/gcc/mingw32/4.5.2/../../../libadvapi32.a(dgxgs00245.o)
 .data          0x00440200        0x0 d:/mingw/bin/../lib/gcc/mingw32/4.5.2/../../../libadvapi32.a(dgxgs00393.o)
 .data          0x00440200        0x0 d:/mingw/bin/../lib/gcc/mingw32/4.5.2/../../../libadvapi32.a(dgxgs00400.o)
 .data          0x00440200        0x0 d:/mingw/bin/../lib/gcc/mingw32/4.5.2/../../../libadvapi32.a(dgxgs00412.o)
 .data          0x00440200        0x0 d:/mingw/bin/../lib/gcc/mingw32/4.5.2/../../../libadvapi32.a(dgxgs00386.o)
 .data          0x00440200        0x0 d:/mingw/bin/../lib/gcc/mingw32/4.5.2/../../../libadvapi32.a(dgxgs00423.o)
 .data          0x00440200        0x0 d:/mingw/bin/../lib/gcc/mingw32/4.5.2/../../../libadvapi32.a(dgxgs00389.o)
 .data          0x00440200        0x0 d:/mingw/bin/../lib/gcc/mingw32/4.5.2/../../../libadvapi32.a(dgxgs00434.o)
 .data          0x00440200        0x0 d:/mingw/bin/../lib/gcc/mingw32/4.5.2/../../../libadvapi32.a(dgxgs00390.o)
 .data          0x00440200        0x0 d:/mingw/bin/../lib/gcc/mingw32/4.5.2/../../../libadvapi32.a(dgxgs00397.o)
 .data          0x00440200        0x0 d:/mingw/bin/../lib/gcc/mingw32/4.5.2/../../../libadvapi32.a(dgxgh.o)
 .data          0x00440200        0x0 d:/mingw/bin/../lib/gcc/mingw32/4.5.2/../../../libadvapi32.a(dgxgt.o)
 .data          0x00440200        0x0 d:/mingw/bin/../lib/gcc/mingw32/4.5.2/../../../libcomctl32.a(dqqhs00098.o)
 .data          0x00440200        0x0 d:/mingw/bin/../lib/gcc/mingw32/4.5.2/../../../libcomctl32.a(dqqhs00097.o)
 .data          0x00440200        0x0 d:/mingw/bin/../lib/gcc/mingw32/4.5.2/../../../libcomctl32.a(dqqhs00042.o)
 .data          0x00440200        0x0 d:/mingw/bin/../lib/gcc/mingw32/4.5.2/../../../libcomctl32.a(dqqhs00094.o)
 .data          0x00440200        0x0 d:/mingw/bin/../lib/gcc/mingw32/4.5.2/../../../libcomctl32.a(dqqhh.o)
 .data          0x00440200        0x0 d:/mingw/bin/../lib/gcc/mingw32/4.5.2/../../../libcomctl32.a(dqqht.o)
 .data          0x00440200        0x0 d:/mingw/bin/../lib/gcc/mingw32/4.5.2/../../../libcomdlg32.a(demds00002.o)
 .data          0x00440200        0x0 d:/mingw/bin/../lib/gcc/mingw32/4.5.2/../../../libcomdlg32.a(demds00000.o)
 .data          0x00440200        0x0 d:/mingw/bin/../lib/gcc/mingw32/4.5.2/../../../libcomdlg32.a(demds00011.o)
 .data          0x00440200        0x0 d:/mingw/bin/../lib/gcc/mingw32/4.5.2/../../../libcomdlg32.a(demds00009.o)
 .data          0x00440200        0x0 d:/mingw/bin/../lib/gcc/mingw32/4.5.2/../../../libcomdlg32.a(demdh.o)
 .data          0x00440200        0x0 d:/mingw/bin/../lib/gcc/mingw32/4.5.2/../../../libcomdlg32.a(demdt.o)
 .data          0x00440200        0x0 d:/mingw/bin/../lib/gcc/mingw32/4.5.2/../../../libgdi32.a(dkfhs00034.o)
 .data          0x00440200        0x0 d:/mingw/bin/../lib/gcc/mingw32/4.5.2/../../../libgdi32.a(dkfhs00281.o)
 .data          0x00440200        0x0 d:/mingw/bin/../lib/gcc/mingw32/4.5.2/../../../libgdi32.a(dkfhs00213.o)
 .data          0x00440200        0x0 d:/mingw/bin/../lib/gcc/mingw32/4.5.2/../../../libgdi32.a(dkfhs00070.o)
 .data          0x00440200        0x0 d:/mingw/bin/../lib/gcc/mingw32/4.5.2/../../../libgdi32.a(dkfhs00073.o)
 .data          0x00440200        0x0 d:/mingw/bin/../lib/gcc/mingw32/4.5.2/../../../libgdi32.a(dkfhs00201.o)
 .data          0x00440200        0x0 d:/mingw/bin/../lib/gcc/mingw32/4.5.2/../../../libgdi32.a(dkfhs00067.o)
 .data          0x00440200        0x0 d:/mingw/bin/../lib/gcc/mingw32/4.5.2/../../../libgdi32.a(dkfhs00263.o)
 .data          0x00440200        0x0 d:/mingw/bin/../lib/gcc/mingw32/4.5.2/../../../libgdi32.a(dkfhs00323.o)
 .data          0x00440200        0x0 d:/mingw/bin/../lib/gcc/mingw32/4.5.2/../../../libgdi32.a(dkfhs00287.o)
 .data          0x00440200        0x0 d:/mingw/bin/../lib/gcc/mingw32/4.5.2/../../../libgdi32.a(dkfhs00339.o)
 .data          0x00440200        0x0 d:/mingw/bin/../lib/gcc/mingw32/4.5.2/../../../libgdi32.a(dkfhs00047.o)
 .data          0x00440200        0x0 d:/mingw/bin/../lib/gcc/mingw32/4.5.2/../../../libgdi32.a(dkfhs00148.o)
 .data          0x00440200        0x0 d:/mingw/bin/../lib/gcc/mingw32/4.5.2/../../../libgdi32.a(dkfhs00306.o)
 .data          0x00440200        0x0 d:/mingw/bin/../lib/gcc/mingw32/4.5.2/../../../libgdi32.a(dkfhs00210.o)
 .data          0x00440200        0x0 d:/mingw/bin/../lib/gcc/mingw32/4.5.2/../../../libgdi32.a(dkfhs00046.o)
 .data          0x00440200        0x0 d:/mingw/bin/../lib/gcc/mingw32/4.5.2/../../../libgdi32.a(dkfhs00219.o)
 .data          0x00440200        0x0 d:/mingw/bin/../lib/gcc/mingw32/4.5.2/../../../libgdi32.a(dkfhs00126.o)
 .data          0x00440200        0x0 d:/mingw/bin/../lib/gcc/mingw32/4.5.2/../../../libgdi32.a(dkfhs00185.o)
 .data          0x00440200        0x0 d:/mingw/bin/../lib/gcc/mingw32/4.5.2/../../../libgdi32.a(dkfhs00341.o)
 .data          0x00440200        0x0 d:/mingw/bin/../lib/gcc/mingw32/4.5.2/../../../libgdi32.a(dkfhs00033.o)
 .data          0x00440200        0x0 d:/mingw/bin/../lib/gcc/mingw32/4.5.2/../../../libgdi32.a(dkfhs00321.o)
 .data          0x00440200        0x0 d:/mingw/bin/../lib/gcc/mingw32/4.5.2/../../../libgdi32.a(dkfhs00288.o)
 .data          0x00440200        0x0 d:/mingw/bin/../lib/gcc/mingw32/4.5.2/../../../libgdi32.a(dkfhs00102.o)
 .data          0x00440200        0x0 d:/mingw/bin/../lib/gcc/mingw32/4.5.2/../../../libgdi32.a(dkfhs00192.o)
 .data          0x00440200        0x0 d:/mingw/bin/../lib/gcc/mingw32/4.5.2/../../../libgdi32.a(dkfhs00056.o)
 .data          0x00440200        0x0 d:/mingw/bin/../lib/gcc/mingw32/4.5.2/../../../libgdi32.a(dkfhs00282.o)
 .data          0x00440200        0x0 d:/mingw/bin/../lib/gcc/mingw32/4.5.2/../../../libgdi32.a(dkfhs00260.o)
 .data          0x00440200        0x0 d:/mingw/bin/../lib/gcc/mingw32/4.5.2/../../../libgdi32.a(dkfhs00058.o)
 .data          0x00440200        0x0 d:/mingw/bin/../lib/gcc/mingw32/4.5.2/../../../libgdi32.a(dkfhs00234.o)
 .data          0x00440200        0x0 d:/mingw/bin/../lib/gcc/mingw32/4.5.2/../../../libgdi32.a(dkfhs00231.o)